✔ production ownership manifest covers every source and rejects mutation/platform/extension violations (1007.4207ms)
✔ S02 conformance: replacement uses one public Graph batch, isolates observers and retains two Context identities (12.6042ms)
✔ S02 conformance: direct replacement rejects model Error without modifying document/history (2.4558ms)
✔ M2: direct replacement atomically rejects malformed position component before publication (1.7697ms)
✔ M2: direct replacement atomically rejects malformed position length before publication (1.536ms)
✔ M2: direct replacement atomically rejects duplicate recovery IDs before publication (1.6443ms)
✔ M2: direct replacement atomically rejects unknown envelope field before publication (1.5643ms)
✔ M2: direct replacement atomically rejects unknown node field before publication (1.5142ms)
✔ M2: direct replacement atomically rejects unknown endpoint field before publication (1.6473ms)
✔ M2: catching invalid replacement cannot publish earlier edits in the same batch (1.6327ms)
✔ M2: valid detached replacement publishes once and retains exact Undo/Redo content (3.1254ms)
✔ L10N exact owner, parent/default/inline fallback and plain interpolation leave model/history/generation unchanged (1.5335ms)
✔ L10N atomic duplicate/malformed rejection, revision CAS and immutable detached catalogs (0.3707ms)
✔ L10N observer errors/reentry are isolated, cleanup cancels later delivery, disposed service rejects (0.1605ms)
✔ PC authority: declaration is not grant; render/async/outside event denied, same mounted event succeeds (6.155ms)
✔ PC gesture: origin guard, one operation, cross-Panel lease rejection and latest lease required (3.6268ms)
✔ PC move/hide cancel pointer gesture and drain new leases before workspace action returns (6.6817ms)
✔ PC render failure cancels only unfinished operation after publication, with no reentrant mutation (2.3763ms)
✔ PC same ID reuse and old scope registrations remain revoked (1.3283ms)
✔ VM resources: cleanup in reverse order, failure isolation, stale async tickets, no render reentrancy (0.2208ms)
✔ two independently registered Panels and two Widget view shapes share lifecycle without feature dispatch (0.7937ms)
✔ VM mount/capture/update reentrancy revokes scope and preserves placeholder; explicit retry recovers (0.2231ms)
✔ VM subscription failure releases acquired subscriptions and cannot pretend to mount (0.0994ms)
✔ PC application denies every editing command while readonly or history busy; field binding invalidates (3.9645ms)
✔ AT-S01-01: Float × Multiply → Compose emits pinned host-free GLSL without mutation (2.5776ms)
✔ AT-S01-02: direction, cross-network, occupied input, cycle and type failures are atomic (1.8461ms)
✔ AT-S01-03: mode change captures complete prior ports, edge plans and loss; undo/redo and reload (4.9195ms)
✔ AT-S01-04: multi-batch operation, cancel/no-op redo, expired draft and async draft (4.5336ms)
✔ AT-S01-08: projection before observers, reentrant writes reject and throwing observer does not roll back (1.498ms)
✔ AT-S01-06: contexts share model and clean selection before external observation (2.4272ms)
✔ scoped field token rejects value ABA, busy, connected and dead targets; unrelated movement preserves token (4.8177ms)
✔ all model errors including unused nodes block generation; fixed definitions and boundaries remain protected (1.8664ms)
✔ generation rejects missing/extra declared boundary output even when a module emits an incomplete map (2.5545ms)
✔ shared type environment rejects unknown identity and permits explicitly registered nominal types without changing core dispatch (0.6175ms)
✔ AT-S01-02: endpoints in two real Stage networks cannot be cross-connected (2.5219ms)
✔ unknown Stage slots block generation; duplicate slot identities reject before hydration (3.7931ms)
✔ M1 reviewer counterexample: float 1e21 generates a valid GLSL floating constant (1.8762ms)
✔ M1 reviewer counterexample: multiply 1e21 generates a valid GLSL floating constant (1.8619ms)
✔ M1 literal grammar and value roundtrip cover integers, decimals, signs and exponent-form values (0.233ms)
✔ M1 all finite float32 exponent bins and representative mantissas have legal value-preserving literals (1.7284ms)
✔ M1 admitted boundary/representative values remain editable and compile through both production literal paths (24.6242ms)
✔ AT-S01-05: document identity, complete content, new lifetime/empty history and semantic regeneration (2.216ms)
✔ AT-S01-07: ACK of A never marks B saved, rejection and SAVE_BUSY retain baseline; download is separate (3.3298ms)
✔ old saved handle cannot attach to same persistent IDs after reload (2.0378ms)
✔ wire unknown structure, unsupported version/operation/tag, malformed known data precedence and original retention (2.0166ms)
✔ writer refuses executable/hidden values, sparse arrays, nonfinite numbers and altered prototypes without invoking getters (1.5368ms)
✔ missing exact module preserves opaque state and last port policy; loss payload is never activated (2.9737ms)
✔ forged stored conversion remains saveable but cannot generate (2.4142ms)
✔ prototype-named unknown structural keys and non-JSON whitespace are not silently accepted (1.9938ms)
✔ unrelated edits preserve forged connection evidence rather than silently repairing it (2.2063ms)
✔ pending storage open cannot replace a newer edit or document lifetime (1.9172ms)
✔ unrelated edits retain explicit invalid-edge evidence even when its stored plan is structurally valid (2.1738ms)
✔ AT-S02-04 PNG: CRC oracle, roundtrip, repeated wrapping and unowned chunks preserve bytes (7.8067ms)
✔ AT-S02-04 PNG: malformed CRC, missing metadata, duplicate metadata, compression and malformed envelope are named rejections (3.5897ms)
✔ AT-S02-04 PNG: structural boundaries, file/chunk/metadata limits and invalid UTF-8 never decode pixels or compressed text (84.4982ms)
✔ AT-S02-04 PNG: ASCII/CJK/non-BMP budgets match text intake and preserve canonical graph (133.9005ms)
✔ AT-S02-01: detached inspection/cancel/raw retention and one atomic replacement with Context continuity and Undo/Redo (6.1233ms)
✔ AT-S02-01: base revision, content, lifetime, readonly, busy and fabricated review fences (16.855ms)
✔ AT-S02-01: invalid/future/duplicate IDs/unknown structure have explicit outcomes and never publish (6.8076ms)
✔ AT-S02-01: only explicit layout repair yields a candidate; unknown endpoints/references are never guessed (13.5339ms)
✔ AT-S02-01: mismatched exact pins cannot replace the destination; failed replacement is atomic (2.6282ms)
✔ AT-S02-02: missing exact module survives move/rename/save/reopen; exact restoration invokes codec and never substitutes latest (7.3712ms)
✔ AT-S02-03 boundary: foreign/legacy input is retained with explicit unresolved Gate, never implicit conversion or archive execution (0.6354ms)
✔ AT-S02-04: ASCII/CJK/non-BMP UTF-8 exact byte budget produces deterministic results without truncation (24.7507ms)
✔ AT-S02-04: network budgets, duplicate JSON keys, unknown nested structure and opaque fields are independently checked (11.8048ms)
✔ S03 Group17 retains a draft, compilation rejects per-direction limit, Undo restores original (51.0475ms)
✔ S03 64-definition destination rejects independence and imported 65th atomically (1058.8099ms)
✔ S03 nested nodes overflow rejects before paste publication (16.3943ms)
✔ S03 nested edges overflow rejects before paste publication (18.7076ms)
✔ S03 symbolic extents require int/uint sources, only outer dimension and pure compilation (4.5864ms)
✔ S03 New may retain a 257-node draft; generation and save reject it without losing the draft (102.4152ms)
✔ S03 partial frames stay outside clipboard; pasted relative positions retain a common offset (8.0884ms)
✔ S03 persisted nested source is preserved while new nested source admission remains rejected (7.9138ms)
✔ S03 scalar/vector/matrix sources transfer; composite source reuses only within its source lifetime (28.2487ms)
✔ S03 FR01 admitted nested Structure arrays fail ES300 profile without artifacts; one dimension succeeds (8.3239ms)
✔ S03 FR02 independence remaps mixed parent and shared child owner references with Undo/Redo (54.0239ms)
✔ S03 FR02 independence remaps mixed parent and cloned child owner references with Undo/Redo (52.0713ms)
✔ S03 FR02 incomplete shared-child node address rejects independence atomically (9.9182ms)
✔ S03 FR03 editing inner Structure validates dependent depth16 and preserves Redo on depth17 rejection (17.4868ms)
✔ S03 FR03 affected dependent expansion and vector component budgets reject atomically (3.597ms)
✔ S03 EG01 native array constructor2048, clipboard2048 boundary and same-load reuse (5.4075ms)
✔ S03 EG01 native array constructor2049, clipboard2048 boundary and same-load reuse (5.469ms)
✔ S03 EG01 native array constructor4096, clipboard2048 boundary and same-load reuse (5.3941ms)
✔ S03 EG01 native array constructor4097 rejects atomically (2.613ms)
✔ S03 EG01 sampler clipboard path2048 admission (3.6675ms)
✔ S03 EG01 sampler clipboard path2049 admission (3.7267ms)
✔ S03 EG01 native arrays admit float/vec2/vec3/vec4 and remap symbolic length closure (21.098ms)
✔ S03 EG01 native arrays reject matrix/nested/expressions and invalid length owner types (10.1664ms)
✔ S03 EG01 TOP declarations clone while source+origin slots reuse, defaults persist, and Undo/Redo/save preserve identity (16.7062ms)
✔ S03 EG01 specialization import allocates minimal vacant ID0,2 ->1 (5.737ms)
✔ S03 EG01 unsupported target, unavailable owner and throwing owner reject without publication (6.6836ms)
✔ S03 EG01 numeric uniform scalar/vector/matrix transfer remains independent and generation is explicit unavailable (16.3561ms)
✔ S03 FR03 registered resource types cannot become Structure fields (2.8052ms)
✔ S03 EG01 exact provider/target ownership and imported descriptor failures stay atomic (4.221ms)
✔ S03 EG01 round2 implicit constant array@["glsl.float",2] preserves same-load reuse and rejects real cross-Graph and fresh-load publication (11.5539ms)
✔ S03 EG01 round2 constant array@["glsl.float",2] preserves same-load reuse and rejects real cross-Graph and fresh-load publication (9.9121ms)
✔ S03 EG01 round2 uniform array@["glsl.float",2] preserves same-load reuse and rejects real cross-Graph and fresh-load publication (11.1951ms)
✔ S03 EG01 round2 implicit constant array@["glsl.vec2",2] preserves same-load reuse and rejects real cross-Graph and fresh-load publication (11.879ms)
✔ S03 EG01 round2 constant array@["glsl.vec2",2] preserves same-load reuse and rejects real cross-Graph and fresh-load publication (10.8262ms)
✔ S03 EG01 round2 uniform array@["glsl.vec2",2] preserves same-load reuse and rejects real cross-Graph and fresh-load publication (11.4448ms)
✔ S03 EG01 round2 scalar/vector/matrix constants and uniforms still cross actual Graph and fresh load (57.9442ms)
✔ S03 custom declared/state closure same-Graph remaps identities only and Undo/Redo (7.4855ms)
✔ S03 custom declared/state closure cross-Graph remaps identities only and Undo/Redo (7.5512ms)
✔ S03 grouping an existing caller preserves child-owned frame node addresses (10.8864ms)
✔ S03 owner collect/remap throws and escaping/incomplete references reject atomically with Redo preserved (8.6559ms)
✔ S03 custom resources follow encapsulation and direct independence, ordinary dependencies remain shared (16.1187ms)
✔ S03 encapsulation deduplicates crossing interfaces, shared generation is pure, Undo restores all references (5.9173ms)
✔ S03 interface rename/reorder/type/removal reconciles every caller once and Undo restores values/invalid edges/loss (9.9561ms)
✔ S03 nested resource callers including unused ancestors reconcile child interface (12.6574ms)
✔ S03 library position keeps identity, semantic edit forks target and library ancestors and local refs atomically (25.7668ms)
✔ S03 direct make independent clones direct definition, shares dependencies and remaps own boundary (24.3389ms)
✔ S03 same-load clipboard reuses current source; cross-graph remaps resources and preserves text (9.0855ms)
✔ S03 clipboard typed native symbolic array closure remaps only semantic references (6.4505ms)
✔ S03 late bad edge, escaping refs, forbidden source and missing closure reject without nodes/resources/history/notifications (5.8288ms)
✔ S03 source selection stays outside encapsulation; boundary-only grouping is no-op and preserves redo (5.0092ms)
✔ S03 structure drafts retain stable fields, reject recursion and block deletion while referenced (2.6577ms)
✔ S03 contexts distinguish occurrences; nested scoped targets never revive after navigation and Undo (16.8141ms)
✔ S03 library snapshot position edit retains origin, first semantic edit forks and old source remains immutable (10.93ms)
✔ S03 nested delete and required boundary protection use the canonical Graph (6.7301ms)
✔ S03 library ancestor traversal crosses local parents (36.5745ms)
✔ S03 spare-port creation and first edge are one Undo entry with stable keys (7.0574ms)
✔ S03 whole frames travel through grouping and cross-Graph clipboard with fresh identities (9.8195ms)
✔ S03 vector/matrix reshape retains override components and defaults follow interface defaults (5.9067ms)
✔ S03 malformed resource envelopes, missing boundaries and nominal conflicts reject atomically (7.4755ms)
✔ S03 source admission cannot be bypassed by nested add, grouping or pasted nodes (4.5685ms)
✔ S03 layout proposal rejects navigation ABA, semantic fork and Undo (8.6374ms)
✔ S03 clipboard rejects forged hydrated plans and invalid edge evidence (3.7521ms)
✔ S03 empty library paste preserves origin, selection-independent History and Redo (6.9049ms)
✔ S03 packet-wide network identity collisions and malformed reused resource envelopes reject (4.9954ms)
✔ S03 source transfer uses actual load identity and reopened documents cannot forge same-load reuse (3.4728ms)
✔ S03 structure emission is read-only, nominally declared once, field deletion preserves invalid edges and Undo (5.4426ms)
✔ S03 accepted paste requires a valid destination and direct whole frames survive clipboard (4.0783ms)
✔ S03 scoped parameters and proposals from identical persistent IDs expire across a new load (7.2104ms)
✔ S03 library grouping resolves the forked canonical network (6.907ms)
✔ S03 local child semantic edit forks its library ancestor (17.4673ms)
✔ S03 explicit override equal to default survives interface defaults and save/reload (22.9951ms)
✔ S03 direct independence preserves nonowned state, declared references and typed frame resources (13.6269ms)
✔ S03 encapsulation rejects cross-scope node references despite matching local IDs (1.9606ms)
✔ S03 New creates Value vec4 passthrough; shared rename retains instance names and no-op keeps library identity (12.3956ms)
✔ S03 explicit interface Add stops at16 per direction without erasing preserved oversized draft (13.9348ms)
✔ S03 structure authoring validates count, names, description, nested fixed arrays, recursion/depth and expansion (426.8329ms)
✔ S03 large external array declarations survive metadata edits; materialization remains bounded (4.5459ms)
✔ S03 type tokens retain eight dimensions and reject extra tuple fields (2.3947ms)
✔ S03 disconnected output boundary follows shared output defaults (9.6947ms)
✔ S03 inline array construction and same-load reuse allow2049 elements; cross-Graph clipboard rejects composites (25.1955ms)
✔ S03 nested input link ABA invalidates old edit tokens without changing History on rejection (19.7656ms)
✔ S03 shared same-key type changes reject stale caller tokens and removed handles never revive (10.8287ms)
✔ S03 cross-Graph nominal closure remaps nested structures and Undo removes the full insertion (7.1239ms)
✔ S03 reusable definition cycles reject atomically including unused dependencies (11.8422ms)
✔ S04 Personal complete owner payload and typed references survive reuse fork and absent Library source (56.2182ms)
✔ S04 DEC004 same-name destination sources retain distinct identity and changed imported bindings regenerate (593.4734ms)
✔ S04 Personal malformed envelope checksum and unsupported owner reject before provider writes; list deduplicates renamed files (36.8216ms)
✔ S04 DEC002 one-source fanout does not mutate source or existing conversions and pad failures agree (21.373ms)
✔ S04 Personal root owner remap and input-bound Independent retain complete typed scope (98.5171ms)
✔ S04 stored inherited v2 and pad plans retain complete extensions through Personal shared import and reopen (31.2655ms)
✔ S04 shipped basic Library snapshot compiles after semantic fork and Personal roundtrip (13.0937ms)
✔ S04 Personal canonical package preserves snapshots, same-version reuse, independent and collision-safe filenames (36.5605ms)
✔ S04 DEC002 all16 default float plans, version fences and current ImageOutput compile (1.6381ms)
✔ S04 AC001 additive envelope upgrade retains exact pins and inactive evidence, fences v2 under2.0 (1.2859ms)
✔ S04 DEC004 literal Personal typed closure survives canonical export import save reopen generation (34.9465ms)
✔ S04 DEC004 source Personal typed closure survives canonical export import save reopen generation (100.0954ms)
✔ S04 DEC004 direct-source Personal typed closure survives canonical export import save reopen generation (53.5339ms)
✔ S04 DEC004 input Personal typed closure survives canonical export import save reopen generation (114.0967ms)
✔ S04 DEC004 input-bound length uses caller override and rejects conflicting caller sources (28.7696ms)
✔ S04 DEC004 nested shared input bindings remap through Personal and remain independent after semantic fork and reinsert (436.401ms)
✔ S04 AC001 inactive owner network resources and unknown wrapper versions preserve the version fence (7.7842ms)
✔ S04 DEC004 rejected literal/source/input/nested candidates are atomic through Application with valid checksums (277.6782ms)
✔ S04 Personal Library per-file isolation, safe names, duplicate-at-capacity and provider failures leave existing assets unchanged (43.3227ms)
✔ S04 AC001 unchanged accepted reader and exact old/new definition boundaries (3.4022ms)
✔ S04 inherited v2 plans preserve extensions across hydration move clipboard nested and Personal (17.0055ms)
✔ S04 current exact source owner supports new image descriptors without retargeting legacy owner (0.9697ms)
✔ S04 DEC004 required int length input qualifies with an actual constant supply and changed caller defaults regenerate (116.1721ms)
✔ S05 drag repair root reads one fresh snapshot and retains immutable earlier projections (3.2505ms)
✔ S05 drag repair nested reads one fresh snapshot and retains immutable earlier projections (13.1503ms)
✔ S05 drag repair preserves readonly and busy notification values while movement keeps field token (4.1378ms)
✔ S05 replacement eligibility keeps source validity separate and exact mismatch refusal atomic (14.9591ms)
✔ S05 matching replacement preserves Graph load and Context identity with one full-content Undo Redo (15.412ms)
✔ S05 replacement eligibility and command retain stale cancelled invalid readonly and fabricated guards (36.2409ms)
✔ S05 model preflight and publication share exact kind and ordered-pin refusal without History (4.583ms)
✔ S05-FR-001 complete program preserves distinct and reversed shared Uniform identity in all emission modes (642.6063ms)
✔ S05-FR-001 same-stage same resource type conflict fails without artifacts or Graph changes (19.5613ms)
✔ S05-FR-001 same-stage same resource default conflict fails without artifacts or Graph changes (15.4045ms)
✔ S05-FR-001 cross-stage same resource type conflict fails without artifacts or Graph changes (15.2046ms)
✔ S05-FR-001 cross-stage same resource default conflict fails without artifacts or Graph changes (16.2985ms)
✔ S05 fixed float: literals inside Function stay constant while formal and result are runtime (38.7043ms)
✔ S05 fixed float: defaults fixed schema every stage and mode with pure generation and roundtrip (278.5856ms)
✔ S05 fixed float: bad payloads unused errors atomic commands fixed source and constant distinction (4.7218ms)
✔ S05 fixed float: scoped two-context edits one Undo and stale token preserve History (10.2755ms)
✔ S05 fixed float: shared Function and Personal owner closure retain exact values (27.4925ms)
✔ S05 fixed vec2: literals inside Function stay constant while formal and result are runtime (48.1539ms)
✔ S05 fixed vec2: defaults fixed schema every stage and mode with pure generation and roundtrip (292.0047ms)
✔ S05 fixed vec2: bad payloads unused errors atomic commands fixed source and constant distinction (4.7858ms)
✔ S05 fixed vec2: scoped two-context edits one Undo and stale token preserve History (8.3667ms)
✔ S05 fixed vec2: shared Function and Personal owner closure retain exact values (21.496ms)
✔ S05 fixed vec3: literals inside Function stay constant while formal and result are runtime (34.0663ms)
✔ S05 fixed vec3: defaults fixed schema every stage and mode with pure generation and roundtrip (294.0478ms)
✔ S05 fixed vec3: bad payloads unused errors atomic commands fixed source and constant distinction (4.5483ms)
✔ S05 fixed vec3: scoped two-context edits one Undo and stale token preserve History (6.9493ms)
✔ S05 fixed vec3: shared Function and Personal owner closure retain exact values (23.3137ms)
✔ S05 fixed color: literals inside Function stay constant while formal and result are runtime (42.2453ms)
✔ S05 fixed color: defaults fixed schema every stage and mode with pure generation and roundtrip (377.568ms)
✔ S05 fixed color: bad payloads unused errors atomic commands fixed source and constant distinction (6.9415ms)
✔ S05 fixed color: scoped two-context edits one Undo and stale token preserve History (8.2854ms)
✔ S05 fixed color: shared Function and Personal owner closure retain exact values (28.2214ms)
✔ S05 AT03 source/literal shape extents stay fixed; input-bound scalar extent cannot specialize a function (124.5765ms)
✔ S05 AT04 pre-existing malformed constant edge and authored losses are preserved (23.6805ms)
✔ S05 AT04 AT05 unused shared dependent definitions localize and detach atomically with Redo exact (94.0986ms)
✔ S05 AT08 multioutput and unconsumed nested effects have one evaluation per occurrence and stage-local helpers (62.6617ms)
✔ S05 AT08 two live depth writer occurrences reject even when one helper body is deduplicated (27.9282ms)
✔ S05 AT01 definition default shared mode independent and no-op History (54.5408ms)
✔ S05 AT02 one helper per definition and distinct caller arguments; nested helpers are dependency ordered (53.0851ms)
✔ S05 AT03 ordinary inputs are runtime even when all callers pass constants; dead constant uses reject atomically (28.9889ms)
✔ S05 AT03 Uniform parameter binding is runtime; ordinary connection rejects constant receiver without publication (22.4263ms)
✔ S05 AT04 AT05 transitive newly-invalid consumer edges detach once with losses, Undo/Redo and required error (37.9185ms)
✔ S05 AT06 function Personal roundtrip reuses mode, localizes once and preserves source bytes (92.9871ms)
✔ S05 AT06 DEC004 upgraded literal source input and nested Personal retain selected eligible modes through exchange (602.0149ms)
✔ S05 AT07 explicit owner upgrade preserves old pins/body/origin and unknown mode never defaults (12.6911ms)
✔ S05 AT09 later invalid edit and load retain function mode; diagnostic names shared definition and related calls (22.521ms)
✔ S05 AT10 body/mode/profile changes create fresh artifacts and old snapshot is immutable (55.7445ms)
✔ S05 HTTP provider SHA256 canonical bytes known vectors and secure UUIDv4 fail-closed (37.6085ms)
✔ S06 catalog is a detached read over exact document pins and current occurrence stage (3.7983ms)
✔ S06 source/name/category literal rank uses NFKC, aliases and all terms without regular expressions (2.6271ms)
✔ S06 stale creation proposals reject revision, navigation ABA, load and readonly without model or History writes (10.6699ms)
✔ S06 connected creation replaces an occupied exact input atomically and Undo restores it (22.5448ms)
✔ S06 query disposable IDs do not collide with admitted persistent IDs and consume no canonical identity (6.2907ms)
✔ S06 forged reference and mismatched matching-port proposals reject before any model publication (46.9438ms)
✔ S06 reference catalog excludes nested source admission without publishing query changes (23.1965ms)
✔ S06 configured Compose preview and published schema/edge agree in one transaction and one Undo/Redo (76.6436ms)
✔ S06 configured creation rejects invalid missing and non-choice parameters atomically preserving Redo and expired Draft (4.1165ms)
✔ S06 configured creation preserves library fork/reference atomicity and rolls back a rejected choice (8.7852ms)
✔ S06 configured creation keeps initializer descriptor, owner codec and reference validation before publication (3.7499ms)
✔ S06 configured creation followed by failed connection rolls back the full batch (0.9959ms)
✔ M1: missing-module boundary x rename rejects save before ACK without data loss (21.5324ms)
✔ M1: missing-module boundary 中 rename rejects save before ACK without data loss (16.2554ms)
✔ M1: missing-module boundary 🍇 rename rejects save before ACK without data loss (22.8695ms)
✔ M1: compact fallback validates actual emitted bytes at and beyond the budget (11.1872ms)
✔ M1: nodes at/beyond network limit obey save/reopen invariant (20.7243ms)
✔ M1: edges at/beyond network limit obey save/reopen invariant (40.3739ms)
✔ M1: editing beyond network capacity cannot acknowledge a save or erase the previous saved document (92.1184ms)
ℹ tests 239
ℹ suites 0
ℹ pass 239
ℹ fail 0
ℹ cancelled 0
ℹ skipped 0
ℹ todo 0
ℹ duration_ms 10595.8006
(node:35524) ExperimentalWarning: Transform Types is an experimental feature and might change at any time
(Use `node --trace-warnings ...` to show where the warning was created)
