
> grape-s01@0.1.0 test
> node tools/runtime.mjs && node --experimental-transform-types --test --test-isolation=none tests/unit/*.test.ts tests/conformance/*.test.ts

✔ production ownership manifest covers every source and rejects mutation/platform/extension violations (1154.314ms)
✔ S02 conformance: replacement uses one public Graph batch, isolates observers and retains two Context identities (14.2875ms)
✔ S02 conformance: direct replacement rejects model Error without modifying document/history (3.6669ms)
✔ M2: direct replacement atomically rejects malformed position component before publication (2.4668ms)
✔ M2: direct replacement atomically rejects malformed position length before publication (2.0022ms)
✔ M2: direct replacement atomically rejects duplicate recovery IDs before publication (2.3037ms)
✔ M2: direct replacement atomically rejects unknown envelope field before publication (2.1807ms)
✔ M2: direct replacement atomically rejects unknown node field before publication (1.9609ms)
✔ M2: direct replacement atomically rejects unknown endpoint field before publication (2.2855ms)
✔ M2: catching invalid replacement cannot publish earlier edits in the same batch (2.0424ms)
✔ M2: valid detached replacement publishes once and retains exact Undo/Redo content (4.0628ms)
✔ L10N exact owner, parent/default/inline fallback and plain interpolation leave model/history/generation unchanged (2.1552ms)
✔ L10N atomic duplicate/malformed rejection, revision CAS and immutable detached catalogs (0.555ms)
✔ L10N observer errors/reentry are isolated, cleanup cancels later delivery, disposed service rejects (0.1581ms)
✔ PC authority: declaration is not grant; render/async/outside event denied, same mounted event succeeds (10.3265ms)
✔ PC gesture: origin guard, one operation, cross-Panel lease rejection and latest lease required (9.6684ms)
✔ PC move/hide cancel pointer gesture and drain new leases before workspace action returns (23.4451ms)
✔ PC render failure cancels only unfinished operation after publication, with no reentrant mutation (6.3604ms)
✔ PC same ID reuse and old scope registrations remain revoked (4.0791ms)
✔ VM resources: cleanup in reverse order, failure isolation, stale async tickets, no render reentrancy (0.3679ms)
✔ two independently registered Panels and two Widget view shapes share lifecycle without feature dispatch (1.3153ms)
✔ VM mount/capture/update reentrancy revokes scope and preserves placeholder; explicit retry recovers (0.4801ms)
✔ VM subscription failure releases acquired subscriptions and cannot pretend to mount (0.2172ms)
✔ PC application denies every editing command while readonly or history busy; field binding invalidates (14.245ms)
✔ AT-S01-01: Float × Multiply → Compose emits pinned host-free GLSL without mutation (3.2366ms)
✔ AT-S01-02: direction, cross-network, occupied input, cycle and type failures are atomic (2.8027ms)
✔ AT-S01-03: mode change captures complete prior ports, edge plans and loss; undo/redo and reload (6.3132ms)
✔ AT-S01-04: multi-batch operation, cancel/no-op redo, expired draft and async draft (5.2607ms)
✔ AT-S01-08: projection before observers, reentrant writes reject and throwing observer does not roll back (1.8729ms)
✔ AT-S01-06: contexts share model and clean selection before external observation (8.3552ms)
✔ scoped field token rejects value ABA, busy, connected and dead targets; unrelated movement preserves token (17.713ms)
✔ all model errors including unused nodes block generation; fixed definitions and boundaries remain protected (2.1196ms)
✔ generation rejects missing/extra declared boundary output even when a module emits an incomplete map (2.0861ms)
✔ shared type environment rejects unknown identity and permits explicitly registered nominal types without changing core dispatch (0.7207ms)
✔ AT-S01-02: endpoints in two real Stage networks cannot be cross-connected (2.7185ms)
✔ unknown Stage slots block generation; duplicate slot identities reject before hydration (5.667ms)
✔ M1 reviewer counterexample: float 1e21 generates a valid GLSL floating constant (2.6504ms)
✔ M1 reviewer counterexample: multiply 1e21 generates a valid GLSL floating constant (2.3172ms)
✔ M1 literal grammar and value roundtrip cover integers, decimals, signs and exponent-form values (0.2559ms)
✔ M1 all finite float32 exponent bins and representative mantissas have legal value-preserving literals (2.4831ms)
✔ M1 admitted boundary/representative values remain editable and compile through both production literal paths (30.7141ms)
✔ AT-S01-05: document identity, complete content, new lifetime/empty history and semantic regeneration (2.1704ms)
✔ AT-S01-07: ACK of A never marks B saved, rejection and SAVE_BUSY retain baseline; download is separate (8.8678ms)
✔ old saved handle cannot attach to same persistent IDs after reload (5.1638ms)
✔ wire unknown structure, unsupported version/operation/tag, malformed known data precedence and original retention (1.9024ms)
✔ writer refuses executable/hidden values, sparse arrays, nonfinite numbers and altered prototypes without invoking getters (1.3511ms)
✔ missing exact module preserves opaque state and last port policy; loss payload is never activated (2.9473ms)
✔ forged stored conversion remains saveable but cannot generate (2.0875ms)
✔ prototype-named unknown structural keys and non-JSON whitespace are not silently accepted (1.9594ms)
✔ unrelated edits preserve forged connection evidence rather than silently repairing it (1.8913ms)
✔ pending storage open cannot replace a newer edit or document lifetime (3.7331ms)
✔ unrelated edits retain explicit invalid-edge evidence even when its stored plan is structurally valid (2.777ms)
✔ AT-S02-04 PNG: CRC oracle, roundtrip, repeated wrapping and unowned chunks preserve bytes (10.561ms)
✔ AT-S02-04 PNG: malformed CRC, missing metadata, duplicate metadata, compression and malformed envelope are named rejections (3.9821ms)
✔ AT-S02-04 PNG: structural boundaries, file/chunk/metadata limits and invalid UTF-8 never decode pixels or compressed text (104.2724ms)
✔ AT-S02-04 PNG: ASCII/CJK/non-BMP budgets match text intake and preserve canonical graph (134.4028ms)
✔ AT-S02-01: detached inspection/cancel/raw retention and one atomic replacement with Context continuity and Undo/Redo (7.2018ms)
✔ AT-S02-01: base revision, content, lifetime, readonly, busy and fabricated review fences (26.0509ms)
✔ AT-S02-01: invalid/future/duplicate IDs/unknown structure have explicit outcomes and never publish (6.8761ms)
✔ AT-S02-01: only explicit layout repair yields a candidate; unknown endpoints/references are never guessed (9.5929ms)
✔ AT-S02-01: mismatched exact pins cannot replace the destination; failed replacement is atomic (2.3668ms)
✔ AT-S02-02: missing exact module survives move/rename/save/reopen; exact restoration invokes codec and never substitutes latest (9.1508ms)
✔ AT-S02-03 boundary: foreign/legacy input is retained with explicit unresolved Gate, never implicit conversion or archive execution (0.7214ms)
✔ AT-S02-04: ASCII/CJK/non-BMP UTF-8 exact byte budget produces deterministic results without truncation (26.9448ms)
✔ AT-S02-04: network budgets, duplicate JSON keys, unknown nested structure and opaque fields are independently checked (17.6846ms)
✔ S03 Group17 retains a draft, compilation rejects per-direction limit, Undo restores original (60.7084ms)
✔ S03 64-definition destination rejects independence and imported 65th atomically (990.5795ms)
✔ S03 nested nodes overflow rejects before paste publication (19.8362ms)
✔ S03 nested edges overflow rejects before paste publication (19.0113ms)
✔ S03 symbolic extents require int/uint sources, only outer dimension and pure compilation (4.4751ms)
✔ S03 New may retain a 257-node draft; generation and save reject it without losing the draft (92.94ms)
✔ S03 partial frames stay outside clipboard; pasted relative positions retain a common offset (5.122ms)
✔ S03 persisted nested source is preserved while new nested source admission remains rejected (5.4182ms)
✔ S03 scalar/vector/matrix sources transfer; composite source reuses only within its source lifetime (25.076ms)
✔ S03 FR01 admitted nested Structure arrays fail ES300 profile without artifacts; one dimension succeeds (11.6231ms)
✔ S03 FR02 independence remaps mixed parent and shared child owner references with Undo/Redo (43.289ms)
✔ S03 FR02 independence remaps mixed parent and cloned child owner references with Undo/Redo (40.3116ms)
✔ S03 FR02 incomplete shared-child node address rejects independence atomically (9.997ms)
✔ S03 FR03 editing inner Structure validates dependent depth16 and preserves Redo on depth17 rejection (18.3014ms)
✔ S03 FR03 affected dependent expansion and vector component budgets reject atomically (4.1164ms)
✔ S03 EG01 native array constructor2048, clipboard2048 boundary and same-load reuse (6.2883ms)
✔ S03 EG01 native array constructor2049, clipboard2048 boundary and same-load reuse (6.0918ms)
✔ S03 EG01 native array constructor4096, clipboard2048 boundary and same-load reuse (7.2398ms)
✔ S03 EG01 native array constructor4097 rejects atomically (2.3556ms)
✔ S03 EG01 sampler clipboard path2048 admission (4.202ms)
✔ S03 EG01 sampler clipboard path2049 admission (3.786ms)
✔ S03 EG01 native arrays admit float/vec2/vec3/vec4 and remap symbolic length closure (20.633ms)
✔ S03 EG01 native arrays reject matrix/nested/expressions and invalid length owner types (7.7948ms)
✔ S03 EG01 TOP declarations clone while source+origin slots reuse, defaults persist, and Undo/Redo/save preserve identity (15.243ms)
✔ S03 EG01 specialization import allocates minimal vacant ID0,2 ->1 (5.5012ms)
✔ S03 EG01 unsupported target, unavailable owner and throwing owner reject without publication (6.5799ms)
✔ S03 EG01 numeric uniform scalar/vector/matrix transfer remains independent and generation is explicit unavailable (13.9924ms)
✔ S03 FR03 registered resource types cannot become Structure fields (2.4642ms)
✔ S03 EG01 exact provider/target ownership and imported descriptor failures stay atomic (3.6206ms)
✔ S03 custom declared/state closure same-Graph remaps identities only and Undo/Redo (8.3825ms)
✔ S03 custom declared/state closure cross-Graph remaps identities only and Undo/Redo (8.5703ms)
✔ S03 grouping an existing caller preserves child-owned frame node addresses (11.1578ms)
✔ S03 owner collect/remap throws and escaping/incomplete references reject atomically with Redo preserved (10.1155ms)
✔ S03 custom resources follow encapsulation and direct independence, ordinary dependencies remain shared (16.3511ms)
✔ S03 encapsulation deduplicates crossing interfaces, shared generation is pure, Undo restores all references (7.0962ms)
✔ S03 interface rename/reorder/type/removal reconciles every caller once and Undo restores values/invalid edges/loss (8.4446ms)
✔ S03 nested resource callers including unused ancestors reconcile child interface (11.7303ms)
✔ S03 library position keeps identity, semantic edit forks target and library ancestors and local refs atomically (19.3552ms)
✔ S03 direct make independent clones direct definition, shares dependencies and remaps own boundary (14.2201ms)
✔ S03 same-load clipboard reuses current source; cross-graph remaps resources and preserves text (7.0806ms)
✔ S03 clipboard typed nominal and symbolic array closure remaps only semantic references (5.5508ms)
✔ S03 late bad edge, escaping refs, forbidden source and missing closure reject without nodes/resources/history/notifications (5.0491ms)
✔ S03 source selection stays outside encapsulation; boundary-only grouping is no-op and preserves redo (4.1174ms)
✔ S03 structure drafts retain stable fields, reject recursion and block deletion while referenced (2.3973ms)
✔ S03 contexts distinguish occurrences; nested scoped targets never revive after navigation and Undo (36.7034ms)
✔ S03 library snapshot position edit retains origin, first semantic edit forks and old source remains immutable (9.3886ms)
✔ S03 nested delete and required boundary protection use the canonical Graph (6.5842ms)
✔ S03 library ancestor traversal crosses local parents (28.0225ms)
✔ S03 spare-port creation and first edge are one Undo entry with stable keys (7.9049ms)
✔ S03 whole frames travel through grouping and cross-Graph clipboard with fresh identities (12.2966ms)
✔ S03 vector/matrix reshape retains override components and defaults follow interface defaults (6.606ms)
✔ S03 malformed resource envelopes, missing boundaries and nominal conflicts reject atomically (9.0291ms)
✔ S03 source admission cannot be bypassed by nested add, grouping or pasted nodes (6.2101ms)
✔ S03 layout proposal rejects navigation ABA, semantic fork and Undo (26.5186ms)
✔ S03 clipboard rejects forged hydrated plans and invalid edge evidence (4.1942ms)
✔ S03 empty library paste preserves origin, selection-independent History and Redo (9.1602ms)
✔ S03 packet-wide network identity collisions and malformed reused resource envelopes reject (6.9345ms)
✔ S03 source transfer uses actual load identity and reopened documents cannot forge same-load reuse (3.972ms)
✔ S03 structure emission is read-only, nominally declared once, field deletion preserves invalid edges and Undo (6.9855ms)
✔ S03 accepted paste requires a valid destination and direct whole frames survive clipboard (5.2965ms)
✔ S03 scoped parameters and proposals from identical persistent IDs expire across a new load (21.6994ms)
✔ S03 library grouping resolves the forked canonical network (7.7839ms)
✔ S03 local child semantic edit forks its library ancestor (21.7081ms)
✔ S03 explicit override equal to default survives interface defaults and save/reload (15.5364ms)
✔ S03 direct independence preserves nonowned state, declared references and typed frame resources (14.2063ms)
✔ S03 encapsulation rejects cross-scope node references despite matching local IDs (2.428ms)
✔ S03 New creates Value vec4 passthrough; shared rename retains instance names and no-op keeps library identity (15.8954ms)
✔ S03 explicit interface Add stops at16 per direction without erasing preserved oversized draft (16.5068ms)
✔ S03 structure authoring validates count, names, description, nested fixed arrays, recursion/depth and expansion (389.0692ms)
✔ S03 large external array declarations survive metadata edits; materialization remains bounded (4.5766ms)
✔ S03 type tokens retain eight dimensions and reject extra tuple fields (2.5566ms)
✔ S03 disconnected output boundary follows shared output defaults (9.0469ms)
✔ S03 inline numeric source arrays do not inherit native path-length limits (22.8986ms)
✔ S03 nested input link ABA invalidates old edit tokens without changing History on rejection (47.8847ms)
✔ S03 shared same-key type changes reject stale caller tokens and removed handles never revive (30.8317ms)
✔ S03 cross-Graph nominal closure remaps nested structures and Undo removes the full insertion (7.2739ms)
✔ S03 reusable definition cycles reject atomically including unused dependencies (13.9392ms)
✔ M1: missing-module boundary x rename rejects save before ACK without data loss (24.1355ms)
✔ M1: missing-module boundary 中 rename rejects save before ACK without data loss (21.5625ms)
✔ M1: missing-module boundary 🍇 rename rejects save before ACK without data loss (31.4691ms)
✔ M1: compact fallback validates actual emitted bytes at and beyond the budget (6.4071ms)
✔ M1: nodes at/beyond network limit obey save/reopen invariant (24.9053ms)
✔ M1: edges at/beyond network limit obey save/reopen invariant (49.3794ms)
✔ M1: editing beyond network capacity cannot acknowledge a save or erase the previous saved document (122.1543ms)
(node:63172) ExperimentalWarning: Transform Types is an experimental feature and might change at any time
(Use `node --trace-warnings ...` to show where the warning was created)
ℹ tests 149
ℹ suites 0
ℹ pass 149
ℹ fail 0
ℹ cancelled 0
ℹ skipped 0
ℹ todo 0
ℹ duration_ms 4673.6429
npm notice
npm notice New minor version of npm available! 11.8.0 -> 11.21.0
npm notice Changelog: https://github.com/npm/cli/releases/tag/v11.21.0
npm notice To update run: npm install -g npm@11.21.0
npm notice
