✔ production ownership manifest covers every source and rejects mutation/platform/extension violations (1016.258ms)
✔ S02 conformance: replacement uses one public Graph batch, isolates observers and retains two Context identities (12.371ms)
✔ S02 conformance: direct replacement rejects model Error without modifying document/history (2.5082ms)
✔ M2: direct replacement atomically rejects malformed position component before publication (1.7432ms)
✔ M2: direct replacement atomically rejects malformed position length before publication (1.6536ms)
✔ M2: direct replacement atomically rejects duplicate recovery IDs before publication (1.6329ms)
✔ M2: direct replacement atomically rejects unknown envelope field before publication (1.6226ms)
✔ M2: direct replacement atomically rejects unknown node field before publication (1.86ms)
✔ M2: direct replacement atomically rejects unknown endpoint field before publication (1.5782ms)
✔ M2: catching invalid replacement cannot publish earlier edits in the same batch (1.8796ms)
✔ M2: valid detached replacement publishes once and retains exact Undo/Redo content (2.8037ms)
✔ L10N exact owner, parent/default/inline fallback and plain interpolation leave model/history/generation unchanged (1.4559ms)
✔ L10N atomic duplicate/malformed rejection, revision CAS and immutable detached catalogs (0.3752ms)
✔ L10N observer errors/reentry are isolated, cleanup cancels later delivery, disposed service rejects (0.1571ms)
✔ PC authority: declaration is not grant; render/async/outside event denied, same mounted event succeeds (3.5047ms)
✔ PC gesture: origin guard, one operation, cross-Panel lease rejection and latest lease required (3.7693ms)
✔ PC move/hide cancel pointer gesture and drain new leases before workspace action returns (9.7457ms)
✔ PC render failure cancels only unfinished operation after publication, with no reentrant mutation (2.6072ms)
✔ PC same ID reuse and old scope registrations remain revoked (1.3579ms)
✔ VM resources: cleanup in reverse order, failure isolation, stale async tickets, no render reentrancy (0.2224ms)
✔ two independently registered Panels and two Widget view shapes share lifecycle without feature dispatch (0.8813ms)
✔ VM mount/capture/update reentrancy revokes scope and preserves placeholder; explicit retry recovers (0.2302ms)
✔ VM subscription failure releases acquired subscriptions and cannot pretend to mount (0.0954ms)
✔ PC application denies every editing command while readonly or history busy; field binding invalidates (3.8592ms)
✔ AT-S01-01: Float × Multiply → Compose emits pinned host-free GLSL without mutation (2.6987ms)
✔ AT-S01-02: direction, cross-network, occupied input, cycle and type failures are atomic (1.8543ms)
✔ AT-S01-03: mode change captures complete prior ports, edge plans and loss; undo/redo and reload (5.1134ms)
✔ AT-S01-04: multi-batch operation, cancel/no-op redo, expired draft and async draft (3.8868ms)
✔ AT-S01-08: projection before observers, reentrant writes reject and throwing observer does not roll back (1.5799ms)
✔ AT-S01-06: contexts share model and clean selection before external observation (2.632ms)
✔ scoped field token rejects value ABA, busy, connected and dead targets; unrelated movement preserves token (4.5454ms)
✔ all model errors including unused nodes block generation; fixed definitions and boundaries remain protected (1.9504ms)
✔ generation rejects missing/extra declared boundary output even when a module emits an incomplete map (1.9299ms)
✔ shared type environment rejects unknown identity and permits explicitly registered nominal types without changing core dispatch (0.5378ms)
✔ AT-S01-02: endpoints in two real Stage networks cannot be cross-connected (2.0423ms)
✔ unknown Stage slots block generation; duplicate slot identities reject before hydration (3.6118ms)
✔ M1 reviewer counterexample: float 1e21 generates a valid GLSL floating constant (2.0259ms)
✔ M1 reviewer counterexample: multiply 1e21 generates a valid GLSL floating constant (1.8766ms)
✔ M1 literal grammar and value roundtrip cover integers, decimals, signs and exponent-form values (0.2396ms)
✔ M1 all finite float32 exponent bins and representative mantissas have legal value-preserving literals (1.9755ms)
✔ M1 admitted boundary/representative values remain editable and compile through both production literal paths (25.183ms)
✔ AT-S01-05: document identity, complete content, new lifetime/empty history and semantic regeneration (2.2262ms)
✔ AT-S01-07: ACK of A never marks B saved, rejection and SAVE_BUSY retain baseline; download is separate (3.6828ms)
✔ old saved handle cannot attach to same persistent IDs after reload (2.3357ms)
✔ wire unknown structure, unsupported version/operation/tag, malformed known data precedence and original retention (1.9385ms)
✔ writer refuses executable/hidden values, sparse arrays, nonfinite numbers and altered prototypes without invoking getters (1.6581ms)
✔ missing exact module preserves opaque state and last port policy; loss payload is never activated (2.7963ms)
✔ forged stored conversion remains saveable but cannot generate (2.0799ms)
✔ prototype-named unknown structural keys and non-JSON whitespace are not silently accepted (1.8538ms)
✔ unrelated edits preserve forged connection evidence rather than silently repairing it (2.1973ms)
✔ pending storage open cannot replace a newer edit or document lifetime (1.7938ms)
✔ unrelated edits retain explicit invalid-edge evidence even when its stored plan is structurally valid (2.0631ms)
✔ AT-S02-04 PNG: CRC oracle, roundtrip, repeated wrapping and unowned chunks preserve bytes (8.377ms)
✔ AT-S02-04 PNG: malformed CRC, missing metadata, duplicate metadata, compression and malformed envelope are named rejections (4.063ms)
✔ AT-S02-04 PNG: structural boundaries, file/chunk/metadata limits and invalid UTF-8 never decode pixels or compressed text (89.8832ms)
✔ AT-S02-04 PNG: ASCII/CJK/non-BMP budgets match text intake and preserve canonical graph (131.679ms)
✔ AT-S02-01: detached inspection/cancel/raw retention and one atomic replacement with Context continuity and Undo/Redo (5.9727ms)
✔ AT-S02-01: base revision, content, lifetime, readonly, busy and fabricated review fences (16.8882ms)
✔ AT-S02-01: invalid/future/duplicate IDs/unknown structure have explicit outcomes and never publish (6.3777ms)
✔ AT-S02-01: only explicit layout repair yields a candidate; unknown endpoints/references are never guessed (12.5646ms)
✔ AT-S02-01: mismatched exact pins cannot replace the destination; failed replacement is atomic (2.5734ms)
✔ AT-S02-02: missing exact module survives move/rename/save/reopen; exact restoration invokes codec and never substitutes latest (7.7835ms)
✔ AT-S02-03 boundary: foreign/legacy input is retained with explicit unresolved Gate, never implicit conversion or archive execution (0.6313ms)
✔ AT-S02-04: ASCII/CJK/non-BMP UTF-8 exact byte budget produces deterministic results without truncation (24.2744ms)
✔ AT-S02-04: network budgets, duplicate JSON keys, unknown nested structure and opaque fields are independently checked (12.2872ms)
✔ S03 Group17 retains a draft, compilation rejects per-direction limit, Undo restores original (50.6622ms)
✔ S03 64-definition destination rejects independence and imported 65th atomically (1066.3973ms)
✔ S03 nested nodes overflow rejects before paste publication (16.8506ms)
✔ S03 nested edges overflow rejects before paste publication (21.1237ms)
✔ S03 symbolic extents require int/uint sources, only outer dimension and pure compilation (4.2872ms)
✔ S03 New may retain a 257-node draft; generation and save reject it without losing the draft (93.6585ms)
✔ S03 partial frames stay outside clipboard; pasted relative positions retain a common offset (4.4223ms)
✔ S03 persisted nested source is preserved while new nested source admission remains rejected (5.1526ms)
✔ S03 scalar/vector/matrix sources transfer; composite source reuses only within its source lifetime (20.191ms)
✔ S03 FR01 admitted nested Structure arrays fail ES300 profile without artifacts; one dimension succeeds (6.6268ms)
✔ S03 FR02 independence remaps mixed parent and shared child owner references with Undo/Redo (38.5722ms)
✔ S03 FR02 independence remaps mixed parent and cloned child owner references with Undo/Redo (44.2038ms)
✔ S03 FR02 incomplete shared-child node address rejects independence atomically (8.9227ms)
✔ S03 FR03 editing inner Structure validates dependent depth16 and preserves Redo on depth17 rejection (15.8961ms)
✔ S03 FR03 affected dependent expansion and vector component budgets reject atomically (3.4083ms)
✔ S03 EG01 native array constructor2048, clipboard2048 boundary and same-load reuse (5.2325ms)
✔ S03 EG01 native array constructor2049, clipboard2048 boundary and same-load reuse (5.4283ms)
✔ S03 EG01 native array constructor4096, clipboard2048 boundary and same-load reuse (7.034ms)
✔ S03 EG01 native array constructor4097 rejects atomically (1.8141ms)
✔ S03 EG01 sampler clipboard path2048 admission (3.5476ms)
✔ S03 EG01 sampler clipboard path2049 admission (3.7179ms)
✔ S03 EG01 native arrays admit float/vec2/vec3/vec4 and remap symbolic length closure (18.2817ms)
✔ S03 EG01 native arrays reject matrix/nested/expressions and invalid length owner types (7.7268ms)
✔ S03 EG01 TOP declarations clone while source+origin slots reuse, defaults persist, and Undo/Redo/save preserve identity (13.2168ms)
✔ S03 EG01 specialization import allocates minimal vacant ID0,2 ->1 (4.1562ms)
✔ S03 EG01 unsupported target, unavailable owner and throwing owner reject without publication (5.1163ms)
✔ S03 EG01 numeric uniform scalar/vector/matrix transfer remains independent and generation is explicit unavailable (12.2469ms)
✔ S03 FR03 registered resource types cannot become Structure fields (1.7083ms)
✔ S03 EG01 exact provider/target ownership and imported descriptor failures stay atomic (3.6619ms)
✔ S03 EG01 round2 implicit constant array@["glsl.float",2] preserves same-load reuse and rejects real cross-Graph and fresh-load publication (8.7847ms)
✔ S03 EG01 round2 constant array@["glsl.float",2] preserves same-load reuse and rejects real cross-Graph and fresh-load publication (8.4986ms)
✔ S03 EG01 round2 uniform array@["glsl.float",2] preserves same-load reuse and rejects real cross-Graph and fresh-load publication (8.5421ms)
✔ S03 EG01 round2 implicit constant array@["glsl.vec2",2] preserves same-load reuse and rejects real cross-Graph and fresh-load publication (8.529ms)
✔ S03 EG01 round2 constant array@["glsl.vec2",2] preserves same-load reuse and rejects real cross-Graph and fresh-load publication (9.3393ms)
✔ S03 EG01 round2 uniform array@["glsl.vec2",2] preserves same-load reuse and rejects real cross-Graph and fresh-load publication (8.8703ms)
✔ S03 EG01 round2 scalar/vector/matrix constants and uniforms still cross actual Graph and fresh load (46.7194ms)
✔ S03 custom declared/state closure same-Graph remaps identities only and Undo/Redo (6.808ms)
✔ S03 custom declared/state closure cross-Graph remaps identities only and Undo/Redo (6.7459ms)
✔ S03 grouping an existing caller preserves child-owned frame node addresses (10.4384ms)
✔ S03 owner collect/remap throws and escaping/incomplete references reject atomically with Redo preserved (7.6026ms)
✔ S03 custom resources follow encapsulation and direct independence, ordinary dependencies remain shared (15.0506ms)
✔ S03 encapsulation deduplicates crossing interfaces, shared generation is pure, Undo restores all references (5.6743ms)
✔ S03 interface rename/reorder/type/removal reconciles every caller once and Undo restores values/invalid edges/loss (9.6847ms)
✔ S03 nested resource callers including unused ancestors reconcile child interface (10.0155ms)
✔ S03 library position keeps identity, semantic edit forks target and library ancestors and local refs atomically (20.1478ms)
✔ S03 direct make independent clones direct definition, shares dependencies and remaps own boundary (16.8901ms)
✔ S03 same-load clipboard reuses current source; cross-graph remaps resources and preserves text (6.4867ms)
✔ S03 clipboard typed native symbolic array closure remaps only semantic references (4.7891ms)
✔ S03 late bad edge, escaping refs, forbidden source and missing closure reject without nodes/resources/history/notifications (5.2326ms)
✔ S03 source selection stays outside encapsulation; boundary-only grouping is no-op and preserves redo (4.6604ms)
✔ S03 structure drafts retain stable fields, reject recursion and block deletion while referenced (1.9938ms)
✔ S03 contexts distinguish occurrences; nested scoped targets never revive after navigation and Undo (15.2592ms)
✔ S03 library snapshot position edit retains origin, first semantic edit forks and old source remains immutable (10.7335ms)
✔ S03 nested delete and required boundary protection use the canonical Graph (5.0844ms)
✔ S03 library ancestor traversal crosses local parents (27.6057ms)
✔ S03 spare-port creation and first edge are one Undo entry with stable keys (6.4781ms)
✔ S03 whole frames travel through grouping and cross-Graph clipboard with fresh identities (8.8205ms)
✔ S03 vector/matrix reshape retains override components and defaults follow interface defaults (6.0993ms)
✔ S03 malformed resource envelopes, missing boundaries and nominal conflicts reject atomically (6.6664ms)
✔ S03 source admission cannot be bypassed by nested add, grouping or pasted nodes (4.0376ms)
✔ S03 layout proposal rejects navigation ABA, semantic fork and Undo (7.468ms)
✔ S03 clipboard rejects forged hydrated plans and invalid edge evidence (2.7136ms)
✔ S03 empty library paste preserves origin, selection-independent History and Redo (6.5834ms)
✔ S03 packet-wide network identity collisions and malformed reused resource envelopes reject (4.5824ms)
✔ S03 source transfer uses actual load identity and reopened documents cannot forge same-load reuse (2.5958ms)
✔ S03 structure emission is read-only, nominally declared once, field deletion preserves invalid edges and Undo (4.8197ms)
✔ S03 accepted paste requires a valid destination and direct whole frames survive clipboard (4.0877ms)
✔ S03 scoped parameters and proposals from identical persistent IDs expire across a new load (7.2495ms)
✔ S03 library grouping resolves the forked canonical network (5.9476ms)
✔ S03 local child semantic edit forks its library ancestor (17.78ms)
✔ S03 explicit override equal to default survives interface defaults and save/reload (10.7233ms)
✔ S03 direct independence preserves nonowned state, declared references and typed frame resources (10.3291ms)
✔ S03 encapsulation rejects cross-scope node references despite matching local IDs (1.7752ms)
✔ S03 New creates Value vec4 passthrough; shared rename retains instance names and no-op keeps library identity (11.9704ms)
✔ S03 explicit interface Add stops at16 per direction without erasing preserved oversized draft (11.7845ms)
✔ S03 structure authoring validates count, names, description, nested fixed arrays, recursion/depth and expansion (367.5796ms)
✔ S03 large external array declarations survive metadata edits; materialization remains bounded (3.1982ms)
✔ S03 type tokens retain eight dimensions and reject extra tuple fields (1.6998ms)
✔ S03 disconnected output boundary follows shared output defaults (6.2418ms)
✔ S03 inline array construction and same-load reuse allow2049 elements; cross-Graph clipboard rejects composites (17.3866ms)
✔ S03 nested input link ABA invalidates old edit tokens without changing History on rejection (14.9508ms)
✔ S03 shared same-key type changes reject stale caller tokens and removed handles never revive (9.742ms)
✔ S03 cross-Graph nominal closure remaps nested structures and Undo removes the full insertion (4.8338ms)
✔ S03 reusable definition cycles reject atomically including unused dependencies (10.2832ms)
✔ S04 Personal complete owner payload and typed references survive reuse fork and absent Library source (47.6425ms)
✔ S04 DEC004 same-name destination sources retain distinct identity and changed imported bindings regenerate (423.1151ms)
✔ S04 Personal malformed envelope checksum and unsupported owner reject before provider writes; list deduplicates renamed files (31.6834ms)
✔ S04 DEC002 one-source fanout does not mutate source or existing conversions and pad failures agree (18.1179ms)
✔ S04 Personal root owner remap and input-bound Independent retain complete typed scope (77.9176ms)
✔ S04 stored inherited v2 and pad plans retain complete extensions through Personal shared import and reopen (24.8502ms)
✔ S04 shipped basic Library snapshot compiles after semantic fork and Personal roundtrip (11.3666ms)
✔ S04 Personal canonical package preserves snapshots, same-version reuse, independent and collision-safe filenames (27.7735ms)
✔ S04 DEC002 all16 default float plans, version fences and current ImageOutput compile (1.221ms)
✔ S04 AC001 additive envelope upgrade retains exact pins and inactive evidence, fences v2 under2.0 (1.1493ms)
✔ S04 DEC004 literal Personal typed closure survives canonical export import save reopen generation (33.9218ms)
✔ S04 DEC004 source Personal typed closure survives canonical export import save reopen generation (73.2998ms)
✔ S04 DEC004 direct-source Personal typed closure survives canonical export import save reopen generation (35.1154ms)
✔ S04 DEC004 input Personal typed closure survives canonical export import save reopen generation (74.3001ms)
✔ S04 DEC004 input-bound length uses caller override and rejects conflicting caller sources (20.4801ms)
✔ S04 DEC004 nested shared input bindings remap through Personal and remain independent after semantic fork and reinsert (340.7695ms)
✔ S04 AC001 inactive owner network resources and unknown wrapper versions preserve the version fence (4.758ms)
✔ S04 DEC004 rejected literal/source/input/nested candidates are atomic through Application with valid checksums (192.9794ms)
✔ S04 Personal Library per-file isolation, safe names, duplicate-at-capacity and provider failures leave existing assets unchanged (35.4814ms)
✔ S04 AC001 unchanged accepted reader and exact old/new definition boundaries (2.8249ms)
✔ S04 inherited v2 plans preserve extensions across hydration move clipboard nested and Personal (13.9477ms)
✔ S04 current exact source owner supports new image descriptors without retargeting legacy owner (0.8176ms)
✔ S04 DEC004 required int length input qualifies with an actual constant supply and changed caller defaults regenerate (95.7045ms)
✔ S05 drag repair root reads one fresh snapshot and retains immutable earlier projections (2.7355ms)
✔ S05 drag repair nested reads one fresh snapshot and retains immutable earlier projections (8.8626ms)
✔ S05 drag repair preserves readonly and busy notification values while movement keeps field token (3.3326ms)
✔ S05 replacement eligibility keeps source validity separate and exact mismatch refusal atomic (12.6073ms)
✔ S05 matching replacement preserves Graph load and Context identity with one full-content Undo Redo (10.8475ms)
✔ S05 replacement eligibility and command retain stale cancelled invalid readonly and fabricated guards (25.7352ms)
✔ S05 model preflight and publication share exact kind and ordered-pin refusal without History (3.8918ms)
✔ S05-FR-001 complete program preserves distinct and reversed shared Uniform identity in all emission modes (474.4167ms)
✔ S05-FR-001 same-stage same resource type conflict fails without artifacts or Graph changes (13.7704ms)
✔ S05-FR-001 same-stage same resource default conflict fails without artifacts or Graph changes (13.3042ms)
✔ S05-FR-001 cross-stage same resource type conflict fails without artifacts or Graph changes (12.8325ms)
✔ S05-FR-001 cross-stage same resource default conflict fails without artifacts or Graph changes (13.0753ms)
✔ S05 fixed float: literals inside Function stay constant while formal and result are runtime (32.3845ms)
✔ S05 fixed float: defaults fixed schema every stage and mode with pure generation and roundtrip (221.0906ms)
✔ S05 fixed float: bad payloads unused errors atomic commands fixed source and constant distinction (3.2803ms)
✔ S05 fixed float: scoped two-context edits one Undo and stale token preserve History (5.9821ms)
✔ S05 fixed float: shared Function and Personal owner closure retain exact values (18.2856ms)
✔ S05 fixed vec2: literals inside Function stay constant while formal and result are runtime (30.5046ms)
✔ S05 fixed vec2: defaults fixed schema every stage and mode with pure generation and roundtrip (226.7297ms)
✔ S05 fixed vec2: bad payloads unused errors atomic commands fixed source and constant distinction (4.247ms)
✔ S05 fixed vec2: scoped two-context edits one Undo and stale token preserve History (7.0892ms)
✔ S05 fixed vec2: shared Function and Personal owner closure retain exact values (19.0915ms)
✔ S05 fixed vec3: literals inside Function stay constant while formal and result are runtime (33.4448ms)
✔ S05 fixed vec3: defaults fixed schema every stage and mode with pure generation and roundtrip (228.0365ms)
✔ S05 fixed vec3: bad payloads unused errors atomic commands fixed source and constant distinction (4.0691ms)
✔ S05 fixed vec3: scoped two-context edits one Undo and stale token preserve History (5.9243ms)
✔ S05 fixed vec3: shared Function and Personal owner closure retain exact values (19.4149ms)
✔ S05 fixed color: literals inside Function stay constant while formal and result are runtime (30.9048ms)
✔ S05 fixed color: defaults fixed schema every stage and mode with pure generation and roundtrip (226.8752ms)
✔ S05 fixed color: bad payloads unused errors atomic commands fixed source and constant distinction (3.8768ms)
✔ S05 fixed color: scoped two-context edits one Undo and stale token preserve History (6.0691ms)
✔ S05 fixed color: shared Function and Personal owner closure retain exact values (18.3293ms)
✔ S05 AT03 source/literal shape extents stay fixed; input-bound scalar extent cannot specialize a function (72.9763ms)
✔ S05 AT04 pre-existing malformed constant edge and authored losses are preserved (15.0239ms)
✔ S05 AT04 AT05 unused shared dependent definitions localize and detach atomically with Redo exact (57.1377ms)
✔ S05 AT08 multioutput and unconsumed nested effects have one evaluation per occurrence and stage-local helpers (37.2668ms)
✔ S05 AT08 two live depth writer occurrences reject even when one helper body is deduplicated (16.2877ms)
✔ S05 AT01 definition default shared mode independent and no-op History (25.1653ms)
✔ S05 AT02 one helper per definition and distinct caller arguments; nested helpers are dependency ordered (29.8309ms)
✔ S05 AT03 ordinary inputs are runtime even when all callers pass constants; dead constant uses reject atomically (22.6776ms)
✔ S05 AT03 Uniform parameter binding is runtime; ordinary connection rejects constant receiver without publication (15.5366ms)
✔ S05 AT04 AT05 transitive newly-invalid consumer edges detach once with losses, Undo/Redo and required error (25.2877ms)
✔ S05 AT06 function Personal roundtrip reuses mode, localizes once and preserves source bytes (59.3193ms)
✔ S05 AT06 DEC004 upgraded literal source input and nested Personal retain selected eligible modes through exchange (457.7963ms)
✔ S05 AT07 explicit owner upgrade preserves old pins/body/origin and unknown mode never defaults (7.8766ms)
✔ S05 AT09 later invalid edit and load retain function mode; diagnostic names shared definition and related calls (16.2691ms)
✔ S05 AT10 body/mode/profile changes create fresh artifacts and old snapshot is immutable (45.1902ms)
✔ S05 HTTP provider SHA256 canonical bytes known vectors and secure UUIDv4 fail-closed (32.8729ms)
✔ M1: missing-module boundary x rename rejects save before ACK without data loss (15.2362ms)
✔ M1: missing-module boundary 中 rename rejects save before ACK without data loss (12.3267ms)
✔ M1: missing-module boundary 🍇 rename rejects save before ACK without data loss (20.6909ms)
✔ M1: compact fallback validates actual emitted bytes at and beyond the budget (9.3157ms)
✔ M1: nodes at/beyond network limit obey save/reopen invariant (18.4162ms)
✔ M1: edges at/beyond network limit obey save/reopen invariant (34.1151ms)
✔ M1: editing beyond network capacity cannot acknowledge a save or erase the previous saved document (79.4472ms)
ℹ tests 227
ℹ suites 0
ℹ pass 227
ℹ fail 0
ℹ cancelled 0
ℹ skipped 0
ℹ todo 0
ℹ duration_ms 8550.233

(node:54664) ExperimentalWarning: Transform Types is an experimental feature and might change at any time
(Use `node --trace-warnings ...` to show where the warning was created)
