
Running 42 tests using 1 worker

  ok  1 [chromium] › tests\browser\s04.spec.ts:4:1 › S04 DEC002 all sixteen conversions execute on WebGL2 with correct components (295ms)
  ok  2 [chromium] › tests\browser\s04.spec.ts:86:1 › S04 DEC004 actual Personal literal source input nested shaders compile after export import reopen (531ms)
  ok  3 [chromium] › tests\browser\s04.spec.ts:213:1 › S04 actual IndexedDB collision concurrency relist quotas and failure isolation (284ms)
  ok  4 [chromium] › tests\browser\s04.spec.ts:307:1 › S04 DEC002 actual Canvas four shapes to current ImageOutput and edge identity Undo Redo (2.5s)
  ok  5 [chromium] › tests\browser\s04.spec.ts:357:1 › S04 actual Personal UI saves relists imports downloads and inserts independent Graph snapshots (1.7s)
  ok  6 [chromium] › tests\browser\s04.spec.ts:450:1 › S04 DEC004 browser hash-valid missing dependency scope cycle and module candidates reject atomically (309ms)
  ok  7 [chromium] › tests\browser\s05-delivered.spec.ts:44:3 › S05-OWNER-001 delivered public flow shared-expand.grape.json (1.3s)
  ok  8 [chromium] › tests\browser\s05-delivered.spec.ts:44:3 › S05-OWNER-001 delivered public flow shared-function.grape.json (1.3s)
  ok  9 [chromium] › tests\browser\s05-delivered.spec.ts:44:3 › S05-OWNER-001 delivered public flow shared-function.personal.json (1.2s)
  ok 10 [chromium] › tests\browser\s05-delivered.spec.ts:44:3 › S05-OWNER-001 delivered public flow nested-function.grape.json (727ms)
  ok 11 [chromium] › tests\browser\s05-delivered.spec.ts:44:3 › S05-OWNER-001 delivered public flow uniform-function.grape.json (725ms)
  ok 12 [chromium] › tests\browser\s05-delivered.spec.ts:44:3 › S05-OWNER-001 delivered public flow constant-detach.grape.json (1.3s)
  ok 13 [chromium] › tests\browser\s05-delivered.spec.ts:44:3 › S05-OWNER-001 delivered public flow activation-rejected.grape.json (1.0s)
  ok 14 [chromium] › tests\browser\s05-delivered.spec.ts:44:3 › S05-OWNER-001 delivered public flow shape-array.grape.json (712ms)
  ok 15 [chromium] › tests\browser\s05-delivered.spec.ts:44:3 › S05-OWNER-001 delivered public flow shape-nominal.grape.json (723ms)
  ok 16 [chromium] › tests\browser\s05-delivered.spec.ts:44:3 › S05-OWNER-001 delivered public flow pixel-effects.grape.json (729ms)
  ok 17 [chromium] › tests\browser\s05-delivered.spec.ts:44:3 › S05-OWNER-001 delivered public flow vertex-pixel.grape.json (715ms)
  ok 18 [chromium] › tests\browser\s05-delivered.spec.ts:44:3 › S05-OWNER-001 delivered public flow legacy-owner.grape.json (1.2s)
  ok 19 [chromium] › tests\browser\s05-delivered.spec.ts:44:3 › S05-OWNER-001 delivered public flow cross-stage-uniform-distinct.grape.json (714ms)
  ok 20 [chromium] › tests\browser\s05-delivered.spec.ts:44:3 › S05-OWNER-001 delivered public flow cross-stage-uniform-shared-reversed.grape.json (728ms)
  ok 21 [chromium] › tests\browser\s05-delivered.spec.ts:61:1 › S05-OWNER-001 exact owner and malformed admission stay strict; original error draft opens only explicitly (2.5s)
  ok 22 [chromium] › tests\browser\s05-uniforms.spec.ts:4:1 › S05-FR-001 exact preserved reviewer document links distinct vertex and pixel resources (177ms)
  ok 23 [chromium] › tests\browser\s05-uniforms.spec.ts:57:5 › S05-FR-001 actual linked Uniform identity distinct expand (192ms)
  ok 24 [chromium] › tests\browser\s05-uniforms.spec.ts:57:5 › S05-FR-001 actual linked Uniform identity distinct function (183ms)
  ok 25 [chromium] › tests\browser\s05-uniforms.spec.ts:57:5 › S05-FR-001 actual linked Uniform identity distinct nested (243ms)
  ok 26 [chromium] › tests\browser\s05-uniforms.spec.ts:57:5 › S05-FR-001 actual linked Uniform identity distinct mixed (228ms)
  ok 27 [chromium] › tests\browser\s05-uniforms.spec.ts:57:5 › S05-FR-001 actual linked Uniform identity shared-reversed expand (192ms)
  ok 28 [chromium] › tests\browser\s05-uniforms.spec.ts:57:5 › S05-FR-001 actual linked Uniform identity shared-reversed function (187ms)
  ok 29 [chromium] › tests\browser\s05-uniforms.spec.ts:57:5 › S05-FR-001 actual linked Uniform identity shared-reversed nested (241ms)
  ok 30 [chromium] › tests\browser\s05-uniforms.spec.ts:57:5 › S05-FR-001 actual linked Uniform identity shared-reversed mixed (243ms)
  ok 31 [chromium] › tests\browser\s05-uniforms.spec.ts:57:5 › S05-FR-001 actual linked Uniform identity distinct-types expand (186ms)
  ok 32 [chromium] › tests\browser\s05-uniforms.spec.ts:57:5 › S05-FR-001 actual linked Uniform identity distinct-types function (194ms)
  ok 33 [chromium] › tests\browser\s05-uniforms.spec.ts:57:5 › S05-FR-001 actual linked Uniform identity distinct-types nested (229ms)
  ok 34 [chromium] › tests\browser\s05-uniforms.spec.ts:57:5 › S05-FR-001 actual linked Uniform identity distinct-types mixed (231ms)
  ok 35 [chromium] › tests\browser\s05.spec.ts:22:1 › S05 AT04 AT05 real mode command reports precise loss and Undo restores entire graph; rejected activation leaves UI and history unchanged (1.4s)
  ok 36 [chromium] › tests\browser\s05.spec.ts:95:1 › S05 AT07 legacy mode UI requires explicit owner upgrade preserving original data (690ms)
  ok 37 [chromium] › tests\browser\s05.spec.ts:134:1 › S05 AT03 AT08 WebGL2 fixed shape nominal effects unconsumed nested effects and independent stage helpers (361ms)
  ok 38 [chromium] › tests\browser\s05.spec.ts:198:1 › S05 AT02 AT03 real WebGL2 distinct shared and nested caller values and Uniform parameters (245ms)
  ok 39 [chromium] › tests\browser\s05.spec.ts:283:1 › S05 mode UI persists shared choice and Make independent and Undo through real commands (1.1s)
  ok 40 [chromium] › tests\browser\s05.spec.ts:332:3 › S05 served HTTP 127.0.0.1 boots with secure IDs and exact Personal digest (1.4s)
  ok 41 [chromium] › tests\browser\s05.spec.ts:332:3 › S05 served HTTP 192.168.1.105 boots with secure IDs and exact Personal digest (8.7s)
  ok 42 [chromium] › tests\browser\s05.spec.ts:332:3 › S05 served HTTP 100.83.88.97 boots with secure IDs and exact Personal digest (1.5s)

  42 passed (41.6s)
[WebServer] (node:32296) Warning: The 'NO_COLOR' env is ignored due to the 'FORCE_COLOR' env being set.
[WebServer] (Use `node --trace-warnings ...` to show where the warning was created)
(node:48832) Warning: The 'NO_COLOR' env is ignored due to the 'FORCE_COLOR' env being set.
(Use `node --trace-warnings ...` to show where the warning was created)
(node:54332) ExperimentalWarning: Transform Types is an experimental feature and might change at any time
(Use `node --trace-warnings ...` to show where the warning was created)
