
> grape-s01@0.1.0 test:browser
> node tools/runtime.mjs && playwright test --output C:\Users\user\source\Grape\production\evidence\s04\browser-development-03\artifacts

[WebServer] (node:46184) Warning: The 'NO_COLOR' env is ignored due to the 'FORCE_COLOR' env being set.
[WebServer] (Use `node --trace-warnings ...` to show where the warning was created)

Running 53 tests using 1 worker

(node:10752) Warning: The 'NO_COLOR' env is ignored due to the 'FORCE_COLOR' env being set.
(Use `node --trace-warnings ...` to show where the warning was created)
  ok  1 [chromium] › tests\browser\s01.spec.ts:28:1 › AT-S01-01 browser: user creates connected shader, edits and sees generated GLSL (899ms)
  x   2 [chromium] › tests\browser\s01.spec.ts:54:1 › AT-S01-03 browser: dynamic shape errors are visible, Undo restores and Redo repeats (5.8s)
(node:36980) Warning: The 'NO_COLOR' env is ignored due to the 'FORCE_COLOR' env being set.
(Use `node --trace-warnings ...` to show where the warning was created)
  x   3 [chromium] › tests\browser\s01.spec.ts:83:1 › AT-S01-05 browser: IndexedDB ACK save/reopen and independent JSON download/file open (1.1s)
(node:52216) Warning: The 'NO_COLOR' env is ignored due to the 'FORCE_COLOR' env being set.
(Use `node --trace-warnings ...` to show where the warning was created)
  x   4 [chromium] › tests\browser\s01.spec.ts:113:1 › AT-S01-02 browser: occupied and incompatible connections preserve wires and revision (5.9s)
(node:15188) Warning: The 'NO_COLOR' env is ignored due to the 'FORCE_COLOR' env being set.
(Use `node --trace-warnings ...` to show where the warning was created)
  ok  5 [chromium] › tests\browser\s01.spec.ts:138:1 › AT-S01-04 browser: draft cancel, IME guard, keyboard commit, pointer gesture Undo and cancel (682ms)
  ok  6 [chromium] › tests\browser\s01.spec.ts:180:1 › AT-S01-06 browser: two Canvas contexts keep independent selections and camera while sharing edits (644ms)
  ok  7 [chromium] › tests\browser\s01.spec.ts:239:1 › AT-S01-07 browser: delayed storage completion cannot clear a newer edit; rejection and export preserve dirty (380ms)
  x   8 [chromium] › tests\browser\s01.spec.ts:287:1 › recovery browser: future structural document stays read-only and original can be exported (162ms)
(node:45396) Warning: The 'NO_COLOR' env is ignored due to the 'FORCE_COLOR' env being set.
(Use `node --trace-warnings ...` to show where the warning was created)
  ok  9 [chromium] › tests\browser\s01.spec.ts:314:1 › readonly browser: fields, actions and keyboard cannot edit; unlocking restores the same value (328ms)
  x  10 [chromium] › tests\browser\s01.spec.ts:336:1 › diagnostics locate the affected node through the active Context without adding History (30.1s)
(node:7860) Warning: The 'NO_COLOR' env is ignored due to the 'FORCE_COLOR' env being set.
(Use `node --trace-warnings ...` to show where the warning was created)
  x  11 [chromium] › tests\browser\s01.spec.ts:360:1 › invalid UTF-8 recovery retains original bytes; closing recovery and cancelling open preserve the graph (203ms)
(node:45116) Warning: The 'NO_COLOR' env is ignored due to the 'FORCE_COLOR' env being set.
(Use `node --trace-warnings ...` to show where the warning was created)
  ok 12 [chromium] › tests\browser\s01.spec.ts:386:1 › view failure shows shared retry placeholder and releases the failed mount (302ms)
  ok 13 [chromium] › tests\browser\s01.spec.ts:420:1 › keyboard node selection and connection buttons preserve focus; wires meet sockets after fractional zoom (742ms)
  x  14 [chromium] › tests\browser\s01.spec.ts:454:1 › error-bearing dynamic document saves and reopens with loss evidence and generation still blocked (1.0s)
(node:35828) Warning: The 'NO_COLOR' env is ignored due to the 'FORCE_COLOR' env being set.
(Use `node --trace-warnings ...` to show where the warning was created)
  ok 15 [chromium] › tests\browser\s01.spec.ts:495:3 › M1 browser: Float 1e21 commits and generates a valid exponent literal (879ms)
  ok 16 [chromium] › tests\browser\s01.spec.ts:495:3 › M1 browser: Multiply 1e21 commits and generates a valid exponent literal (900ms)
  ok 17 [chromium] › tests\browser\s01.spec.ts:530:1 › N1 browser: middle/right movement cannot edit nodes; primary drag still groups into one Undo (742ms)
  x  18 [chromium] › tests\browser\s02.spec.ts:25:1 › AT-S02-01 browser: review/cancel, repair proposal and explicit one-Undo atomic acceptance (387ms)
(node:49960) Warning: The 'NO_COLOR' env is ignored due to the 'FORCE_COLOR' env being set.
(Use `node --trace-warnings ...` to show where the warning was created)
  x  19 [chromium] › tests\browser\s02.spec.ts:79:1 › AT-S02-01 browser: readonly and intervening edit fence publication (263ms)
(node:49540) Warning: The 'NO_COLOR' env is ignored due to the 'FORCE_COLOR' env being set.
(Use `node --trace-warnings ...` to show where the warning was created)
  x  20 [chromium] › tests\browser\s02.spec.ts:100:1 › AT-S02-01 browser: duplicate IDs, unknown structure and future input never expose acceptance (203ms)
(node:32228) Warning: The 'NO_COLOR' env is ignored due to the 'FORCE_COLOR' env being set.
(Use `node --trace-warnings ...` to show where the warning was created)
  x  21 [chromium] › tests\browser\s02.spec.ts:125:1 › AT-S02-02 browser: explicit missing-module load, move/rename, save/reopen preserve opaque state and block generation (200ms)
(node:45804) Warning: The 'NO_COLOR' env is ignored due to the 'FORCE_COLOR' env being set.
(Use `node --trace-warnings ...` to show where the warning was created)
  x  22 [chromium] › tests\browser\s02.spec.ts:179:1 › AT-S02-03 boundary browser: unmapped legacy remains explicit with provenance and original export (201ms)
(node:46716) Warning: The 'NO_COLOR' env is ignored due to the 'FORCE_COLOR' env being set.
(Use `node --trace-warnings ...` to show where the warning was created)
  x  23 [chromium] › tests\browser\s02.spec.ts:202:1 › AT-S02-04 browser: real Canvas PNG preview/export/reimport, malformed CRC and missing metadata (215ms)
(node:43000) Warning: The 'NO_COLOR' env is ignored due to the 'FORCE_COLOR' env being set.
(Use `node --trace-warnings ...` to show where the warning was created)
  x  24 [chromium] › tests\browser\s02.spec.ts:261:1 › AT-S02-01 browser: cancel during delayed file read fences the late review (229ms)
(node:3304) Warning: The 'NO_COLOR' env is ignored due to the 'FORCE_COLOR' env being set.
(Use `node --trace-warnings ...` to show where the warning was created)
  x  25 [chromium] › tests\browser\s02.spec.ts:287:1 › M1 browser: boundary missing-module rename rejects save, retains prior ACK, then saves and reopens without opaque loss (207ms)
(node:31484) Warning: The 'NO_COLOR' env is ignored due to the 'FORCE_COLOR' env being set.
(Use `node --trace-warnings ...` to show where the warning was created)
  ok 26 [chromium] › tests\browser\s03-repair.spec.ts:11:1 › S03 FR01 real WebGL2 compiles supported Structure arrays and ES300 explicitly rejects admitted nested arrays (192ms)
  x  27 [chromium] › tests\browser\s03-repair.spec.ts:100:1 › S03 EG01 browser clipboard imports TOP declarations with one slot and shows atomic native path rejection (5.4s)
(node:53316) Warning: The 'NO_COLOR' env is ignored due to the 'FORCE_COLOR' env being set.
(Use `node --trace-warnings ...` to show where the warning was created)
  ok 28 [chromium] › tests\browser\s03-repair2.spec.ts:10:3 › S03 EG01 round2 browser rejects inline glsl.float array cross-Graph and retains Redo (885ms)
  ok 29 [chromium] › tests\browser\s03-repair2.spec.ts:10:3 › S03 EG01 round2 browser rejects inline glsl.vec2 array cross-Graph and retains Redo (747ms)
  ok 30 [chromium] › tests\browser\s03.spec.ts:50:1 › AT-S03-01/02 real nested Canvas, Inspector, interface reorder/remove and Undo (1.4s)
  ok 31 [chromium] › tests\browser\s03.spec.ts:101:1 › AT-S03-03 browser clipboard success, injected late rejection and Unicode text preserved (1.1s)
  ok 32 [chromium] › tests\browser\s03.spec.ts:149:1 › AT-S03-04 nested IME/cancel/focus and navigation cleanup use the real Inspector (594ms)
  ok 33 [chromium] › tests\browser\s03.spec.ts:190:1 › S03 structure authoring draft cancel, reorder and stale confirmation (482ms)
  ok 34 [chromium] › tests\browser\s03.spec.ts:226:1 › AT-S03-01 two Canvas occurrences share parameters and keep independent navigation (1.7s)
  ok 35 [chromium] › tests\browser\s03.spec.ts:292:1 › AT-S03-01/04 real library first edit, position-only layout, spare output and nested deletion (775ms)
  ok 36 [chromium] › tests\browser\s03.spec.ts:359:3 › G-LU-DATA-004 browser local clipboard UTF-8 budget x (1.1s)
  ok 37 [chromium] › tests\browser\s03.spec.ts:359:3 › G-LU-DATA-004 browser local clipboard UTF-8 budget 中 (1.1s)
  ok 38 [chromium] › tests\browser\s03.spec.ts:359:3 › G-LU-DATA-004 browser local clipboard UTF-8 budget 🍇 (1.2s)
  ok 39 [chromium] › tests\browser\s03.spec.ts:404:1 › AT-S03-04 nested Inspector field removal cancels a focused draft and Undo mounts fresh controls (795ms)
  ok 40 [chromium] › tests\browser\s03.spec.ts:451:1 › AT-S03-03 visible frames move with encapsulation and Undo (959ms)
  ok 41 [chromium] › tests\browser\s03.spec.ts:481:1 › S03 Make independent and nested interface removal preserve other callers and Undo (1.8s)
  ok 42 [chromium] › tests\browser\s03.spec.ts:534:1 › S03 Structure Help is read-only and composite defaults and Escape retain saved values (1.2s)
  ok 43 [chromium] › tests\browser\s03.spec.ts:602:1 › G-LU-DATA-001 browser bad edge, capacity, stage and source rejection rolls back the complete transaction (1.6s)
  ok 44 [chromium] › tests\browser\s03.spec.ts:672:1 › S03 shared name and matrix defaults update both callers with one Undo (1.3s)
  ok 45 [chromium] › tests\browser\s03.spec.ts:730:1 › S03 clickable breadcrumbs discard stale interface drafts and selected ports (576ms)
  ok 46 [chromium] › tests\browser\s03.spec.ts:763:1 › S03 direction-specific Add16 controls preserve draft and allow output creation (1.1s)
  ok 47 [chromium] › tests\browser\s03.spec.ts:800:1 › S03 Structure description and fixed array controls keep field identity across cancel/reorder (822ms)
  ok 48 [chromium] › tests\browser\s03.spec.ts:859:1 › S03 browser cross-Graph paste imports independent closure and Undo removes it (1.8s)
  ok 49 [chromium] › tests\browser\s04.spec.ts:4:1 › S04 DEC002 all sixteen conversions execute on WebGL2 with correct components (287ms)
  ok 50 [chromium] › tests\browser\s04.spec.ts:18:1 › S04 DEC004 actual Personal literal source input nested shaders compile after export import reopen (501ms)
  ok 51 [chromium] › tests\browser\s04.spec.ts:34:1 › S04 actual IndexedDB collision concurrency relist quotas and failure isolation (324ms)
  ok 52 [chromium] › tests\browser\s04.spec.ts:49:1 › S04 DEC002 actual Canvas four shapes to current ImageOutput and edge identity Undo Redo (2.4s)
  ok 53 [chromium] › tests\browser\s04.spec.ts:64:1 › S04 actual Personal UI saves relists imports downloads and inserts independent Graph snapshots (1.7s)


  1) [chromium] › tests\browser\s01.spec.ts:54:1 › AT-S01-03 browser: dynamic shape errors are visible, Undo restores and Redo repeats 

    Error: expect(locator).toBeVisible() failed

    Locator: getByText('Generation blocked', { exact: true })
    Expected: visible
    Timeout: 5000ms
    Error: element(s) not found

    Call log:
      - Expect "toBeVisible" with timeout 5000ms
      - waiting for getByText('Generation blocked', { exact: true })


      66 |   await expect(
      67 |     page.getByText("Generation blocked", { exact: true }),
    > 68 |   ).toBeVisible();
         |     ^
      69 |   await expect(page.getByLabel("Diagnostics")).toContainText("INPUT_REQUIRED");
      70 |   await page.getByRole("button", { name: "Undo", exact: true }).click();
      71 |   await expect(page.getByRole("combobox", { name: "Shape" })).toHaveValue(
        at C:\Users\user\source\Grape\production\tests\browser\s01.spec.ts:68:5

    attachment #1: screenshot (image/png) ──────────────────────────────────────────────────────────
    evidence\s04\browser-development-03\artifacts\s01-AT-S01-03-browser-dyna-7546f-o-restores-and-Redo-repeats-chromium\test-failed-1.png
    ────────────────────────────────────────────────────────────────────────────────────────────────

    Error Context: evidence\s04\browser-development-03\artifacts\s01-AT-S01-03-browser-dyna-7546f-o-restores-and-Redo-repeats-chromium\error-context.md

    attachment #3: trace (application/zip) ─────────────────────────────────────────────────────────
    evidence\s04\browser-development-03\artifacts\s01-AT-S01-03-browser-dyna-7546f-o-restores-and-Redo-repeats-chromium\trace.zip
    Usage:

        npx playwright show-trace evidence\s04\browser-development-03\artifacts\s01-AT-S01-03-browser-dyna-7546f-o-restores-and-Redo-repeats-chromium\trace.zip

    ────────────────────────────────────────────────────────────────────────────────────────────────

  2) [chromium] › tests\browser\s01.spec.ts:83:1 › AT-S01-05 browser: IndexedDB ACK save/reopen and independent JSON download/file open 

    Error: locator.setInputFiles: Error: strict mode violation: locator('input[type=file]') resolved to 2 elements:
        1) <input type="file" accept=".json,.sgrape-function.json" aria-label="Import Personal package"/> aka getByLabel('Import Personal package')
        2) <input hidden="" type="file" accept=".json,.grape.json,.png,application/json,image/png"/> aka locator('input[type="file"]').nth(1)

    Call log:
      - waiting for locator('input[type=file]')


      103 |     page.getByRole("button", { name: "Undo", exact: true }),
      104 |   ).toBeDisabled();
    > 105 |   await page.locator("input[type=file]").setInputFiles(file!);
          |   ^
      106 |   await page
      107 |     .getByRole("button", { name: "Open in new session", exact: true })
      108 |     .click();
        at C:\Users\user\source\Grape\production\tests\browser\s01.spec.ts:105:3

    attachment #1: screenshot (image/png) ──────────────────────────────────────────────────────────
    evidence\s04\browser-development-03\artifacts\s01-AT-S01-05-browser-Inde-826e0-ent-JSON-download-file-open-chromium\test-failed-1.png
    ────────────────────────────────────────────────────────────────────────────────────────────────

    Error Context: evidence\s04\browser-development-03\artifacts\s01-AT-S01-05-browser-Inde-826e0-ent-JSON-download-file-open-chromium\error-context.md

    attachment #3: trace (application/zip) ─────────────────────────────────────────────────────────
    evidence\s04\browser-development-03\artifacts\s01-AT-S01-05-browser-Inde-826e0-ent-JSON-download-file-open-chromium\trace.zip
    Usage:

        npx playwright show-trace evidence\s04\browser-development-03\artifacts\s01-AT-S01-05-browser-Inde-826e0-ent-JSON-download-file-open-chromium\trace.zip

    ────────────────────────────────────────────────────────────────────────────────────────────────

  3) [chromium] › tests\browser\s01.spec.ts:113:1 › AT-S01-02 browser: occupied and incompatible connections preserve wires and revision 

    Error: expect(locator).toContainText(expected) failed

    Locator: locator('.canvas-notice')
    Expected substring: "TYPE_ADAPTATION"
    Received string:    ""
    Timeout: 5000ms

    Call log:
      - Expect "toContainText" with timeout 5000ms
      - waiting for locator('.canvas-notice')
        14 × locator resolved to <div role="status" class="canvas-notice"></div>
           - unexpected value ""


      133 |     .getByRole("button", { name: "Image output input color", exact: true })
      134 |     .click({ modifiers: ["Shift"] });
    > 135 |   await expect(page.locator(".canvas-notice")).toContainText("TYPE_ADAPTATION");
          |                                                ^
      136 |   expect(await canvas.getAttribute("data-revision")).toBe(revision);
      137 | });
      138 | test("AT-S01-04 browser: draft cancel, IME guard, keyboard commit, pointer gesture Undo and cancel", async ({
        at C:\Users\user\source\Grape\production\tests\browser\s01.spec.ts:135:48

    attachment #1: screenshot (image/png) ──────────────────────────────────────────────────────────
    evidence\s04\browser-development-03\artifacts\s01-AT-S01-02-browser-occu-8c9f4-preserve-wires-and-revision-chromium\test-failed-1.png
    ────────────────────────────────────────────────────────────────────────────────────────────────

    Error Context: evidence\s04\browser-development-03\artifacts\s01-AT-S01-02-browser-occu-8c9f4-preserve-wires-and-revision-chromium\error-context.md

    attachment #3: trace (application/zip) ─────────────────────────────────────────────────────────
    evidence\s04\browser-development-03\artifacts\s01-AT-S01-02-browser-occu-8c9f4-preserve-wires-and-revision-chromium\trace.zip
    Usage:

        npx playwright show-trace evidence\s04\browser-development-03\artifacts\s01-AT-S01-02-browser-occu-8c9f4-preserve-wires-and-revision-chromium\trace.zip

    ────────────────────────────────────────────────────────────────────────────────────────────────

  4) [chromium] › tests\browser\s01.spec.ts:287:1 › recovery browser: future structural document stays read-only and original can be exported 

    Error: locator.setInputFiles: Error: strict mode violation: locator('input[type=file]') resolved to 2 elements:
        1) <input type="file" accept=".json,.sgrape-function.json" aria-label="Import Personal package"/> aka getByLabel('Import Personal package')
        2) <input hidden="" type="file" accept=".json,.grape.json,.png,application/json,image/png"/> aka locator('input[type="file"]').nth(1)

    Call log:
      - waiting for locator('input[type=file]')


      293 |     graph: { future: true },
      294 |   });
    > 295 |   await page.locator("input[type=file]").setInputFiles({
          |   ^
      296 |     name: "future.grape.json",
      297 |     mimeType: "application/json",
      298 |     buffer: Buffer.from(raw),
        at C:\Users\user\source\Grape\production\tests\browser\s01.spec.ts:295:3

    attachment #1: screenshot (image/png) ──────────────────────────────────────────────────────────
    evidence\s04\browser-development-03\artifacts\s01-recovery-browser-futur-0a058-nd-original-can-be-exported-chromium\test-failed-1.png
    ────────────────────────────────────────────────────────────────────────────────────────────────

    Error Context: evidence\s04\browser-development-03\artifacts\s01-recovery-browser-futur-0a058-nd-original-can-be-exported-chromium\error-context.md

    attachment #3: trace (application/zip) ─────────────────────────────────────────────────────────
    evidence\s04\browser-development-03\artifacts\s01-recovery-browser-futur-0a058-nd-original-can-be-exported-chromium\trace.zip
    Usage:

        npx playwright show-trace evidence\s04\browser-development-03\artifacts\s01-recovery-browser-futur-0a058-nd-original-can-be-exported-chromium\trace.zip

    ────────────────────────────────────────────────────────────────────────────────────────────────

  5) [chromium] › tests\browser\s01.spec.ts:336:1 › diagnostics locate the affected node through the active Context without adding History 

    Test timeout of 30000ms exceeded.

    Error: locator.click: Test timeout of 30000ms exceeded.
    Call log:
      - waiting for getByLabel('Diagnostics').getByRole('button', { name: 'Locate node' }).first()


      350 |     .getByRole("button", { name: "Locate node" })
      351 |     .first()
    > 352 |     .click();
          |      ^
      353 |   await expect(page.locator(".inspector > p")).toHaveText("Image output");
      354 |   await expect(page.locator(".canvas")).toHaveAttribute(
      355 |     "data-revision",
        at C:\Users\user\source\Grape\production\tests\browser\s01.spec.ts:352:6

    attachment #1: screenshot (image/png) ──────────────────────────────────────────────────────────
    evidence\s04\browser-development-03\artifacts\s01-diagnostics-locate-the-e5bef-text-without-adding-History-chromium\test-failed-1.png
    ────────────────────────────────────────────────────────────────────────────────────────────────

    Error Context: evidence\s04\browser-development-03\artifacts\s01-diagnostics-locate-the-e5bef-text-without-adding-History-chromium\error-context.md

    attachment #3: trace (application/zip) ─────────────────────────────────────────────────────────
    evidence\s04\browser-development-03\artifacts\s01-diagnostics-locate-the-e5bef-text-without-adding-History-chromium\trace.zip
    Usage:

        npx playwright show-trace evidence\s04\browser-development-03\artifacts\s01-diagnostics-locate-the-e5bef-text-without-adding-History-chromium\trace.zip

    ────────────────────────────────────────────────────────────────────────────────────────────────

  6) [chromium] › tests\browser\s01.spec.ts:360:1 › invalid UTF-8 recovery retains original bytes; closing recovery and cancelling open preserve the graph 

    Error: locator.setInputFiles: Error: strict mode violation: locator('input[type=file]') resolved to 2 elements:
        1) <input type="file" accept=".json,.sgrape-function.json" aria-label="Import Personal package"/> aka getByLabel('Import Personal package')
        2) <input hidden="" type="file" accept=".json,.grape.json,.png,application/json,image/png"/> aka locator('input[type="file"]').nth(1)

    Call log:
      - waiting for locator('input[type=file]')


      363 |   const buffer = Buffer.from([0xff, 0xc0, 0xaf, 0x00, 0x7b]);
      364 |   const revision = await page.locator(".canvas").getAttribute("data-revision");
    > 365 |   await page.locator("input[type=file]").setInputFiles({
          |   ^
      366 |     name: "invalid.grape.json",
      367 |     mimeType: "application/json",
      368 |     buffer,
        at C:\Users\user\source\Grape\production\tests\browser\s01.spec.ts:365:3

    attachment #1: screenshot (image/png) ──────────────────────────────────────────────────────────
    evidence\s04\browser-development-03\artifacts\s01-invalid-UTF-8-recovery-5159a-ing-open-preserve-the-graph-chromium\test-failed-1.png
    ────────────────────────────────────────────────────────────────────────────────────────────────

    Error Context: evidence\s04\browser-development-03\artifacts\s01-invalid-UTF-8-recovery-5159a-ing-open-preserve-the-graph-chromium\error-context.md

    attachment #3: trace (application/zip) ─────────────────────────────────────────────────────────
    evidence\s04\browser-development-03\artifacts\s01-invalid-UTF-8-recovery-5159a-ing-open-preserve-the-graph-chromium\trace.zip
    Usage:

        npx playwright show-trace evidence\s04\browser-development-03\artifacts\s01-invalid-UTF-8-recovery-5159a-ing-open-preserve-the-graph-chromium\trace.zip

    ────────────────────────────────────────────────────────────────────────────────────────────────

  7) [chromium] › tests\browser\s01.spec.ts:454:1 › error-bearing dynamic document saves and reopens with loss evidence and generation still blocked 

    Error: expect(received).toBe(expected) // Object.is equality

    Expected: true
    Received: false

      470 |   const fs = await import("node:fs/promises");
      471 |   const doc = JSON.parse(await fs.readFile(file!, "utf8"));
    > 472 |   expect(doc.graph.losses.some((x: any) => x.payload.kind === "edge")).toBe(
          |                                                                        ^
      473 |     true,
      474 |   );
      475 |   expect(
        at C:\Users\user\source\Grape\production\tests\browser\s01.spec.ts:472:72

    attachment #1: screenshot (image/png) ──────────────────────────────────────────────────────────
    evidence\s04\browser-development-03\artifacts\s01-error-bearing-dynamic--4a030-nd-generation-still-blocked-chromium\test-failed-1.png
    ────────────────────────────────────────────────────────────────────────────────────────────────

    Error Context: evidence\s04\browser-development-03\artifacts\s01-error-bearing-dynamic--4a030-nd-generation-still-blocked-chromium\error-context.md

    attachment #3: trace (application/zip) ─────────────────────────────────────────────────────────
    evidence\s04\browser-development-03\artifacts\s01-error-bearing-dynamic--4a030-nd-generation-still-blocked-chromium\trace.zip
    Usage:

        npx playwright show-trace evidence\s04\browser-development-03\artifacts\s01-error-bearing-dynamic--4a030-nd-generation-still-blocked-chromium\trace.zip

    ────────────────────────────────────────────────────────────────────────────────────────────────

  8) [chromium] › tests\browser\s02.spec.ts:25:1 › AT-S02-01 browser: review/cancel, repair proposal and explicit one-Undo atomic acceptance 

    Error: locator.setInputFiles: Error: strict mode violation: locator('input[type=file]') resolved to 2 elements:
        1) <input type="file" accept=".json,.sgrape-function.json" aria-label="Import Personal package"/> aka getByLabel('Import Personal package')
        2) <input hidden="" type="file" accept=".json,.grape.json,.png,application/json,image/png"/> aka locator('input[type="file"]').nth(1)

    Call log:
      - waiting for locator('input[type=file]')


       5 | const fixture = () => structuredClone(flow().graph.capture().document);
       6 | async function choose(page: Page, doc: unknown, name = "source.grape.json") {
    >  7 |   await page
         |   ^
       8 |     .locator("input[type=file]")
       9 |     .setInputFiles({
      10 |       name,
        at choose (C:\Users\user\source\Grape\production\tests\browser\s02.spec.ts:7:3)
        at C:\Users\user\source\Grape\production\tests\browser\s02.spec.ts:34:3

    attachment #1: screenshot (image/png) ──────────────────────────────────────────────────────────
    evidence\s04\browser-development-03\artifacts\s02-AT-S02-01-browser-revi-ac740--one-Undo-atomic-acceptance-chromium\test-failed-1.png
    ────────────────────────────────────────────────────────────────────────────────────────────────

    Error Context: evidence\s04\browser-development-03\artifacts\s02-AT-S02-01-browser-revi-ac740--one-Undo-atomic-acceptance-chromium\error-context.md

    attachment #3: trace (application/zip) ─────────────────────────────────────────────────────────
    evidence\s04\browser-development-03\artifacts\s02-AT-S02-01-browser-revi-ac740--one-Undo-atomic-acceptance-chromium\trace.zip
    Usage:

        npx playwright show-trace evidence\s04\browser-development-03\artifacts\s02-AT-S02-01-browser-revi-ac740--one-Undo-atomic-acceptance-chromium\trace.zip

    ────────────────────────────────────────────────────────────────────────────────────────────────

  9) [chromium] › tests\browser\s02.spec.ts:79:1 › AT-S02-01 browser: readonly and intervening edit fence publication 

    Error: locator.setInputFiles: Error: strict mode violation: locator('input[type=file]') resolved to 2 elements:
        1) <input type="file" accept=".json,.sgrape-function.json" aria-label="Import Personal package"/> aka getByLabel('Import Personal package')
        2) <input hidden="" type="file" accept=".json,.grape.json,.png,application/json,image/png"/> aka locator('input[type="file"]').nth(1)

    Call log:
      - waiting for locator('input[type=file]')


       5 | const fixture = () => structuredClone(flow().graph.capture().document);
       6 | async function choose(page: Page, doc: unknown, name = "source.grape.json") {
    >  7 |   await page
         |   ^
       8 |     .locator("input[type=file]")
       9 |     .setInputFiles({
      10 |       name,
        at choose (C:\Users\user\source\Grape\production\tests\browser\s02.spec.ts:7:3)
        at C:\Users\user\source\Grape\production\tests\browser\s02.spec.ts:83:3

    attachment #1: screenshot (image/png) ──────────────────────────────────────────────────────────
    evidence\s04\browser-development-03\artifacts\s02-AT-S02-01-browser-read-29732-ning-edit-fence-publication-chromium\test-failed-1.png
    ────────────────────────────────────────────────────────────────────────────────────────────────

    Error Context: evidence\s04\browser-development-03\artifacts\s02-AT-S02-01-browser-read-29732-ning-edit-fence-publication-chromium\error-context.md

    attachment #3: trace (application/zip) ─────────────────────────────────────────────────────────
    evidence\s04\browser-development-03\artifacts\s02-AT-S02-01-browser-read-29732-ning-edit-fence-publication-chromium\trace.zip
    Usage:

        npx playwright show-trace evidence\s04\browser-development-03\artifacts\s02-AT-S02-01-browser-read-29732-ning-edit-fence-publication-chromium\trace.zip

    ────────────────────────────────────────────────────────────────────────────────────────────────

  10) [chromium] › tests\browser\s02.spec.ts:100:1 › AT-S02-01 browser: duplicate IDs, unknown structure and future input never expose acceptance 

    Error: locator.setInputFiles: Error: strict mode violation: locator('input[type=file]') resolved to 2 elements:
        1) <input type="file" accept=".json,.sgrape-function.json" aria-label="Import Personal package"/> aka getByLabel('Import Personal package')
        2) <input hidden="" type="file" accept=".json,.grape.json,.png,application/json,image/png"/> aka locator('input[type="file"]').nth(1)

    Call log:
      - waiting for locator('input[type=file]')


       5 | const fixture = () => structuredClone(flow().graph.capture().document);
       6 | async function choose(page: Page, doc: unknown, name = "source.grape.json") {
    >  7 |   await page
         |   ^
       8 |     .locator("input[type=file]")
       9 |     .setInputFiles({
      10 |       name,
        at choose (C:\Users\user\source\Grape\production\tests\browser\s02.spec.ts:7:3)
        at C:\Users\user\source\Grape\production\tests\browser\s02.spec.ts:111:5

    attachment #1: screenshot (image/png) ──────────────────────────────────────────────────────────
    evidence\s04\browser-development-03\artifacts\s02-AT-S02-01-browser-dupl-bff3a-put-never-expose-acceptance-chromium\test-failed-1.png
    ────────────────────────────────────────────────────────────────────────────────────────────────

    Error Context: evidence\s04\browser-development-03\artifacts\s02-AT-S02-01-browser-dupl-bff3a-put-never-expose-acceptance-chromium\error-context.md

    attachment #3: trace (application/zip) ─────────────────────────────────────────────────────────
    evidence\s04\browser-development-03\artifacts\s02-AT-S02-01-browser-dupl-bff3a-put-never-expose-acceptance-chromium\trace.zip
    Usage:

        npx playwright show-trace evidence\s04\browser-development-03\artifacts\s02-AT-S02-01-browser-dupl-bff3a-put-never-expose-acceptance-chromium\trace.zip

    ────────────────────────────────────────────────────────────────────────────────────────────────

  11) [chromium] › tests\browser\s02.spec.ts:125:1 › AT-S02-02 browser: explicit missing-module load, move/rename, save/reopen preserve opaque state and block generation 

    Error: locator.setInputFiles: Error: strict mode violation: locator('input[type=file]') resolved to 2 elements:
        1) <input type="file" accept=".json,.sgrape-function.json" aria-label="Import Personal package"/> aka getByLabel('Import Personal package')
        2) <input hidden="" type="file" accept=".json,.grape.json,.png,application/json,image/png"/> aka locator('input[type="file"]').nth(1)

    Call log:
      - waiting for locator('input[type=file]')


       5 | const fixture = () => structuredClone(flow().graph.capture().document);
       6 | async function choose(page: Page, doc: unknown, name = "source.grape.json") {
    >  7 |   await page
         |   ^
       8 |     .locator("input[type=file]")
       9 |     .setInputFiles({
      10 |       name,
        at choose (C:\Users\user\source\Grape\production\tests\browser\s02.spec.ts:7:3)
        at C:\Users\user\source\Grape\production\tests\browser\s02.spec.ts:137:3

    attachment #1: screenshot (image/png) ──────────────────────────────────────────────────────────
    evidence\s04\browser-development-03\artifacts\s02-AT-S02-02-browser-expl-8256b--state-and-block-generation-chromium\test-failed-1.png
    ────────────────────────────────────────────────────────────────────────────────────────────────

    Error Context: evidence\s04\browser-development-03\artifacts\s02-AT-S02-02-browser-expl-8256b--state-and-block-generation-chromium\error-context.md

    attachment #3: trace (application/zip) ─────────────────────────────────────────────────────────
    evidence\s04\browser-development-03\artifacts\s02-AT-S02-02-browser-expl-8256b--state-and-block-generation-chromium\trace.zip
    Usage:

        npx playwright show-trace evidence\s04\browser-development-03\artifacts\s02-AT-S02-02-browser-expl-8256b--state-and-block-generation-chromium\trace.zip

    ────────────────────────────────────────────────────────────────────────────────────────────────

  12) [chromium] › tests\browser\s02.spec.ts:179:1 › AT-S02-03 boundary browser: unmapped legacy remains explicit with provenance and original export 

    Error: locator.setInputFiles: Error: strict mode violation: locator('input[type=file]') resolved to 2 elements:
        1) <input type="file" accept=".json,.sgrape-function.json" aria-label="Import Personal package"/> aka getByLabel('Import Personal package')
        2) <input hidden="" type="file" accept=".json,.grape.json,.png,application/json,image/png"/> aka locator('input[type="file"]').nth(1)

    Call log:
      - waiting for locator('input[type=file]')


       5 | const fixture = () => structuredClone(flow().graph.capture().document);
       6 | async function choose(page: Page, doc: unknown, name = "source.grape.json") {
    >  7 |   await page
         |   ^
       8 |     .locator("input[type=file]")
       9 |     .setInputFiles({
      10 |       name,
        at choose (C:\Users\user\source\Grape\production\tests\browser\s02.spec.ts:7:3)
        at C:\Users\user\source\Grape\production\tests\browser\s02.spec.ts:188:3

    attachment #1: screenshot (image/png) ──────────────────────────────────────────────────────────
    evidence\s04\browser-development-03\artifacts\s02-AT-S02-03-boundary-bro-5a460-venance-and-original-export-chromium\test-failed-1.png
    ────────────────────────────────────────────────────────────────────────────────────────────────

    Error Context: evidence\s04\browser-development-03\artifacts\s02-AT-S02-03-boundary-bro-5a460-venance-and-original-export-chromium\error-context.md

    attachment #3: trace (application/zip) ─────────────────────────────────────────────────────────
    evidence\s04\browser-development-03\artifacts\s02-AT-S02-03-boundary-bro-5a460-venance-and-original-export-chromium\trace.zip
    Usage:

        npx playwright show-trace evidence\s04\browser-development-03\artifacts\s02-AT-S02-03-boundary-bro-5a460-venance-and-original-export-chromium\trace.zip

    ────────────────────────────────────────────────────────────────────────────────────────────────

  13) [chromium] › tests\browser\s02.spec.ts:202:1 › AT-S02-04 browser: real Canvas PNG preview/export/reimport, malformed CRC and missing metadata 

    Error: locator.setInputFiles: Error: strict mode violation: locator('input[type=file]') resolved to 2 elements:
        1) <input type="file" accept=".json,.sgrape-function.json" aria-label="Import Personal package"/> aka getByLabel('Import Personal package')
        2) <input hidden="" type="file" accept=".json,.grape.json,.png,application/json,image/png"/> aka locator('input[type="file"]').nth(1)

    Call log:
      - waiting for locator('input[type=file]')


       5 | const fixture = () => structuredClone(flow().graph.capture().document);
       6 | async function choose(page: Page, doc: unknown, name = "source.grape.json") {
    >  7 |   await page
         |   ^
       8 |     .locator("input[type=file]")
       9 |     .setInputFiles({
      10 |       name,
        at choose (C:\Users\user\source\Grape\production\tests\browser\s02.spec.ts:7:3)
        at C:\Users\user\source\Grape\production\tests\browser\s02.spec.ts:207:3

    attachment #1: screenshot (image/png) ──────────────────────────────────────────────────────────
    evidence\s04\browser-development-03\artifacts\s02-AT-S02-04-browser-real-4aac0-ed-CRC-and-missing-metadata-chromium\test-failed-1.png
    ────────────────────────────────────────────────────────────────────────────────────────────────

    Error Context: evidence\s04\browser-development-03\artifacts\s02-AT-S02-04-browser-real-4aac0-ed-CRC-and-missing-metadata-chromium\error-context.md

    attachment #3: trace (application/zip) ─────────────────────────────────────────────────────────
    evidence\s04\browser-development-03\artifacts\s02-AT-S02-04-browser-real-4aac0-ed-CRC-and-missing-metadata-chromium\trace.zip
    Usage:

        npx playwright show-trace evidence\s04\browser-development-03\artifacts\s02-AT-S02-04-browser-real-4aac0-ed-CRC-and-missing-metadata-chromium\trace.zip

    ────────────────────────────────────────────────────────────────────────────────────────────────

  14) [chromium] › tests\browser\s02.spec.ts:261:1 › AT-S02-01 browser: cancel during delayed file read fences the late review 

    Error: locator.setInputFiles: Error: strict mode violation: locator('input[type=file]') resolved to 2 elements:
        1) <input type="file" accept=".json,.sgrape-function.json" aria-label="Import Personal package"/> aka getByLabel('Import Personal package')
        2) <input hidden="" type="file" accept=".json,.grape.json,.png,application/json,image/png"/> aka locator('input[type="file"]').nth(1)

    Call log:
      - waiting for locator('input[type=file]')


      269 |     };
      270 |   });
    > 271 |   await page
          |   ^
      272 |     .locator("input[type=file]")
      273 |     .setInputFiles({
      274 |       name: "delayed.json",
        at C:\Users\user\source\Grape\production\tests\browser\s02.spec.ts:271:3

    attachment #1: screenshot (image/png) ──────────────────────────────────────────────────────────
    evidence\s04\browser-development-03\artifacts\s02-AT-S02-01-browser-canc-445b4-read-fences-the-late-review-chromium\test-failed-1.png
    ────────────────────────────────────────────────────────────────────────────────────────────────

    Error Context: evidence\s04\browser-development-03\artifacts\s02-AT-S02-01-browser-canc-445b4-read-fences-the-late-review-chromium\error-context.md

    attachment #3: trace (application/zip) ─────────────────────────────────────────────────────────
    evidence\s04\browser-development-03\artifacts\s02-AT-S02-01-browser-canc-445b4-read-fences-the-late-review-chromium\trace.zip
    Usage:

        npx playwright show-trace evidence\s04\browser-development-03\artifacts\s02-AT-S02-01-browser-canc-445b4-read-fences-the-late-review-chromium\trace.zip

    ────────────────────────────────────────────────────────────────────────────────────────────────

  15) [chromium] › tests\browser\s02.spec.ts:287:1 › M1 browser: boundary missing-module rename rejects save, retains prior ACK, then saves and reopens without opaque loss 

    Error: locator.setInputFiles: Error: strict mode violation: locator('input[type=file]') resolved to 2 elements:
        1) <input type="file" accept=".json,.sgrape-function.json" aria-label="Import Personal package"/> aka getByLabel('Import Personal package')
        2) <input hidden="" type="file" accept=".json,.grape.json,.png,application/json,image/png"/> aka locator('input[type="file"]').nth(1)

    Call log:
      - waiting for locator('input[type=file]')


       5 | const fixture = () => structuredClone(flow().graph.capture().document);
       6 | async function choose(page: Page, doc: unknown, name = "source.grape.json") {
    >  7 |   await page
         |   ^
       8 |     .locator("input[type=file]")
       9 |     .setInputFiles({
      10 |       name,
        at choose (C:\Users\user\source\Grape\production\tests\browser\s02.spec.ts:7:3)
        at C:\Users\user\source\Grape\production\tests\browser\s02.spec.ts:305:3

    attachment #1: screenshot (image/png) ──────────────────────────────────────────────────────────
    evidence\s04\browser-development-03\artifacts\s02-M1-browser-boundary-mi-ebe0e-reopens-without-opaque-loss-chromium\test-failed-1.png
    ────────────────────────────────────────────────────────────────────────────────────────────────

    Error Context: evidence\s04\browser-development-03\artifacts\s02-M1-browser-boundary-mi-ebe0e-reopens-without-opaque-loss-chromium\error-context.md

    attachment #3: trace (application/zip) ─────────────────────────────────────────────────────────
    evidence\s04\browser-development-03\artifacts\s02-M1-browser-boundary-mi-ebe0e-reopens-without-opaque-loss-chromium\trace.zip
    Usage:

        npx playwright show-trace evidence\s04\browser-development-03\artifacts\s02-M1-browser-boundary-mi-ebe0e-reopens-without-opaque-loss-chromium\trace.zip

    ────────────────────────────────────────────────────────────────────────────────────────────────

  16) [chromium] › tests\browser\s03-repair.spec.ts:100:1 › S03 EG01 browser clipboard imports TOP declarations with one slot and shows atomic native path rejection 

    Error: expect(locator).toHaveCount(expected) failed

    Locator:  locator('.node')
    Expected: 3
    Received: 2
    Timeout:  5000ms

    Call log:
      - Expect "toHaveCount" with timeout 5000ms
      - waiting for locator('.node')
        14 × locator resolved to 2 elements
           - unexpected value "2"


      146 |   await text.fill(JSON.stringify(packets.top));
      147 |   await paste.click();
    > 148 |   await expect(page.locator(".node")).toHaveCount(3);
          |                                       ^
      149 |   await paste.click();
      150 |   await expect(page.locator(".node")).toHaveCount(4);
      151 |   const after = await exported(page);
        at C:\Users\user\source\Grape\production\tests\browser\s03-repair.spec.ts:148:39

    attachment #1: screenshot (image/png) ──────────────────────────────────────────────────────────
    evidence\s04\browser-development-03\artifacts\s03-repair-S03-EG01-browse-dc8b0-tomic-native-path-rejection-chromium\test-failed-1.png
    ────────────────────────────────────────────────────────────────────────────────────────────────

    Error Context: evidence\s04\browser-development-03\artifacts\s03-repair-S03-EG01-browse-dc8b0-tomic-native-path-rejection-chromium\error-context.md

    attachment #3: trace (application/zip) ─────────────────────────────────────────────────────────
    evidence\s04\browser-development-03\artifacts\s03-repair-S03-EG01-browse-dc8b0-tomic-native-path-rejection-chromium\trace.zip
    Usage:

        npx playwright show-trace evidence\s04\browser-development-03\artifacts\s03-repair-S03-EG01-browse-dc8b0-tomic-native-path-rejection-chromium\trace.zip

    ────────────────────────────────────────────────────────────────────────────────────────────────

  16 failed
    [chromium] › tests\browser\s01.spec.ts:54:1 › AT-S01-03 browser: dynamic shape errors are visible, Undo restores and Redo repeats 
    [chromium] › tests\browser\s01.spec.ts:83:1 › AT-S01-05 browser: IndexedDB ACK save/reopen and independent JSON download/file open 
    [chromium] › tests\browser\s01.spec.ts:113:1 › AT-S01-02 browser: occupied and incompatible connections preserve wires and revision 
    [chromium] › tests\browser\s01.spec.ts:287:1 › recovery browser: future structural document stays read-only and original can be exported 
    [chromium] › tests\browser\s01.spec.ts:336:1 › diagnostics locate the affected node through the active Context without adding History 
    [chromium] › tests\browser\s01.spec.ts:360:1 › invalid UTF-8 recovery retains original bytes; closing recovery and cancelling open preserve the graph 
    [chromium] › tests\browser\s01.spec.ts:454:1 › error-bearing dynamic document saves and reopens with loss evidence and generation still blocked 
    [chromium] › tests\browser\s02.spec.ts:25:1 › AT-S02-01 browser: review/cancel, repair proposal and explicit one-Undo atomic acceptance 
    [chromium] › tests\browser\s02.spec.ts:79:1 › AT-S02-01 browser: readonly and intervening edit fence publication 
    [chromium] › tests\browser\s02.spec.ts:100:1 › AT-S02-01 browser: duplicate IDs, unknown structure and future input never expose acceptance 
    [chromium] › tests\browser\s02.spec.ts:125:1 › AT-S02-02 browser: explicit missing-module load, move/rename, save/reopen preserve opaque state and block generation 
    [chromium] › tests\browser\s02.spec.ts:179:1 › AT-S02-03 boundary browser: unmapped legacy remains explicit with provenance and original export 
    [chromium] › tests\browser\s02.spec.ts:202:1 › AT-S02-04 browser: real Canvas PNG preview/export/reimport, malformed CRC and missing metadata 
    [chromium] › tests\browser\s02.spec.ts:261:1 › AT-S02-01 browser: cancel during delayed file read fences the late review 
    [chromium] › tests\browser\s02.spec.ts:287:1 › M1 browser: boundary missing-module rename rejects save, retains prior ACK, then saves and reopens without opaque loss 
    [chromium] › tests\browser\s03-repair.spec.ts:100:1 › S03 EG01 browser clipboard imports TOP declarations with one slot and shows atomic native path rejection 
  37 passed (1.6m)
