✔ production ownership manifest covers every source and rejects mutation/platform/extension violations (1034.7439ms)
✔ S02 conformance: replacement uses one public Graph batch, isolates observers and retains two Context identities (11.7027ms)
✔ S02 conformance: direct replacement rejects model Error without modifying document/history (2.4085ms)
✔ M2: direct replacement atomically rejects malformed position component before publication (1.7412ms)
✔ M2: direct replacement atomically rejects malformed position length before publication (1.5347ms)
✔ M2: direct replacement atomically rejects duplicate recovery IDs before publication (1.8275ms)
✔ M2: direct replacement atomically rejects unknown envelope field before publication (1.5517ms)
✔ M2: direct replacement atomically rejects unknown node field before publication (1.5602ms)
✔ M2: direct replacement atomically rejects unknown endpoint field before publication (1.4874ms)
✔ M2: catching invalid replacement cannot publish earlier edits in the same batch (1.4946ms)
✔ M2: valid detached replacement publishes once and retains exact Undo/Redo content (2.9667ms)
✔ L10N exact owner, parent/default/inline fallback and plain interpolation leave model/history/generation unchanged (1.4399ms)
✔ L10N atomic duplicate/malformed rejection, revision CAS and immutable detached catalogs (0.4744ms)
✔ L10N observer errors/reentry are isolated, cleanup cancels later delivery, disposed service rejects (0.1655ms)
✔ PC authority: declaration is not grant; render/async/outside event denied, same mounted event succeeds (3.5424ms)
✔ PC gesture: origin guard, one operation, cross-Panel lease rejection and latest lease required (3.5549ms)
✔ PC move/hide cancel pointer gesture and drain new leases before workspace action returns (8.7739ms)
✔ PC render failure cancels only unfinished operation after publication, with no reentrant mutation (2.3503ms)
✔ PC same ID reuse and old scope registrations remain revoked (1.333ms)
✔ VM resources: cleanup in reverse order, failure isolation, stale async tickets, no render reentrancy (0.2223ms)
✔ two independently registered Panels and two Widget view shapes share lifecycle without feature dispatch (0.7657ms)
✔ VM mount/capture/update reentrancy revokes scope and preserves placeholder; explicit retry recovers (0.2871ms)
✔ VM subscription failure releases acquired subscriptions and cannot pretend to mount (0.1067ms)
✔ PC application denies every editing command while readonly or history busy; field binding invalidates (3.7467ms)
✔ AT-S01-01: Float × Multiply → Compose emits pinned host-free GLSL without mutation (2.5362ms)
✔ AT-S01-02: direction, cross-network, occupied input, cycle and type failures are atomic (1.8396ms)
✔ AT-S01-03: mode change captures complete prior ports, edge plans and loss; undo/redo and reload (4.9127ms)
✔ AT-S01-04: multi-batch operation, cancel/no-op redo, expired draft and async draft (3.9496ms)
✔ AT-S01-08: projection before observers, reentrant writes reject and throwing observer does not roll back (1.698ms)
✔ AT-S01-06: contexts share model and clean selection before external observation (2.447ms)
✔ scoped field token rejects value ABA, busy, connected and dead targets; unrelated movement preserves token (3.6606ms)
✔ all model errors including unused nodes block generation; fixed definitions and boundaries remain protected (1.7418ms)
✔ generation rejects missing/extra declared boundary output even when a module emits an incomplete map (1.8343ms)
✔ shared type environment rejects unknown identity and permits explicitly registered nominal types without changing core dispatch (0.4829ms)
✔ AT-S01-02: endpoints in two real Stage networks cannot be cross-connected (1.9364ms)
✔ unknown Stage slots block generation; duplicate slot identities reject before hydration (3.5211ms)
✔ M1 reviewer counterexample: float 1e21 generates a valid GLSL floating constant (1.7859ms)
✔ M1 reviewer counterexample: multiply 1e21 generates a valid GLSL floating constant (1.7287ms)
✔ M1 literal grammar and value roundtrip cover integers, decimals, signs and exponent-form values (0.2213ms)
✔ M1 all finite float32 exponent bins and representative mantissas have legal value-preserving literals (1.7203ms)
✔ M1 admitted boundary/representative values remain editable and compile through both production literal paths (25.4802ms)
✔ AT-S01-05: document identity, complete content, new lifetime/empty history and semantic regeneration (2.1993ms)
✔ AT-S01-07: ACK of A never marks B saved, rejection and SAVE_BUSY retain baseline; download is separate (3.6412ms)
✔ old saved handle cannot attach to same persistent IDs after reload (2.1817ms)
✔ wire unknown structure, unsupported version/operation/tag, malformed known data precedence and original retention (1.9302ms)
✔ writer refuses executable/hidden values, sparse arrays, nonfinite numbers and altered prototypes without invoking getters (1.5852ms)
✔ missing exact module preserves opaque state and last port policy; loss payload is never activated (3.076ms)
✔ forged stored conversion remains saveable but cannot generate (1.9588ms)
✔ prototype-named unknown structural keys and non-JSON whitespace are not silently accepted (2.0006ms)
✔ unrelated edits preserve forged connection evidence rather than silently repairing it (2.2125ms)
✔ pending storage open cannot replace a newer edit or document lifetime (1.8904ms)
✔ unrelated edits retain explicit invalid-edge evidence even when its stored plan is structurally valid (2.1391ms)
✔ AT-S02-04 PNG: CRC oracle, roundtrip, repeated wrapping and unowned chunks preserve bytes (7.7521ms)
✔ AT-S02-04 PNG: malformed CRC, missing metadata, duplicate metadata, compression and malformed envelope are named rejections (3.6623ms)
✔ AT-S02-04 PNG: structural boundaries, file/chunk/metadata limits and invalid UTF-8 never decode pixels or compressed text (93.1562ms)
✔ AT-S02-04 PNG: ASCII/CJK/non-BMP budgets match text intake and preserve canonical graph (135.1685ms)
✔ AT-S02-01: detached inspection/cancel/raw retention and one atomic replacement with Context continuity and Undo/Redo (6.1602ms)
✔ AT-S02-01: base revision, content, lifetime, readonly, busy and fabricated review fences (17.1681ms)
✔ AT-S02-01: invalid/future/duplicate IDs/unknown structure have explicit outcomes and never publish (6.4639ms)
✔ AT-S02-01: only explicit layout repair yields a candidate; unknown endpoints/references are never guessed (12.5672ms)
✔ AT-S02-01: mismatched exact pins cannot replace the destination; failed replacement is atomic (2.425ms)
✔ AT-S02-02: missing exact module survives move/rename/save/reopen; exact restoration invokes codec and never substitutes latest (7.6129ms)
✔ AT-S02-03 boundary: foreign/legacy input is retained with explicit unresolved Gate, never implicit conversion or archive execution (0.6182ms)
✔ AT-S02-04: ASCII/CJK/non-BMP UTF-8 exact byte budget produces deterministic results without truncation (26.2432ms)
✔ AT-S02-04: network budgets, duplicate JSON keys, unknown nested structure and opaque fields are independently checked (12.3921ms)
✔ S03 Group17 retains a draft, compilation rejects per-direction limit, Undo restores original (52.4596ms)
✔ S03 64-definition destination rejects independence and imported 65th atomically (1094.3312ms)
✔ S03 nested nodes overflow rejects before paste publication (21.5128ms)
✔ S03 nested edges overflow rejects before paste publication (25.6328ms)
✔ S03 symbolic extents require int/uint sources, only outer dimension and pure compilation (5.7856ms)
✔ S03 New may retain a 257-node draft; generation and save reject it without losing the draft (117.2841ms)
✔ S03 partial frames stay outside clipboard; pasted relative positions retain a common offset (5.098ms)
✔ S03 persisted nested source is preserved while new nested source admission remains rejected (5.028ms)
✔ S03 scalar/vector/matrix sources transfer; composite source reuses only within its source lifetime (23.3717ms)
✔ S03 FR01 admitted nested Structure arrays fail ES300 profile without artifacts; one dimension succeeds (7.0956ms)
✔ S03 FR02 independence remaps mixed parent and shared child owner references with Undo/Redo (43.1326ms)
✔ S03 FR02 independence remaps mixed parent and cloned child owner references with Undo/Redo (49.469ms)
✔ S03 FR02 incomplete shared-child node address rejects independence atomically (10.7997ms)
✔ S03 FR03 editing inner Structure validates dependent depth16 and preserves Redo on depth17 rejection (20.1805ms)
✔ S03 FR03 affected dependent expansion and vector component budgets reject atomically (4.6154ms)
✔ S03 EG01 native array constructor2048, clipboard2048 boundary and same-load reuse (6.8483ms)
✔ S03 EG01 native array constructor2049, clipboard2048 boundary and same-load reuse (8.0661ms)
✔ S03 EG01 native array constructor4096, clipboard2048 boundary and same-load reuse (8.5236ms)
✔ S03 EG01 native array constructor4097 rejects atomically (3.1317ms)
✔ S03 EG01 sampler clipboard path2048 admission (4.9094ms)
✔ S03 EG01 sampler clipboard path2049 admission (5.6632ms)
✔ S03 EG01 native arrays admit float/vec2/vec3/vec4 and remap symbolic length closure (25.6356ms)
✔ S03 EG01 native arrays reject matrix/nested/expressions and invalid length owner types (11.4259ms)
✔ S03 EG01 TOP declarations clone while source+origin slots reuse, defaults persist, and Undo/Redo/save preserve identity (18.3025ms)
✔ S03 EG01 specialization import allocates minimal vacant ID0,2 ->1 (6.9686ms)
✔ S03 EG01 unsupported target, unavailable owner and throwing owner reject without publication (7.0257ms)
✔ S03 EG01 numeric uniform scalar/vector/matrix transfer remains independent and generation is explicit unavailable (18.1511ms)
✔ S03 FR03 registered resource types cannot become Structure fields (2.6704ms)
✔ S03 EG01 exact provider/target ownership and imported descriptor failures stay atomic (4.5909ms)
✔ S03 EG01 round2 implicit constant array@["glsl.float",2] preserves same-load reuse and rejects real cross-Graph and fresh-load publication (12.1959ms)
✔ S03 EG01 round2 constant array@["glsl.float",2] preserves same-load reuse and rejects real cross-Graph and fresh-load publication (12.7181ms)
✔ S03 EG01 round2 uniform array@["glsl.float",2] preserves same-load reuse and rejects real cross-Graph and fresh-load publication (11.5096ms)
✔ S03 EG01 round2 implicit constant array@["glsl.vec2",2] preserves same-load reuse and rejects real cross-Graph and fresh-load publication (10.475ms)
✔ S03 EG01 round2 constant array@["glsl.vec2",2] preserves same-load reuse and rejects real cross-Graph and fresh-load publication (10.8005ms)
✔ S03 EG01 round2 uniform array@["glsl.vec2",2] preserves same-load reuse and rejects real cross-Graph and fresh-load publication (9.8459ms)
✔ S03 EG01 round2 scalar/vector/matrix constants and uniforms still cross actual Graph and fresh load (58.9757ms)
✔ S03 custom declared/state closure same-Graph remaps identities only and Undo/Redo (9.7854ms)
✔ S03 custom declared/state closure cross-Graph remaps identities only and Undo/Redo (7.9354ms)
✔ S03 grouping an existing caller preserves child-owned frame node addresses (13.7077ms)
✔ S03 owner collect/remap throws and escaping/incomplete references reject atomically with Redo preserved (10.9943ms)
✔ S03 custom resources follow encapsulation and direct independence, ordinary dependencies remain shared (21.9137ms)
✔ S03 encapsulation deduplicates crossing interfaces, shared generation is pure, Undo restores all references (9.2458ms)
✔ S03 interface rename/reorder/type/removal reconciles every caller once and Undo restores values/invalid edges/loss (11.2389ms)
✔ S03 nested resource callers including unused ancestors reconcile child interface (13.0365ms)
✔ S03 library position keeps identity, semantic edit forks target and library ancestors and local refs atomically (21.5157ms)
✔ S03 direct make independent clones direct definition, shares dependencies and remaps own boundary (16.7655ms)
✔ S03 same-load clipboard reuses current source; cross-graph remaps resources and preserves text (7.3783ms)
✔ S03 clipboard typed native symbolic array closure remaps only semantic references (4.8478ms)
✔ S03 late bad edge, escaping refs, forbidden source and missing closure reject without nodes/resources/history/notifications (5.9042ms)
✔ S03 source selection stays outside encapsulation; boundary-only grouping is no-op and preserves redo (5.4022ms)
✔ S03 structure drafts retain stable fields, reject recursion and block deletion while referenced (2.5726ms)
✔ S03 contexts distinguish occurrences; nested scoped targets never revive after navigation and Undo (12.712ms)
✔ S03 library snapshot position edit retains origin, first semantic edit forks and old source remains immutable (7.9248ms)
✔ S03 nested delete and required boundary protection use the canonical Graph (5.7843ms)
✔ S03 library ancestor traversal crosses local parents (37.7199ms)
✔ S03 spare-port creation and first edge are one Undo entry with stable keys (9.3388ms)
✔ S03 whole frames travel through grouping and cross-Graph clipboard with fresh identities (11.271ms)
✔ S03 vector/matrix reshape retains override components and defaults follow interface defaults (7.7598ms)
✔ S03 malformed resource envelopes, missing boundaries and nominal conflicts reject atomically (7.7809ms)
✔ S03 source admission cannot be bypassed by nested add, grouping or pasted nodes (4.8477ms)
✔ S03 layout proposal rejects navigation ABA, semantic fork and Undo (8.4906ms)
✔ S03 clipboard rejects forged hydrated plans and invalid edge evidence (3.895ms)
✔ S03 empty library paste preserves origin, selection-independent History and Redo (9.8528ms)
✔ S03 packet-wide network identity collisions and malformed reused resource envelopes reject (6.3163ms)
✔ S03 source transfer uses actual load identity and reopened documents cannot forge same-load reuse (4.1226ms)
✔ S03 structure emission is read-only, nominally declared once, field deletion preserves invalid edges and Undo (6.9432ms)
✔ S03 accepted paste requires a valid destination and direct whole frames survive clipboard (5.97ms)
✔ S03 scoped parameters and proposals from identical persistent IDs expire across a new load (10.9939ms)
✔ S03 library grouping resolves the forked canonical network (9.9038ms)
✔ S03 local child semantic edit forks its library ancestor (23.4637ms)
✔ S03 explicit override equal to default survives interface defaults and save/reload (13.7093ms)
✔ S03 direct independence preserves nonowned state, declared references and typed frame resources (13.892ms)
✔ S03 encapsulation rejects cross-scope node references despite matching local IDs (1.9544ms)
✔ S03 New creates Value vec4 passthrough; shared rename retains instance names and no-op keeps library identity (14.4809ms)
✔ S03 explicit interface Add stops at16 per direction without erasing preserved oversized draft (13.2201ms)
✔ S03 structure authoring validates count, names, description, nested fixed arrays, recursion/depth and expansion (429.9259ms)
✔ S03 large external array declarations survive metadata edits; materialization remains bounded (3.3516ms)
✔ S03 type tokens retain eight dimensions and reject extra tuple fields (1.7105ms)
✔ S03 disconnected output boundary follows shared output defaults (7.6419ms)
✔ S03 inline array construction and same-load reuse allow2049 elements; cross-Graph clipboard rejects composites (19.4331ms)
✔ S03 nested input link ABA invalidates old edit tokens without changing History on rejection (20.1955ms)
✔ S03 shared same-key type changes reject stale caller tokens and removed handles never revive (11.5834ms)
✔ S03 cross-Graph nominal closure remaps nested structures and Undo removes the full insertion (6.5576ms)
✔ S03 reusable definition cycles reject atomically including unused dependencies (15.0523ms)
✔ S04 Personal complete owner payload and typed references survive reuse fork and absent Library source (61.7653ms)
✔ S04 DEC004 same-name destination sources retain distinct identity and changed imported bindings regenerate (505.9159ms)
✔ S04 Personal malformed envelope checksum and unsupported owner reject before provider writes; list deduplicates renamed files (38.7337ms)
✔ S04 DEC002 one-source fanout does not mutate source or existing conversions and pad failures agree (21.3553ms)
✔ S04 Personal root owner remap and input-bound Independent retain complete typed scope (84.9327ms)
(node:46884) ExperimentalWarning: Transform Types is an experimental feature and might change at any time
(Use `node --trace-warnings ...` to show where the warning was created)
✔ S04 stored inherited v2 and pad plans retain complete extensions through Personal shared import and reopen (28.3927ms)
✔ S04 shipped basic Library snapshot compiles after semantic fork and Personal roundtrip (11.6465ms)
✔ S04 Personal canonical package preserves snapshots, same-version reuse, independent and collision-safe filenames (30.7086ms)
✔ S04 DEC002 all16 default float plans, version fences and current ImageOutput compile (1.3576ms)
✔ S04 AC001 additive envelope upgrade retains exact pins and inactive evidence, fences v2 under2.0 (1.9113ms)
✔ S04 DEC004 literal Personal typed closure survives canonical export import save reopen generation (34.4872ms)
✔ S04 DEC004 source Personal typed closure survives canonical export import save reopen generation (100.9003ms)
✔ S04 DEC004 direct-source Personal typed closure survives canonical export import save reopen generation (46.7906ms)
✔ S04 DEC004 input Personal typed closure survives canonical export import save reopen generation (95.0174ms)
✔ S04 DEC004 input-bound length uses caller override and rejects conflicting caller sources (30.4801ms)
✔ S04 DEC004 nested shared input bindings remap through Personal and remain independent after semantic fork and reinsert (429.2894ms)
✔ S04 AC001 inactive owner network resources and unknown wrapper versions preserve the version fence (5.184ms)
✔ S04 DEC004 rejected literal/source/input/nested candidates are atomic through Application with valid checksums (233.6613ms)
✔ S04 Personal Library per-file isolation, safe names, duplicate-at-capacity and provider failures leave existing assets unchanged (39.5986ms)
✔ S04 AC001 unchanged accepted reader and exact old/new definition boundaries (3.3527ms)
✔ S04 inherited v2 plans preserve extensions across hydration move clipboard nested and Personal (16.5415ms)
✔ S04 current exact source owner supports new image descriptors without retargeting legacy owner (0.8061ms)
✔ S04 DEC004 required int length input qualifies with an actual constant supply and changed caller defaults regenerate (105.1939ms)
✔ S05 drag repair root reads one fresh snapshot and retains immutable earlier projections (2.7463ms)
✔ S05 drag repair nested reads one fresh snapshot and retains immutable earlier projections (11.4135ms)
✔ S05 drag repair preserves readonly and busy notification values while movement keeps field token (4.5255ms)
✔ S05 replacement eligibility keeps source validity separate and exact mismatch refusal atomic (14.5703ms)
✔ S05 matching replacement preserves Graph load and Context identity with one full-content Undo Redo (12.0862ms)
✔ S05 replacement eligibility and command retain stale cancelled invalid readonly and fabricated guards (32.1525ms)
✔ S05 model preflight and publication share exact kind and ordered-pin refusal without History (3.6393ms)
✔ S05-FR-001 complete program preserves distinct and reversed shared Uniform identity in all emission modes (598.9953ms)
✔ S05-FR-001 same-stage same resource type conflict fails without artifacts or Graph changes (15.6012ms)
✔ S05-FR-001 same-stage same resource default conflict fails without artifacts or Graph changes (14.989ms)
✔ S05-FR-001 cross-stage same resource type conflict fails without artifacts or Graph changes (14.3444ms)
✔ S05-FR-001 cross-stage same resource default conflict fails without artifacts or Graph changes (13.8976ms)
✔ S05 fixed float: literals inside Function stay constant while formal and result are runtime (35.8479ms)
✔ S05 fixed float: defaults fixed schema every stage and mode with pure generation and roundtrip (244.6281ms)
✔ S05 fixed float: bad payloads unused errors atomic commands fixed source and constant distinction (3.4113ms)
✔ S05 fixed float: scoped two-context edits one Undo and stale token preserve History (6.8115ms)
✔ S05 fixed float: shared Function and Personal owner closure retain exact values (20.2312ms)
✔ S05 fixed vec2: literals inside Function stay constant while formal and result are runtime (34.8753ms)
✔ S05 fixed vec2: defaults fixed schema every stage and mode with pure generation and roundtrip (299.8294ms)
✔ S05 fixed vec2: bad payloads unused errors atomic commands fixed source and constant distinction (4.7049ms)
✔ S05 fixed vec2: scoped two-context edits one Undo and stale token preserve History (7.6119ms)
✔ S05 fixed vec2: shared Function and Personal owner closure retain exact values (22.0839ms)
✔ S05 fixed vec3: literals inside Function stay constant while formal and result are runtime (36.8105ms)
✔ S05 fixed vec3: defaults fixed schema every stage and mode with pure generation and roundtrip (300.0598ms)
✔ S05 fixed vec3: bad payloads unused errors atomic commands fixed source and constant distinction (4.8604ms)
✔ S05 fixed vec3: scoped two-context edits one Undo and stale token preserve History (6.5609ms)
✔ S05 fixed vec3: shared Function and Personal owner closure retain exact values (21.4761ms)
✔ S05 fixed color: literals inside Function stay constant while formal and result are runtime (36.4682ms)
✔ S05 fixed color: defaults fixed schema every stage and mode with pure generation and roundtrip (252.646ms)
✔ S05 fixed color: bad payloads unused errors atomic commands fixed source and constant distinction (4.8488ms)
✔ S05 fixed color: scoped two-context edits one Undo and stale token preserve History (8.0018ms)
✔ S05 fixed color: shared Function and Personal owner closure retain exact values (26.7635ms)
✔ S05 AT03 source/literal shape extents stay fixed; input-bound scalar extent cannot specialize a function (111.0416ms)
✔ S05 AT04 pre-existing malformed constant edge and authored losses are preserved (18.3764ms)
✔ S05 AT04 AT05 unused shared dependent definitions localize and detach atomically with Redo exact (62.0635ms)
✔ S05 AT08 multioutput and unconsumed nested effects have one evaluation per occurrence and stage-local helpers (39.8214ms)
✔ S05 AT08 two live depth writer occurrences reject even when one helper body is deduplicated (18.3214ms)
✔ S05 AT01 definition default shared mode independent and no-op History (28.8958ms)
✔ S05 AT02 one helper per definition and distinct caller arguments; nested helpers are dependency ordered (31.3869ms)
✔ S05 AT03 ordinary inputs are runtime even when all callers pass constants; dead constant uses reject atomically (25.9238ms)
✔ S05 AT03 Uniform parameter binding is runtime; ordinary connection rejects constant receiver without publication (17.7288ms)
✔ S05 AT04 AT05 transitive newly-invalid consumer edges detach once with losses, Undo/Redo and required error (27.7903ms)
✔ S05 AT06 function Personal roundtrip reuses mode, localizes once and preserves source bytes (66.6671ms)
✔ S05 AT06 DEC004 upgraded literal source input and nested Personal retain selected eligible modes through exchange (539.4452ms)
✔ S05 AT07 explicit owner upgrade preserves old pins/body/origin and unknown mode never defaults (10.6545ms)
✔ S05 AT09 later invalid edit and load retain function mode; diagnostic names shared definition and related calls (23.1151ms)
✔ S05 AT10 body/mode/profile changes create fresh artifacts and old snapshot is immutable (59.8976ms)
✔ S05 HTTP provider SHA256 canonical bytes known vectors and secure UUIDv4 fail-closed (38.4208ms)
✔ S06 catalog is a detached read over exact document pins and current occurrence stage (3.7534ms)
✔ S06 source/name/category literal rank uses NFKC, aliases and all terms without regular expressions (2.5167ms)
✔ S06 stale creation proposals reject revision, navigation ABA, load and readonly without model or History writes (10.4207ms)
✔ S06 connected creation replaces an occupied exact input atomically and Undo restores it (20.6685ms)
✔ S06 query disposable IDs do not collide with admitted persistent IDs and consume no canonical identity (4.2256ms)
✔ S06 forged reference and mismatched matching-port proposals reject before any model publication (46.853ms)
✔ S06 reference catalog excludes nested source admission without publishing query changes (19.8674ms)
✔ S06 configured Compose preview and published schema/edge agree in one transaction and one Undo/Redo (65.7097ms)
✔ S06 configured creation rejects invalid missing and non-choice parameters atomically preserving Redo and expired Draft (2.8356ms)
✔ S06 configured creation preserves library fork/reference atomicity and rolls back a rejected choice (6.8761ms)
✔ S06 configured creation keeps initializer descriptor, owner codec and reference validation before publication (3.9068ms)
✔ S06 configured creation followed by failed connection rolls back the full batch (0.9541ms)
✔ M1: missing-module boundary x rename rejects save before ACK without data loss (18.6069ms)
✔ M1: missing-module boundary 中 rename rejects save before ACK without data loss (14.2601ms)
✔ M1: missing-module boundary 🍇 rename rejects save before ACK without data loss (17.8791ms)
✔ M1: compact fallback validates actual emitted bytes at and beyond the budget (5.5239ms)
✔ M1: nodes at/beyond network limit obey save/reopen invariant (18.997ms)
✔ M1: edges at/beyond network limit obey save/reopen invariant (37.9821ms)
✔ M1: editing beyond network capacity cannot acknowledge a save or erase the previous saved document (90.5557ms)
ℹ tests 239
ℹ suites 0
ℹ pass 239
ℹ fail 0
ℹ cancelled 0
ℹ skipped 0
ℹ todo 0
ℹ duration_ms 10020.6304
