{
  "preservation": {
    "isolated": {
      "source-config-manifest": {
        "count": 131,
        "errors": []
      },
      "evidence-manifest": {
        "count": 360,
        "errors": []
      },
      "protected-identities": {
        "count": 4097,
        "errors": []
      }
    },
    "originalReadOnly": {
      "source-config-manifest": {
        "count": 131,
        "errors": []
      },
      "evidence-manifest": {
        "count": 360,
        "errors": []
      },
      "protected-identities": {
        "count": 4097,
        "errors": []
      }
    },
    "rawReview5Destinations": {
      "count": 199,
      "errors": []
    },
    "rawReview5OriginalAuthorFiles": {
      "count": 199,
      "errors": []
    },
    "originalDiagnosis": {
      "count": 237,
      "errors": []
    },
    "oldReviewSupport": {
      "count": 196,
      "errors": []
    }
  },
  "performanceProblems": [],
  "sourceProblems": [],
  "fixtureChecks": {
    "count": 4,
    "errors": []
  },
  "comparisons": [
    {
      "case": "before/4/Multiply/mounted/off",
      "before": 37.895534642905915,
      "after": 59.06093119453494,
      "captures": {
        "before": null,
        "after": null
      }
    },
    {
      "case": "before/4/Multiply/mounted/timed",
      "before": 32.6815186011249,
      "after": 59.072560795337154,
      "captures": {
        "before": {
          "n": 3,
          "min": 19544,
          "p50": 19544,
          "p95": 19544,
          "max": 19544,
          "mean": 19544
        },
        "after": {
          "n": 3,
          "min": 2540,
          "p50": 2540,
          "p95": 2540,
          "max": 2540,
          "mean": 2540
        }
      }
    },
    {
      "case": "before/14/Multiply/mounted/off",
      "before": 28.503562945368174,
      "after": 57.13741548375312,
      "captures": {
        "before": null,
        "after": null
      }
    },
    {
      "case": "before/14/Multiply/mounted/timed",
      "before": 27.7213084456823,
      "after": 55.627665492612245,
      "captures": {
        "before": {
          "n": 3,
          "min": 19544,
          "p50": 19544,
          "p95": 19544,
          "max": 19544,
          "mean": 19544
        },
        "after": {
          "n": 3,
          "min": 2540,
          "p50": 2540,
          "p95": 2540,
          "max": 2540,
          "mean": 2540
        }
      }
    }
  ]
}
