✔ production ownership manifest covers every source and rejects mutation/platform/extension violations (1128.2918ms)
✔ S02 conformance: replacement uses one public Graph batch, isolates observers and retains two Context identities (13.2866ms)
✔ S02 conformance: direct replacement rejects model Error without modifying document/history (3.0117ms)
✔ M2: direct replacement atomically rejects malformed position component before publication (2.4333ms)
✔ M2: direct replacement atomically rejects malformed position length before publication (2.2784ms)
✔ M2: direct replacement atomically rejects duplicate recovery IDs before publication (2.179ms)
✔ M2: direct replacement atomically rejects unknown envelope field before publication (1.6383ms)
✔ M2: direct replacement atomically rejects unknown node field before publication (1.7056ms)
✔ M2: direct replacement atomically rejects unknown endpoint field before publication (2.4927ms)
✔ M2: catching invalid replacement cannot publish earlier edits in the same batch (1.7592ms)
✔ M2: valid detached replacement publishes once and retains exact Undo/Redo content (3.1816ms)
✔ L10N exact owner, parent/default/inline fallback and plain interpolation leave model/history/generation unchanged (2.0355ms)
✔ L10N atomic duplicate/malformed rejection, revision CAS and immutable detached catalogs (0.5083ms)
✔ L10N observer errors/reentry are isolated, cleanup cancels later delivery, disposed service rejects (0.1924ms)
✔ PC authority: declaration is not grant; render/async/outside event denied, same mounted event succeeds (5.1586ms)
✔ PC gesture: origin guard, one operation, cross-Panel lease rejection and latest lease required (7.2444ms)
✔ PC move/hide cancel pointer gesture and drain new leases before workspace action returns (20.9509ms)
✔ PC render failure cancels only unfinished operation after publication, with no reentrant mutation (5.5285ms)
✔ PC same ID reuse and old scope registrations remain revoked (3.2025ms)
✔ VM resources: cleanup in reverse order, failure isolation, stale async tickets, no render reentrancy (0.2384ms)
✔ two independently registered Panels and two Widget view shapes share lifecycle without feature dispatch (0.8158ms)
✔ VM mount/capture/update reentrancy revokes scope and preserves placeholder; explicit retry recovers (0.3185ms)
✔ VM subscription failure releases acquired subscriptions and cannot pretend to mount (0.1632ms)
✔ PC application denies every editing command while readonly or history busy; field binding invalidates (11.4983ms)
✔ AT-S01-01: Float × Multiply → Compose emits pinned host-free GLSL without mutation (2.5948ms)
✔ AT-S01-02: direction, cross-network, occupied input, cycle and type failures are atomic (2.0181ms)
✔ AT-S01-03: mode change captures complete prior ports, edge plans and loss; undo/redo and reload (5.0765ms)
✔ AT-S01-04: multi-batch operation, cancel/no-op redo, expired draft and async draft (5.744ms)
✔ AT-S01-08: projection before observers, reentrant writes reject and throwing observer does not roll back (2.3782ms)
✔ AT-S01-06: contexts share model and clean selection before external observation (6.9444ms)
✔ scoped field token rejects value ABA, busy, connected and dead targets; unrelated movement preserves token (15.8193ms)
✔ all model errors including unused nodes block generation; fixed definitions and boundaries remain protected (2.5363ms)
✔ generation rejects missing/extra declared boundary output even when a module emits an incomplete map (2.5556ms)
✔ shared type environment rejects unknown identity and permits explicitly registered nominal types without changing core dispatch (0.4864ms)
✔ AT-S01-02: endpoints in two real Stage networks cannot be cross-connected (2.2573ms)
✔ unknown Stage slots block generation; duplicate slot identities reject before hydration (5.2051ms)
✔ M1 reviewer counterexample: float 1e21 generates a valid GLSL floating constant (2.6726ms)
✔ M1 reviewer counterexample: multiply 1e21 generates a valid GLSL floating constant (2.827ms)
✔ M1 literal grammar and value roundtrip cover integers, decimals, signs and exponent-form values (0.3649ms)
✔ M1 all finite float32 exponent bins and representative mantissas have legal value-preserving literals (3.1321ms)
✔ M1 admitted boundary/representative values remain editable and compile through both production literal paths (35.294ms)
✔ AT-S01-05: document identity, complete content, new lifetime/empty history and semantic regeneration (3.0729ms)
✔ AT-S01-07: ACK of A never marks B saved, rejection and SAVE_BUSY retain baseline; download is separate (10.6773ms)
✔ old saved handle cannot attach to same persistent IDs after reload (5.9473ms)
✔ wire unknown structure, unsupported version/operation/tag, malformed known data precedence and original retention (3.1429ms)
✔ writer refuses executable/hidden values, sparse arrays, nonfinite numbers and altered prototypes without invoking getters (2.4415ms)
✔ missing exact module preserves opaque state and last port policy; loss payload is never activated (4.2691ms)
✔ forged stored conversion remains saveable but cannot generate (2.8199ms)
✔ prototype-named unknown structural keys and non-JSON whitespace are not silently accepted (2.0469ms)
✔ unrelated edits preserve forged connection evidence rather than silently repairing it (3.1193ms)
✔ pending storage open cannot replace a newer edit or document lifetime (3.4389ms)
✔ unrelated edits retain explicit invalid-edge evidence even when its stored plan is structurally valid (2.6434ms)
✔ AT-S02-04 PNG: CRC oracle, roundtrip, repeated wrapping and unowned chunks preserve bytes (11.2925ms)
✔ AT-S02-04 PNG: malformed CRC, missing metadata, duplicate metadata, compression and malformed envelope are named rejections (5.3863ms)
✔ AT-S02-04 PNG: structural boundaries, file/chunk/metadata limits and invalid UTF-8 never decode pixels or compressed text (96.5711ms)
✔ AT-S02-04 PNG: ASCII/CJK/non-BMP budgets match text intake and preserve canonical graph (140.5675ms)
✔ AT-S02-01: detached inspection/cancel/raw retention and one atomic replacement with Context continuity and Undo/Redo (11.2148ms)
✔ AT-S02-01: base revision, content, lifetime, readonly, busy and fabricated review fences (25.7089ms)
✔ AT-S02-01: invalid/future/duplicate IDs/unknown structure have explicit outcomes and never publish (11.7322ms)
✔ AT-S02-01: only explicit layout repair yields a candidate; unknown endpoints/references are never guessed (13.738ms)
✔ AT-S02-01: mismatched exact pins cannot replace the destination; failed replacement is atomic (3.6187ms)
✔ AT-S02-02: missing exact module survives move/rename/save/reopen; exact restoration invokes codec and never substitutes latest (8.6976ms)
✔ AT-S02-03 boundary: foreign/legacy input is retained with explicit unresolved Gate, never implicit conversion or archive execution (0.898ms)
✔ AT-S02-04: ASCII/CJK/non-BMP UTF-8 exact byte budget produces deterministic results without truncation (27.772ms)
✔ AT-S02-04: network budgets, duplicate JSON keys, unknown nested structure and opaque fields are independently checked (14.3658ms)
✔ S03 Group17 retains a draft, compilation rejects per-direction limit, Undo restores original (57.0227ms)
✔ S03 64-definition destination rejects independence and imported 65th atomically (1071.4833ms)
✔ S03 nested nodes overflow rejects before paste publication (15.2379ms)
✔ S03 nested edges overflow rejects before paste publication (18.2873ms)
✔ S03 symbolic extents require int/uint sources, only outer dimension and pure compilation (4.9137ms)
✔ S03 New may retain a 257-node draft; generation and save reject it without losing the draft (93.6515ms)
✔ S03 partial frames stay outside clipboard; pasted relative positions retain a common offset (4.1187ms)
✔ S03 persisted nested source is preserved while new nested source admission remains rejected (5.154ms)
✔ S03 scalar/vector/matrix sources transfer; composite source reuses only within its source lifetime (20.4015ms)
✔ S03 FR01 admitted nested Structure arrays fail ES300 profile without artifacts; one dimension succeeds (5.8168ms)
✔ S03 FR02 independence remaps mixed parent and shared child owner references with Undo/Redo (38.5382ms)
✔ S03 FR02 independence remaps mixed parent and cloned child owner references with Undo/Redo (42.6243ms)
✔ S03 FR02 incomplete shared-child node address rejects independence atomically (8.5654ms)
✔ S03 FR03 editing inner Structure validates dependent depth16 and preserves Redo on depth17 rejection (15.3037ms)
✔ S03 FR03 affected dependent expansion and vector component budgets reject atomically (3.0696ms)
✔ S03 EG01 native array constructor2048, clipboard2048 boundary and same-load reuse (4.7105ms)
✔ S03 EG01 native array constructor2049, clipboard2048 boundary and same-load reuse (5.4347ms)
✔ S03 EG01 native array constructor4096, clipboard2048 boundary and same-load reuse (5.9561ms)
✔ S03 EG01 native array constructor4097 rejects atomically (1.8395ms)
✔ S03 EG01 sampler clipboard path2048 admission (3.1054ms)
✔ S03 EG01 sampler clipboard path2049 admission (3.0979ms)
✔ S03 EG01 native arrays admit float/vec2/vec3/vec4 and remap symbolic length closure (18.5526ms)
✔ S03 EG01 native arrays reject matrix/nested/expressions and invalid length owner types (7.6594ms)
✔ S03 EG01 TOP declarations clone while source+origin slots reuse, defaults persist, and Undo/Redo/save preserve identity (13.0833ms)
✔ S03 EG01 specialization import allocates minimal vacant ID0,2 ->1 (4.3259ms)
✔ S03 EG01 unsupported target, unavailable owner and throwing owner reject without publication (5.5979ms)
✔ S03 EG01 numeric uniform scalar/vector/matrix transfer remains independent and generation is explicit unavailable (12.0589ms)
✔ S03 FR03 registered resource types cannot become Structure fields (1.7977ms)
✔ S03 EG01 exact provider/target ownership and imported descriptor failures stay atomic (3.7562ms)
✔ S03 EG01 round2 implicit constant array@["glsl.float",2] preserves same-load reuse and rejects real cross-Graph and fresh-load publication (9.28ms)
✔ S03 EG01 round2 constant array@["glsl.float",2] preserves same-load reuse and rejects real cross-Graph and fresh-load publication (8.575ms)
✔ S03 EG01 round2 uniform array@["glsl.float",2] preserves same-load reuse and rejects real cross-Graph and fresh-load publication (9.0068ms)
✔ S03 EG01 round2 implicit constant array@["glsl.vec2",2] preserves same-load reuse and rejects real cross-Graph and fresh-load publication (9.7357ms)
✔ S03 EG01 round2 constant array@["glsl.vec2",2] preserves same-load reuse and rejects real cross-Graph and fresh-load publication (9.2858ms)
✔ S03 EG01 round2 uniform array@["glsl.vec2",2] preserves same-load reuse and rejects real cross-Graph and fresh-load publication (9.5454ms)
✔ S03 EG01 round2 scalar/vector/matrix constants and uniforms still cross actual Graph and fresh load (51.9005ms)
✔ S03 custom declared/state closure same-Graph remaps identities only and Undo/Redo (7.6717ms)
✔ S03 custom declared/state closure cross-Graph remaps identities only and Undo/Redo (7.8674ms)
✔ S03 grouping an existing caller preserves child-owned frame node addresses (9.9121ms)
✔ S03 owner collect/remap throws and escaping/incomplete references reject atomically with Redo preserved (6.9899ms)
✔ S03 custom resources follow encapsulation and direct independence, ordinary dependencies remain shared (14.9593ms)
✔ S03 encapsulation deduplicates crossing interfaces, shared generation is pure, Undo restores all references (5.6332ms)
✔ S03 interface rename/reorder/type/removal reconciles every caller once and Undo restores values/invalid edges/loss (9.449ms)
✔ S03 nested resource callers including unused ancestors reconcile child interface (10.1168ms)
✔ S03 library position keeps identity, semantic edit forks target and library ancestors and local refs atomically (19.4534ms)
✔ S03 direct make independent clones direct definition, shares dependencies and remaps own boundary (15.2736ms)
✔ S03 same-load clipboard reuses current source; cross-graph remaps resources and preserves text (5.953ms)
✔ S03 clipboard typed native symbolic array closure remaps only semantic references (5.4722ms)
✔ S03 late bad edge, escaping refs, forbidden source and missing closure reject without nodes/resources/history/notifications (4.7925ms)
✔ S03 source selection stays outside encapsulation; boundary-only grouping is no-op and preserves redo (3.2273ms)
✔ S03 structure drafts retain stable fields, reject recursion and block deletion while referenced (2.0106ms)
✔ S03 contexts distinguish occurrences; nested scoped targets never revive after navigation and Undo (29.3879ms)
✔ S03 library snapshot position edit retains origin, first semantic edit forks and old source remains immutable (6.9023ms)
✔ S03 nested delete and required boundary protection use the canonical Graph (4.6204ms)
✔ S03 library ancestor traversal crosses local parents (25.5588ms)
✔ S03 spare-port creation and first edge are one Undo entry with stable keys (6.6007ms)
✔ S03 whole frames travel through grouping and cross-Graph clipboard with fresh identities (8.1502ms)
✔ S03 vector/matrix reshape retains override components and defaults follow interface defaults (5.2759ms)
✔ S03 malformed resource envelopes, missing boundaries and nominal conflicts reject atomically (6.5642ms)
✔ S03 source admission cannot be bypassed by nested add, grouping or pasted nodes (4.0035ms)
✔ S03 layout proposal rejects navigation ABA, semantic fork and Undo (18.7616ms)
✔ S03 clipboard rejects forged hydrated plans and invalid edge evidence (2.6946ms)
✔ S03 empty library paste preserves origin, selection-independent History and Redo (6.5576ms)
✔ S03 packet-wide network identity collisions and malformed reused resource envelopes reject (4.4288ms)
✔ S03 source transfer uses actual load identity and reopened documents cannot forge same-load reuse (2.6334ms)
✔ S03 structure emission is read-only, nominally declared once, field deletion preserves invalid edges and Undo (5.3478ms)
✔ S03 accepted paste requires a valid destination and direct whole frames survive clipboard (3.9257ms)
✔ S03 scoped parameters and proposals from identical persistent IDs expire across a new load (13.5189ms)
✔ S03 library grouping resolves the forked canonical network (5.7036ms)
✔ S03 local child semantic edit forks its library ancestor (16.1702ms)
✔ S03 explicit override equal to default survives interface defaults and save/reload (10.6761ms)
✔ S03 direct independence preserves nonowned state, declared references and typed frame resources (10.6585ms)
✔ S03 encapsulation rejects cross-scope node references despite matching local IDs (1.5292ms)
✔ S03 New creates Value vec4 passthrough; shared rename retains instance names and no-op keeps library identity (11.6209ms)
✔ S03 explicit interface Add stops at16 per direction without erasing preserved oversized draft (11.785ms)
✔ S03 structure authoring validates count, names, description, nested fixed arrays, recursion/depth and expansion (372.1583ms)
✔ S03 large external array declarations survive metadata edits; materialization remains bounded (3.0875ms)
✔ S03 type tokens retain eight dimensions and reject extra tuple fields (1.5936ms)
✔ S03 disconnected output boundary follows shared output defaults (6.268ms)
✔ S03 inline array construction and same-load reuse allow2049 elements; cross-Graph clipboard rejects composites (17.0509ms)
✔ S03 nested input link ABA invalidates old edit tokens without changing History on rejection (32.0099ms)
✔ S03 shared same-key type changes reject stale caller tokens and removed handles never revive (20.0216ms)
✔ S03 cross-Graph nominal closure remaps nested structures and Undo removes the full insertion (6.5721ms)
✔ S03 reusable definition cycles reject atomically including unused dependencies (13.2219ms)
✔ S04 Personal complete owner payload and typed references survive reuse fork and absent Library source (49.1697ms)
✔ S04 DEC004 same-name destination sources retain distinct identity and changed imported bindings regenerate (453.3694ms)
✔ S04 Personal malformed envelope checksum and unsupported owner reject before provider writes; list deduplicates renamed files (34.1621ms)
✔ S04 DEC002 one-source fanout does not mutate source or existing conversions and pad failures agree (19.1634ms)
✔ S04 Personal root owner remap and input-bound Independent retain complete typed scope (84.3752ms)
✔ S04 stored inherited v2 and pad plans retain complete extensions through Personal shared import and reopen (29.834ms)
✔ S04 shipped basic Library snapshot compiles after semantic fork and Personal roundtrip (11.8128ms)
✔ S04 Personal canonical package preserves snapshots, same-version reuse, independent and collision-safe filenames (32.4741ms)
✔ S04 DEC002 all16 default float plans, version fences and current ImageOutput compile (1.3754ms)
✔ S04 AC001 additive envelope upgrade retains exact pins and inactive evidence, fences v2 under2.0 (1.3249ms)
✔ S04 DEC004 literal Personal typed closure survives canonical export import save reopen generation (32.8024ms)
✔ S04 DEC004 source Personal typed closure survives canonical export import save reopen generation (80.3856ms)
✔ S04 DEC004 direct-source Personal typed closure survives canonical export import save reopen generation (39.1873ms)
✔ S04 DEC004 input Personal typed closure survives canonical export import save reopen generation (81.8872ms)
✔ S04 DEC004 input-bound length uses caller override and rejects conflicting caller sources (23.2556ms)
✔ S04 DEC004 nested shared input bindings remap through Personal and remain independent after semantic fork and reinsert (356.5053ms)
✔ S04 AC001 inactive owner network resources and unknown wrapper versions preserve the version fence (4.8848ms)
✔ S04 DEC004 rejected literal/source/input/nested candidates are atomic through Application with valid checksums (206.1621ms)
✔ S04 Personal Library per-file isolation, safe names, duplicate-at-capacity and provider failures leave existing assets unchanged (34.2991ms)
✔ S04 AC001 unchanged accepted reader and exact old/new definition boundaries (2.5453ms)
✔ S04 inherited v2 plans preserve extensions across hydration move clipboard nested and Personal (12.8174ms)
✔ S04 current exact source owner supports new image descriptors without retargeting legacy owner (0.8514ms)
✔ S04 DEC004 required int length input qualifies with an actual constant supply and changed caller defaults regenerate (91.6919ms)
✔ S05-FR-001 complete program preserves distinct and reversed shared Uniform identity in all emission modes (478.2464ms)
✔ S05-FR-001 same-stage same resource type conflict fails without artifacts or Graph changes (13.702ms)
✔ S05-FR-001 same-stage same resource default conflict fails without artifacts or Graph changes (13.919ms)
✔ S05-FR-001 cross-stage same resource type conflict fails without artifacts or Graph changes (12.6016ms)
✔ S05-FR-001 cross-stage same resource default conflict fails without artifacts or Graph changes (12.3996ms)
✔ S05 AT03 source/literal shape extents stay fixed; input-bound scalar extent cannot specialize a function (73.7053ms)
✔ S05 AT04 pre-existing malformed constant edge and authored losses are preserved (15.1309ms)
✔ S05 AT04 AT05 unused shared dependent definitions localize and detach atomically with Redo exact (56.2869ms)
✔ S05 AT08 multioutput and unconsumed nested effects have one evaluation per occurrence and stage-local helpers (38.86ms)
✔ S05 AT08 two live depth writer occurrences reject even when one helper body is deduplicated (16.4102ms)
✔ S05 AT01 definition default shared mode independent and no-op History (25.2788ms)
✔ S05 AT02 one helper per definition and distinct caller arguments; nested helpers are dependency ordered (30.3807ms)
✔ S05 AT03 ordinary inputs are runtime even when all callers pass constants; dead constant uses reject atomically (22.2309ms)
✔ S05 AT03 Uniform parameter binding is runtime; ordinary connection rejects constant receiver without publication (14.9177ms)
✔ S05 AT04 AT05 transitive newly-invalid consumer edges detach once with losses, Undo/Redo and required error (25.8492ms)
✔ S05 AT06 function Personal roundtrip reuses mode, localizes once and preserves source bytes (60.1891ms)
✔ S05 AT06 DEC004 upgraded literal source input and nested Personal retain selected eligible modes through exchange (455.4043ms)
✔ S05 AT07 explicit owner upgrade preserves old pins/body/origin and unknown mode never defaults (7.2216ms)
✔ S05 AT09 later invalid edit and load retain function mode; diagnostic names shared definition and related calls (16.2939ms)
✔ S05 AT10 body/mode/profile changes create fresh artifacts and old snapshot is immutable (45.2875ms)
✔ S05 HTTP provider SHA256 canonical bytes known vectors and secure UUIDv4 fail-closed (34.0113ms)
✔ M1: missing-module boundary x rename rejects save before ACK without data loss (16.9504ms)
✔ M1: missing-module boundary 中 rename rejects save before ACK without data loss (14.5215ms)
✔ M1: missing-module boundary 🍇 rename rejects save before ACK without data loss (24.6067ms)
✔ M1: compact fallback validates actual emitted bytes at and beyond the budget (5.1297ms)
✔ M1: nodes at/beyond network limit obey save/reopen invariant (18.4173ms)
✔ M1: edges at/beyond network limit obey save/reopen invariant (35.1023ms)
✔ M1: editing beyond network capacity cannot acknowledge a save or erase the previous saved document (98.6395ms)
ℹ tests 200
ℹ suites 0
ℹ pass 200
ℹ fail 0
ℹ cancelled 0
ℹ skipped 0
ℹ todo 0
ℹ duration_ms 7775.834
(node:49504) ExperimentalWarning: Transform Types is an experimental feature and might change at any time
(Use `node --trace-warnings ...` to show where the warning was created)
