
Running 54 tests using 1 worker

  ok  1 [chromium] › ..\..\production\tests\browser\b01-workspace.spec.ts:53:1 › B01 public two Canvas and two Parameters share edits but retain selection Stage and camera (1.3s)
  ok  2 [chromium] › ..\..\production\tests\browser\b01-workspace.spec.ts:99:1 › B01 public groups fixed follow hide close and Parameters activation have explicit missing state (1.1s)
  ok  3 [chromium] › ..\..\production\tests\browser\b01-workspace.spec.ts:133:1 › B01 public draft survives move hide collapse float while close and route change veto (1.1s)
  ok  4 [chromium] › ..\..\production\tests\browser\b01-workspace.spec.ts:165:1 › B01 public current layout roundtrip fresh context mapping and malformed atomic rejection (2.4s)
  ok  5 [chromium] › ..\..\production\tests\browser\b01-workspace.spec.ts:209:1 › B01 divider keyboard pointer cancel targeted reset preferred width and narrow clamp preserve Graph (1.6s)
  ok  6 [chromium] › ..\..\production\tests\browser\b01-workspace.spec.ts:250:1 › B01 float upper slot dimensions one owner and keyboard collapse do not change graph (949ms)
  ok  7 [chromium] › ..\..\production\tests\browser\b01-workspace.spec.ts:291:1 › B01 current layout storage refusal is visible and never reports saved (622ms)
  ok  8 [chromium] › ..\..\production\tests\browser\b01-workspace.spec.ts:316:1 › B01 public Tab drag groups and orders live Panels; adjacent divider changes only its pair (1.7s)
  ok  9 [chromium] › ..\..\production\tests\browser\b01-workspace.spec.ts:360:1 › B01 trusted keyboard placement during primary drag cancels the old Operation and drains before return (1.2s)
  ok 10 [chromium] › ..\..\production\tests\browser\b01-workspace.spec.ts:385:1 › B01 synthetic composition and detached callback retain draft through placement and cannot edit after close (910ms)
  ok 11 [chromium] › ..\..\production\tests\browser\b01-workspace.spec.ts:417:1 › B01 readonly presentation placement remains available and F2 is Panel scoped after moves (812ms)
  ok 12 [chromium] › ..\..\production\tests\browser\b01-workspace.spec.ts:440:1 › B01 float resize superseded by keyboard dock cleans old controls and narrow hide revokes field callbacks (746ms)
  ok 13 [chromium] › ..\..\production\tests\browser\s04.spec.ts:6:1 › S04 DEC002 all sixteen conversions execute on WebGL2 with correct components (275ms)
  ok 14 [chromium] › ..\..\production\tests\browser\s04.spec.ts:88:1 › S04 DEC004 actual Personal literal source input nested shaders compile after export import reopen (557ms)
  ok 15 [chromium] › ..\..\production\tests\browser\s04.spec.ts:215:1 › S04 actual IndexedDB collision concurrency relist quotas and failure isolation (295ms)
  ok 16 [chromium] › ..\..\production\tests\browser\s04.spec.ts:309:1 › S04 DEC002 actual Canvas four shapes to current ImageOutput and edge identity Undo Redo (2.9s)
  ok 17 [chromium] › ..\..\production\tests\browser\s04.spec.ts:357:1 › S04 actual Personal UI saves relists imports downloads and inserts independent Graph snapshots (1.9s)
  ok 18 [chromium] › ..\..\production\tests\browser\s04.spec.ts:442:1 › S04 DEC004 browser hash-valid missing dependency scope cycle and module candidates reject atomically (313ms)
  ok 19 [chromium] › ..\..\production\tests\browser\s05-delivered.spec.ts:50:3 › S05-OWNER-001 delivered public flow shared-expand.grape.json (1.6s)
  ok 20 [chromium] › ..\..\production\tests\browser\s05-delivered.spec.ts:50:3 › S05-OWNER-001 delivered public flow shared-function.grape.json (1.5s)
  ok 21 [chromium] › ..\..\production\tests\browser\s05-delivered.spec.ts:50:3 › S05-OWNER-001 delivered public flow shared-function.personal.json (1.4s)
  ok 22 [chromium] › ..\..\production\tests\browser\s05-delivered.spec.ts:50:3 › S05-OWNER-001 delivered public flow nested-function.grape.json (911ms)
  ok 23 [chromium] › ..\..\production\tests\browser\s05-delivered.spec.ts:50:3 › S05-OWNER-001 delivered public flow uniform-function.grape.json (915ms)
  ok 24 [chromium] › ..\..\production\tests\browser\s05-delivered.spec.ts:50:3 › S05-OWNER-001 delivered public flow constant-detach.grape.json (1.6s)
  ok 25 [chromium] › ..\..\production\tests\browser\s05-delivered.spec.ts:50:3 › S05-OWNER-001 delivered public flow activation-rejected.grape.json (1.3s)
  ok 26 [chromium] › ..\..\production\tests\browser\s05-delivered.spec.ts:50:3 › S05-OWNER-001 delivered public flow shape-array.grape.json (908ms)
  ok 27 [chromium] › ..\..\production\tests\browser\s05-delivered.spec.ts:50:3 › S05-OWNER-001 delivered public flow shape-nominal.grape.json (896ms)
  ok 28 [chromium] › ..\..\production\tests\browser\s05-delivered.spec.ts:50:3 › S05-OWNER-001 delivered public flow pixel-effects.grape.json (916ms)
  ok 29 [chromium] › ..\..\production\tests\browser\s05-delivered.spec.ts:50:3 › S05-OWNER-001 delivered public flow vertex-pixel.grape.json (911ms)
  ok 30 [chromium] › ..\..\production\tests\browser\s05-delivered.spec.ts:50:3 › S05-OWNER-001 delivered public flow legacy-owner.grape.json (1.4s)
  ok 31 [chromium] › ..\..\production\tests\browser\s05-delivered.spec.ts:50:3 › S05-OWNER-001 delivered public flow cross-stage-uniform-distinct.grape.json (901ms)
  ok 32 [chromium] › ..\..\production\tests\browser\s05-delivered.spec.ts:50:3 › S05-OWNER-001 delivered public flow cross-stage-uniform-shared-reversed.grape.json (930ms)
  ok 33 [chromium] › ..\..\production\tests\browser\s05-delivered.spec.ts:67:1 › S05-OWNER-001 exact owner and malformed admission stay strict; original error draft opens only explicitly (3.0s)
  ok 34 [chromium] › ..\..\production\tests\browser\s05-escape-focus.spec.ts:8:5 › S05 natural Escape cancels direct without Export drag with no History entry (1.1s)
  ok 35 [chromium] › ..\..\production\tests\browser\s05-escape-focus.spec.ts:8:5 › S05 natural Escape cancels direct after Export drag with no History entry (1.6s)
  ok 36 [chromium] › ..\..\production\tests\browser\s05-escape-focus.spec.ts:8:5 › S05 natural Escape cancels wrapper without Export drag with no History entry (1.2s)
  ok 37 [chromium] › ..\..\production\tests\browser\s05-escape-focus.spec.ts:8:5 › S05 natural Escape cancels wrapper after Export drag with no History entry (1.9s)
  ok 38 [chromium] › ..\..\production\tests\browser\s05-replacement.spec.ts:28:3 › S05 Replace destination default: eligibility, recovery and exact content (1.6s)
  ok 39 [chromium] › ..\..\production\tests\browser\s05-replacement.spec.ts:28:3 › S05 Replace destination upgraded: eligibility, recovery and exact content (1.9s)
  ok 40 [chromium] › ..\..\production\tests\browser\s05-replacement.spec.ts:28:3 › S05 Replace destination matching: eligibility, recovery and exact content (1.3s)
  ok 41 [chromium] › ..\..\production\tests\browser\s05-replacement.spec.ts:41:1 › S05 Replace separates kind-only mismatch, preserves original and rechecks stale review (1.4s)
  ok 42 [chromium] › ..\..\production\tests\browser\s05-uniforms.spec.ts:4:1 › S05-FR-001 exact preserved reviewer document links distinct vertex and pixel resources (193ms)
  ok 43 [chromium] › ..\..\production\tests\browser\s05-uniforms.spec.ts:57:5 › S05-FR-001 actual linked Uniform identity distinct expand (210ms)
  ok 44 [chromium] › ..\..\production\tests\browser\s05-uniforms.spec.ts:57:5 › S05-FR-001 actual linked Uniform identity distinct function (215ms)
  ok 45 [chromium] › ..\..\production\tests\browser\s05-uniforms.spec.ts:57:5 › S05-FR-001 actual linked Uniform identity distinct nested (236ms)
  ok 46 [chromium] › ..\..\production\tests\browser\s05-uniforms.spec.ts:57:5 › S05-FR-001 actual linked Uniform identity distinct mixed (236ms)
  ok 47 [chromium] › ..\..\production\tests\browser\s05-uniforms.spec.ts:57:5 › S05-FR-001 actual linked Uniform identity shared-reversed expand (199ms)
  ok 48 [chromium] › ..\..\production\tests\browser\s05-uniforms.spec.ts:57:5 › S05-FR-001 actual linked Uniform identity shared-reversed function (201ms)
  ok 49 [chromium] › ..\..\production\tests\browser\s05-uniforms.spec.ts:57:5 › S05-FR-001 actual linked Uniform identity shared-reversed nested (249ms)
  ok 50 [chromium] › ..\..\production\tests\browser\s05-uniforms.spec.ts:57:5 › S05-FR-001 actual linked Uniform identity shared-reversed mixed (243ms)
  ok 51 [chromium] › ..\..\production\tests\browser\s05-uniforms.spec.ts:57:5 › S05-FR-001 actual linked Uniform identity distinct-types expand (201ms)
  ok 52 [chromium] › ..\..\production\tests\browser\s05-uniforms.spec.ts:57:5 › S05-FR-001 actual linked Uniform identity distinct-types function (195ms)
  ok 53 [chromium] › ..\..\production\tests\browser\s05-uniforms.spec.ts:57:5 › S05-FR-001 actual linked Uniform identity distinct-types nested (241ms)
  ok 54 [chromium] › ..\..\production\tests\browser\s05-uniforms.spec.ts:57:5 › S05-FR-001 actual linked Uniform identity distinct-types mixed (240ms)

  54 passed (56.6s)
(node:47616) Warning: The 'NO_COLOR' env is ignored due to the 'FORCE_COLOR' env being set.
(Use `node --trace-warnings ...` to show where the warning was created)
(node:40476) ExperimentalWarning: Transform Types is an experimental feature and might change at any time
(Use `node --trace-warnings ...` to show where the warning was created)
