production/evidence/coordinator/s05/activation-20261004-01/dispatch-parent-intent-02.json:1: trailing whitespace.
+{
production/evidence/coordinator/s05/activation-20261004-01/dispatch-parent-intent-02.json:2: trailing whitespace.
+  "packetVersion": 1,
production/evidence/coordinator/s05/activation-20261004-01/dispatch-parent-intent-02.json:3: trailing whitespace.
+  "packetType": "PARENT_DISPATCH_INTENT",
production/evidence/coordinator/s05/activation-20261004-01/dispatch-parent-intent-02.json:4: trailing whitespace.
+  "recordedAt": "2026-10-03T23:34:49.5052278Z",
production/evidence/coordinator/s05/activation-20261004-01/dispatch-parent-intent-02.json:5: trailing whitespace.
+  "actionKey": "yeataro/Grape:S05:activation-and-early-function:6aa6abb:20261004-01",
production/evidence/coordinator/s05/activation-20261004-01/dispatch-parent-intent-02.json:6: trailing whitespace.
+  "attempt": 2,
production/evidence/coordinator/s05/activation-20261004-01/dispatch-parent-intent-02.json:7: trailing whitespace.
+  "retriesUsed": 1,
production/evidence/coordinator/s05/activation-20261004-01/dispatch-parent-intent-02.json:8: trailing whitespace.
+  "priorAttemptDisposition": "dispatch-reconciliation-01.json records child was not launched",
production/evidence/coordinator/s05/activation-20261004-01/dispatch-parent-intent-02.json:9: trailing whitespace.
+  "transport": "collaboration.followup_task",
production/evidence/coordinator/s05/activation-20261004-01/dispatch-parent-intent-02.json:10: trailing whitespace.
+  "targetAgent": "/root/s03_implementer_resume",
production/evidence/coordinator/s05/activation-20261004-01/dispatch-parent-intent-02.json:11: trailing whitespace.
+  "targetThreadId": "01a0fd8c-081e-7492-8f59-55159462e301",
production/evidence/coordinator/s05/activation-20261004-01/dispatch-parent-intent-02.json:12: trailing whitespace.
+  "targetDisplayTitle": "Grape S05 實作與維護",
production/evidence/coordinator/s05/activation-20261004-01/dispatch-parent-intent-02.json:13: trailing whitespace.
+  "priorChildStatus": "idle / completed STOP_WRITING observed via read_thread and collaboration.list_agents",
production/evidence/coordinator/s05/activation-20261004-01/dispatch-parent-intent-02.json:14: trailing whitespace.
+  "packetFile": "production/evidence/coordinator/s05/activation-20261004-01/implementer-packet-01.json",
production/evidence/coordinator/s05/activation-20261004-01/dispatch-parent-intent-02.json:15: trailing whitespace.
+  "packetSha256": "d13fdbf3979ee057d87e36e5ca5572bca40a80daf16dd6c9bb363ed289c8439c",
production/evidence/coordinator/s05/activation-20261004-01/dispatch-parent-intent-02.json:16: trailing whitespace.
+  "directHumanSource": {
production/evidence/coordinator/s05/activation-20261004-01/dispatch-parent-intent-02.json:17: trailing whitespace.
+    "quote": "好，明確授權你啟動S05，現在開始。然後按照之前公告的規則，沒事不要來煩我，然後要煩我之前準備好實機測試跟連結。",
production/evidence/coordinator/s05/activation-20261004-01/dispatch-parent-intent-02.json:18: trailing whitespace.
+    "verifiedThisTurn": true,
production/evidence/coordinator/s05/activation-20261004-01/dispatch-parent-intent-02.json:19: trailing whitespace.
+    "threadId": "01a10301-6199-7533-af8d-cf3d348c0990",
production/evidence/coordinator/s05/activation-20261004-01/dispatch-parent-intent-02.json:20: trailing whitespace.
+    "messageId": "01a10415-459d-72a2-b943-d130cbfeb35a"
production/evidence/coordinator/s05/activation-20261004-01/dispatch-parent-intent-02.json:21: trailing whitespace.
+  },
production/evidence/coordinator/s05/activation-20261004-01/dispatch-parent-intent-02.json:22: trailing whitespace.
+  "acceptedMain": "6aa6abbdc46d55753111d5ef5ca9899870a8805a",
production/evidence/coordinator/s05/activation-20261004-01/dispatch-parent-intent-02.json:23: trailing whitespace.
+  "localHead": "6aa6abbdc46d55753111d5ef5ca9899870a8805a",
production/evidence/coordinator/s05/activation-20261004-01/dispatch-parent-intent-02.json:24: trailing whitespace.
+  "localMain": "6aa6abbdc46d55753111d5ef5ca9899870a8805a",
production/evidence/coordinator/s05/activation-20261004-01/dispatch-parent-intent-02.json:25: trailing whitespace.
+  "localWork": "6aa6abbdc46d55753111d5ef5ca9899870a8805a",
production/evidence/coordinator/s05/activation-20261004-01/dispatch-parent-intent-02.json:26: trailing whitespace.
+  "remoteMain": "6aa6abbdc46d55753111d5ef5ca9899870a8805a",
production/evidence/coordinator/s05/activation-20261004-01/dispatch-parent-intent-02.json:27: trailing whitespace.
+  "remoteWork": "6aa6abbdc46d55753111d5ef5ca9899870a8805a",
production/evidence/coordinator/s05/activation-20261004-01/dispatch-parent-intent-02.json:28: trailing whitespace.
+  "remoteVerification": "Live GitHub GET refs this turn",
production/evidence/coordinator/s05/activation-20261004-01/dispatch-parent-intent-02.json:29: trailing whitespace.
+  "requiredInputHashesMatched": 9,
production/evidence/coordinator/s05/activation-20261004-01/dispatch-parent-intent-02.json:30: trailing whitespace.
+  "policyRevision": "0826de5a9cca7cf200d843435985a7dc624634a2",
production/evidence/coordinator/s05/activation-20261004-01/dispatch-parent-intent-02.json:31: trailing whitespace.
+  "stateSha256": "6c38e70621112cf10bd8379e1a09a31357f879c97c0c99fe1999c591ef4a7bf5",
production/evidence/coordinator/s05/activation-20261004-01/dispatch-parent-intent-02.json:32: trailing whitespace.
+  "parentScope": "Dispatch and append-only routing receipts only; no product or state writes",
production/evidence/coordinator/s05/activation-20261004-01/dispatch-parent-intent-02.json:33: trailing whitespace.
+  "constraints": [
production/evidence/coordinator/s05/activation-20261004-01/dispatch-parent-intent-02.json:34: trailing whitespace.
+    "same original writer",
production/evidence/coordinator/s05/activation-20261004-01/dispatch-parent-intent-02.json:35: trailing whitespace.
+    "no references staging",
production/evidence/coordinator/s05/activation-20261004-01/dispatch-parent-intent-02.json:36: trailing whitespace.
+    "handoff immutable",
production/evidence/coordinator/s05/activation-20261004-01/dispatch-parent-intent-02.json:37: trailing whitespace.
+    "fresh explicit S05 browser evidence paths",
production/evidence/coordinator/s05/activation-20261004-01/dispatch-parent-intent-02.json:38: trailing whitespace.
+    "no push/merge",
production/evidence/coordinator/s05/activation-20261004-01/dispatch-parent-intent-02.json:39: trailing whitespace.
+    "no preview restart in this dispatch"
production/evidence/coordinator/s05/activation-20261004-01/dispatch-parent-intent-02.json:40: trailing whitespace.
+  ]
production/evidence/coordinator/s05/activation-20261004-01/dispatch-parent-intent-02.json:41: trailing whitespace.
+}
production/evidence/coordinator/s05/activation-20261004-01/dispatch-parent-result-02.json:1: trailing whitespace.
+{
production/evidence/coordinator/s05/activation-20261004-01/dispatch-parent-result-02.json:2: trailing whitespace.
+  "packetVersion": 1,
production/evidence/coordinator/s05/activation-20261004-01/dispatch-parent-result-02.json:3: trailing whitespace.
+  "packetType": "PARENT_DISPATCH_RESULT",
production/evidence/coordinator/s05/activation-20261004-01/dispatch-parent-result-02.json:4: trailing whitespace.
+  "recordedAt": "2026-10-03T23:35:24.4824730Z",
production/evidence/coordinator/s05/activation-20261004-01/dispatch-parent-result-02.json:5: trailing whitespace.
+  "actionKey": "yeataro/Grape:S05:activation-and-early-function:6aa6abb:20261004-01",
production/evidence/coordinator/s05/activation-20261004-01/dispatch-parent-result-02.json:6: trailing whitespace.
+  "attempt": 2,
production/evidence/coordinator/s05/activation-20261004-01/dispatch-parent-result-02.json:7: trailing whitespace.
+  "retriesUsed": 1,
production/evidence/coordinator/s05/activation-20261004-01/dispatch-parent-result-02.json:8: trailing whitespace.
+  "intentRef": {
production/evidence/coordinator/s05/activation-20261004-01/dispatch-parent-result-02.json:9: trailing whitespace.
+    "sha256": "a328a6ca82f11f0f7bd0671aea81f3af5791aaa536ae029375acb5c7661c355d",
production/evidence/coordinator/s05/activation-20261004-01/dispatch-parent-result-02.json:10: trailing whitespace.
+    "file": "production/evidence/coordinator/s05/activation-20261004-01/dispatch-parent-intent-02.json"
production/evidence/coordinator/s05/activation-20261004-01/dispatch-parent-result-02.json:11: trailing whitespace.
+  },
production/evidence/coordinator/s05/activation-20261004-01/dispatch-parent-result-02.json:12: trailing whitespace.
+  "transport": "collaboration.followup_task",
production/evidence/coordinator/s05/activation-20261004-01/dispatch-parent-result-02.json:13: trailing whitespace.
+  "targetAgent": "/root/s03_implementer_resume",
production/evidence/coordinator/s05/activation-20261004-01/dispatch-parent-result-02.json:14: trailing whitespace.
+  "targetThreadId": "01a0fd8c-081e-7492-8f59-55159462e301",
production/evidence/coordinator/s05/activation-20261004-01/dispatch-parent-result-02.json:15: trailing whitespace.
+  "targetDisplayTitle": "Grape S05 實作與維護",
production/evidence/coordinator/s05/activation-20261004-01/dispatch-parent-result-02.json:16: trailing whitespace.
+  "packetId": "S05-IMPLEMENTER-01",
production/evidence/coordinator/s05/activation-20261004-01/dispatch-parent-result-02.json:17: trailing whitespace.
+  "packetSha256": "d13fdbf3979ee057d87e36e5ca5572bca40a80daf16dd6c9bb363ed289c8439c",
production/evidence/coordinator/s05/activation-20261004-01/dispatch-parent-result-02.json:18: trailing whitespace.
+  "callOutcome": "Returned without error and without text payload",
production/evidence/coordinator/s05/activation-20261004-01/dispatch-parent-result-02.json:19: trailing whitespace.
+  "subsequentObservation": {
production/evidence/coordinator/s05/activation-20261004-01/dispatch-parent-result-02.json:20: trailing whitespace.
+    "agentStatus": "running",
production/evidence/coordinator/s05/activation-20261004-01/dispatch-parent-result-02.json:21: trailing whitespace.
+    "tool": "collaboration.list_agents",
production/evidence/coordinator/s05/activation-20261004-01/dispatch-parent-result-02.json:22: trailing whitespace.
+    "sameOriginalAgent": true
production/evidence/coordinator/s05/activation-20261004-01/dispatch-parent-result-02.json:23: trailing whitespace.
+  },
production/evidence/coordinator/s05/activation-20261004-01/dispatch-parent-result-02.json:24: trailing whitespace.
+  "status": "DISPATCHED_RUNNING",
production/evidence/coordinator/s05/activation-20261004-01/dispatch-parent-result-02.json:25: trailing whitespace.
+  "activationRegistered": "Not yet asserted; designated writer performs guards and registration",
production/evidence/coordinator/s05/activation-20261004-01/dispatch-parent-result-02.json:26: trailing whitespace.
+  "technicalDelivery": "Not yet delivered",
production/evidence/coordinator/s05/activation-20261004-01/dispatch-parent-result-02.json:27: trailing whitespace.
+  "parentProductWrites": false,
production/evidence/coordinator/s05/activation-20261004-01/dispatch-parent-result-02.json:28: trailing whitespace.
+  "parentStateWrites": false,
production/evidence/coordinator/s05/activation-20261004-01/dispatch-parent-result-02.json:29: trailing whitespace.
+  "newWriterCreated": false,
production/evidence/coordinator/s05/activation-20261004-01/dispatch-parent-result-02.json:30: trailing whitespace.
+  "remoteWrites": false,
production/evidence/coordinator/s05/activation-20261004-01/dispatch-parent-result-02.json:31: trailing whitespace.
+  "nextAction": "Original writer continues authorized packet; Coordinator reads exact durable activation/submission/results"
production/evidence/coordinator/s05/activation-20261004-01/dispatch-parent-result-02.json:32: trailing whitespace.
+}
production/evidence/coordinator/s05/activation-20261004-01/network-origin-parent-intent-01.json:1: trailing whitespace.
+{
production/evidence/coordinator/s05/activation-20261004-01/network-origin-parent-intent-01.json:2: trailing whitespace.
+  "packetType": "RUNNING_WRITER_SUPPLEMENT_DELIVERY_INTENT",
production/evidence/coordinator/s05/activation-20261004-01/network-origin-parent-intent-01.json:3: trailing whitespace.
+  "recordedAt": "2026-10-03T23:38:53.8645854Z",
production/evidence/coordinator/s05/activation-20261004-01/network-origin-parent-intent-01.json:4: trailing whitespace.
+  "actionKey": "yeataro/Grape:S05:network-origin-delivery:01",
production/evidence/coordinator/s05/activation-20261004-01/network-origin-parent-intent-01.json:5: trailing whitespace.
+  "attempt": 1,
production/evidence/coordinator/s05/activation-20261004-01/network-origin-parent-intent-01.json:6: trailing whitespace.
+  "retriesUsed": 0,
production/evidence/coordinator/s05/activation-20261004-01/network-origin-parent-intent-01.json:7: trailing whitespace.
+  "target": "/root/s03_implementer_resume",
production/evidence/coordinator/s05/activation-20261004-01/network-origin-parent-intent-01.json:8: trailing whitespace.
+  "displayTitle": "Grape S05 實作與維護",
production/evidence/coordinator/s05/activation-20261004-01/network-origin-parent-intent-01.json:9: trailing whitespace.
+  "observedStatus": "running",
production/evidence/coordinator/s05/activation-20261004-01/network-origin-parent-intent-01.json:10: trailing whitespace.
+  "transport": "collaboration.send_message",
production/evidence/coordinator/s05/activation-20261004-01/network-origin-parent-intent-01.json:11: trailing whitespace.
+  "packet": {
production/evidence/coordinator/s05/activation-20261004-01/network-origin-parent-intent-01.json:12: trailing whitespace.
+    "sha256": "95f783345073213da9a0c10eb5ca36bf4968de7f4212f43431b3723c2b73738b",
production/evidence/coordinator/s05/activation-20261004-01/network-origin-parent-intent-01.json:13: trailing whitespace.
+    "file": "production/evidence/coordinator/s05/activation-20261004-01/network-origin-supplement-01.json"
production/evidence/coordinator/s05/activation-20261004-01/network-origin-parent-intent-01.json:14: trailing whitespace.
+  },
production/evidence/coordinator/s05/activation-20261004-01/network-origin-parent-intent-01.json:15: trailing whitespace.
+  "diagnosticHashMatched": true,
production/evidence/coordinator/s05/activation-20261004-01/network-origin-parent-intent-01.json:16: trailing whitespace.
+  "diagnosticScope": "Intercepted inert origins prove API availability, not product or network qualification",
production/evidence/coordinator/s05/activation-20261004-01/network-origin-parent-intent-01.json:17: trailing whitespace.
+  "sameScopeEngineeringClarification": {
production/evidence/coordinator/s05/activation-20261004-01/network-origin-parent-intent-01.json:18: trailing whitespace.
+    "basis": "Original writer identified necessary exact-module composition and ownership registration for already expressly required S05 usable UI/owner delivery; parent inspected both files; ordinary necessary engineering under direct Human S05 authority",
production/evidence/coordinator/s05/activation-20261004-01/network-origin-parent-intent-01.json:19: trailing whitespace.
+    "limits": "Only necessary module/provider wiring and accurate ownership entries; retain all boundary enforcement, no unrelated UI or policy changes; bind to same I/R and review",
production/evidence/coordinator/s05/activation-20261004-01/network-origin-parent-intent-01.json:20: trailing whitespace.
+    "paths": [
production/evidence/coordinator/s05/activation-20261004-01/network-origin-parent-intent-01.json:21: trailing whitespace.
+      "production/apps/web/main.ts",
production/evidence/coordinator/s05/activation-20261004-01/network-origin-parent-intent-01.json:22: trailing whitespace.
+      "production/conformance/ownership.json"
production/evidence/coordinator/s05/activation-20261004-01/network-origin-parent-intent-01.json:23: trailing whitespace.
+    ]
production/evidence/coordinator/s05/activation-20261004-01/network-origin-parent-intent-01.json:24: trailing whitespace.
+  },
production/evidence/coordinator/s05/activation-20261004-01/network-origin-parent-intent-01.json:25: trailing whitespace.
+  "parentProductWrites": false,
production/evidence/coordinator/s05/activation-20261004-01/network-origin-parent-intent-01.json:26: trailing whitespace.
+  "parentStateWrites": false,
production/evidence/coordinator/s05/activation-20261004-01/network-origin-parent-intent-01.json:27: trailing whitespace.
+  "restart": false
production/evidence/coordinator/s05/activation-20261004-01/network-origin-parent-intent-01.json:28: trailing whitespace.
+}
production/evidence/coordinator/s05/activation-20261004-01/network-origin-parent-result-01.json:1: trailing whitespace.
+{
production/evidence/coordinator/s05/activation-20261004-01/network-origin-parent-result-01.json:2: trailing whitespace.
+  "packetType": "RUNNING_WRITER_SUPPLEMENT_DELIVERY_RESULT",
production/evidence/coordinator/s05/activation-20261004-01/network-origin-parent-result-01.json:3: trailing whitespace.
+  "recordedAt": "2026-10-03T23:39:16.0429226Z",
production/evidence/coordinator/s05/activation-20261004-01/network-origin-parent-result-01.json:4: trailing whitespace.
+  "actionKey": "yeataro/Grape:S05:network-origin-delivery:01",
production/evidence/coordinator/s05/activation-20261004-01/network-origin-parent-result-01.json:5: trailing whitespace.
+  "attempt": 1,
production/evidence/coordinator/s05/activation-20261004-01/network-origin-parent-result-01.json:6: trailing whitespace.
+  "retriesUsed": 0,
production/evidence/coordinator/s05/activation-20261004-01/network-origin-parent-result-01.json:7: trailing whitespace.
+  "transport": "collaboration.send_message",
production/evidence/coordinator/s05/activation-20261004-01/network-origin-parent-result-01.json:8: trailing whitespace.
+  "callCount": 1,
production/evidence/coordinator/s05/activation-20261004-01/network-origin-parent-result-01.json:9: trailing whitespace.
+  "callOutcome": "Returned without error or text payload",
production/evidence/coordinator/s05/activation-20261004-01/network-origin-parent-result-01.json:10: trailing whitespace.
+  "target": "/root/s03_implementer_resume",
production/evidence/coordinator/s05/activation-20261004-01/network-origin-parent-result-01.json:11: trailing whitespace.
+  "displayTitle": "Grape S05 實作與維護",
production/evidence/coordinator/s05/activation-20261004-01/network-origin-parent-result-01.json:12: trailing whitespace.
+  "packetId": "S05-HTTP-ORIGIN-DELIVERY-01",
production/evidence/coordinator/s05/activation-20261004-01/network-origin-parent-result-01.json:13: trailing whitespace.
+  "packetSha256": "95f783345073213da9a0c10eb5ca36bf4968de7f4212f43431b3723c2b73738b",
production/evidence/coordinator/s05/activation-20261004-01/network-origin-parent-result-01.json:14: trailing whitespace.
+  "intentSha256": "3031b96d99c7d24f65012184d6986f7bc844ec38bdb7088b35a7d9e4d4bf74fe",
production/evidence/coordinator/s05/activation-20261004-01/network-origin-parent-result-01.json:15: trailing whitespace.
+  "status": "MESSAGE_QUEUED_TO_RUNNING_WRITER",
production/evidence/coordinator/s05/activation-20261004-01/network-origin-parent-result-01.json:16: trailing whitespace.
+  "consumption": "Not yet independently acknowledged; do not infer implementation or verification",
production/evidence/coordinator/s05/activation-20261004-01/network-origin-parent-result-01.json:17: trailing whitespace.
+  "includedClarificationPaths": [
production/evidence/coordinator/s05/activation-20261004-01/network-origin-parent-result-01.json:18: trailing whitespace.
+    "production/apps/web/main.ts",
production/evidence/coordinator/s05/activation-20261004-01/network-origin-parent-result-01.json:19: trailing whitespace.
+    "production/conformance/ownership.json"
production/evidence/coordinator/s05/activation-20261004-01/network-origin-parent-result-01.json:20: trailing whitespace.
+  ],
production/evidence/coordinator/s05/activation-20261004-01/network-origin-parent-result-01.json:21: trailing whitespace.
+  "followupTaskCalled": false,
production/evidence/coordinator/s05/activation-20261004-01/network-origin-parent-result-01.json:22: trailing whitespace.
+  "newWriterCreated": false,
production/evidence/coordinator/s05/activation-20261004-01/network-origin-parent-result-01.json:23: trailing whitespace.
+  "productOrStateWrittenByParent": false
production/evidence/coordinator/s05/activation-20261004-01/network-origin-parent-result-01.json:24: trailing whitespace.
+}
production/evidence/coordinator/s05/activation-20261004-01/pm-preview-parent-intent-01.json:1: trailing whitespace.
+{
production/evidence/coordinator/s05/activation-20261004-01/pm-preview-parent-intent-01.json:2: trailing whitespace.
+  "packetType": "RUNNING_WRITER_INPUT_PRESERVATION_INTENT",
production/evidence/coordinator/s05/activation-20261004-01/pm-preview-parent-intent-01.json:3: trailing whitespace.
+  "recordedAt": "2026-10-03T23:52:34.5674573Z",
production/evidence/coordinator/s05/activation-20261004-01/pm-preview-parent-intent-01.json:4: trailing whitespace.
+  "actionKey": "yeataro/Grape:S05:pm-preview-input-preservation:01",
production/evidence/coordinator/s05/activation-20261004-01/pm-preview-parent-intent-01.json:5: trailing whitespace.
+  "parentActionKey": "yeataro/Grape:S05:activation-and-early-function:6aa6abb:20261004-01",
production/evidence/coordinator/s05/activation-20261004-01/pm-preview-parent-intent-01.json:6: trailing whitespace.
+  "attempt": 1,
production/evidence/coordinator/s05/activation-20261004-01/pm-preview-parent-intent-01.json:7: trailing whitespace.
+  "retriesUsed": 0,
production/evidence/coordinator/s05/activation-20261004-01/pm-preview-parent-intent-01.json:8: trailing whitespace.
+  "target": "/root/s03_implementer_resume",
production/evidence/coordinator/s05/activation-20261004-01/pm-preview-parent-intent-01.json:9: trailing whitespace.
+  "displayTitle": "Grape S05 實作與維護",
production/evidence/coordinator/s05/activation-20261004-01/pm-preview-parent-intent-01.json:10: trailing whitespace.
+  "observedStatus": "running",
production/evidence/coordinator/s05/activation-20261004-01/pm-preview-parent-intent-01.json:11: trailing whitespace.
+  "transport": "collaboration.send_message",
production/evidence/coordinator/s05/activation-20261004-01/pm-preview-parent-intent-01.json:12: trailing whitespace.
+  "immutableInputAllowlist": [
production/evidence/coordinator/s05/activation-20261004-01/pm-preview-parent-intent-01.json:13: trailing whitespace.
+    {
production/evidence/coordinator/s05/activation-20261004-01/pm-preview-parent-intent-01.json:14: trailing whitespace.
+      "file": "production/evidence/coordinator/s05/activation-20261004-01/pm-scope-analysis-01.json",
production/evidence/coordinator/s05/activation-20261004-01/pm-preview-parent-intent-01.json:15: trailing whitespace.
+      "bytes": 11120,
production/evidence/coordinator/s05/activation-20261004-01/pm-preview-parent-intent-01.json:16: trailing whitespace.
+      "sha256": "f948f2d779b2ccd57c364a3134c962314146ba62394154b853b526ac33cc0f39"
production/evidence/coordinator/s05/activation-20261004-01/pm-preview-parent-intent-01.json:17: trailing whitespace.
+    },
production/evidence/coordinator/s05/activation-20261004-01/pm-preview-parent-intent-01.json:18: trailing whitespace.
+    {
production/evidence/coordinator/s05/activation-20261004-01/pm-preview-parent-intent-01.json:19: trailing whitespace.
+      "file": "production/evidence/coordinator/s05/activation-20261004-01/network-origin-supplement-01.json",
production/evidence/coordinator/s05/activation-20261004-01/pm-preview-parent-intent-01.json:20: trailing whitespace.
+      "bytes": 3997,
production/evidence/coordinator/s05/activation-20261004-01/pm-preview-parent-intent-01.json:21: trailing whitespace.
+      "sha256": "95f783345073213da9a0c10eb5ca36bf4968de7f4212f43431b3723c2b73738b"
production/evidence/coordinator/s05/activation-20261004-01/pm-preview-parent-intent-01.json:22: trailing whitespace.
+    },
production/evidence/coordinator/s05/activation-20261004-01/pm-preview-parent-intent-01.json:23: trailing whitespace.
+    {
production/evidence/coordinator/s05/activation-20261004-01/pm-preview-parent-intent-01.json:24: trailing whitespace.
+      "file": "production/evidence/coordinator/s05/activation-20261004-01/network-origin-probe-01.json",
production/evidence/coordinator/s05/activation-20261004-01/pm-preview-parent-intent-01.json:25: trailing whitespace.
+      "bytes": 1764,
production/evidence/coordinator/s05/activation-20261004-01/pm-preview-parent-intent-01.json:26: trailing whitespace.
+      "sha256": "c85dc1fbf6077893bcc9ddc5f6815db99e0ddd7d55b0a8f0881d4759ee238013"
production/evidence/coordinator/s05/activation-20261004-01/pm-preview-parent-intent-01.json:27: trailing whitespace.
+    },
production/evidence/coordinator/s05/activation-20261004-01/pm-preview-parent-intent-01.json:28: trailing whitespace.
+    {
production/evidence/coordinator/s05/activation-20261004-01/pm-preview-parent-intent-01.json:29: trailing whitespace.
+      "file": "production/evidence/coordinator/s05/activation-20261004-01/network-origin-parent-intent-01.json",
production/evidence/coordinator/s05/activation-20261004-01/pm-preview-parent-intent-01.json:30: trailing whitespace.
+      "bytes": 1432,
production/evidence/coordinator/s05/activation-20261004-01/pm-preview-parent-intent-01.json:31: trailing whitespace.
+      "sha256": "3031b96d99c7d24f65012184d6986f7bc844ec38bdb7088b35a7d9e4d4bf74fe"
production/evidence/coordinator/s05/activation-20261004-01/pm-preview-parent-intent-01.json:32: trailing whitespace.
+    },
production/evidence/coordinator/s05/activation-20261004-01/pm-preview-parent-intent-01.json:33: trailing whitespace.
+    {
production/evidence/coordinator/s05/activation-20261004-01/pm-preview-parent-intent-01.json:34: trailing whitespace.
+      "file": "production/evidence/coordinator/s05/activation-20261004-01/network-origin-parent-result-01.json",
production/evidence/coordinator/s05/activation-20261004-01/pm-preview-parent-intent-01.json:35: trailing whitespace.
+      "bytes": 1033,
production/evidence/coordinator/s05/activation-20261004-01/pm-preview-parent-intent-01.json:36: trailing whitespace.
+      "sha256": "a156620f4abb10961665bb6a0485d6984c7f026a037901451d8b2d294b0052b1"
production/evidence/coordinator/s05/activation-20261004-01/pm-preview-parent-intent-01.json:37: trailing whitespace.
+    },
production/evidence/coordinator/s05/activation-20261004-01/pm-preview-parent-intent-01.json:38: trailing whitespace.
+    {
production/evidence/coordinator/s05/activation-20261004-01/pm-preview-parent-intent-01.json:39: trailing whitespace.
+      "file": "production/evidence/coordinator/s05/activation-20261004-01/network-preview-recon-01.json",
production/evidence/coordinator/s05/activation-20261004-01/pm-preview-parent-intent-01.json:40: trailing whitespace.
+      "bytes": 2267,
production/evidence/coordinator/s05/activation-20261004-01/pm-preview-parent-intent-01.json:41: trailing whitespace.
+      "sha256": "03f75d8f64a2794241fd61986a6eadd57dedbdeff8f66cee71116ac0f8b71fbb"
production/evidence/coordinator/s05/activation-20261004-01/pm-preview-parent-intent-01.json:42: trailing whitespace.
+    },
production/evidence/coordinator/s05/activation-20261004-01/pm-preview-parent-intent-01.json:43: trailing whitespace.
+    {
production/evidence/coordinator/s05/activation-20261004-01/pm-preview-parent-intent-01.json:44: trailing whitespace.
+      "file": "production/evidence/coordinator/s05/preview-preparation-01/serve-reviewed-preview-01.mjs",
production/evidence/coordinator/s05/activation-20261004-01/pm-preview-parent-intent-01.json:45: trailing whitespace.
+      "bytes": 8233,
production/evidence/coordinator/s05/activation-20261004-01/pm-preview-parent-intent-01.json:46: trailing whitespace.
+      "sha256": "99ad98d58ae884f8f97296774e6f476400d674af1d7f3fb6bf4f5fdc8bed46ca"
production/evidence/coordinator/s05/activation-20261004-01/pm-preview-parent-intent-01.json:47: trailing whitespace.
+    },
production/evidence/coordinator/s05/activation-20261004-01/pm-preview-parent-intent-01.json:48: trailing whitespace.
+    {
production/evidence/coordinator/s05/activation-20261004-01/pm-preview-parent-intent-01.json:49: trailing whitespace.
+      "file": "production/evidence/coordinator/s05/preview-preparation-01/helper-check-01.json",
production/evidence/coordinator/s05/activation-20261004-01/pm-preview-parent-intent-01.json:50: trailing whitespace.
+      "bytes": 1480,
production/evidence/coordinator/s05/activation-20261004-01/pm-preview-parent-intent-01.json:51: trailing whitespace.
+      "sha256": "aff4491df1049dcf9880ad3317a3df3665c961657350b6e962f863945f91adf1"
production/evidence/coordinator/s05/activation-20261004-01/pm-preview-parent-intent-01.json:52: trailing whitespace.
+    }
production/evidence/coordinator/s05/activation-20261004-01/pm-preview-parent-intent-01.json:53: trailing whitespace.
+  ],
production/evidence/coordinator/s05/activation-20261004-01/pm-preview-parent-intent-01.json:54: trailing whitespace.
+  "helperCopyHashMatched": true,
production/evidence/coordinator/s05/activation-20261004-01/pm-preview-parent-intent-01.json:55: trailing whitespace.
+  "reportedHelperCheckCount": 19,
production/evidence/coordinator/s05/activation-20261004-01/pm-preview-parent-intent-01.json:56: trailing whitespace.
+  "scope": "Preserve exact input and deployment-helper bytes before R and include separate manifest for Fresh Reviewer; PM recommendations do not expand first batch",
production/evidence/coordinator/s05/activation-20261004-01/pm-preview-parent-intent-01.json:57: trailing whitespace.
+  "notAsserted": [
production/evidence/coordinator/s05/activation-20261004-01/pm-preview-parent-intent-01.json:58: trailing whitespace.
+    "S05 product PASS",
production/evidence/coordinator/s05/activation-20261004-01/pm-preview-parent-intent-01.json:59: trailing whitespace.
+    "S05 deployment",
production/evidence/coordinator/s05/activation-20261004-01/pm-preview-parent-intent-01.json:60: trailing whitespace.
+    "independent review of helper by parent"
production/evidence/coordinator/s05/activation-20261004-01/pm-preview-parent-intent-01.json:61: trailing whitespace.
+  ],
production/evidence/coordinator/s05/activation-20261004-01/pm-preview-parent-intent-01.json:62: trailing whitespace.
+  "excluded": [
production/evidence/coordinator/s05/activation-20261004-01/pm-preview-parent-intent-01.json:63: trailing whitespace.
+    "references/**",
production/evidence/coordinator/s05/activation-20261004-01/pm-preview-parent-intent-01.json:64: trailing whitespace.
+    ".verification/serve-reviewed-preview-01.mjs",
production/evidence/coordinator/s05/activation-20261004-01/pm-preview-parent-intent-01.json:65: trailing whitespace.
+    "unrelated files"
production/evidence/coordinator/s05/activation-20261004-01/pm-preview-parent-intent-01.json:66: trailing whitespace.
+  ],
production/evidence/coordinator/s05/activation-20261004-01/pm-preview-parent-intent-01.json:67: trailing whitespace.
+  "restart": false,
production/evidence/coordinator/s05/activation-20261004-01/pm-preview-parent-intent-01.json:68: trailing whitespace.
+  "parentProductOrStateWrites": false
production/evidence/coordinator/s05/activation-20261004-01/pm-preview-parent-intent-01.json:69: trailing whitespace.
+}
production/evidence/coordinator/s05/activation-20261004-01/pm-preview-parent-result-01.json:1: trailing whitespace.
+{
production/evidence/coordinator/s05/activation-20261004-01/pm-preview-parent-result-01.json:2: trailing whitespace.
+  "packetType": "RUNNING_WRITER_INPUT_PRESERVATION_DELIVERY_RESULT",
production/evidence/coordinator/s05/activation-20261004-01/pm-preview-parent-result-01.json:3: trailing whitespace.
+  "recordedAt": "2026-10-03T23:52:56.5071372Z",
production/evidence/coordinator/s05/activation-20261004-01/pm-preview-parent-result-01.json:4: trailing whitespace.
+  "actionKey": "yeataro/Grape:S05:pm-preview-input-preservation:01",
production/evidence/coordinator/s05/activation-20261004-01/pm-preview-parent-result-01.json:5: trailing whitespace.
+  "attempt": 1,
production/evidence/coordinator/s05/activation-20261004-01/pm-preview-parent-result-01.json:6: trailing whitespace.
+  "retriesUsed": 0,
production/evidence/coordinator/s05/activation-20261004-01/pm-preview-parent-result-01.json:7: trailing whitespace.
+  "transport": "collaboration.send_message",
production/evidence/coordinator/s05/activation-20261004-01/pm-preview-parent-result-01.json:8: trailing whitespace.
+  "callCount": 1,
production/evidence/coordinator/s05/activation-20261004-01/pm-preview-parent-result-01.json:9: trailing whitespace.
+  "callOutcome": "Returned without error or text payload",
production/evidence/coordinator/s05/activation-20261004-01/pm-preview-parent-result-01.json:10: trailing whitespace.
+  "target": "/root/s03_implementer_resume",
production/evidence/coordinator/s05/activation-20261004-01/pm-preview-parent-result-01.json:11: trailing whitespace.
+  "displayTitle": "Grape S05 實作與維護",
production/evidence/coordinator/s05/activation-20261004-01/pm-preview-parent-result-01.json:12: trailing whitespace.
+  "status": "MESSAGE_QUEUED_TO_RUNNING_WRITER",
production/evidence/coordinator/s05/activation-20261004-01/pm-preview-parent-result-01.json:13: trailing whitespace.
+  "intentRef": {
production/evidence/coordinator/s05/activation-20261004-01/pm-preview-parent-result-01.json:14: trailing whitespace.
+    "sha256": "2154cc01b8cc354685a08903ebbc5e1bb9f464f4e79d5649cc86bc4e624b6727",
production/evidence/coordinator/s05/activation-20261004-01/pm-preview-parent-result-01.json:15: trailing whitespace.
+    "file": "production/evidence/coordinator/s05/activation-20261004-01/pm-preview-parent-intent-01.json"
production/evidence/coordinator/s05/activation-20261004-01/pm-preview-parent-result-01.json:16: trailing whitespace.
+  },
production/evidence/coordinator/s05/activation-20261004-01/pm-preview-parent-result-01.json:17: trailing whitespace.
+  "preservationRequested": "Eight exact original input/helper files in manifest plus explicit forwarding receipts before R",
production/evidence/coordinator/s05/activation-20261004-01/pm-preview-parent-result-01.json:18: trailing whitespace.
+  "consumption": "Not yet acknowledged; persistence and review not asserted",
production/evidence/coordinator/s05/activation-20261004-01/pm-preview-parent-result-01.json:19: trailing whitespace.
+  "followupTaskCalled": false,
production/evidence/coordinator/s05/activation-20261004-01/pm-preview-parent-result-01.json:20: trailing whitespace.
+  "newWriterCreated": false,
production/evidence/coordinator/s05/activation-20261004-01/pm-preview-parent-result-01.json:21: trailing whitespace.
+  "parentProductOrStateWrites": false
production/evidence/coordinator/s05/activation-20261004-01/pm-preview-parent-result-01.json:22: trailing whitespace.
+}
production/evidence/s05/browser-candidate-01/results/s05-S05-mode-UI-persists-s-7218a--Undo-through-real-commands-chromium/error-context.md:123: trailing whitespace.
+  24 | 
production/evidence/s05/browser-candidate-01/teardown-environment-01.json:1: trailing whitespace.
+{
production/evidence/s05/browser-candidate-01/teardown-environment-01.json:2: trailing whitespace.
+  "action": "S05-browser-candidate-01 teardown",
production/evidence/s05/browser-candidate-01/teardown-environment-01.json:3: trailing whitespace.
+  "attempt": 1,
production/evidence/s05/browser-candidate-01/teardown-environment-01.json:4: trailing whitespace.
+  "testSession": 11770,
production/evidence/s05/browser-candidate-01/teardown-environment-01.json:5: trailing whitespace.
+  "parentPID": 3344,
production/evidence/s05/browser-candidate-01/teardown-environment-01.json:6: trailing whitespace.
+  "helperPID": 30392,
production/evidence/s05/browser-candidate-01/teardown-environment-01.json:7: trailing whitespace.
+  "helperParent": 44536,
production/evidence/s05/browser-candidate-01/teardown-environment-01.json:8: trailing whitespace.
+  "helperCreated": "2026-10-03T23:49:48.1063080Z",
production/evidence/s05/browser-candidate-01/teardown-environment-01.json:9: trailing whitespace.
+  "reason": "All five tests ended (four pass, one UI fixture selection failure), but sandbox Playwright webServer teardown hung; process inspection in sandbox denied",
production/evidence/s05/browser-candidate-01/teardown-environment-01.json:10: trailing whitespace.
+  "resolution": "Stop only verified S05 test webServer process tree; subsequent browser runs use legitimately escalated process environment",
production/evidence/s05/browser-candidate-01/teardown-environment-01.json:11: trailing whitespace.
+  "protectedPorts": [
production/evidence/s05/browser-candidate-01/teardown-environment-01.json:12: trailing whitespace.
+    4174,
production/evidence/s05/browser-candidate-01/teardown-environment-01.json:13: trailing whitespace.
+    4192
production/evidence/s05/browser-candidate-01/teardown-environment-01.json:14: trailing whitespace.
+  ]
production/evidence/s05/browser-candidate-01/teardown-environment-01.json:15: trailing whitespace.
+}
production/evidence/s05/browser-candidate-03/results/s05-S05-mode-UI-persists-s-7218a--Undo-through-real-commands-chromium/error-context.md:206: trailing whitespace.
+  33 | 
production/evidence/s05/browser-candidate-03/results/s05-S05-served-HTTP-127-0--fa13f-s-and-exact-Personal-digest-chromium/error-context.md:223: trailing whitespace.
+  33 | 
production/evidence/s05/browser-candidate-05/results/s05-S05-AT04-AT05-real-mod-19ada-es-UI-and-history-unchanged-chromium/error-context.md:255: trailing whitespace.
+  45 | 
