
Running 35 tests using 1 worker

  ok  1 [chromium] › ..\..\production\tests\browser\b01-workspace.spec.ts:53:1 › B01 public two Canvas and two Parameters share edits but retain selection Stage and camera (1.1s)
  ok  2 [chromium] › ..\..\production\tests\browser\b01-workspace.spec.ts:99:1 › B01 public groups fixed follow hide close and Parameters activation have explicit missing state (1.1s)
  ok  3 [chromium] › ..\..\production\tests\browser\b01-workspace.spec.ts:133:1 › B01 public draft survives move hide collapse float while close and route change veto (1.2s)
  ok  4 [chromium] › ..\..\production\tests\browser\b01-workspace.spec.ts:165:1 › B01 public current layout roundtrip fresh context mapping and malformed atomic rejection (2.4s)
  ok  5 [chromium] › ..\..\production\tests\browser\b01-workspace.spec.ts:209:1 › B01 divider keyboard pointer cancel targeted reset preferred width and narrow clamp preserve Graph (1.5s)
  ok  6 [chromium] › ..\..\production\tests\browser\b01-workspace.spec.ts:250:1 › B01 float upper slot dimensions one owner and keyboard collapse do not change graph (916ms)
  ok  7 [chromium] › ..\..\production\tests\browser\b01-workspace.spec.ts:291:1 › B01 current layout storage refusal is visible and never reports saved (560ms)
  ok  8 [chromium] › ..\..\production\tests\browser\b01-workspace.spec.ts:316:1 › B01 public Tab drag groups and orders live Panels; adjacent divider changes only its pair (1.7s)
  ok  9 [chromium] › ..\..\production\tests\browser\b01-workspace.spec.ts:360:1 › B01 trusted keyboard placement during primary drag cancels the old Operation and drains before return (1.2s)
  ok 10 [chromium] › ..\..\production\tests\browser\b01-workspace.spec.ts:385:1 › B01 synthetic composition and detached callback retain draft through placement and cannot edit after close (863ms)
  ok 11 [chromium] › ..\..\production\tests\browser\b01-workspace.spec.ts:417:1 › B01 readonly presentation placement remains available and F2 is Panel scoped after moves (774ms)
  ok 12 [chromium] › ..\..\production\tests\browser\b01-workspace.spec.ts:440:1 › B01 float resize superseded by keyboard dock cleans old controls and narrow hide revokes field callbacks (698ms)
  ok 13 [chromium] › ..\..\production\tests\browser\s05-delivered.spec.ts:50:3 › S05-OWNER-001 delivered public flow shared-expand.grape.json (1.6s)
  ok 14 [chromium] › ..\..\production\tests\browser\s05-delivered.spec.ts:50:3 › S05-OWNER-001 delivered public flow shared-function.grape.json (1.4s)
  ok 15 [chromium] › ..\..\production\tests\browser\s05-delivered.spec.ts:50:3 › S05-OWNER-001 delivered public flow shared-function.personal.json (1.4s)
  ok 16 [chromium] › ..\..\production\tests\browser\s05-delivered.spec.ts:50:3 › S05-OWNER-001 delivered public flow nested-function.grape.json (906ms)
  ok 17 [chromium] › ..\..\production\tests\browser\s05-delivered.spec.ts:50:3 › S05-OWNER-001 delivered public flow uniform-function.grape.json (995ms)
  ok 18 [chromium] › ..\..\production\tests\browser\s05-delivered.spec.ts:50:3 › S05-OWNER-001 delivered public flow constant-detach.grape.json (1.6s)
  ok 19 [chromium] › ..\..\production\tests\browser\s05-delivered.spec.ts:50:3 › S05-OWNER-001 delivered public flow activation-rejected.grape.json (1.2s)
  ok 20 [chromium] › ..\..\production\tests\browser\s05-delivered.spec.ts:50:3 › S05-OWNER-001 delivered public flow shape-array.grape.json (845ms)
  ok 21 [chromium] › ..\..\production\tests\browser\s05-delivered.spec.ts:50:3 › S05-OWNER-001 delivered public flow shape-nominal.grape.json (845ms)
  ok 22 [chromium] › ..\..\production\tests\browser\s05-delivered.spec.ts:50:3 › S05-OWNER-001 delivered public flow pixel-effects.grape.json (882ms)
  ok 23 [chromium] › ..\..\production\tests\browser\s05-delivered.spec.ts:50:3 › S05-OWNER-001 delivered public flow vertex-pixel.grape.json (823ms)
  ok 24 [chromium] › ..\..\production\tests\browser\s05-delivered.spec.ts:50:3 › S05-OWNER-001 delivered public flow legacy-owner.grape.json (1.3s)
  ok 25 [chromium] › ..\..\production\tests\browser\s05-delivered.spec.ts:50:3 › S05-OWNER-001 delivered public flow cross-stage-uniform-distinct.grape.json (864ms)
  ok 26 [chromium] › ..\..\production\tests\browser\s05-delivered.spec.ts:50:3 › S05-OWNER-001 delivered public flow cross-stage-uniform-shared-reversed.grape.json (859ms)
  ok 27 [chromium] › ..\..\production\tests\browser\s05-delivered.spec.ts:67:1 › S05-OWNER-001 exact owner and malformed admission stay strict; original error draft opens only explicitly (2.9s)
  ok 28 [chromium] › ..\..\production\tests\browser\s05-escape-focus.spec.ts:8:5 › S05 natural Escape cancels direct without Export drag with no History entry (1.1s)
  ok 29 [chromium] › ..\..\production\tests\browser\s05-escape-focus.spec.ts:8:5 › S05 natural Escape cancels direct after Export drag with no History entry (1.6s)
  ok 30 [chromium] › ..\..\production\tests\browser\s05-escape-focus.spec.ts:8:5 › S05 natural Escape cancels wrapper without Export drag with no History entry (1.2s)
  ok 31 [chromium] › ..\..\production\tests\browser\s05-escape-focus.spec.ts:8:5 › S05 natural Escape cancels wrapper after Export drag with no History entry (1.7s)
  ok 32 [chromium] › ..\..\production\tests\browser\s05-replacement.spec.ts:28:3 › S05 Replace destination default: eligibility, recovery and exact content (1.6s)
  ok 33 [chromium] › ..\..\production\tests\browser\s05-replacement.spec.ts:28:3 › S05 Replace destination upgraded: eligibility, recovery and exact content (1.9s)
  ok 34 [chromium] › ..\..\production\tests\browser\s05-replacement.spec.ts:28:3 › S05 Replace destination matching: eligibility, recovery and exact content (1.3s)
  ok 35 [chromium] › ..\..\production\tests\browser\s05-replacement.spec.ts:41:1 › S05 Replace separates kind-only mismatch, preserves original and rechecks stale review (1.4s)

  35 passed (45.7s)
(node:44244) Warning: The 'NO_COLOR' env is ignored due to the 'FORCE_COLOR' env being set.
(Use `node --trace-warnings ...` to show where the warning was created)
(node:56032) ExperimentalWarning: Transform Types is an experimental feature and might change at any time
(Use `node --trace-warnings ...` to show where the warning was created)
