
Running 15 tests using 1 worker

  ok  1 [chromium] › tests\browser\s05-delivered.spec.ts:44:3 › S05-OWNER-001 delivered public flow shared-expand.grape.json (1.4s)
  ok  2 [chromium] › tests\browser\s05-delivered.spec.ts:44:3 › S05-OWNER-001 delivered public flow shared-function.grape.json (1.2s)
  ok  3 [chromium] › tests\browser\s05-delivered.spec.ts:44:3 › S05-OWNER-001 delivered public flow shared-function.personal.json (1.1s)
  ok  4 [chromium] › tests\browser\s05-delivered.spec.ts:44:3 › S05-OWNER-001 delivered public flow nested-function.grape.json (735ms)
  ok  5 [chromium] › tests\browser\s05-delivered.spec.ts:44:3 › S05-OWNER-001 delivered public flow uniform-function.grape.json (730ms)
  ok  6 [chromium] › tests\browser\s05-delivered.spec.ts:44:3 › S05-OWNER-001 delivered public flow constant-detach.grape.json (1.4s)
  ok  7 [chromium] › tests\browser\s05-delivered.spec.ts:44:3 › S05-OWNER-001 delivered public flow activation-rejected.grape.json (1.1s)
  ok  8 [chromium] › tests\browser\s05-delivered.spec.ts:44:3 › S05-OWNER-001 delivered public flow shape-array.grape.json (729ms)
  ok  9 [chromium] › tests\browser\s05-delivered.spec.ts:44:3 › S05-OWNER-001 delivered public flow shape-nominal.grape.json (747ms)
  ok 10 [chromium] › tests\browser\s05-delivered.spec.ts:44:3 › S05-OWNER-001 delivered public flow pixel-effects.grape.json (849ms)
  ok 11 [chromium] › tests\browser\s05-delivered.spec.ts:44:3 › S05-OWNER-001 delivered public flow vertex-pixel.grape.json (800ms)
  ok 12 [chromium] › tests\browser\s05-delivered.spec.ts:44:3 › S05-OWNER-001 delivered public flow legacy-owner.grape.json (1.3s)
  ok 13 [chromium] › tests\browser\s05-delivered.spec.ts:44:3 › S05-OWNER-001 delivered public flow cross-stage-uniform-distinct.grape.json (823ms)
  ok 14 [chromium] › tests\browser\s05-delivered.spec.ts:44:3 › S05-OWNER-001 delivered public flow cross-stage-uniform-shared-reversed.grape.json (807ms)
  ok 15 [chromium] › tests\browser\s05-delivered.spec.ts:61:1 › S05-OWNER-001 exact owner and malformed admission stay strict; original error draft opens only explicitly (2.7s)

  15 passed (18.2s)
[WebServer] (node:20360) Warning: The 'NO_COLOR' env is ignored due to the 'FORCE_COLOR' env being set.
[WebServer] (Use `node --trace-warnings ...` to show where the warning was created)
(node:41748) Warning: The 'NO_COLOR' env is ignored due to the 'FORCE_COLOR' env being set.
(Use `node --trace-warnings ...` to show where the warning was created)
(node:41168) ExperimentalWarning: Transform Types is an experimental feature and might change at any time
(Use `node --trace-warnings ...` to show where the warning was created)
