✔ production ownership manifest covers every source and rejects mutation/platform/extension violations (1132.1382ms)
✔ S02 conformance: replacement uses one public Graph batch, isolates observers and retains two Context identities (13.6518ms)
✔ S02 conformance: direct replacement rejects model Error without modifying document/history (3.3984ms)
✔ M2: direct replacement atomically rejects malformed position component before publication (2.0303ms)
✔ M2: direct replacement atomically rejects malformed position length before publication (1.919ms)
✔ M2: direct replacement atomically rejects duplicate recovery IDs before publication (6.3547ms)
✔ M2: direct replacement atomically rejects unknown envelope field before publication (1.919ms)
✔ M2: direct replacement atomically rejects unknown node field before publication (1.6096ms)
✔ M2: direct replacement atomically rejects unknown endpoint field before publication (1.89ms)
✔ M2: catching invalid replacement cannot publish earlier edits in the same batch (1.8031ms)
✔ M2: valid detached replacement publishes once and retains exact Undo/Redo content (3.7364ms)
✔ L10N exact owner, parent/default/inline fallback and plain interpolation leave model/history/generation unchanged (2.2477ms)
✔ L10N atomic duplicate/malformed rejection, revision CAS and immutable detached catalogs (0.5829ms)
✔ L10N observer errors/reentry are isolated, cleanup cancels later delivery, disposed service rejects (0.2509ms)
✔ PC authority: declaration is not grant; render/async/outside event denied, same mounted event succeeds (7.343ms)
✔ PC gesture: origin guard, one operation, cross-Panel lease rejection and latest lease required (8.3478ms)
✔ PC move/hide cancel pointer gesture and drain new leases before workspace action returns (15.2824ms)
✔ PC render failure cancels only unfinished operation after publication, with no reentrant mutation (5.2711ms)
✔ PC same ID reuse and old scope registrations remain revoked (2.5752ms)
✔ VM resources: cleanup in reverse order, failure isolation, stale async tickets, no render reentrancy (0.3076ms)
✔ two independently registered Panels and two Widget view shapes share lifecycle without feature dispatch (0.8444ms)
✔ VM mount/capture/update reentrancy revokes scope and preserves placeholder; explicit retry recovers (0.2395ms)
✔ VM subscription failure releases acquired subscriptions and cannot pretend to mount (0.1156ms)
✔ PC application denies every editing command while readonly or history busy; field binding invalidates (12.6453ms)
✔ AT-S01-01: Float × Multiply → Compose emits pinned host-free GLSL without mutation (2.6718ms)
✔ AT-S01-02: direction, cross-network, occupied input, cycle and type failures are atomic (2.4702ms)
✔ AT-S01-03: mode change captures complete prior ports, edge plans and loss; undo/redo and reload (5.7933ms)
✔ AT-S01-04: multi-batch operation, cancel/no-op redo, expired draft and async draft (4.1533ms)
✔ AT-S01-08: projection before observers, reentrant writes reject and throwing observer does not roll back (2.0769ms)
✔ AT-S01-06: contexts share model and clean selection before external observation (6.0765ms)
✔ scoped field token rejects value ABA, busy, connected and dead targets; unrelated movement preserves token (14.8441ms)
✔ all model errors including unused nodes block generation; fixed definitions and boundaries remain protected (2.563ms)
✔ generation rejects missing/extra declared boundary output even when a module emits an incomplete map (2.0281ms)
✔ shared type environment rejects unknown identity and permits explicitly registered nominal types without changing core dispatch (0.4947ms)
✔ AT-S01-02: endpoints in two real Stage networks cannot be cross-connected (2.4135ms)
✔ unknown Stage slots block generation; duplicate slot identities reject before hydration (4.4501ms)
✔ M1 reviewer counterexample: float 1e21 generates a valid GLSL floating constant (1.9962ms)
✔ M1 reviewer counterexample: multiply 1e21 generates a valid GLSL floating constant (2.2605ms)
✔ M1 literal grammar and value roundtrip cover integers, decimals, signs and exponent-form values (0.3055ms)
✔ M1 all finite float32 exponent bins and representative mantissas have legal value-preserving literals (2.3013ms)
✔ M1 admitted boundary/representative values remain editable and compile through both production literal paths (29.4158ms)
✔ AT-S01-05: document identity, complete content, new lifetime/empty history and semantic regeneration (2.9983ms)
✔ AT-S01-07: ACK of A never marks B saved, rejection and SAVE_BUSY retain baseline; download is separate (8.6697ms)
✔ old saved handle cannot attach to same persistent IDs after reload (5.5772ms)
✔ wire unknown structure, unsupported version/operation/tag, malformed known data precedence and original retention (2.4908ms)
✔ writer refuses executable/hidden values, sparse arrays, nonfinite numbers and altered prototypes without invoking getters (2.2754ms)
✔ missing exact module preserves opaque state and last port policy; loss payload is never activated (3.483ms)
✔ forged stored conversion remains saveable but cannot generate (2.4392ms)
✔ prototype-named unknown structural keys and non-JSON whitespace are not silently accepted (3.0011ms)
✔ unrelated edits preserve forged connection evidence rather than silently repairing it (2.2187ms)
✔ pending storage open cannot replace a newer edit or document lifetime (2.7259ms)
✔ unrelated edits retain explicit invalid-edge evidence even when its stored plan is structurally valid (3.2781ms)
✔ AT-S02-04 PNG: CRC oracle, roundtrip, repeated wrapping and unowned chunks preserve bytes (8.354ms)
✔ AT-S02-04 PNG: malformed CRC, missing metadata, duplicate metadata, compression and malformed envelope are named rejections (3.6815ms)
✔ AT-S02-04 PNG: structural boundaries, file/chunk/metadata limits and invalid UTF-8 never decode pixels or compressed text (96.289ms)
✔ AT-S02-04 PNG: ASCII/CJK/non-BMP budgets match text intake and preserve canonical graph (144.1881ms)
✔ AT-S02-01: detached inspection/cancel/raw retention and one atomic replacement with Context continuity and Undo/Redo (14.9723ms)
✔ AT-S02-01: base revision, content, lifetime, readonly, busy and fabricated review fences (24.0934ms)
✔ AT-S02-01: invalid/future/duplicate IDs/unknown structure have explicit outcomes and never publish (7.4529ms)
✔ AT-S02-01: only explicit layout repair yields a candidate; unknown endpoints/references are never guessed (10.6065ms)
✔ AT-S02-01: mismatched exact pins cannot replace the destination; failed replacement is atomic (3.304ms)
✔ AT-S02-02: missing exact module survives move/rename/save/reopen; exact restoration invokes codec and never substitutes latest (10.185ms)
✔ AT-S02-03 boundary: foreign/legacy input is retained with explicit unresolved Gate, never implicit conversion or archive execution (0.6626ms)
✔ AT-S02-04: ASCII/CJK/non-BMP UTF-8 exact byte budget produces deterministic results without truncation (30.5954ms)
✔ AT-S02-04: network budgets, duplicate JSON keys, unknown nested structure and opaque fields are independently checked (19.3737ms)
✔ S03 Group17 retains a draft, compilation rejects per-direction limit, Undo restores original (67.3338ms)
✔ S03 64-definition destination rejects independence and imported 65th atomically (1305.7702ms)
✔ S03 nested nodes overflow rejects before paste publication (21.3893ms)
✔ S03 nested edges overflow rejects before paste publication (24.6053ms)
✔ S03 symbolic extents require int/uint sources, only outer dimension and pure compilation (6.8107ms)
✔ S03 New may retain a 257-node draft; generation and save reject it without losing the draft (138.4232ms)
✔ S03 partial frames stay outside clipboard; pasted relative positions retain a common offset (6.0247ms)
✔ S03 persisted nested source is preserved while new nested source admission remains rejected (6.917ms)
✔ S03 scalar/vector/matrix sources transfer; composite source reuses only within its source lifetime (28.7599ms)
✔ S03 FR01 admitted nested Structure arrays fail ES300 profile without artifacts; one dimension succeeds (9.4092ms)
✔ S03 FR02 independence remaps mixed parent and shared child owner references with Undo/Redo (59.7886ms)
✔ S03 FR02 independence remaps mixed parent and cloned child owner references with Undo/Redo (60.1129ms)
✔ S03 FR02 incomplete shared-child node address rejects independence atomically (13.0632ms)
✔ S03 FR03 editing inner Structure validates dependent depth16 and preserves Redo on depth17 rejection (23.2591ms)
✔ S03 FR03 affected dependent expansion and vector component budgets reject atomically (4.7533ms)
✔ S03 EG01 native array constructor2048, clipboard2048 boundary and same-load reuse (8.37ms)
✔ S03 EG01 native array constructor2049, clipboard2048 boundary and same-load reuse (9.9168ms)
✔ S03 EG01 native array constructor4096, clipboard2048 boundary and same-load reuse (9.5651ms)
✔ S03 EG01 native array constructor4097 rejects atomically (3.0358ms)
✔ S03 EG01 sampler clipboard path2048 admission (5.7931ms)
✔ S03 EG01 sampler clipboard path2049 admission (4.8418ms)
✔ S03 EG01 native arrays admit float/vec2/vec3/vec4 and remap symbolic length closure (28.718ms)
✔ S03 EG01 native arrays reject matrix/nested/expressions and invalid length owner types (12.8835ms)
✔ S03 EG01 TOP declarations clone while source+origin slots reuse, defaults persist, and Undo/Redo/save preserve identity (21.5638ms)
✔ S03 EG01 specialization import allocates minimal vacant ID0,2 ->1 (6.7462ms)
✔ S03 EG01 unsupported target, unavailable owner and throwing owner reject without publication (6.7274ms)
✔ S03 EG01 numeric uniform scalar/vector/matrix transfer remains independent and generation is explicit unavailable (20.2324ms)
✔ S03 FR03 registered resource types cannot become Structure fields (2.7884ms)
✔ S03 EG01 exact provider/target ownership and imported descriptor failures stay atomic (6.7108ms)
✔ S03 EG01 round2 implicit constant array@["glsl.float",2] preserves same-load reuse and rejects real cross-Graph and fresh-load publication (14.0962ms)
✔ S03 EG01 round2 constant array@["glsl.float",2] preserves same-load reuse and rejects real cross-Graph and fresh-load publication (15.0561ms)
✔ S03 EG01 round2 uniform array@["glsl.float",2] preserves same-load reuse and rejects real cross-Graph and fresh-load publication (14.4157ms)
✔ S03 EG01 round2 implicit constant array@["glsl.vec2",2] preserves same-load reuse and rejects real cross-Graph and fresh-load publication (20.4183ms)
✔ S03 EG01 round2 constant array@["glsl.vec2",2] preserves same-load reuse and rejects real cross-Graph and fresh-load publication (19.7363ms)
✔ S03 EG01 round2 uniform array@["glsl.vec2",2] preserves same-load reuse and rejects real cross-Graph and fresh-load publication (16.0273ms)
✔ S03 EG01 round2 scalar/vector/matrix constants and uniforms still cross actual Graph and fresh load (80.1171ms)
✔ S03 custom declared/state closure same-Graph remaps identities only and Undo/Redo (10.7441ms)
✔ S03 custom declared/state closure cross-Graph remaps identities only and Undo/Redo (11.0929ms)
✔ S03 grouping an existing caller preserves child-owned frame node addresses (14.1687ms)
✔ S03 owner collect/remap throws and escaping/incomplete references reject atomically with Redo preserved (10.7963ms)
✔ S03 custom resources follow encapsulation and direct independence, ordinary dependencies remain shared (22.4065ms)
✔ S03 encapsulation deduplicates crossing interfaces, shared generation is pure, Undo restores all references (8.499ms)
✔ S03 interface rename/reorder/type/removal reconciles every caller once and Undo restores values/invalid edges/loss (12.6745ms)
✔ S03 nested resource callers including unused ancestors reconcile child interface (15.2964ms)
✔ S03 library position keeps identity, semantic edit forks target and library ancestors and local refs atomically (27.9869ms)
✔ S03 direct make independent clones direct definition, shares dependencies and remaps own boundary (20.7437ms)
✔ S03 same-load clipboard reuses current source; cross-graph remaps resources and preserves text (8.9077ms)
✔ S03 clipboard typed native symbolic array closure remaps only semantic references (6.1587ms)
✔ S03 late bad edge, escaping refs, forbidden source and missing closure reject without nodes/resources/history/notifications (6.6345ms)
✔ S03 source selection stays outside encapsulation; boundary-only grouping is no-op and preserves redo (4.6352ms)
✔ S03 structure drafts retain stable fields, reject recursion and block deletion while referenced (2.9632ms)
✔ S03 contexts distinguish occurrences; nested scoped targets never revive after navigation and Undo (37.0707ms)
✔ S03 library snapshot position edit retains origin, first semantic edit forks and old source remains immutable (10.4121ms)
✔ S03 nested delete and required boundary protection use the canonical Graph (6.9597ms)
✔ S03 library ancestor traversal crosses local parents (36.3495ms)
✔ S03 spare-port creation and first edge are one Undo entry with stable keys (8.7577ms)
✔ S03 whole frames travel through grouping and cross-Graph clipboard with fresh identities (12.2914ms)
✔ S03 vector/matrix reshape retains override components and defaults follow interface defaults (5.6004ms)
✔ S03 malformed resource envelopes, missing boundaries and nominal conflicts reject atomically (9.5807ms)
✔ S03 source admission cannot be bypassed by nested add, grouping or pasted nodes (5.1295ms)
✔ S03 layout proposal rejects navigation ABA, semantic fork and Undo (25.9268ms)
✔ S03 clipboard rejects forged hydrated plans and invalid edge evidence (4.3073ms)
✔ S03 empty library paste preserves origin, selection-independent History and Redo (9.3278ms)
✔ S03 packet-wide network identity collisions and malformed reused resource envelopes reject (6.6285ms)
✔ S03 source transfer uses actual load identity and reopened documents cannot forge same-load reuse (2.8834ms)
✔ S03 structure emission is read-only, nominally declared once, field deletion preserves invalid edges and Undo (6.6877ms)
✔ S03 accepted paste requires a valid destination and direct whole frames survive clipboard (6.1887ms)
✔ S03 scoped parameters and proposals from identical persistent IDs expire across a new load (20.7422ms)
✔ S03 library grouping resolves the forked canonical network (9.7972ms)
✔ S03 local child semantic edit forks its library ancestor (23.9008ms)
✔ S03 explicit override equal to default survives interface defaults and save/reload (14.849ms)
✔ S03 direct independence preserves nonowned state, declared references and typed frame resources (15.7082ms)
✔ S03 encapsulation rejects cross-scope node references despite matching local IDs (1.9824ms)
✔ S03 New creates Value vec4 passthrough; shared rename retains instance names and no-op keeps library identity (17.8512ms)
✔ S03 explicit interface Add stops at16 per direction without erasing preserved oversized draft (17.1494ms)
✔ S03 structure authoring validates count, names, description, nested fixed arrays, recursion/depth and expansion (537.2825ms)
✔ S03 large external array declarations survive metadata edits; materialization remains bounded (4.2788ms)
✔ S03 type tokens retain eight dimensions and reject extra tuple fields (2.4837ms)
✔ S03 disconnected output boundary follows shared output defaults (9.2589ms)
✔ S03 inline array construction and same-load reuse allow2049 elements; cross-Graph clipboard rejects composites (24.7411ms)
✔ S03 nested input link ABA invalidates old edit tokens without changing History on rejection (50.2338ms)
✔ S03 shared same-key type changes reject stale caller tokens and removed handles never revive (31.5077ms)
✔ S03 cross-Graph nominal closure remaps nested structures and Undo removes the full insertion (7.5465ms)
✔ S03 reusable definition cycles reject atomically including unused dependencies (14.1999ms)
✔ S04 Personal complete owner payload and typed references survive reuse fork and absent Library source (67.1723ms)
✔ S04 DEC004 same-name destination sources retain distinct identity and changed imported bindings regenerate (633.2041ms)
✔ S04 Personal malformed envelope checksum and unsupported owner reject before provider writes; list deduplicates renamed files (44.3461ms)
✔ S04 DEC002 one-source fanout does not mutate source or existing conversions and pad failures agree (23.9886ms)
✔ S04 Personal root owner remap and input-bound Independent retain complete typed scope (109.7967ms)
✔ S04 stored inherited v2 and pad plans retain complete extensions through Personal shared import and reopen (32.0977ms)
✔ S04 shipped basic Library snapshot compiles after semantic fork and Personal roundtrip (16.4113ms)
✔ S04 Personal canonical package preserves snapshots, same-version reuse, independent and collision-safe filenames (36.5713ms)
✔ S04 DEC002 all16 default float plans, version fences and current ImageOutput compile (1.8215ms)
✔ S04 AC001 additive envelope upgrade retains exact pins and inactive evidence, fences v2 under2.0 (1.335ms)
✔ S04 DEC004 literal Personal typed closure survives canonical export import save reopen generation (38.6513ms)
✔ S04 DEC004 source Personal typed closure survives canonical export import save reopen generation (93.7729ms)
✔ S04 DEC004 direct-source Personal typed closure survives canonical export import save reopen generation (41.935ms)
✔ S04 DEC004 input Personal typed closure survives canonical export import save reopen generation (100.7944ms)
✔ S04 DEC004 input-bound length uses caller override and rejects conflicting caller sources (27.5412ms)
✔ S04 DEC004 nested shared input bindings remap through Personal and remain independent after semantic fork and reinsert (487.77ms)
✔ S04 AC001 inactive owner network resources and unknown wrapper versions preserve the version fence (6.167ms)
✔ S04 DEC004 rejected literal/source/input/nested candidates are atomic through Application with valid checksums (261.2821ms)
✔ S04 Personal Library per-file isolation, safe names, duplicate-at-capacity and provider failures leave existing assets unchanged (43.5637ms)
✔ S04 AC001 unchanged accepted reader and exact old/new definition boundaries (3.3665ms)
✔ S04 inherited v2 plans preserve extensions across hydration move clipboard nested and Personal (18.4382ms)
✔ S04 current exact source owner supports new image descriptors without retargeting legacy owner (0.8573ms)
✔ S04 DEC004 required int length input qualifies with an actual constant supply and changed caller defaults regenerate (105.7354ms)
✔ S05-FR-001 complete program preserves distinct and reversed shared Uniform identity in all emission modes (559.9036ms)
✔ S05-FR-001 same-stage same resource type conflict fails without artifacts or Graph changes (14.3251ms)
✔ S05-FR-001 same-stage same resource default conflict fails without artifacts or Graph changes (14.62ms)
✔ S05-FR-001 cross-stage same resource type conflict fails without artifacts or Graph changes (14.4295ms)
✔ S05-FR-001 cross-stage same resource default conflict fails without artifacts or Graph changes (15.1536ms)
✔ S05 AT03 source/literal shape extents stay fixed; input-bound scalar extent cannot specialize a function (88.1159ms)
✔ S05 AT04 pre-existing malformed constant edge and authored losses are preserved (17.1769ms)
✔ S05 AT04 AT05 unused shared dependent definitions localize and detach atomically with Redo exact (65.6575ms)
✔ S05 AT08 multioutput and unconsumed nested effects have one evaluation per occurrence and stage-local helpers (42.4601ms)
✔ S05 AT08 two live depth writer occurrences reject even when one helper body is deduplicated (17.3215ms)
✔ S05 AT01 definition default shared mode independent and no-op History (28.8828ms)
✔ S05 AT02 one helper per definition and distinct caller arguments; nested helpers are dependency ordered (41.9175ms)
✔ S05 AT03 ordinary inputs are runtime even when all callers pass constants; dead constant uses reject atomically (34.7942ms)
✔ S05 AT03 Uniform parameter binding is runtime; ordinary connection rejects constant receiver without publication (18.0817ms)
✔ S05 AT04 AT05 transitive newly-invalid consumer edges detach once with losses, Undo/Redo and required error (27.1127ms)
✔ S05 AT06 function Personal roundtrip reuses mode, localizes once and preserves source bytes (72.9808ms)
✔ S05 AT06 DEC004 upgraded literal source input and nested Personal retain selected eligible modes through exchange (555.4888ms)
✔ S05 AT07 explicit owner upgrade preserves old pins/body/origin and unknown mode never defaults (8.5793ms)
✔ S05 AT09 later invalid edit and load retain function mode; diagnostic names shared definition and related calls (21.3114ms)
✔ S05 AT10 body/mode/profile changes create fresh artifacts and old snapshot is immutable (47.438ms)
✔ S05 HTTP provider SHA256 canonical bytes known vectors and secure UUIDv4 fail-closed (34.8984ms)
✔ M1: missing-module boundary x rename rejects save before ACK without data loss (17.3833ms)
✔ M1: missing-module boundary 中 rename rejects save before ACK without data loss (15.7279ms)
✔ M1: missing-module boundary 🍇 rename rejects save before ACK without data loss (25.3854ms)
✔ M1: compact fallback validates actual emitted bytes at and beyond the budget (5.2171ms)
✔ M1: nodes at/beyond network limit obey save/reopen invariant (19.5875ms)
✔ M1: edges at/beyond network limit obey save/reopen invariant (35.9046ms)
✔ M1: editing beyond network capacity cannot acknowledge a save or erase the previous saved document (101.858ms)
ℹ tests 200
ℹ suites 0
ℹ pass 200
ℹ fail 0
ℹ cancelled 0
ℹ skipped 0
ℹ todo 0
ℹ duration_ms 9419.2066
(node:29932) ExperimentalWarning: Transform Types is an experimental feature and might change at any time
(Use `node --trace-warnings ...` to show where the warning was created)
