✔ production ownership manifest covers every source and rejects mutation/platform/extension violations (1172.1266ms)
✔ S02 conformance: replacement uses one public Graph batch, isolates observers and retains two Context identities (14.2383ms)
✔ S02 conformance: direct replacement rejects model Error without modifying document/history (2.8073ms)
✔ M2: direct replacement atomically rejects malformed position component before publication (2.1965ms)
✔ M2: direct replacement atomically rejects malformed position length before publication (1.869ms)
✔ M2: direct replacement atomically rejects duplicate recovery IDs before publication (1.7658ms)
✔ M2: direct replacement atomically rejects unknown envelope field before publication (1.9446ms)
✔ M2: direct replacement atomically rejects unknown node field before publication (1.686ms)
✔ M2: direct replacement atomically rejects unknown endpoint field before publication (1.8525ms)
✔ M2: catching invalid replacement cannot publish earlier edits in the same batch (2.4043ms)
✔ M2: valid detached replacement publishes once and retains exact Undo/Redo content (3.5681ms)
✔ L10N exact owner, parent/default/inline fallback and plain interpolation leave model/history/generation unchanged (1.8574ms)
✔ L10N atomic duplicate/malformed rejection, revision CAS and immutable detached catalogs (0.3653ms)
✔ L10N observer errors/reentry are isolated, cleanup cancels later delivery, disposed service rejects (0.2372ms)
✔ PC authority: declaration is not grant; render/async/outside event denied, same mounted event succeeds (3.4606ms)
✔ PC gesture: origin guard, one operation, cross-Panel lease rejection and latest lease required (4.1638ms)
✔ PC move/hide cancel pointer gesture and drain new leases before workspace action returns (10.0414ms)
✔ PC render failure cancels only unfinished operation after publication, with no reentrant mutation (2.5568ms)
✔ PC same ID reuse and old scope registrations remain revoked (1.5002ms)
✔ VM resources: cleanup in reverse order, failure isolation, stale async tickets, no render reentrancy (0.3036ms)
✔ two independently registered Panels and two Widget view shapes share lifecycle without feature dispatch (0.9743ms)
✔ VM mount/capture/update reentrancy revokes scope and preserves placeholder; explicit retry recovers (0.2488ms)
✔ VM subscription failure releases acquired subscriptions and cannot pretend to mount (0.221ms)
✔ PC application denies every editing command while readonly or history busy; field binding invalidates (4.2552ms)
✔ AT-S01-01: Float × Multiply → Compose emits pinned host-free GLSL without mutation (5.59ms)
✔ AT-S01-02: direction, cross-network, occupied input, cycle and type failures are atomic (1.9735ms)
✔ AT-S01-03: mode change captures complete prior ports, edge plans and loss; undo/redo and reload (5.1121ms)
✔ AT-S01-04: multi-batch operation, cancel/no-op redo, expired draft and async draft (4.0343ms)
✔ AT-S01-08: projection before observers, reentrant writes reject and throwing observer does not roll back (1.6725ms)
✔ AT-S01-06: contexts share model and clean selection before external observation (2.613ms)
✔ scoped field token rejects value ABA, busy, connected and dead targets; unrelated movement preserves token (4.0432ms)
✔ all model errors including unused nodes block generation; fixed definitions and boundaries remain protected (2.0894ms)
✔ generation rejects missing/extra declared boundary output even when a module emits an incomplete map (2.2422ms)
✔ shared type environment rejects unknown identity and permits explicitly registered nominal types without changing core dispatch (0.569ms)
✔ AT-S01-02: endpoints in two real Stage networks cannot be cross-connected (1.8904ms)
✔ unknown Stage slots block generation; duplicate slot identities reject before hydration (3.7025ms)
✔ M1 reviewer counterexample: float 1e21 generates a valid GLSL floating constant (2.29ms)
✔ M1 reviewer counterexample: multiply 1e21 generates a valid GLSL floating constant (1.937ms)
✔ M1 literal grammar and value roundtrip cover integers, decimals, signs and exponent-form values (0.2462ms)
✔ M1 all finite float32 exponent bins and representative mantissas have legal value-preserving literals (1.9512ms)
✔ M1 admitted boundary/representative values remain editable and compile through both production literal paths (33.0723ms)
✔ AT-S01-05: document identity, complete content, new lifetime/empty history and semantic regeneration (3.9666ms)
✔ AT-S01-07: ACK of A never marks B saved, rejection and SAVE_BUSY retain baseline; download is separate (5.4794ms)
✔ old saved handle cannot attach to same persistent IDs after reload (2.6923ms)
✔ wire unknown structure, unsupported version/operation/tag, malformed known data precedence and original retention (2.1133ms)
✔ writer refuses executable/hidden values, sparse arrays, nonfinite numbers and altered prototypes without invoking getters (1.7312ms)
✔ missing exact module preserves opaque state and last port policy; loss payload is never activated (3.4384ms)
✔ forged stored conversion remains saveable but cannot generate (2.2437ms)
✔ prototype-named unknown structural keys and non-JSON whitespace are not silently accepted (1.9841ms)
✔ unrelated edits preserve forged connection evidence rather than silently repairing it (2.2037ms)
✔ pending storage open cannot replace a newer edit or document lifetime (2.7472ms)
✔ unrelated edits retain explicit invalid-edge evidence even when its stored plan is structurally valid (3.0827ms)
✔ AT-S02-04 PNG: CRC oracle, roundtrip, repeated wrapping and unowned chunks preserve bytes (8.5442ms)
✔ AT-S02-04 PNG: malformed CRC, missing metadata, duplicate metadata, compression and malformed envelope are named rejections (3.627ms)
✔ AT-S02-04 PNG: structural boundaries, file/chunk/metadata limits and invalid UTF-8 never decode pixels or compressed text (86.961ms)
✔ AT-S02-04 PNG: ASCII/CJK/non-BMP budgets match text intake and preserve canonical graph (145.2515ms)
✔ AT-S02-01: detached inspection/cancel/raw retention and one atomic replacement with Context continuity and Undo/Redo (6.7346ms)
✔ AT-S02-01: base revision, content, lifetime, readonly, busy and fabricated review fences (17.5156ms)
✔ AT-S02-01: invalid/future/duplicate IDs/unknown structure have explicit outcomes and never publish (7.0883ms)
✔ AT-S02-01: only explicit layout repair yields a candidate; unknown endpoints/references are never guessed (9.2505ms)
✔ AT-S02-01: mismatched exact pins cannot replace the destination; failed replacement is atomic (2.6232ms)
✔ AT-S02-02: missing exact module survives move/rename/save/reopen; exact restoration invokes codec and never substitutes latest (12.0878ms)
✔ AT-S02-03 boundary: foreign/legacy input is retained with explicit unresolved Gate, never implicit conversion or archive execution (0.7419ms)
✔ AT-S02-04: ASCII/CJK/non-BMP UTF-8 exact byte budget produces deterministic results without truncation (27.8072ms)
✔ AT-S02-04: network budgets, duplicate JSON keys, unknown nested structure and opaque fields are independently checked (13.9583ms)
✔ S03 Group17 retains a draft, compilation rejects per-direction limit, Undo restores original (52.1504ms)
✔ S03 64-definition destination rejects independence and imported 65th atomically (1100.4852ms)
✔ S03 nested nodes overflow rejects before paste publication (19.2895ms)
✔ S03 nested edges overflow rejects before paste publication (20.6806ms)
✔ S03 symbolic extents require int/uint sources, only outer dimension and pure compilation (5.4248ms)
✔ S03 New may retain a 257-node draft; generation and save reject it without losing the draft (128.7232ms)
✔ S03 partial frames stay outside clipboard; pasted relative positions retain a common offset (5.3772ms)
✔ S03 persisted nested source is preserved while new nested source admission remains rejected (5.8517ms)
✔ S03 scalar/vector/matrix sources transfer; composite source reuses only within its source lifetime (24.0821ms)
✔ S03 FR01 admitted nested Structure arrays fail ES300 profile without artifacts; one dimension succeeds (6.6556ms)
✔ S03 FR02 independence remaps mixed parent and shared child owner references with Undo/Redo (43.0543ms)
✔ S03 FR02 independence remaps mixed parent and cloned child owner references with Undo/Redo (48.0351ms)
✔ S03 FR02 incomplete shared-child node address rejects independence atomically (9.696ms)
✔ S03 FR03 editing inner Structure validates dependent depth16 and preserves Redo on depth17 rejection (18.1338ms)
✔ S03 FR03 affected dependent expansion and vector component budgets reject atomically (3.5159ms)
✔ S03 EG01 native array constructor2048, clipboard2048 boundary and same-load reuse (5.6525ms)
✔ S03 EG01 native array constructor2049, clipboard2048 boundary and same-load reuse (5.5513ms)
✔ S03 EG01 native array constructor4096, clipboard2048 boundary and same-load reuse (5.8513ms)
✔ S03 EG01 native array constructor4097 rejects atomically (1.9529ms)
✔ S03 EG01 sampler clipboard path2048 admission (4.0283ms)
✔ S03 EG01 sampler clipboard path2049 admission (3.4269ms)
✔ S03 EG01 native arrays admit float/vec2/vec3/vec4 and remap symbolic length closure (21.5292ms)
✔ S03 EG01 native arrays reject matrix/nested/expressions and invalid length owner types (10.0794ms)
✔ S03 EG01 TOP declarations clone while source+origin slots reuse, defaults persist, and Undo/Redo/save preserve identity (15.8098ms)
✔ S03 EG01 specialization import allocates minimal vacant ID0,2 ->1 (4.7055ms)
✔ S03 EG01 unsupported target, unavailable owner and throwing owner reject without publication (5.8258ms)
✔ S03 EG01 numeric uniform scalar/vector/matrix transfer remains independent and generation is explicit unavailable (14.8949ms)
✔ S03 FR03 registered resource types cannot become Structure fields (2.5872ms)
✔ S03 EG01 exact provider/target ownership and imported descriptor failures stay atomic (4.6729ms)
✔ S03 EG01 round2 implicit constant array@["glsl.float",2] preserves same-load reuse and rejects real cross-Graph and fresh-load publication (10.5404ms)
✔ S03 EG01 round2 constant array@["glsl.float",2] preserves same-load reuse and rejects real cross-Graph and fresh-load publication (9.5267ms)
✔ S03 EG01 round2 uniform array@["glsl.float",2] preserves same-load reuse and rejects real cross-Graph and fresh-load publication (9.9905ms)
✔ S03 EG01 round2 implicit constant array@["glsl.vec2",2] preserves same-load reuse and rejects real cross-Graph and fresh-load publication (10.3025ms)
✔ S03 EG01 round2 constant array@["glsl.vec2",2] preserves same-load reuse and rejects real cross-Graph and fresh-load publication (11.0836ms)
✔ S03 EG01 round2 uniform array@["glsl.vec2",2] preserves same-load reuse and rejects real cross-Graph and fresh-load publication (11.8726ms)
✔ S03 EG01 round2 scalar/vector/matrix constants and uniforms still cross actual Graph and fresh load (59.2054ms)
✔ S03 custom declared/state closure same-Graph remaps identities only and Undo/Redo (9.2173ms)
✔ S03 custom declared/state closure cross-Graph remaps identities only and Undo/Redo (7.9066ms)
✔ S03 grouping an existing caller preserves child-owned frame node addresses (13.4661ms)
✔ S03 owner collect/remap throws and escaping/incomplete references reject atomically with Redo preserved (9.0801ms)
✔ S03 custom resources follow encapsulation and direct independence, ordinary dependencies remain shared (20.3246ms)
✔ S03 encapsulation deduplicates crossing interfaces, shared generation is pure, Undo restores all references (8.0712ms)
✔ S03 interface rename/reorder/type/removal reconciles every caller once and Undo restores values/invalid edges/loss (13.2033ms)
✔ S03 nested resource callers including unused ancestors reconcile child interface (14.346ms)
✔ S03 library position keeps identity, semantic edit forks target and library ancestors and local refs atomically (25.4705ms)
✔ S03 direct make independent clones direct definition, shares dependencies and remaps own boundary (17.2396ms)
✔ S03 same-load clipboard reuses current source; cross-graph remaps resources and preserves text (7.3149ms)
✔ S03 clipboard typed native symbolic array closure remaps only semantic references (5.1019ms)
✔ S03 late bad edge, escaping refs, forbidden source and missing closure reject without nodes/resources/history/notifications (5.8576ms)
✔ S03 source selection stays outside encapsulation; boundary-only grouping is no-op and preserves redo (4.0147ms)
✔ S03 structure drafts retain stable fields, reject recursion and block deletion while referenced (2.1256ms)
✔ S03 contexts distinguish occurrences; nested scoped targets never revive after navigation and Undo (13.5056ms)
✔ S03 library snapshot position edit retains origin, first semantic edit forks and old source remains immutable (7.5057ms)
✔ S03 nested delete and required boundary protection use the canonical Graph (4.5317ms)
✔ S03 library ancestor traversal crosses local parents (29.6653ms)
✔ S03 spare-port creation and first edge are one Undo entry with stable keys (7.0071ms)
✔ S03 whole frames travel through grouping and cross-Graph clipboard with fresh identities (9.2625ms)
✔ S03 vector/matrix reshape retains override components and defaults follow interface defaults (5.5856ms)
✔ S03 malformed resource envelopes, missing boundaries and nominal conflicts reject atomically (7.8324ms)
✔ S03 source admission cannot be bypassed by nested add, grouping or pasted nodes (4.7024ms)
✔ S03 layout proposal rejects navigation ABA, semantic fork and Undo (8.2382ms)
✔ S03 clipboard rejects forged hydrated plans and invalid edge evidence (3.8302ms)
✔ S03 empty library paste preserves origin, selection-independent History and Redo (7.4192ms)
✔ S03 packet-wide network identity collisions and malformed reused resource envelopes reject (5.4941ms)
✔ S03 source transfer uses actual load identity and reopened documents cannot forge same-load reuse (3.3101ms)
✔ S03 structure emission is read-only, nominally declared once, field deletion preserves invalid edges and Undo (5.8447ms)
✔ S03 accepted paste requires a valid destination and direct whole frames survive clipboard (5.046ms)
✔ S03 scoped parameters and proposals from identical persistent IDs expire across a new load (9.3655ms)
✔ S03 library grouping resolves the forked canonical network (6.7662ms)
✔ S03 local child semantic edit forks its library ancestor (19.5737ms)
✔ S03 explicit override equal to default survives interface defaults and save/reload (14.0689ms)
✔ S03 direct independence preserves nonowned state, declared references and typed frame resources (12.9916ms)
✔ S03 encapsulation rejects cross-scope node references despite matching local IDs (1.6572ms)
✔ S03 New creates Value vec4 passthrough; shared rename retains instance names and no-op keeps library identity (13.0869ms)
✔ S03 explicit interface Add stops at16 per direction without erasing preserved oversized draft (13.4096ms)
✔ S03 structure authoring validates count, names, description, nested fixed arrays, recursion/depth and expansion (448.7618ms)
✔ S03 large external array declarations survive metadata edits; materialization remains bounded (3.8806ms)
✔ S03 type tokens retain eight dimensions and reject extra tuple fields (2.446ms)
✔ S03 disconnected output boundary follows shared output defaults (7.6412ms)
✔ S03 inline array construction and same-load reuse allow2049 elements; cross-Graph clipboard rejects composites (19.0822ms)
✔ S03 nested input link ABA invalidates old edit tokens without changing History on rejection (16.1355ms)
✔ S03 shared same-key type changes reject stale caller tokens and removed handles never revive (10.8174ms)
✔ S03 cross-Graph nominal closure remaps nested structures and Undo removes the full insertion (5.4276ms)
✔ S03 reusable definition cycles reject atomically including unused dependencies (12.1286ms)
✔ S04 Personal complete owner payload and typed references survive reuse fork and absent Library source (58.8363ms)
✔ S04 DEC004 same-name destination sources retain distinct identity and changed imported bindings regenerate (552.5236ms)
✔ S04 Personal malformed envelope checksum and unsupported owner reject before provider writes; list deduplicates renamed files (48.8292ms)
✔ S04 DEC002 one-source fanout does not mutate source or existing conversions and pad failures agree (26.9552ms)
✔ S04 Personal root owner remap and input-bound Independent retain complete typed scope (92.3188ms)
(node:41520) ExperimentalWarning: Transform Types is an experimental feature and might change at any time
(Use `node --trace-warnings ...` to show where the warning was created)
✔ S04 stored inherited v2 and pad plans retain complete extensions through Personal shared import and reopen (30.9234ms)
✔ S04 shipped basic Library snapshot compiles after semantic fork and Personal roundtrip (12.7838ms)
✔ S04 Personal canonical package preserves snapshots, same-version reuse, independent and collision-safe filenames (33.7324ms)
✔ S04 DEC002 all16 default float plans, version fences and current ImageOutput compile (1.4983ms)
✔ S04 AC001 additive envelope upgrade retains exact pins and inactive evidence, fences v2 under2.0 (1.4238ms)
✔ S04 DEC004 literal Personal typed closure survives canonical export import save reopen generation (36.609ms)
✔ S04 DEC004 source Personal typed closure survives canonical export import save reopen generation (87.4256ms)
✔ S04 DEC004 direct-source Personal typed closure survives canonical export import save reopen generation (48.5326ms)
✔ S04 DEC004 input Personal typed closure survives canonical export import save reopen generation (90.9548ms)
✔ S04 DEC004 input-bound length uses caller override and rejects conflicting caller sources (27.7443ms)
✔ S04 DEC004 nested shared input bindings remap through Personal and remain independent after semantic fork and reinsert (426.946ms)
✔ S04 AC001 inactive owner network resources and unknown wrapper versions preserve the version fence (6.9106ms)
✔ S04 DEC004 rejected literal/source/input/nested candidates are atomic through Application with valid checksums (240.053ms)
✔ S04 Personal Library per-file isolation, safe names, duplicate-at-capacity and provider failures leave existing assets unchanged (38.2326ms)
✔ S04 AC001 unchanged accepted reader and exact old/new definition boundaries (3.2535ms)
✔ S04 inherited v2 plans preserve extensions across hydration move clipboard nested and Personal (17.5796ms)
✔ S04 current exact source owner supports new image descriptors without retargeting legacy owner (0.8956ms)
✔ S04 DEC004 required int length input qualifies with an actual constant supply and changed caller defaults regenerate (106.3022ms)
✔ S05 drag repair root reads one fresh snapshot and retains immutable earlier projections (3.7733ms)
✔ S05 drag repair nested reads one fresh snapshot and retains immutable earlier projections (10.5427ms)
✔ S05 drag repair preserves readonly and busy notification values while movement keeps field token (3.3235ms)
✔ S05 replacement eligibility keeps source validity separate and exact mismatch refusal atomic (12.2165ms)
✔ S05 matching replacement preserves Graph load and Context identity with one full-content Undo Redo (12.6615ms)
✔ S05 replacement eligibility and command retain stale cancelled invalid readonly and fabricated guards (27.0548ms)
✔ S05 model preflight and publication share exact kind and ordered-pin refusal without History (3.6929ms)
✔ S05-FR-001 complete program preserves distinct and reversed shared Uniform identity in all emission modes (483.0358ms)
✔ S05-FR-001 same-stage same resource type conflict fails without artifacts or Graph changes (15.0397ms)
✔ S05-FR-001 same-stage same resource default conflict fails without artifacts or Graph changes (15.4826ms)
✔ S05-FR-001 cross-stage same resource type conflict fails without artifacts or Graph changes (14.6579ms)
✔ S05-FR-001 cross-stage same resource default conflict fails without artifacts or Graph changes (13.4644ms)
✔ S05 fixed float: literals inside Function stay constant while formal and result are runtime (34.1194ms)
✔ S05 fixed float: defaults fixed schema every stage and mode with pure generation and roundtrip (230.4922ms)
✔ S05 fixed float: bad payloads unused errors atomic commands fixed source and constant distinction (3.2962ms)
✔ S05 fixed float: scoped two-context edits one Undo and stale token preserve History (6.4905ms)
✔ S05 fixed float: shared Function and Personal owner closure retain exact values (20.5458ms)
✔ S05 fixed vec2: literals inside Function stay constant while formal and result are runtime (34.4262ms)
✔ S05 fixed vec2: defaults fixed schema every stage and mode with pure generation and roundtrip (243.1766ms)
✔ S05 fixed vec2: bad payloads unused errors atomic commands fixed source and constant distinction (4.2488ms)
✔ S05 fixed vec2: scoped two-context edits one Undo and stale token preserve History (7.6918ms)
✔ S05 fixed vec2: shared Function and Personal owner closure retain exact values (22.2581ms)
✔ S05 fixed vec3: literals inside Function stay constant while formal and result are runtime (42.4188ms)
✔ S05 fixed vec3: defaults fixed schema every stage and mode with pure generation and roundtrip (275.6679ms)
✔ S05 fixed vec3: bad payloads unused errors atomic commands fixed source and constant distinction (4.124ms)
✔ S05 fixed vec3: scoped two-context edits one Undo and stale token preserve History (6.2989ms)
✔ S05 fixed vec3: shared Function and Personal owner closure retain exact values (20.321ms)
✔ S05 fixed color: literals inside Function stay constant while formal and result are runtime (33.5933ms)
✔ S05 fixed color: defaults fixed schema every stage and mode with pure generation and roundtrip (249.687ms)
✔ S05 fixed color: bad payloads unused errors atomic commands fixed source and constant distinction (4.2651ms)
✔ S05 fixed color: scoped two-context edits one Undo and stale token preserve History (7.6785ms)
✔ S05 fixed color: shared Function and Personal owner closure retain exact values (20.8444ms)
✔ S05 AT03 source/literal shape extents stay fixed; input-bound scalar extent cannot specialize a function (82.0764ms)
✔ S05 AT04 pre-existing malformed constant edge and authored losses are preserved (15.751ms)
✔ S05 AT04 AT05 unused shared dependent definitions localize and detach atomically with Redo exact (57.6973ms)
✔ S05 AT08 multioutput and unconsumed nested effects have one evaluation per occurrence and stage-local helpers (39.8339ms)
✔ S05 AT08 two live depth writer occurrences reject even when one helper body is deduplicated (18.1939ms)
✔ S05 AT01 definition default shared mode independent and no-op History (25.5575ms)
✔ S05 AT02 one helper per definition and distinct caller arguments; nested helpers are dependency ordered (30.961ms)
✔ S05 AT03 ordinary inputs are runtime even when all callers pass constants; dead constant uses reject atomically (22.8967ms)
✔ S05 AT03 Uniform parameter binding is runtime; ordinary connection rejects constant receiver without publication (15.3391ms)
✔ S05 AT04 AT05 transitive newly-invalid consumer edges detach once with losses, Undo/Redo and required error (25.8926ms)
✔ S05 AT06 function Personal roundtrip reuses mode, localizes once and preserves source bytes (60.8915ms)
✔ S05 AT06 DEC004 upgraded literal source input and nested Personal retain selected eligible modes through exchange (485.8395ms)
✔ S05 AT07 explicit owner upgrade preserves old pins/body/origin and unknown mode never defaults (9.5884ms)
✔ S05 AT09 later invalid edit and load retain function mode; diagnostic names shared definition and related calls (16.9179ms)
✔ S05 AT10 body/mode/profile changes create fresh artifacts and old snapshot is immutable (48.9758ms)
✔ S05 HTTP provider SHA256 canonical bytes known vectors and secure UUIDv4 fail-closed (36.6288ms)
✔ S06 catalog is a detached read over exact document pins and current occurrence stage (4.2011ms)
✔ S06 source/name/category literal rank uses NFKC, aliases and all terms without regular expressions (2.6148ms)
✔ S06 stale creation proposals reject revision, navigation ABA, load and readonly without model or History writes (11.6243ms)
✔ S06 connected creation replaces an occupied exact input atomically and Undo restores it (19.6891ms)
✔ S06 query disposable IDs do not collide with admitted persistent IDs and consume no canonical identity (4.4086ms)
✔ S06 forged reference and mismatched matching-port proposals reject before any model publication (44.5367ms)
✔ S06 reference catalog excludes nested source admission without publishing query changes (19.3222ms)
✔ S06 configured Compose preview and published schema/edge agree in one transaction and one Undo/Redo (63.1309ms)
✔ S06 configured creation rejects invalid missing and non-choice parameters atomically preserving Redo and expired Draft (2.5243ms)
✔ S06 configured creation preserves library fork/reference atomicity and rolls back a rejected choice (6.9608ms)
✔ S06 configured creation keeps initializer descriptor, owner codec and reference validation before publication (3.2166ms)
✔ S06 configured creation followed by failed connection rolls back the full batch (0.6365ms)
✔ M1: missing-module boundary x rename rejects save before ACK without data loss (18.3552ms)
✔ M1: missing-module boundary 中 rename rejects save before ACK without data loss (17.6806ms)
✔ M1: missing-module boundary 🍇 rename rejects save before ACK without data loss (25.3821ms)
✔ M1: compact fallback validates actual emitted bytes at and beyond the budget (13.3638ms)
✔ M1: nodes at/beyond network limit obey save/reopen invariant (22.3633ms)
✔ M1: edges at/beyond network limit obey save/reopen invariant (40.4148ms)
✔ M1: editing beyond network capacity cannot acknowledge a save or erase the previous saved document (93.7285ms)
ℹ tests 239
ℹ suites 0
ℹ pass 239
ℹ fail 0
ℹ cancelled 0
ℹ skipped 0
ℹ todo 0
ℹ duration_ms 9926.9926
