
> grape-s01@0.1.0 conformance
> node tools/runtime.mjs && node tools/module-pins.mjs && node tools/boundaries.mjs

{
  "status": "PASS",
  "algorithm": "sha256 source UTF-8 with digest literals normalized to sha256:<self>",
  "modules": [
    {
      "file": "src/modules/nodes.ts",
      "fingerprint": "sha256:011f48f4ebe044a2391d335ac3cff7c52791f1ee485fd47d211211991e7a2292"
    },
    {
      "file": "src/modules/image.ts",
      "fingerprint": "sha256:30d1266c367648c97b57a6cf77eec9d0bf14ac8bdb057fa4eef457539adb98c3"
    },
    {
      "file": "src/modules/networks.ts",
      "fingerprint": "sha256:fdd67aaa5341ce6c29d05e6b6d3220b90f367e910730ba517899fcf59a3b36d2"
    },
    {
      "file": "src/modules/image-current.ts",
      "fingerprint": "sha256:5e996954cafb09b5816b3e1b0ea4e62cb1668822931e86c8ea0c794406a4ac93"
    },
    {
      "file": "src/modules/extents.ts",
      "fingerprint": "sha256:bcfaaca3ef01c57070e05b26e09bbcacde5d51f6ba0091b8b6aaf3d83efa3c60"
    },
    {
      "file": "src/modules/sources-current.ts",
      "fingerprint": "sha256:bb0ff902b36d7a07fc104412d0ccb11e4e7efed0106aa3c8595026dbcef8b212"
    },
    {
      "file": "src/modules/package-probe.ts",
      "fingerprint": "sha256:5167f5133660bdb59f087fdabf9f15b277989f545a86222ed3efa571d73d012b"
    }
  ]
}
{
  "status": "PASS",
  "errors": [],
  "checkedFiles": 48,
  "limits": [
    "Manifest role and public-export correctness require review.",
    "No security sandbox or proof of callback purity; injected service surface and behavioral tests still enforce runtime authority.",
    "Does not prove absence of arbitrary aliases/casts/reflection or semantic node-name switches. Changes to core by an ordinary extension are independently rejected."
  ]
}
npm notice
npm notice New minor version of npm available! 11.8.0 -> 11.21.0
npm notice Changelog: https://github.com/npm/cli/releases/tag/v11.21.0
npm notice To update run: npm install -g npm@11.21.0
npm notice
