
> grape-s01@0.1.0 test
> node tools/runtime.mjs && node --experimental-transform-types --test --test-isolation=none tests/unit/*.test.ts tests/conformance/*.test.ts

✔ production ownership manifest covers every source and rejects mutation/platform/extension violations (911.935ms)
✔ S02 conformance: replacement uses one public Graph batch, isolates observers and retains two Context identities (12.3952ms)
✔ S02 conformance: direct replacement rejects model Error without modifying document/history (2.4601ms)
✔ M2: direct replacement atomically rejects malformed position component before publication (1.8277ms)
✔ M2: direct replacement atomically rejects malformed position length before publication (1.4254ms)
✔ M2: direct replacement atomically rejects duplicate recovery IDs before publication (1.5805ms)
✔ M2: direct replacement atomically rejects unknown envelope field before publication (1.5722ms)
✔ M2: direct replacement atomically rejects unknown node field before publication (4.535ms)
✔ M2: direct replacement atomically rejects unknown endpoint field before publication (1.5354ms)
✔ M2: catching invalid replacement cannot publish earlier edits in the same batch (1.48ms)
✔ M2: valid detached replacement publishes once and retains exact Undo/Redo content (2.6437ms)
✔ L10N exact owner, parent/default/inline fallback and plain interpolation leave model/history/generation unchanged (1.5203ms)
✔ L10N atomic duplicate/malformed rejection, revision CAS and immutable detached catalogs (0.3638ms)
✔ L10N observer errors/reentry are isolated, cleanup cancels later delivery, disposed service rejects (0.1616ms)
✔ PC authority: declaration is not grant; render/async/outside event denied, same mounted event succeeds (5.296ms)
✔ PC gesture: origin guard, one operation, cross-Panel lease rejection and latest lease required (7.0493ms)
✔ PC move/hide cancel pointer gesture and drain new leases before workspace action returns (14.7969ms)
✔ PC render failure cancels only unfinished operation after publication, with no reentrant mutation (4.9591ms)
✔ PC same ID reuse and old scope registrations remain revoked (2.4628ms)
✔ VM resources: cleanup in reverse order, failure isolation, stale async tickets, no render reentrancy (0.2272ms)
✔ two independently registered Panels and two Widget view shapes share lifecycle without feature dispatch (0.763ms)
✔ VM mount/capture/update reentrancy revokes scope and preserves placeholder; explicit retry recovers (0.2241ms)
✔ VM subscription failure releases acquired subscriptions and cannot pretend to mount (0.095ms)
✔ PC application denies every editing command while readonly or history busy; field binding invalidates (11.4482ms)
✔ AT-S01-01: Float × Multiply → Compose emits pinned host-free GLSL without mutation (2.1494ms)
✔ AT-S01-02: direction, cross-network, occupied input, cycle and type failures are atomic (1.922ms)
✔ AT-S01-03: mode change captures complete prior ports, edge plans and loss; undo/redo and reload (4.3429ms)
✔ AT-S01-04: multi-batch operation, cancel/no-op redo, expired draft and async draft (3.3954ms)
✔ AT-S01-08: projection before observers, reentrant writes reject and throwing observer does not roll back (1.382ms)
✔ AT-S01-06: contexts share model and clean selection before external observation (4.7943ms)
✔ scoped field token rejects value ABA, busy, connected and dead targets; unrelated movement preserves token (11.5284ms)
✔ all model errors including unused nodes block generation; fixed definitions and boundaries remain protected (1.5522ms)
✔ generation rejects missing/extra declared boundary output even when a module emits an incomplete map (1.6951ms)
✔ shared type environment rejects unknown identity and permits explicitly registered nominal types without changing core dispatch (0.4568ms)
✔ AT-S01-02: endpoints in two real Stage networks cannot be cross-connected (2.4452ms)
✔ unknown Stage slots block generation; duplicate slot identities reject before hydration (3.3074ms)
✔ M1 reviewer counterexample: float 1e21 generates a valid GLSL floating constant (1.7799ms)
✔ M1 reviewer counterexample: multiply 1e21 generates a valid GLSL floating constant (1.6073ms)
✔ M1 literal grammar and value roundtrip cover integers, decimals, signs and exponent-form values (0.2402ms)
✔ M1 all finite float32 exponent bins and representative mantissas have legal value-preserving literals (1.7356ms)
✔ M1 admitted boundary/representative values remain editable and compile through both production literal paths (26.2493ms)
✔ AT-S01-05: document identity, complete content, new lifetime/empty history and semantic regeneration (2.386ms)
✔ AT-S01-07: ACK of A never marks B saved, rejection and SAVE_BUSY retain baseline; download is separate (8.1973ms)
✔ old saved handle cannot attach to same persistent IDs after reload (3.7956ms)
✔ wire unknown structure, unsupported version/operation/tag, malformed known data precedence and original retention (1.9151ms)
✔ writer refuses executable/hidden values, sparse arrays, nonfinite numbers and altered prototypes without invoking getters (1.776ms)
✔ missing exact module preserves opaque state and last port policy; loss payload is never activated (2.7211ms)
✔ forged stored conversion remains saveable but cannot generate (1.9544ms)
✔ prototype-named unknown structural keys and non-JSON whitespace are not silently accepted (2.5635ms)
✔ unrelated edits preserve forged connection evidence rather than silently repairing it (2.3134ms)
✔ pending storage open cannot replace a newer edit or document lifetime (2.6165ms)
✔ unrelated edits retain explicit invalid-edge evidence even when its stored plan is structurally valid (1.8274ms)
✔ AT-S02-04 PNG: CRC oracle, roundtrip, repeated wrapping and unowned chunks preserve bytes (7.1057ms)
✔ AT-S02-04 PNG: malformed CRC, missing metadata, duplicate metadata, compression and malformed envelope are named rejections (3.6873ms)
✔ AT-S02-04 PNG: structural boundaries, file/chunk/metadata limits and invalid UTF-8 never decode pixels or compressed text (80.4977ms)
✔ AT-S02-04 PNG: ASCII/CJK/non-BMP budgets match text intake and preserve canonical graph (131.1435ms)
✔ AT-S02-01: detached inspection/cancel/raw retention and one atomic replacement with Context continuity and Undo/Redo (6.9579ms)
✔ AT-S02-01: base revision, content, lifetime, readonly, busy and fabricated review fences (23.6094ms)
✔ AT-S02-01: invalid/future/duplicate IDs/unknown structure have explicit outcomes and never publish (8.4602ms)
✔ AT-S02-01: only explicit layout repair yields a candidate; unknown endpoints/references are never guessed (8.709ms)
✔ AT-S02-01: mismatched exact pins cannot replace the destination; failed replacement is atomic (2.595ms)
✔ AT-S02-02: missing exact module survives move/rename/save/reopen; exact restoration invokes codec and never substitutes latest (8.0422ms)
✔ AT-S02-03 boundary: foreign/legacy input is retained with explicit unresolved Gate, never implicit conversion or archive execution (0.5902ms)
✔ AT-S02-04: ASCII/CJK/non-BMP UTF-8 exact byte budget produces deterministic results without truncation (23.8046ms)
✔ AT-S02-04: network budgets, duplicate JSON keys, unknown nested structure and opaque fields are independently checked (11.7881ms)
✔ S03 Group17 retains a draft, compilation rejects per-direction limit, Undo restores original (36.3394ms)
✔ S03 64-definition destination rejects independence and imported 65th atomically (839.6817ms)
✔ S03 nested nodes overflow rejects before paste publication (15.2522ms)
✔ S03 nested edges overflow rejects before paste publication (17.7728ms)
✔ S03 symbolic extents require int/uint sources, only outer dimension and pure compilation (3.8361ms)
✔ S03 New may retain a 257-node draft; generation and save reject it without losing the draft (78.3834ms)
✔ S03 partial frames stay outside clipboard; pasted relative positions retain a common offset (3.8573ms)
✔ S03 persisted nested source is preserved while new nested source admission remains rejected (4.2279ms)
✔ S03 scalar/vector/matrix sources transfer; composite source reuses only within its source lifetime (17.4595ms)
✔ S03 FR01 admitted nested Structure arrays fail ES300 profile without artifacts; one dimension succeeds (4.9348ms)
✔ S03 FR02 independence remaps mixed parent and shared child owner references with Undo/Redo (31.3071ms)
✔ S03 FR02 independence remaps mixed parent and cloned child owner references with Undo/Redo (33.3016ms)
✔ S03 FR02 incomplete shared-child node address rejects independence atomically (7.1037ms)
✔ S03 FR03 editing inner Structure validates dependent depth16 and preserves Redo on depth17 rejection (14.2096ms)
✔ S03 FR03 affected dependent expansion and vector component budgets reject atomically (2.911ms)
✔ S03 EG01 native array constructor2048, clipboard2048 boundary and same-load reuse (4.2587ms)
✔ S03 EG01 native array constructor2049, clipboard2048 boundary and same-load reuse (4.4966ms)
✔ S03 EG01 native array constructor4096, clipboard2048 boundary and same-load reuse (4.5384ms)
✔ S03 EG01 native array constructor4097 rejects atomically (1.7096ms)
✔ S03 EG01 sampler clipboard path2048 admission (2.7825ms)
✔ S03 EG01 sampler clipboard path2049 admission (2.7986ms)
✔ S03 EG01 native arrays admit float/vec2/vec3/vec4 and remap symbolic length closure (15.9436ms)
✔ S03 EG01 native arrays reject matrix/nested/expressions and invalid length owner types (7.3523ms)
✔ S03 EG01 TOP declarations clone while source+origin slots reuse, defaults persist, and Undo/Redo/save preserve identity (11.1711ms)
✔ S03 EG01 specialization import allocates minimal vacant ID0,2 ->1 (3.7217ms)
✔ S03 EG01 unsupported target, unavailable owner and throwing owner reject without publication (4.5288ms)
✔ S03 EG01 numeric uniform scalar/vector/matrix transfer remains independent and generation is explicit unavailable (10.7145ms)
✔ S03 FR03 registered resource types cannot become Structure fields (1.6655ms)
✔ S03 EG01 exact provider/target ownership and imported descriptor failures stay atomic (3.5208ms)
✔ S03 EG01 round2 implicit constant array@["glsl.float",2] preserves same-load reuse and rejects real cross-Graph and fresh-load publication (8.6361ms)
✔ S03 EG01 round2 constant array@["glsl.float",2] preserves same-load reuse and rejects real cross-Graph and fresh-load publication (8.2239ms)
✔ S03 EG01 round2 uniform array@["glsl.float",2] preserves same-load reuse and rejects real cross-Graph and fresh-load publication (7.5599ms)
✔ S03 EG01 round2 implicit constant array@["glsl.vec2",2] preserves same-load reuse and rejects real cross-Graph and fresh-load publication (7.6114ms)
✔ S03 EG01 round2 constant array@["glsl.vec2",2] preserves same-load reuse and rejects real cross-Graph and fresh-load publication (7.9754ms)
✔ S03 EG01 round2 uniform array@["glsl.vec2",2] preserves same-load reuse and rejects real cross-Graph and fresh-load publication (7.9249ms)
✔ S03 EG01 round2 scalar/vector/matrix constants and uniforms still cross actual Graph and fresh load (40.7495ms)
✔ S03 custom declared/state closure same-Graph remaps identities only and Undo/Redo (6.1888ms)
✔ S03 custom declared/state closure cross-Graph remaps identities only and Undo/Redo (6.1131ms)
✔ S03 grouping an existing caller preserves child-owned frame node addresses (8.3356ms)
✔ S03 owner collect/remap throws and escaping/incomplete references reject atomically with Redo preserved (6.6604ms)
✔ S03 custom resources follow encapsulation and direct independence, ordinary dependencies remain shared (12.3068ms)
✔ S03 encapsulation deduplicates crossing interfaces, shared generation is pure, Undo restores all references (4.5376ms)
✔ S03 interface rename/reorder/type/removal reconciles every caller once and Undo restores values/invalid edges/loss (7.2478ms)
✔ S03 nested resource callers including unused ancestors reconcile child interface (8.4283ms)
✔ S03 library position keeps identity, semantic edit forks target and library ancestors and local refs atomically (15.2081ms)
✔ S03 direct make independent clones direct definition, shares dependencies and remaps own boundary (12.9803ms)
✔ S03 same-load clipboard reuses current source; cross-graph remaps resources and preserves text (6.3992ms)
✔ S03 clipboard typed native symbolic array closure remaps only semantic references (4.3813ms)
✔ S03 late bad edge, escaping refs, forbidden source and missing closure reject without nodes/resources/history/notifications (4.4733ms)
✔ S03 source selection stays outside encapsulation; boundary-only grouping is no-op and preserves redo (2.8152ms)
✔ S03 structure drafts retain stable fields, reject recursion and block deletion while referenced (1.7786ms)
✔ S03 contexts distinguish occurrences; nested scoped targets never revive after navigation and Undo (26.2021ms)
✔ S03 library snapshot position edit retains origin, first semantic edit forks and old source remains immutable (6.3093ms)
✔ S03 nested delete and required boundary protection use the canonical Graph (3.9399ms)
✔ S03 library ancestor traversal crosses local parents (19.6646ms)
✔ S03 spare-port creation and first edge are one Undo entry with stable keys (5.706ms)
✔ S03 whole frames travel through grouping and cross-Graph clipboard with fresh identities (7.1576ms)
✔ S03 vector/matrix reshape retains override components and defaults follow interface defaults (4.5172ms)
✔ S03 malformed resource envelopes, missing boundaries and nominal conflicts reject atomically (5.8713ms)
✔ S03 source admission cannot be bypassed by nested add, grouping or pasted nodes (3.5143ms)
✔ S03 layout proposal rejects navigation ABA, semantic fork and Undo (17.0779ms)
✔ S03 clipboard rejects forged hydrated plans and invalid edge evidence (2.5328ms)
✔ S03 empty library paste preserves origin, selection-independent History and Redo (5.2723ms)
✔ S03 packet-wide network identity collisions and malformed reused resource envelopes reject (3.987ms)
✔ S03 source transfer uses actual load identity and reopened documents cannot forge same-load reuse (2.3947ms)
✔ S03 structure emission is read-only, nominally declared once, field deletion preserves invalid edges and Undo (4.1564ms)
✔ S03 accepted paste requires a valid destination and direct whole frames survive clipboard (3.7268ms)
✔ S03 scoped parameters and proposals from identical persistent IDs expire across a new load (13.3717ms)
✔ S03 library grouping resolves the forked canonical network (5.1636ms)
✔ S03 local child semantic edit forks its library ancestor (13.783ms)
✔ S03 explicit override equal to default survives interface defaults and save/reload (9.1984ms)
✔ S03 direct independence preserves nonowned state, declared references and typed frame resources (9.0792ms)
✔ S03 encapsulation rejects cross-scope node references despite matching local IDs (1.4255ms)
✔ S03 New creates Value vec4 passthrough; shared rename retains instance names and no-op keeps library identity (9.9235ms)
✔ S03 explicit interface Add stops at16 per direction without erasing preserved oversized draft (10.6068ms)
✔ S03 structure authoring validates count, names, description, nested fixed arrays, recursion/depth and expansion (325.9583ms)
✔ S03 large external array declarations survive metadata edits; materialization remains bounded (3.0883ms)
✔ S03 type tokens retain eight dimensions and reject extra tuple fields (2.1379ms)
✔ S03 disconnected output boundary follows shared output defaults (5.7565ms)
✔ S03 inline array construction and same-load reuse allow2049 elements; cross-Graph clipboard rejects composites (16.6544ms)
✔ S03 nested input link ABA invalidates old edit tokens without changing History on rejection (32.8366ms)
✔ S03 shared same-key type changes reject stale caller tokens and removed handles never revive (19.736ms)
✔ S03 cross-Graph nominal closure remaps nested structures and Undo removes the full insertion (5.0894ms)
✔ S03 reusable definition cycles reject atomically including unused dependencies (8.485ms)
(node:45268) ExperimentalWarning: Transform Types is an experimental feature and might change at any time
(Use `node --trace-warnings ...` to show where the warning was created)
✔ S04 Personal complete owner payload and typed references survive reuse fork and absent Library source (43.3746ms)
✔ S04 DEC004 same-name destination sources retain distinct identity and changed imported bindings regenerate (377.755ms)
✔ S04 Personal malformed envelope checksum and unsupported owner reject before provider writes; list deduplicates renamed files (25.8146ms)
✔ S04 DEC002 one-source fanout does not mutate source or existing conversions and pad failures agree (14.1627ms)
✔ S04 Personal root owner remap and input-bound Independent retain complete typed scope (67.9437ms)
✔ S04 stored inherited v2 and pad plans retain complete extensions through Personal shared import and reopen (20.7389ms)
✔ S04 shipped basic Library snapshot compiles after semantic fork and Personal roundtrip (9.1194ms)
✔ S04 Personal canonical package preserves snapshots, same-version reuse, independent and collision-safe filenames (24.0144ms)
✔ S04 DEC002 all16 default float plans, version fences and current ImageOutput compile (1.0556ms)
✔ S04 AC001 additive envelope upgrade retains exact pins and inactive evidence, fences v2 under2.0 (1.16ms)
✔ S04 DEC004 literal Personal typed closure survives canonical export import save reopen generation (24.8775ms)
✔ S04 DEC004 source Personal typed closure survives canonical export import save reopen generation (64.7324ms)
✔ S04 DEC004 direct-source Personal typed closure survives canonical export import save reopen generation (31.0128ms)
✔ S04 DEC004 input Personal typed closure survives canonical export import save reopen generation (67.8607ms)
✔ S04 DEC004 input-bound length uses caller override and rejects conflicting caller sources (19.2318ms)
✔ S04 DEC004 nested shared input bindings remap through Personal and remain independent after semantic fork and reinsert (316.0388ms)
✔ S04 AC001 inactive owner network resources and unknown wrapper versions preserve the version fence (4.6464ms)
✔ S04 DEC004 rejected literal/source/input/nested candidates are atomic through Application with valid checksums (178.1623ms)
✔ S04 Personal Library per-file isolation, safe names, duplicate-at-capacity and provider failures leave existing assets unchanged (29.2497ms)
✔ S04 AC001 unchanged accepted reader and exact old/new definition boundaries (2.7292ms)
✔ S04 inherited v2 plans preserve extensions across hydration move clipboard nested and Personal (11.0299ms)
✔ S04 current exact source owner supports new image descriptors without retargeting legacy owner (0.7467ms)
✔ S04 DEC004 required int length input qualifies with an actual constant supply and changed caller defaults regenerate (79.7464ms)
✔ M1: missing-module boundary x rename rejects save before ACK without data loss (16.2042ms)
✔ M1: missing-module boundary 中 rename rejects save before ACK without data loss (14.8605ms)
✔ M1: missing-module boundary 🍇 rename rejects save before ACK without data loss (24.2659ms)
✔ M1: compact fallback validates actual emitted bytes at and beyond the budget (4.9334ms)
✔ M1: nodes at/beyond network limit obey save/reopen invariant (18.3292ms)
✔ M1: edges at/beyond network limit obey save/reopen invariant (35.59ms)
✔ M1: editing beyond network capacity cannot acknowledge a save or erase the previous saved document (92.4657ms)
ℹ tests 179
ℹ suites 0
ℹ pass 179
ℹ fail 0
ℹ cancelled 0
ℹ skipped 0
ℹ todo 0
ℹ duration_ms 5225.893
npm notice
npm notice New minor version of npm available! 11.8.0 -> 11.21.0
npm notice Changelog: https://github.com/npm/cli/releases/tag/v11.21.0
npm notice To update run: npm install -g npm@11.21.0
npm notice
