[
  {
    "id": "nested-array-shader",
    "status": "failed",
    "diagnostics": [
      {
        "code": "PROFILE_TYPE",
        "message": "Type unavailable in this GLSL profile.",
        "severity": "error",
        "messageRef": {
          "owner": {
            "moduleId": "grape.glsl.es300",
            "version": "0.1.0",
            "fingerprint": "sha256:30d1266c367648c97b57a6cf77eec9d0bf14ac8bdb057fa4eef457539adb98c3",
            "namespace": "grape.glsl.es300",
            "catalogVersion": 1
          },
          "key": "type",
          "fallback": "Type unavailable in this GLSL profile."
        }
      },
      {
        "code": "PROFILE_TYPE",
        "message": "Type unavailable in this GLSL profile.",
        "severity": "error",
        "messageRef": {
          "owner": {
            "moduleId": "grape.glsl.es300",
            "version": "0.1.0",
            "fingerprint": "sha256:30d1266c367648c97b57a6cf77eec9d0bf14ac8bdb057fa4eef457539adb98c3",
            "namespace": "grape.glsl.es300",
            "catalogVersion": 1
          },
          "key": "type",
          "fallback": "Type unavailable in this GLSL profile."
        }
      }
    ]
  },
  {
    "id": "mixed-network-owner-reference-independence",
    "initialDiagnostics": [],
    "groupedDiagnostics": [],
    "copyResourceIds": [
      "id-17",
      "custom-declared",
      "id-15",
      "id-14",
      "custom-state",
      "review-2"
    ],
    "error": null,
    "unchanged": false,
    "childResource": "id-17",
    "childNetwork": "id-18",
    "parentCall": "review-6"
  }
]
(node:22240) ExperimentalWarning: Transform Types is an experimental feature and might change at any time
(Use `node --trace-warnings ...` to show where the warning was created)
