✔ production ownership manifest covers every source and rejects mutation/platform/extension violations (1010.3502ms)
✔ S02 conformance: replacement uses one public Graph batch, isolates observers and retains two Context identities (13.9253ms)
✔ S02 conformance: direct replacement rejects model Error without modifying document/history (3.6028ms)
✔ M2: direct replacement atomically rejects malformed position component before publication (2.0744ms)
✔ M2: direct replacement atomically rejects malformed position length before publication (1.8562ms)
✔ M2: direct replacement atomically rejects duplicate recovery IDs before publication (2.1041ms)
✔ M2: direct replacement atomically rejects unknown envelope field before publication (7.8987ms)
✔ M2: direct replacement atomically rejects unknown node field before publication (1.6778ms)
✔ M2: direct replacement atomically rejects unknown endpoint field before publication (1.5541ms)
✔ M2: catching invalid replacement cannot publish earlier edits in the same batch (1.8344ms)
✔ M2: valid detached replacement publishes once and retains exact Undo/Redo content (4.1967ms)
✔ L10N exact owner, parent/default/inline fallback and plain interpolation leave model/history/generation unchanged (2.0287ms)
✔ L10N atomic duplicate/malformed rejection, revision CAS and immutable detached catalogs (0.581ms)
✔ L10N observer errors/reentry are isolated, cleanup cancels later delivery, disposed service rejects (0.2052ms)
✔ PC authority: declaration is not grant; render/async/outside event denied, same mounted event succeeds (6.8445ms)
✔ PC gesture: origin guard, one operation, cross-Panel lease rejection and latest lease required (11.4ms)
✔ PC move/hide cancel pointer gesture and drain new leases before workspace action returns (18.2804ms)
✔ PC render failure cancels only unfinished operation after publication, with no reentrant mutation (6.8724ms)
✔ PC same ID reuse and old scope registrations remain revoked (3.4808ms)
✔ VM resources: cleanup in reverse order, failure isolation, stale async tickets, no render reentrancy (0.3466ms)
✔ two independently registered Panels and two Widget view shapes share lifecycle without feature dispatch (1.1554ms)
✔ VM mount/capture/update reentrancy revokes scope and preserves placeholder; explicit retry recovers (0.4046ms)
✔ VM subscription failure releases acquired subscriptions and cannot pretend to mount (0.1941ms)
✔ PC application denies every editing command while readonly or history busy; field binding invalidates (13.9181ms)
✔ AT-S01-01: Float × Multiply → Compose emits pinned host-free GLSL without mutation (3.516ms)
✔ AT-S01-02: direction, cross-network, occupied input, cycle and type failures are atomic (2.0359ms)
✔ AT-S01-03: mode change captures complete prior ports, edge plans and loss; undo/redo and reload (5.6219ms)
✔ AT-S01-04: multi-batch operation, cancel/no-op redo, expired draft and async draft (4.8846ms)
✔ AT-S01-08: projection before observers, reentrant writes reject and throwing observer does not roll back (1.9171ms)
✔ AT-S01-06: contexts share model and clean selection before external observation (8.3236ms)
✔ scoped field token rejects value ABA, busy, connected and dead targets; unrelated movement preserves token (14.9358ms)
✔ all model errors including unused nodes block generation; fixed definitions and boundaries remain protected (2.1625ms)
✔ generation rejects missing/extra declared boundary output even when a module emits an incomplete map (2.675ms)
✔ shared type environment rejects unknown identity and permits explicitly registered nominal types without changing core dispatch (0.5062ms)
✔ AT-S01-02: endpoints in two real Stage networks cannot be cross-connected (2.5688ms)
✔ unknown Stage slots block generation; duplicate slot identities reject before hydration (4.3105ms)
✔ M1 reviewer counterexample: float 1e21 generates a valid GLSL floating constant (2.6583ms)
✔ M1 reviewer counterexample: multiply 1e21 generates a valid GLSL floating constant (2.3697ms)
✔ M1 literal grammar and value roundtrip cover integers, decimals, signs and exponent-form values (0.3159ms)
✔ M1 all finite float32 exponent bins and representative mantissas have legal value-preserving literals (2.4196ms)
✔ M1 admitted boundary/representative values remain editable and compile through both production literal paths (29.0188ms)
✔ AT-S01-05: document identity, complete content, new lifetime/empty history and semantic regeneration (2.6977ms)
✔ AT-S01-07: ACK of A never marks B saved, rejection and SAVE_BUSY retain baseline; download is separate (8.8526ms)
✔ old saved handle cannot attach to same persistent IDs after reload (5.4243ms)
✔ wire unknown structure, unsupported version/operation/tag, malformed known data precedence and original retention (2.5015ms)
✔ writer refuses executable/hidden values, sparse arrays, nonfinite numbers and altered prototypes without invoking getters (1.7439ms)
✔ missing exact module preserves opaque state and last port policy; loss payload is never activated (3.3038ms)
✔ forged stored conversion remains saveable but cannot generate (2.8392ms)
✔ prototype-named unknown structural keys and non-JSON whitespace are not silently accepted (2.3596ms)
✔ unrelated edits preserve forged connection evidence rather than silently repairing it (1.9674ms)
✔ pending storage open cannot replace a newer edit or document lifetime (3.1166ms)
✔ unrelated edits retain explicit invalid-edge evidence even when its stored plan is structurally valid (2.078ms)
✔ AT-S02-04 PNG: CRC oracle, roundtrip, repeated wrapping and unowned chunks preserve bytes (8.1846ms)
✔ AT-S02-04 PNG: malformed CRC, missing metadata, duplicate metadata, compression and malformed envelope are named rejections (3.8005ms)
✔ AT-S02-04 PNG: structural boundaries, file/chunk/metadata limits and invalid UTF-8 never decode pixels or compressed text (104.9642ms)
✔ AT-S02-04 PNG: ASCII/CJK/non-BMP budgets match text intake and preserve canonical graph (144.1292ms)
✔ AT-S02-01: detached inspection/cancel/raw retention and one atomic replacement with Context continuity and Undo/Redo (10.039ms)
✔ AT-S02-01: base revision, content, lifetime, readonly, busy and fabricated review fences (27.2536ms)
✔ AT-S02-01: invalid/future/duplicate IDs/unknown structure have explicit outcomes and never publish (6.8016ms)
✔ AT-S02-01: only explicit layout repair yields a candidate; unknown endpoints/references are never guessed (10.9318ms)
✔ AT-S02-01: mismatched exact pins cannot replace the destination; failed replacement is atomic (2.693ms)
✔ AT-S02-02: missing exact module survives move/rename/save/reopen; exact restoration invokes codec and never substitutes latest (8.1156ms)
✔ AT-S02-03 boundary: foreign/legacy input is retained with explicit unresolved Gate, never implicit conversion or archive execution (0.6244ms)
✔ AT-S02-04: ASCII/CJK/non-BMP UTF-8 exact byte budget produces deterministic results without truncation (27.1387ms)
✔ AT-S02-04: network budgets, duplicate JSON keys, unknown nested structure and opaque fields are independently checked (12.5057ms)
✔ S03 Group17 retains a draft, compilation rejects per-direction limit, Undo restores original (44.5586ms)
✔ S03 64-definition destination rejects independence and imported 65th atomically (920.565ms)
✔ S03 nested nodes overflow rejects before paste publication (16.4773ms)
✔ S03 nested edges overflow rejects before paste publication (18.7033ms)
✔ S03 symbolic extents require int/uint sources, only outer dimension and pure compilation (3.9679ms)
✔ S03 New may retain a 257-node draft; generation and save reject it without losing the draft (80.5955ms)
✔ S03 partial frames stay outside clipboard; pasted relative positions retain a common offset (3.7842ms)
✔ S03 persisted nested source is preserved while new nested source admission remains rejected (4.4733ms)
✔ S03 scalar/vector/matrix sources transfer; composite source reuses only within its source lifetime (18.5425ms)
✔ S03 FR01 admitted nested Structure arrays fail ES300 profile without artifacts; one dimension succeeds (5.6136ms)
✔ S03 FR02 independence remaps mixed parent and shared child owner references with Undo/Redo (33.5405ms)
✔ S03 FR02 independence remaps mixed parent and cloned child owner references with Undo/Redo (34.8781ms)
✔ S03 FR02 incomplete shared-child node address rejects independence atomically (10.246ms)
✔ S03 FR03 editing inner Structure validates dependent depth16 and preserves Redo on depth17 rejection (19.2988ms)
✔ S03 FR03 affected dependent expansion and vector component budgets reject atomically (4.575ms)
✔ S03 EG01 native array constructor2048, clipboard2048 boundary and same-load reuse (5.6016ms)
✔ S03 EG01 native array constructor2049, clipboard2048 boundary and same-load reuse (5.7238ms)
✔ S03 EG01 native array constructor4096, clipboard2048 boundary and same-load reuse (6.5604ms)
✔ S03 EG01 native array constructor4097 rejects atomically (2.0846ms)
✔ S03 EG01 sampler clipboard path2048 admission (3.7654ms)
✔ S03 EG01 sampler clipboard path2049 admission (4.2313ms)
✔ S03 EG01 native arrays admit float/vec2/vec3/vec4 and remap symbolic length closure (25.395ms)
✔ S03 EG01 native arrays reject matrix/nested/expressions and invalid length owner types (10.4399ms)
✔ S03 EG01 TOP declarations clone while source+origin slots reuse, defaults persist, and Undo/Redo/save preserve identity (18.6409ms)
✔ S03 EG01 specialization import allocates minimal vacant ID0,2 ->1 (6.5504ms)
✔ S03 EG01 unsupported target, unavailable owner and throwing owner reject without publication (7.2011ms)
✔ S03 EG01 numeric uniform scalar/vector/matrix transfer remains independent and generation is explicit unavailable (18.2086ms)
✔ S03 FR03 registered resource types cannot become Structure fields (2.7894ms)
✔ S03 EG01 exact provider/target ownership and imported descriptor failures stay atomic (5.3388ms)
✔ S03 EG01 round2 implicit constant array@["glsl.float",2] preserves same-load reuse and rejects real cross-Graph and fresh-load publication (12.1367ms)
✔ S03 EG01 round2 constant array@["glsl.float",2] preserves same-load reuse and rejects real cross-Graph and fresh-load publication (11.1402ms)
✔ S03 EG01 round2 uniform array@["glsl.float",2] preserves same-load reuse and rejects real cross-Graph and fresh-load publication (13.0242ms)
✔ S03 EG01 round2 implicit constant array@["glsl.vec2",2] preserves same-load reuse and rejects real cross-Graph and fresh-load publication (13.4729ms)
✔ S03 EG01 round2 constant array@["glsl.vec2",2] preserves same-load reuse and rejects real cross-Graph and fresh-load publication (11.1463ms)
✔ S03 EG01 round2 uniform array@["glsl.vec2",2] preserves same-load reuse and rejects real cross-Graph and fresh-load publication (12.7245ms)
✔ S03 EG01 round2 scalar/vector/matrix constants and uniforms still cross actual Graph and fresh load (65.2258ms)
✔ S03 custom declared/state closure same-Graph remaps identities only and Undo/Redo (9.6105ms)
✔ S03 custom declared/state closure cross-Graph remaps identities only and Undo/Redo (8.5221ms)
✔ S03 grouping an existing caller preserves child-owned frame node addresses (13.0581ms)
✔ S03 owner collect/remap throws and escaping/incomplete references reject atomically with Redo preserved (10.0453ms)
✔ S03 custom resources follow encapsulation and direct independence, ordinary dependencies remain shared (18.1662ms)
✔ S03 encapsulation deduplicates crossing interfaces, shared generation is pure, Undo restores all references (7.5246ms)
✔ S03 interface rename/reorder/type/removal reconciles every caller once and Undo restores values/invalid edges/loss (10.4815ms)
✔ S03 nested resource callers including unused ancestors reconcile child interface (12.3532ms)
✔ S03 library position keeps identity, semantic edit forks target and library ancestors and local refs atomically (22.722ms)
✔ S03 direct make independent clones direct definition, shares dependencies and remaps own boundary (18.8561ms)
✔ S03 same-load clipboard reuses current source; cross-graph remaps resources and preserves text (8.8203ms)
✔ S03 clipboard typed native symbolic array closure remaps only semantic references (6.1008ms)
✔ S03 late bad edge, escaping refs, forbidden source and missing closure reject without nodes/resources/history/notifications (6.1895ms)
✔ S03 source selection stays outside encapsulation; boundary-only grouping is no-op and preserves redo (3.3425ms)
✔ S03 structure drafts retain stable fields, reject recursion and block deletion while referenced (1.9484ms)
✔ S03 contexts distinguish occurrences; nested scoped targets never revive after navigation and Undo (39.0791ms)
✔ S03 library snapshot position edit retains origin, first semantic edit forks and old source remains immutable (9.3219ms)
✔ S03 nested delete and required boundary protection use the canonical Graph (5.9412ms)
✔ S03 library ancestor traversal crosses local parents (27.939ms)
✔ S03 spare-port creation and first edge are one Undo entry with stable keys (7.8481ms)
✔ S03 whole frames travel through grouping and cross-Graph clipboard with fresh identities (12.0331ms)
✔ S03 vector/matrix reshape retains override components and defaults follow interface defaults (7.2112ms)
✔ S03 malformed resource envelopes, missing boundaries and nominal conflicts reject atomically (9.8083ms)
✔ S03 source admission cannot be bypassed by nested add, grouping or pasted nodes (5.7149ms)
✔ S03 layout proposal rejects navigation ABA, semantic fork and Undo (26.9736ms)
✔ S03 clipboard rejects forged hydrated plans and invalid edge evidence (4.1815ms)
✔ S03 empty library paste preserves origin, selection-independent History and Redo (8.5365ms)
✔ S03 packet-wide network identity collisions and malformed reused resource envelopes reject (5.3038ms)
✔ S03 source transfer uses actual load identity and reopened documents cannot forge same-load reuse (3.4502ms)
✔ S03 structure emission is read-only, nominally declared once, field deletion preserves invalid edges and Undo (6.2017ms)
✔ S03 accepted paste requires a valid destination and direct whole frames survive clipboard (5.5913ms)
✔ S03 scoped parameters and proposals from identical persistent IDs expire across a new load (20.828ms)
✔ S03 library grouping resolves the forked canonical network (8.0539ms)
✔ S03 local child semantic edit forks its library ancestor (19.5071ms)
✔ S03 explicit override equal to default survives interface defaults and save/reload (13.8434ms)
✔ S03 direct independence preserves nonowned state, declared references and typed frame resources (12.2694ms)
✔ S03 encapsulation rejects cross-scope node references despite matching local IDs (2.3542ms)
✔ S03 New creates Value vec4 passthrough; shared rename retains instance names and no-op keeps library identity (15.2973ms)
✔ S03 explicit interface Add stops at16 per direction without erasing preserved oversized draft (14.1963ms)
✔ S03 structure authoring validates count, names, description, nested fixed arrays, recursion/depth and expansion (397.6019ms)
✔ S03 large external array declarations survive metadata edits; materialization remains bounded (4.9504ms)
✔ S03 type tokens retain eight dimensions and reject extra tuple fields (2.3659ms)
✔ S03 disconnected output boundary follows shared output defaults (9.2348ms)
✔ S03 inline array construction and same-load reuse allow2049 elements; cross-Graph clipboard rejects composites (21.9009ms)
✔ S03 nested input link ABA invalidates old edit tokens without changing History on rejection (44.9783ms)
✔ S03 shared same-key type changes reject stale caller tokens and removed handles never revive (28.3331ms)
✔ S03 cross-Graph nominal closure remaps nested structures and Undo removes the full insertion (7.4895ms)
✔ S03 reusable definition cycles reject atomically including unused dependencies (12.599ms)
✔ M1: missing-module boundary x rename rejects save before ACK without data loss (22.3323ms)
✔ M1: missing-module boundary 中 rename rejects save before ACK without data loss (20.4305ms)
✔ M1: missing-module boundary 🍇 rename rejects save before ACK without data loss (34.2169ms)
✔ M1: compact fallback validates actual emitted bytes at and beyond the budget (7.1074ms)
✔ M1: nodes at/beyond network limit obey save/reopen invariant (26.274ms)
✔ M1: edges at/beyond network limit obey save/reopen invariant (50.9905ms)
✔ M1: editing beyond network capacity cannot acknowledge a save or erase the previous saved document (127.8927ms)
ℹ tests 156
ℹ suites 0
ℹ pass 156
ℹ fail 0
ℹ cancelled 0
ℹ skipped 0
ℹ todo 0
ℹ duration_ms 4551.9635
(node:55684) ExperimentalWarning: Transform Types is an experimental feature and might change at any time
(Use `node --trace-warnings ...` to show where the warning was created)
