✔ production ownership manifest covers every source and rejects mutation/platform/extension violations (1047.4205ms)
✔ S02 conformance: replacement uses one public Graph batch, isolates observers and retains two Context identities (11.2805ms)
✔ S02 conformance: direct replacement rejects model Error without modifying document/history (2.6641ms)
✔ M2: direct replacement atomically rejects malformed position component before publication (1.7562ms)
✔ M2: direct replacement atomically rejects malformed position length before publication (1.5857ms)
✔ M2: direct replacement atomically rejects duplicate recovery IDs before publication (1.8002ms)
✔ M2: direct replacement atomically rejects unknown envelope field before publication (1.5181ms)
✔ M2: direct replacement atomically rejects unknown node field before publication (1.5308ms)
✔ M2: direct replacement atomically rejects unknown endpoint field before publication (1.5807ms)
✔ M2: catching invalid replacement cannot publish earlier edits in the same batch (1.6726ms)
✔ M2: valid detached replacement publishes once and retains exact Undo/Redo content (3.3478ms)
✔ L10N exact owner, parent/default/inline fallback and plain interpolation leave model/history/generation unchanged (1.568ms)
✔ L10N atomic duplicate/malformed rejection, revision CAS and immutable detached catalogs (0.3634ms)
✔ L10N observer errors/reentry are isolated, cleanup cancels later delivery, disposed service rejects (0.1652ms)
✔ PC authority: declaration is not grant; render/async/outside event denied, same mounted event succeeds (3.4613ms)
✔ PC gesture: origin guard, one operation, cross-Panel lease rejection and latest lease required (3.7832ms)
✔ PC move/hide cancel pointer gesture and drain new leases before workspace action returns (7.0712ms)
✔ PC render failure cancels only unfinished operation after publication, with no reentrant mutation (2.688ms)
✔ PC same ID reuse and old scope registrations remain revoked (1.4759ms)
✔ VM resources: cleanup in reverse order, failure isolation, stale async tickets, no render reentrancy (0.4497ms)
✔ two independently registered Panels and two Widget view shapes share lifecycle without feature dispatch (1.1955ms)
✔ VM mount/capture/update reentrancy revokes scope and preserves placeholder; explicit retry recovers (0.2415ms)
✔ VM subscription failure releases acquired subscriptions and cannot pretend to mount (0.1ms)
✔ PC application denies every editing command while readonly or history busy; field binding invalidates (6.2274ms)
✔ AT-S01-01: Float × Multiply → Compose emits pinned host-free GLSL without mutation (2.5435ms)
✔ AT-S01-02: direction, cross-network, occupied input, cycle and type failures are atomic (1.8671ms)
✔ AT-S01-03: mode change captures complete prior ports, edge plans and loss; undo/redo and reload (4.7494ms)
✔ AT-S01-04: multi-batch operation, cancel/no-op redo, expired draft and async draft (3.8464ms)
✔ AT-S01-08: projection before observers, reentrant writes reject and throwing observer does not roll back (1.5071ms)
✔ AT-S01-06: contexts share model and clean selection before external observation (2.3258ms)
✔ scoped field token rejects value ABA, busy, connected and dead targets; unrelated movement preserves token (3.8504ms)
✔ all model errors including unused nodes block generation; fixed definitions and boundaries remain protected (1.9386ms)
✔ generation rejects missing/extra declared boundary output even when a module emits an incomplete map (1.831ms)
✔ shared type environment rejects unknown identity and permits explicitly registered nominal types without changing core dispatch (0.4445ms)
✔ AT-S01-02: endpoints in two real Stage networks cannot be cross-connected (1.9483ms)
✔ unknown Stage slots block generation; duplicate slot identities reject before hydration (3.4105ms)
✔ M1 reviewer counterexample: float 1e21 generates a valid GLSL floating constant (1.8832ms)
✔ M1 reviewer counterexample: multiply 1e21 generates a valid GLSL floating constant (1.7536ms)
✔ M1 literal grammar and value roundtrip cover integers, decimals, signs and exponent-form values (0.2347ms)
✔ M1 all finite float32 exponent bins and representative mantissas have legal value-preserving literals (1.7496ms)
✔ M1 admitted boundary/representative values remain editable and compile through both production literal paths (25.9623ms)
✔ AT-S01-05: document identity, complete content, new lifetime/empty history and semantic regeneration (2.3102ms)
✔ AT-S01-07: ACK of A never marks B saved, rejection and SAVE_BUSY retain baseline; download is separate (3.4915ms)
✔ old saved handle cannot attach to same persistent IDs after reload (2.1562ms)
✔ wire unknown structure, unsupported version/operation/tag, malformed known data precedence and original retention (1.9431ms)
✔ writer refuses executable/hidden values, sparse arrays, nonfinite numbers and altered prototypes without invoking getters (1.6201ms)
✔ missing exact module preserves opaque state and last port policy; loss payload is never activated (3.0293ms)
✔ forged stored conversion remains saveable but cannot generate (2.1002ms)
✔ prototype-named unknown structural keys and non-JSON whitespace are not silently accepted (1.9238ms)
✔ unrelated edits preserve forged connection evidence rather than silently repairing it (2.0102ms)
✔ pending storage open cannot replace a newer edit or document lifetime (1.8672ms)
✔ unrelated edits retain explicit invalid-edge evidence even when its stored plan is structurally valid (2.0878ms)
✔ AT-S02-04 PNG: CRC oracle, roundtrip, repeated wrapping and unowned chunks preserve bytes (7.697ms)
✔ AT-S02-04 PNG: malformed CRC, missing metadata, duplicate metadata, compression and malformed envelope are named rejections (4.1438ms)
✔ AT-S02-04 PNG: structural boundaries, file/chunk/metadata limits and invalid UTF-8 never decode pixels or compressed text (88.5541ms)
✔ AT-S02-04 PNG: ASCII/CJK/non-BMP budgets match text intake and preserve canonical graph (139.7099ms)
✔ AT-S02-01: detached inspection/cancel/raw retention and one atomic replacement with Context continuity and Undo/Redo (6.2687ms)
✔ AT-S02-01: base revision, content, lifetime, readonly, busy and fabricated review fences (17.9408ms)
✔ AT-S02-01: invalid/future/duplicate IDs/unknown structure have explicit outcomes and never publish (6.7395ms)
✔ AT-S02-01: only explicit layout repair yields a candidate; unknown endpoints/references are never guessed (10.3387ms)
✔ AT-S02-01: mismatched exact pins cannot replace the destination; failed replacement is atomic (6.3905ms)
✔ AT-S02-02: missing exact module survives move/rename/save/reopen; exact restoration invokes codec and never substitutes latest (8.2081ms)
✔ AT-S02-03 boundary: foreign/legacy input is retained with explicit unresolved Gate, never implicit conversion or archive execution (0.6861ms)
✔ AT-S02-04: ASCII/CJK/non-BMP UTF-8 exact byte budget produces deterministic results without truncation (28.6411ms)
✔ AT-S02-04: network budgets, duplicate JSON keys, unknown nested structure and opaque fields are independently checked (12.8473ms)
✔ S03 Group17 retains a draft, compilation rejects per-direction limit, Undo restores original (51.7973ms)
✔ S03 64-definition destination rejects independence and imported 65th atomically (1102.6206ms)
✔ S03 nested nodes overflow rejects before paste publication (17.0247ms)
✔ S03 nested edges overflow rejects before paste publication (18.4091ms)
✔ S03 symbolic extents require int/uint sources, only outer dimension and pure compilation (4.2615ms)
✔ S03 New may retain a 257-node draft; generation and save reject it without losing the draft (95.2222ms)
✔ S03 partial frames stay outside clipboard; pasted relative positions retain a common offset (4.4672ms)
✔ S03 persisted nested source is preserved while new nested source admission remains rejected (5.0268ms)
✔ S03 scalar/vector/matrix sources transfer; composite source reuses only within its source lifetime (19.818ms)
✔ S03 FR01 admitted nested Structure arrays fail ES300 profile without artifacts; one dimension succeeds (6.0428ms)
✔ S03 FR02 independence remaps mixed parent and shared child owner references with Undo/Redo (40.5089ms)
✔ S03 FR02 independence remaps mixed parent and cloned child owner references with Undo/Redo (45.6248ms)
✔ S03 FR02 incomplete shared-child node address rejects independence atomically (10.0001ms)
✔ S03 FR03 editing inner Structure validates dependent depth16 and preserves Redo on depth17 rejection (17.2316ms)
✔ S03 FR03 affected dependent expansion and vector component budgets reject atomically (3.3204ms)
✔ S03 EG01 native array constructor2048, clipboard2048 boundary and same-load reuse (5.3503ms)
✔ S03 EG01 native array constructor2049, clipboard2048 boundary and same-load reuse (7.2875ms)
✔ S03 EG01 native array constructor4096, clipboard2048 boundary and same-load reuse (6.4341ms)
✔ S03 EG01 native array constructor4097 rejects atomically (3.3769ms)
✔ S03 EG01 sampler clipboard path2048 admission (3.282ms)
✔ S03 EG01 sampler clipboard path2049 admission (3.6704ms)
✔ S03 EG01 native arrays admit float/vec2/vec3/vec4 and remap symbolic length closure (20.619ms)
✔ S03 EG01 native arrays reject matrix/nested/expressions and invalid length owner types (7.8978ms)
✔ S03 EG01 TOP declarations clone while source+origin slots reuse, defaults persist, and Undo/Redo/save preserve identity (13.4754ms)
✔ S03 EG01 specialization import allocates minimal vacant ID0,2 ->1 (4.3105ms)
✔ S03 EG01 unsupported target, unavailable owner and throwing owner reject without publication (5.5591ms)
✔ S03 EG01 numeric uniform scalar/vector/matrix transfer remains independent and generation is explicit unavailable (13.5192ms)
✔ S03 FR03 registered resource types cannot become Structure fields (1.7975ms)
✔ S03 EG01 exact provider/target ownership and imported descriptor failures stay atomic (3.8881ms)
✔ S03 EG01 round2 implicit constant array@["glsl.float",2] preserves same-load reuse and rejects real cross-Graph and fresh-load publication (9.3001ms)
✔ S03 EG01 round2 constant array@["glsl.float",2] preserves same-load reuse and rejects real cross-Graph and fresh-load publication (9.5341ms)
✔ S03 EG01 round2 uniform array@["glsl.float",2] preserves same-load reuse and rejects real cross-Graph and fresh-load publication (8.8406ms)
✔ S03 EG01 round2 implicit constant array@["glsl.vec2",2] preserves same-load reuse and rejects real cross-Graph and fresh-load publication (9.1545ms)
✔ S03 EG01 round2 constant array@["glsl.vec2",2] preserves same-load reuse and rejects real cross-Graph and fresh-load publication (9.962ms)
✔ S03 EG01 round2 uniform array@["glsl.vec2",2] preserves same-load reuse and rejects real cross-Graph and fresh-load publication (9.5306ms)
✔ S03 EG01 round2 scalar/vector/matrix constants and uniforms still cross actual Graph and fresh load (49.8463ms)
✔ S03 custom declared/state closure same-Graph remaps identities only and Undo/Redo (7.0234ms)
✔ S03 custom declared/state closure cross-Graph remaps identities only and Undo/Redo (6.7626ms)
✔ S03 grouping an existing caller preserves child-owned frame node addresses (10.5612ms)
✔ S03 owner collect/remap throws and escaping/incomplete references reject atomically with Redo preserved (8.1895ms)
✔ S03 custom resources follow encapsulation and direct independence, ordinary dependencies remain shared (16.0138ms)
✔ S03 encapsulation deduplicates crossing interfaces, shared generation is pure, Undo restores all references (7.5746ms)
✔ S03 interface rename/reorder/type/removal reconciles every caller once and Undo restores values/invalid edges/loss (11.3958ms)
✔ S03 nested resource callers including unused ancestors reconcile child interface (10.0459ms)
✔ S03 library position keeps identity, semantic edit forks target and library ancestors and local refs atomically (20.513ms)
✔ S03 direct make independent clones direct definition, shares dependencies and remaps own boundary (16.347ms)
✔ S03 same-load clipboard reuses current source; cross-graph remaps resources and preserves text (6.1768ms)
✔ S03 clipboard typed native symbolic array closure remaps only semantic references (4.9043ms)
✔ S03 late bad edge, escaping refs, forbidden source and missing closure reject without nodes/resources/history/notifications (4.9862ms)
✔ S03 source selection stays outside encapsulation; boundary-only grouping is no-op and preserves redo (3.5146ms)
✔ S03 structure drafts retain stable fields, reject recursion and block deletion while referenced (1.9766ms)
✔ S03 contexts distinguish occurrences; nested scoped targets never revive after navigation and Undo (11.9639ms)
✔ S03 library snapshot position edit retains origin, first semantic edit forks and old source remains immutable (7.1815ms)
✔ S03 nested delete and required boundary protection use the canonical Graph (4.5395ms)
✔ S03 library ancestor traversal crosses local parents (25.3254ms)
✔ S03 spare-port creation and first edge are one Undo entry with stable keys (6.3532ms)
✔ S03 whole frames travel through grouping and cross-Graph clipboard with fresh identities (8.0807ms)
✔ S03 vector/matrix reshape retains override components and defaults follow interface defaults (5.0695ms)
✔ S03 malformed resource envelopes, missing boundaries and nominal conflicts reject atomically (7.1073ms)
✔ S03 source admission cannot be bypassed by nested add, grouping or pasted nodes (4.0413ms)
✔ S03 layout proposal rejects navigation ABA, semantic fork and Undo (7.2629ms)
✔ S03 clipboard rejects forged hydrated plans and invalid edge evidence (2.7138ms)
✔ S03 empty library paste preserves origin, selection-independent History and Redo (6.6816ms)
✔ S03 packet-wide network identity collisions and malformed reused resource envelopes reject (4.6357ms)
✔ S03 source transfer uses actual load identity and reopened documents cannot forge same-load reuse (2.6864ms)
✔ S03 structure emission is read-only, nominally declared once, field deletion preserves invalid edges and Undo (4.7361ms)
✔ S03 accepted paste requires a valid destination and direct whole frames survive clipboard (4.1997ms)
✔ S03 scoped parameters and proposals from identical persistent IDs expire across a new load (6.956ms)
✔ S03 library grouping resolves the forked canonical network (5.9375ms)
✔ S03 local child semantic edit forks its library ancestor (17.2516ms)
✔ S03 explicit override equal to default survives interface defaults and save/reload (10.8705ms)
✔ S03 direct independence preserves nonowned state, declared references and typed frame resources (10.7069ms)
✔ S03 encapsulation rejects cross-scope node references despite matching local IDs (1.6122ms)
✔ S03 New creates Value vec4 passthrough; shared rename retains instance names and no-op keeps library identity (12.0316ms)
✔ S03 explicit interface Add stops at16 per direction without erasing preserved oversized draft (12.1004ms)
✔ S03 structure authoring validates count, names, description, nested fixed arrays, recursion/depth and expansion (384.5235ms)
✔ S03 large external array declarations survive metadata edits; materialization remains bounded (3.2899ms)
✔ S03 type tokens retain eight dimensions and reject extra tuple fields (2.3493ms)
✔ S03 disconnected output boundary follows shared output defaults (6.6003ms)
✔ S03 inline array construction and same-load reuse allow2049 elements; cross-Graph clipboard rejects composites (18.8284ms)
✔ S03 nested input link ABA invalidates old edit tokens without changing History on rejection (16.3942ms)
✔ S03 shared same-key type changes reject stale caller tokens and removed handles never revive (10.4045ms)
✔ S03 cross-Graph nominal closure remaps nested structures and Undo removes the full insertion (5.9251ms)
✔ S03 reusable definition cycles reject atomically including unused dependencies (12.5048ms)
✔ S04 Personal complete owner payload and typed references survive reuse fork and absent Library source (53.1587ms)
✔ S04 DEC004 same-name destination sources retain distinct identity and changed imported bindings regenerate (454.7293ms)
✔ S04 Personal malformed envelope checksum and unsupported owner reject before provider writes; list deduplicates renamed files (31.4148ms)
✔ S04 DEC002 one-source fanout does not mutate source or existing conversions and pad failures agree (21.2731ms)
✔ S04 Personal root owner remap and input-bound Independent retain complete typed scope (77.9812ms)
✔ S04 stored inherited v2 and pad plans retain complete extensions through Personal shared import and reopen (29.7328ms)
✔ S04 shipped basic Library snapshot compiles after semantic fork and Personal roundtrip (12.092ms)
✔ S04 Personal canonical package preserves snapshots, same-version reuse, independent and collision-safe filenames (30.4734ms)
✔ S04 DEC002 all16 default float plans, version fences and current ImageOutput compile (1.4649ms)
✔ S04 AC001 additive envelope upgrade retains exact pins and inactive evidence, fences v2 under2.0 (1.1809ms)
✔ S04 DEC004 literal Personal typed closure survives canonical export import save reopen generation (29.121ms)
✔ S04 DEC004 source Personal typed closure survives canonical export import save reopen generation (72.4523ms)
✔ S04 DEC004 direct-source Personal typed closure survives canonical export import save reopen generation (37.0431ms)
✔ S04 DEC004 input Personal typed closure survives canonical export import save reopen generation (76.7054ms)
✔ S04 DEC004 input-bound length uses caller override and rejects conflicting caller sources (20.8489ms)
✔ S04 DEC004 nested shared input bindings remap through Personal and remain independent after semantic fork and reinsert (352.9695ms)
✔ S04 AC001 inactive owner network resources and unknown wrapper versions preserve the version fence (4.9273ms)
✔ S04 DEC004 rejected literal/source/input/nested candidates are atomic through Application with valid checksums (199.0396ms)
✔ S04 Personal Library per-file isolation, safe names, duplicate-at-capacity and provider failures leave existing assets unchanged (35.1315ms)
✔ S04 AC001 unchanged accepted reader and exact old/new definition boundaries (3.1316ms)
✔ S04 inherited v2 plans preserve extensions across hydration move clipboard nested and Personal (16.3306ms)
✔ S04 current exact source owner supports new image descriptors without retargeting legacy owner (0.8162ms)
✔ S04 DEC004 required int length input qualifies with an actual constant supply and changed caller defaults regenerate (87.864ms)
✔ S05 drag repair root reads one fresh snapshot and retains immutable earlier projections (2.4009ms)
✔ S05 drag repair nested reads one fresh snapshot and retains immutable earlier projections (8.5158ms)
✔ S05 drag repair preserves readonly and busy notification values while movement keeps field token (3.2935ms)
✔ S05 replacement eligibility keeps source validity separate and exact mismatch refusal atomic (13.3208ms)
✔ S05 matching replacement preserves Graph load and Context identity with one full-content Undo Redo (10.8938ms)
✔ S05 replacement eligibility and command retain stale cancelled invalid readonly and fabricated guards (25.4049ms)
✔ S05 model preflight and publication share exact kind and ordered-pin refusal without History (3.4804ms)
✔ S05-FR-001 complete program preserves distinct and reversed shared Uniform identity in all emission modes (479.7368ms)
✔ S05-FR-001 same-stage same resource type conflict fails without artifacts or Graph changes (14.7134ms)
✔ S05-FR-001 same-stage same resource default conflict fails without artifacts or Graph changes (13.7888ms)
✔ S05-FR-001 cross-stage same resource type conflict fails without artifacts or Graph changes (13.4709ms)
✔ S05-FR-001 cross-stage same resource default conflict fails without artifacts or Graph changes (13.0536ms)
✔ S05 fixed float: literals inside Function stay constant while formal and result are runtime (33.6878ms)
✔ S05 fixed float: defaults fixed schema every stage and mode with pure generation and roundtrip (289.5824ms)
✔ S05 fixed float: bad payloads unused errors atomic commands fixed source and constant distinction (3.2692ms)
✔ S05 fixed float: scoped two-context edits one Undo and stale token preserve History (6.128ms)
✔ S05 fixed float: shared Function and Personal owner closure retain exact values (18.0787ms)
✔ S05 fixed vec2: literals inside Function stay constant while formal and result are runtime (31.3214ms)
✔ S05 fixed vec2: defaults fixed schema every stage and mode with pure generation and roundtrip (241.0966ms)
✔ S05 fixed vec2: bad payloads unused errors atomic commands fixed source and constant distinction (4.061ms)
✔ S05 fixed vec2: scoped two-context edits one Undo and stale token preserve History (6.5029ms)
✔ S05 fixed vec2: shared Function and Personal owner closure retain exact values (23.4769ms)
✔ S05 fixed vec3: literals inside Function stay constant while formal and result are runtime (33.0598ms)
✔ S05 fixed vec3: defaults fixed schema every stage and mode with pure generation and roundtrip (232.6895ms)
✔ S05 fixed vec3: bad payloads unused errors atomic commands fixed source and constant distinction (3.9321ms)
✔ S05 fixed vec3: scoped two-context edits one Undo and stale token preserve History (6.1461ms)
✔ S05 fixed vec3: shared Function and Personal owner closure retain exact values (18.5337ms)
✔ S05 fixed color: literals inside Function stay constant while formal and result are runtime (30.4326ms)
✔ S05 fixed color: defaults fixed schema every stage and mode with pure generation and roundtrip (240.0375ms)
✔ S05 fixed color: bad payloads unused errors atomic commands fixed source and constant distinction (4.0361ms)
✔ S05 fixed color: scoped two-context edits one Undo and stale token preserve History (6.0864ms)
✔ S05 fixed color: shared Function and Personal owner closure retain exact values (18.8452ms)
✔ S05 AT03 source/literal shape extents stay fixed; input-bound scalar extent cannot specialize a function (77.5651ms)
✔ S05 AT04 pre-existing malformed constant edge and authored losses are preserved (16.6695ms)
✔ S05 AT04 AT05 unused shared dependent definitions localize and detach atomically with Redo exact (61.9136ms)
✔ S05 AT08 multioutput and unconsumed nested effects have one evaluation per occurrence and stage-local helpers (38.281ms)
✔ S05 AT08 two live depth writer occurrences reject even when one helper body is deduplicated (16.8731ms)
✔ S05 AT01 definition default shared mode independent and no-op History (24.6581ms)
✔ S05 AT02 one helper per definition and distinct caller arguments; nested helpers are dependency ordered (30.5381ms)
✔ S05 AT03 ordinary inputs are runtime even when all callers pass constants; dead constant uses reject atomically (22.541ms)
✔ S05 AT03 Uniform parameter binding is runtime; ordinary connection rejects constant receiver without publication (15.0242ms)
✔ S05 AT04 AT05 transitive newly-invalid consumer edges detach once with losses, Undo/Redo and required error (26.0562ms)
✔ S05 AT06 function Personal roundtrip reuses mode, localizes once and preserves source bytes (62.0688ms)
✔ S05 AT06 DEC004 upgraded literal source input and nested Personal retain selected eligible modes through exchange (469.0014ms)
✔ S05 AT07 explicit owner upgrade preserves old pins/body/origin and unknown mode never defaults (7.5101ms)
✔ S05 AT09 later invalid edit and load retain function mode; diagnostic names shared definition and related calls (17.0093ms)
✔ S05 AT10 body/mode/profile changes create fresh artifacts and old snapshot is immutable (45.0356ms)
✔ S05 HTTP provider SHA256 canonical bytes known vectors and secure UUIDv4 fail-closed (35.0143ms)
✔ S06 catalog is a detached read over exact document pins and current occurrence stage (3.2242ms)
✔ S06 source/name/category literal rank uses NFKC, aliases and all terms without regular expressions (2.3872ms)
✔ S06 stale creation proposals reject revision, navigation ABA, load and readonly without model or History writes (13.4718ms)
✔ S06 connected creation replaces an occupied exact input atomically and Undo restores it (22.0706ms)
✔ S06 query disposable IDs do not collide with admitted persistent IDs and consume no canonical identity (4.1548ms)
✔ S06 forged reference and mismatched matching-port proposals reject before any model publication (45.8333ms)
✔ S06 reference catalog excludes nested source admission without publishing query changes (18.5441ms)
✔ M1: missing-module boundary x rename rejects save before ACK without data loss (13.8759ms)
✔ M1: missing-module boundary 中 rename rejects save before ACK without data loss (12.7705ms)
✔ M1: missing-module boundary 🍇 rename rejects save before ACK without data loss (18.9037ms)
✔ M1: compact fallback validates actual emitted bytes at and beyond the budget (5.4277ms)
✔ M1: nodes at/beyond network limit obey save/reopen invariant (19.9985ms)
✔ M1: edges at/beyond network limit obey save/reopen invariant (40.2083ms)
✔ M1: editing beyond network capacity cannot acknowledge a save or erase the previous saved document (84.6433ms)
ℹ tests 234
ℹ suites 0
ℹ pass 234
ℹ fail 0
ℹ cancelled 0
ℹ skipped 0
ℹ todo 0
ℹ duration_ms 8961.8435
(node:59384) ExperimentalWarning: Transform Types is an experimental feature and might change at any time
(Use `node --trace-warnings ...` to show where the warning was created)
