(node:65492) ExperimentalWarning: Transform Types is an experimental feature and might change at any time
(Use `node --trace-warnings ...` to show where the warning was created)
[
  {
    "id": "nested-array-shader",
    "status": "success",
    "diagnostics": []
  },
  {
    "id": "mixed-network-owner-reference-independence",
    "initialDiagnostics": [],
    "groupedDiagnostics": [],
    "copyResourceIds": [
      "id-17",
      "custom-declared",
      "id-15",
      "id-14",
      "custom-state",
      "review-2"
    ],
    "error": "REFERENCE_ESCAPE: REFERENCE_ESCAPE",
    "unchanged": true,
    "childResource": "id-17",
    "childNetwork": "id-18",
    "parentCall": "review-6"
  }
]
