
> grape-s01@0.1.0 test
> node tools/runtime.mjs && node --experimental-transform-types --test --test-isolation=none tests/unit/*.test.ts tests/conformance/*.test.ts

✔ production ownership manifest covers every source and rejects mutation/platform/extension violations (1190.7153ms)
✔ S02 conformance: replacement uses one public Graph batch, isolates observers and retains two Context identities (14.5231ms)
✔ S02 conformance: direct replacement rejects model Error without modifying document/history (3.1575ms)
✔ M2: direct replacement atomically rejects malformed position component before publication (2.5977ms)
✔ M2: direct replacement atomically rejects malformed position length before publication (2.5415ms)
✔ M2: direct replacement atomically rejects duplicate recovery IDs before publication (1.805ms)
✔ M2: direct replacement atomically rejects unknown envelope field before publication (1.8914ms)
✔ M2: direct replacement atomically rejects unknown node field before publication (1.6422ms)
✔ M2: direct replacement atomically rejects unknown endpoint field before publication (2.198ms)
✔ M2: catching invalid replacement cannot publish earlier edits in the same batch (2.4342ms)
✔ M2: valid detached replacement publishes once and retains exact Undo/Redo content (4.1606ms)
✔ L10N exact owner, parent/default/inline fallback and plain interpolation leave model/history/generation unchanged (2.3514ms)
✔ L10N atomic duplicate/malformed rejection, revision CAS and immutable detached catalogs (0.6941ms)
✔ L10N observer errors/reentry are isolated, cleanup cancels later delivery, disposed service rejects (0.2397ms)
✔ PC authority: declaration is not grant; render/async/outside event denied, same mounted event succeeds (10.4376ms)
✔ PC gesture: origin guard, one operation, cross-Panel lease rejection and latest lease required (9.0409ms)
✔ PC move/hide cancel pointer gesture and drain new leases before workspace action returns (18.0077ms)
✔ PC render failure cancels only unfinished operation after publication, with no reentrant mutation (5.1983ms)
✔ PC same ID reuse and old scope registrations remain revoked (2.8226ms)
✔ VM resources: cleanup in reverse order, failure isolation, stale async tickets, no render reentrancy (0.4211ms)
✔ two independently registered Panels and two Widget view shapes share lifecycle without feature dispatch (1.0513ms)
✔ VM mount/capture/update reentrancy revokes scope and preserves placeholder; explicit retry recovers (0.3173ms)
✔ VM subscription failure releases acquired subscriptions and cannot pretend to mount (0.168ms)
✔ PC application denies every editing command while readonly or history busy; field binding invalidates (16.2975ms)
✔ AT-S01-01: Float × Multiply → Compose emits pinned host-free GLSL without mutation (2.9428ms)
✔ AT-S01-02: direction, cross-network, occupied input, cycle and type failures are atomic (2.6993ms)
✔ AT-S01-03: mode change captures complete prior ports, edge plans and loss; undo/redo and reload (5.9814ms)
✔ AT-S01-04: multi-batch operation, cancel/no-op redo, expired draft and async draft (4.5016ms)
✔ AT-S01-08: projection before observers, reentrant writes reject and throwing observer does not roll back (2.1254ms)
✔ AT-S01-06: contexts share model and clean selection before external observation (6.3255ms)
✔ scoped field token rejects value ABA, busy, connected and dead targets; unrelated movement preserves token (12.9538ms)
✔ all model errors including unused nodes block generation; fixed definitions and boundaries remain protected (2.1084ms)
✔ generation rejects missing/extra declared boundary output even when a module emits an incomplete map (1.985ms)
✔ shared type environment rejects unknown identity and permits explicitly registered nominal types without changing core dispatch (0.5597ms)
✔ AT-S01-02: endpoints in two real Stage networks cannot be cross-connected (2.5166ms)
✔ unknown Stage slots block generation; duplicate slot identities reject before hydration (4.4658ms)
✔ M1 reviewer counterexample: float 1e21 generates a valid GLSL floating constant (2.6258ms)
✔ M1 reviewer counterexample: multiply 1e21 generates a valid GLSL floating constant (1.7765ms)
✔ M1 literal grammar and value roundtrip cover integers, decimals, signs and exponent-form values (0.259ms)
✔ M1 all finite float32 exponent bins and representative mantissas have legal value-preserving literals (2.3187ms)
✔ M1 admitted boundary/representative values remain editable and compile through both production literal paths (28.3969ms)
✔ AT-S01-05: document identity, complete content, new lifetime/empty history and semantic regeneration (2.289ms)
✔ AT-S01-07: ACK of A never marks B saved, rejection and SAVE_BUSY retain baseline; download is separate (9.3633ms)
✔ old saved handle cannot attach to same persistent IDs after reload (4.6602ms)
✔ wire unknown structure, unsupported version/operation/tag, malformed known data precedence and original retention (2.5008ms)
✔ writer refuses executable/hidden values, sparse arrays, nonfinite numbers and altered prototypes without invoking getters (1.7755ms)
✔ missing exact module preserves opaque state and last port policy; loss payload is never activated (2.792ms)
✔ forged stored conversion remains saveable but cannot generate (2.889ms)
✔ prototype-named unknown structural keys and non-JSON whitespace are not silently accepted (2.7638ms)
✔ unrelated edits preserve forged connection evidence rather than silently repairing it (2.4136ms)
✔ pending storage open cannot replace a newer edit or document lifetime (3.4027ms)
✔ unrelated edits retain explicit invalid-edge evidence even when its stored plan is structurally valid (2.6782ms)
✔ AT-S02-04 PNG: CRC oracle, roundtrip, repeated wrapping and unowned chunks preserve bytes (11.3098ms)
✔ AT-S02-04 PNG: malformed CRC, missing metadata, duplicate metadata, compression and malformed envelope are named rejections (4.3998ms)
✔ AT-S02-04 PNG: structural boundaries, file/chunk/metadata limits and invalid UTF-8 never decode pixels or compressed text (111.761ms)
✔ AT-S02-04 PNG: ASCII/CJK/non-BMP budgets match text intake and preserve canonical graph (136.1352ms)
✔ AT-S02-01: detached inspection/cancel/raw retention and one atomic replacement with Context continuity and Undo/Redo (7.2568ms)
✔ AT-S02-01: base revision, content, lifetime, readonly, busy and fabricated review fences (20.5962ms)
✔ AT-S02-01: invalid/future/duplicate IDs/unknown structure have explicit outcomes and never publish (7.2713ms)
✔ AT-S02-01: only explicit layout repair yields a candidate; unknown endpoints/references are never guessed (14.1619ms)
✔ AT-S02-01: mismatched exact pins cannot replace the destination; failed replacement is atomic (2.3114ms)
✔ AT-S02-02: missing exact module survives move/rename/save/reopen; exact restoration invokes codec and never substitutes latest (6.8964ms)
✔ AT-S02-03 boundary: foreign/legacy input is retained with explicit unresolved Gate, never implicit conversion or archive execution (0.6845ms)
✔ AT-S02-04: ASCII/CJK/non-BMP UTF-8 exact byte budget produces deterministic results without truncation (23.8518ms)
✔ AT-S02-04: network budgets, duplicate JSON keys, unknown nested structure and opaque fields are independently checked (13.5165ms)
✔ S03 Group17 retains a draft, compilation rejects per-direction limit, Undo restores original (44.4239ms)
✔ S03 64-definition destination rejects independence and imported 65th atomically (999.041ms)
✔ S03 nested nodes overflow rejects before paste publication (21.7704ms)
✔ S03 nested edges overflow rejects before paste publication (27.6039ms)
✔ S03 symbolic extents require int/uint sources, only outer dimension and pure compilation (5.7805ms)
✔ S03 New may retain a 257-node draft; generation and save reject it without losing the draft (108.9051ms)
✔ S03 partial frames stay outside clipboard; pasted relative positions retain a common offset (5.7239ms)
✔ S03 persisted nested source is preserved while new nested source admission remains rejected (6.4427ms)
✔ S03 scalar/vector/matrix sources transfer; composite source reuses only within its source lifetime (24.8543ms)
✔ S03 custom declared/state closure same-Graph remaps identities only and Undo/Redo (9.9214ms)
✔ S03 custom declared/state closure cross-Graph remaps identities only and Undo/Redo (8.6899ms)
✔ S03 grouping an existing caller preserves child-owned frame node addresses (12.2696ms)
✔ S03 owner collect/remap throws and escaping/incomplete references reject atomically with Redo preserved (9.7677ms)
✔ S03 custom resources follow encapsulation and direct independence, ordinary dependencies remain shared (18.166ms)
✔ S03 encapsulation deduplicates crossing interfaces, shared generation is pure, Undo restores all references (7.5759ms)
✔ S03 interface rename/reorder/type/removal reconciles every caller once and Undo restores values/invalid edges/loss (11.0189ms)
✔ S03 nested resource callers including unused ancestors reconcile child interface (12.0466ms)
✔ S03 library position keeps identity, semantic edit forks target and library ancestors and local refs atomically (22.7261ms)
✔ S03 direct make independent clones direct definition, shares dependencies and remaps own boundary (18.8672ms)
✔ S03 same-load clipboard reuses current source; cross-graph remaps resources and preserves text (9.1935ms)
✔ S03 clipboard typed nominal and symbolic array closure remaps only semantic references (6.5908ms)
✔ S03 late bad edge, escaping refs, forbidden source and missing closure reject without nodes/resources/history/notifications (6.5161ms)
✔ S03 source selection stays outside encapsulation; boundary-only grouping is no-op and preserves redo (4.3453ms)
✔ S03 structure drafts retain stable fields, reject recursion and block deletion while referenced (3.7147ms)
✔ S03 contexts distinguish occurrences; nested scoped targets never revive after navigation and Undo (40.2523ms)
✔ S03 library snapshot position edit retains origin, first semantic edit forks and old source remains immutable (9.7109ms)
✔ S03 nested delete and required boundary protection use the canonical Graph (6.5646ms)
✔ S03 library ancestor traversal crosses local parents (32.1773ms)
✔ S03 spare-port creation and first edge are one Undo entry with stable keys (8.8651ms)
✔ S03 whole frames travel through grouping and cross-Graph clipboard with fresh identities (12.1869ms)
✔ S03 vector/matrix reshape retains override components and defaults follow interface defaults (7.4376ms)
✔ S03 malformed resource envelopes, missing boundaries and nominal conflicts reject atomically (9.8054ms)
✔ S03 source admission cannot be bypassed by nested add, grouping or pasted nodes (5.4281ms)
✔ S03 layout proposal rejects navigation ABA, semantic fork and Undo (26.5191ms)
✔ S03 clipboard rejects forged hydrated plans and invalid edge evidence (3.9905ms)
✔ S03 empty library paste preserves origin, selection-independent History and Redo (8.999ms)
✔ S03 packet-wide network identity collisions and malformed reused resource envelopes reject (6.5101ms)
✔ S03 source transfer uses actual load identity and reopened documents cannot forge same-load reuse (4.0223ms)
✔ S03 structure emission is read-only, nominally declared once, field deletion preserves invalid edges and Undo (6.905ms)
✔ S03 accepted paste requires a valid destination and direct whole frames survive clipboard (6.0462ms)
✔ S03 scoped parameters and proposals from identical persistent IDs expire across a new load (20.0049ms)
✔ S03 library grouping resolves the forked canonical network (8.6764ms)
✔ S03 local child semantic edit forks its library ancestor (23.831ms)
✔ S03 explicit override equal to default survives interface defaults and save/reload (14.5488ms)
✔ S03 direct independence preserves nonowned state, declared references and typed frame resources (10.5162ms)
✔ S03 encapsulation rejects cross-scope node references despite matching local IDs (2.0397ms)
✔ S03 New creates Value vec4 passthrough; shared rename retains instance names and no-op keeps library identity (13.3614ms)
✔ S03 explicit interface Add stops at16 per direction without erasing preserved oversized draft (14.5248ms)
✔ S03 structure authoring validates count, names, description, nested fixed arrays, recursion/depth and expansion (384.0433ms)
✔ S03 large external array declarations survive metadata edits; materialization remains bounded (5.0573ms)
✔ S03 type tokens retain eight dimensions and reject extra tuple fields (2.5009ms)
✔ S03 disconnected output boundary follows shared output defaults (9.3458ms)
✔ S03 inline numeric source arrays do not inherit native path-length limits (19.0332ms)
✔ S03 nested input link ABA invalidates old edit tokens without changing History on rejection (48.3649ms)
✔ S03 shared same-key type changes reject stale caller tokens and removed handles never revive (28.6462ms)
✔ S03 cross-Graph nominal closure remaps nested structures and Undo removes the full insertion (7.1924ms)
✔ S03 reusable definition cycles reject atomically including unused dependencies (11.2489ms)
✔ M1: missing-module boundary x rename rejects save before ACK without data loss (23.3249ms)
✔ M1: missing-module boundary 中 rename rejects save before ACK without data loss (20.5841ms)
✔ M1: missing-module boundary 🍇 rename rejects save before ACK without data loss (34.3695ms)
✔ M1: compact fallback validates actual emitted bytes at and beyond the budget (8.3131ms)
✔ M1: nodes at/beyond network limit obey save/reopen invariant (25.8662ms)
✔ M1: edges at/beyond network limit obey save/reopen invariant (43.8157ms)
✔ M1: editing beyond network capacity cannot acknowledge a save or erase the previous saved document (127.4737ms)
(node:6484) ExperimentalWarning: Transform Types is an experimental feature and might change at any time
(Use `node --trace-warnings ...` to show where the warning was created)
ℹ tests 129
ℹ suites 0
ℹ pass 129
ℹ fail 0
ℹ cancelled 0
ℹ skipped 0
ℹ todo 0
ℹ duration_ms 4517.9183
npm notice
npm notice New minor version of npm available! 11.8.0 -> 11.21.0
npm notice Changelog: https://github.com/npm/cli/releases/tag/v11.21.0
npm notice To update run: npm install -g npm@11.21.0
npm notice
