
Running 39 tests using 1 worker

(node:59136) Warning: The 'NO_COLOR' env is ignored due to the 'FORCE_COLOR' env being set.
(Use `node --trace-warnings ...` to show where the warning was created)
  ok  1 [chromium] › ..\..\..\production\tests\browser\s06-connection-view.spec.ts:63:3 › S06 connection notice compact geometry 1280 and successful inverse routes one Undo (1.8s)
  ok  2 [chromium] › ..\..\..\production\tests\browser\s06-connection-view.spec.ts:63:3 › S06 connection notice compact geometry 1440 and successful inverse routes one Undo (1.6s)
  ok  3 [chromium] › ..\..\..\production\tests\browser\s06-connection-view.spec.ts:63:3 › S06 connection notice compact geometry 620 and successful inverse routes one Undo (1.6s)
  ok  4 [chromium] › ..\..\..\production\tests\browser\s06-connection-view.spec.ts:105:3 › S06 selection geometry remains fixed at zoom 1 (958ms)
  ok  5 [chromium] › ..\..\..\production\tests\browser\s06-connection-view.spec.ts:105:3 › S06 selection geometry remains fixed at zoom 1.2 (965ms)
  ok  6 [chromium] › ..\..\..\production\tests\browser\s06-connection-view.spec.ts:137:1 › S06 PORT_TARGET and same-direction refusal remain visible until matching recovery; compiler error stays (1.7s)
  ok  7 [chromium] › ..\..\..\production\tests\browser\s06-connection-view.spec.ts:176:3 › S06 temporary output wire follows pointer and zoom without touching real edges (1.2s)
  ok  8 [chromium] › ..\..\..\production\tests\browser\s06-connection-view.spec.ts:176:3 › S06 temporary input wire follows pointer and zoom without touching real edges (1.1s)
  ok  9 [chromium] › ..\..\..\production\tests\browser\s06-connection-view.spec.ts:235:1 › S06 connection cancellation stale scope readonly and two Canvas status stay independent (2.9s)
  ok 10 [chromium] › ..\..\..\production\tests\browser\s06-connection-view.spec.ts:292:1 › S06 catalog pointer hover follows row while keyboard selection and Browse inspect remain view only (776ms)
  ok 11 [chromium] › ..\..\..\production\tests\browser\s06-connection-view.spec.ts:320:1 › S06 public port drag both directions commits once and cancelled held release adds no History (2.9s)
  ok 12 [chromium] › ..\..\..\production\tests\browser\s06-connection-view.spec.ts:365:1 › S06 pending connection expires on shared revision and new load without stale endpoint reuse (1.2s)
  ok 13 [chromium] › ..\..\..\production\tests\browser\s06-connection-view.spec.ts:395:1 › S06 subthreshold port release outside the button leaves no orphan wire or History (816ms)
  ok 14 [chromium] › ..\..\..\production\tests\browser\s06-hover-repair.spec.ts:37:5 › S06 repair F2 focused control versus hovered node (504ms)
  ok 15 [chromium] › ..\..\..\production\tests\browser\s06-hover-repair.spec.ts:37:5 › S06 repair F2 focused control versus hovered panel (508ms)
  ok 16 [chromium] › ..\..\..\production\tests\browser\s06-hover-repair.spec.ts:37:5 › S06 repair F2 focused control versus hovered control (514ms)
  ok 17 [chromium] › ..\..\..\production\tests\browser\s06-hover-repair.spec.ts:37:5 › S06 repair F2 focused node versus hovered node (458ms)
  ok 18 [chromium] › ..\..\..\production\tests\browser\s06-hover-repair.spec.ts:37:5 › S06 repair F2 focused node versus hovered panel (446ms)
  ok 19 [chromium] › ..\..\..\production\tests\browser\s06-hover-repair.spec.ts:37:5 › S06 repair F2 focused node versus hovered control (514ms)
  ok 20 [chromium] › ..\..\..\production\tests\browser\s06-hover-repair.spec.ts:37:5 › S06 repair F2 focused port versus hovered node (841ms)
  ok 21 [chromium] › ..\..\..\production\tests\browser\s06-hover-repair.spec.ts:37:5 › S06 repair F2 focused port versus hovered panel (710ms)
  ok 22 [chromium] › ..\..\..\production\tests\browser\s06-hover-repair.spec.ts:37:5 › S06 repair F2 focused port versus hovered control (714ms)
  ok 23 [chromium] › ..\..\..\production\tests\browser\s06-hover-repair.spec.ts:84:1 › S06 repair compact disclosures share presentation without model changes (905ms)
  ok 24 [chromium] › ..\..\..\production\tests\browser\s06-hover-repair.spec.ts:116:1 › S06 grouped project actions preserve nested Personal and saved-dialog focus (639ms)
  ok 25 [chromium] › ..\..\..\production\tests\browser\s06-hover-repair.spec.ts:168:1 › S06 output diagnostics locate current nodes and reject stale detached actions (936ms)
  ok 26 [chromium] › ..\..\..\production\tests\browser\s06-status-pointer.spec.ts:35:34 › S06 complete persistent loss details have a keyboard read path at 620 (2.2s)
  ok 27 [chromium] › ..\..\..\production\tests\browser\s06-status-pointer.spec.ts:35:34 › S06 complete persistent loss details have a keyboard read path at 1440 (2.4s)
  ok 28 [chromium] › ..\..\..\production\tests\browser\s06-status-pointer.spec.ts:92:1 › S06 bottom application error summary opens complete current text without clearing or History (1.5s)
  ok 29 [chromium] › ..\..\..\production\tests\browser\s06-status-pointer.spec.ts:120:1 › S06 synthetic outside pointercancel is pointer-specific; click pending survives unpressed motion (904ms)
  ok 30 [chromium] › ..\..\..\production\tests\browser\s06-status-pointer.spec.ts:135:1 › S06 delayed matching storage recovery retires open error details with usable focus (526ms)
  ok 31 [chromium] › ..\..\..\production\tests\browser\s06-status-pointer.spec.ts:166:1 › S06 actual 3px uncaptured port release across Canvas Inspector retires wire and ring (1.3s)
  ok 32 [chromium] › ..\..\..\production\tests\browser\s06-status-pointer.spec.ts:184:39 › S06 trusted Enter socket activation waits for real pointer and preserves keyboard connection (1.6s)
  ok 33 [chromium] › ..\..\..\production\tests\browser\s06-status-pointer.spec.ts:184:39 › S06 trusted Space socket activation waits for real pointer and preserves keyboard connection (1.6s)
  ok 34 [chromium] › ..\..\..\production\tests\browser\s06-status-pointer.spec.ts:206:1 › S06 selection changes no body content field socket or wire geometry across pan and zoom (12.6s)
  ok 35 [chromium] › ..\..\..\production\tests\browser\s06-workspace.spec.ts:21:1 › S06 catalog literal normalized search, source/type filters, inspect and native text do not edit (802ms)
  ok 36 [chromium] › ..\..\..\production\tests\browser\s06-workspace.spec.ts:67:1 › S06 blank double-click and Tab create previews; movement is independent, cancel and stage change add no History (1.1s)
  ok 37 [chromium] › ..\..\..\production\tests\browser\s06-workspace.spec.ts:105:1 › S06 connected input blank drop disconnects once and Undo restores occupied input (1.4s)
  ok 38 [chromium] › ..\..\..\production\tests\browser\s06-workspace.spec.ts:117:1 › S06 help and context menu keyboard, readonly browsing and responsive original actions (1.2s)
  ok 39 [chromium] › ..\..\..\production\tests\browser\s06-workspace.spec.ts:177:1 › S06 compile error survives unrelated successful Save and clears on matching successful Generate (613ms)

  39 passed (57.6s)
