✔ production ownership manifest covers every source and rejects mutation/platform/extension violations (959.141ms)
✔ S02 conformance: replacement uses one public Graph batch, isolates observers and retains two Context identities (11.6598ms)
✔ S02 conformance: direct replacement rejects model Error without modifying document/history (2.6104ms)
✔ M2: direct replacement atomically rejects malformed position component before publication (1.8763ms)
✔ M2: direct replacement atomically rejects malformed position length before publication (1.5156ms)
✔ M2: direct replacement atomically rejects duplicate recovery IDs before publication (1.7056ms)
✔ M2: direct replacement atomically rejects unknown envelope field before publication (1.6048ms)
✔ M2: direct replacement atomically rejects unknown node field before publication (1.6046ms)
✔ M2: direct replacement atomically rejects unknown endpoint field before publication (1.6345ms)
✔ M2: catching invalid replacement cannot publish earlier edits in the same batch (1.5832ms)
✔ M2: valid detached replacement publishes once and retains exact Undo/Redo content (2.7979ms)
✔ L10N exact owner, parent/default/inline fallback and plain interpolation leave model/history/generation unchanged (1.739ms)
✔ L10N atomic duplicate/malformed rejection, revision CAS and immutable detached catalogs (0.3823ms)
✔ L10N observer errors/reentry are isolated, cleanup cancels later delivery, disposed service rejects (0.1443ms)
✔ PC authority: declaration is not grant; render/async/outside event denied, same mounted event succeeds (3.3648ms)
✔ PC gesture: origin guard, one operation, cross-Panel lease rejection and latest lease required (3.6525ms)
✔ PC move/hide cancel pointer gesture and drain new leases before workspace action returns (9.2482ms)
✔ PC render failure cancels only unfinished operation after publication, with no reentrant mutation (2.3537ms)
✔ PC same ID reuse and old scope registrations remain revoked (1.328ms)
✔ VM resources: cleanup in reverse order, failure isolation, stale async tickets, no render reentrancy (0.2166ms)
✔ two independently registered Panels and two Widget view shapes share lifecycle without feature dispatch (0.7833ms)
✔ VM mount/capture/update reentrancy revokes scope and preserves placeholder; explicit retry recovers (0.2114ms)
✔ VM subscription failure releases acquired subscriptions and cannot pretend to mount (0.0946ms)
✔ PC application denies every editing command while readonly or history busy; field binding invalidates (3.4765ms)
✔ AT-S01-01: Float × Multiply → Compose emits pinned host-free GLSL without mutation (2.4955ms)
✔ AT-S01-02: direction, cross-network, occupied input, cycle and type failures are atomic (1.8408ms)
✔ AT-S01-03: mode change captures complete prior ports, edge plans and loss; undo/redo and reload (4.8172ms)
✔ AT-S01-04: multi-batch operation, cancel/no-op redo, expired draft and async draft (3.7892ms)
✔ AT-S01-08: projection before observers, reentrant writes reject and throwing observer does not roll back (1.4763ms)
✔ AT-S01-06: contexts share model and clean selection before external observation (2.2106ms)
✔ scoped field token rejects value ABA, busy, connected and dead targets; unrelated movement preserves token (3.8199ms)
✔ all model errors including unused nodes block generation; fixed definitions and boundaries remain protected (1.7012ms)
✔ generation rejects missing/extra declared boundary output even when a module emits an incomplete map (1.9384ms)
✔ shared type environment rejects unknown identity and permits explicitly registered nominal types without changing core dispatch (0.5091ms)
✔ AT-S01-02: endpoints in two real Stage networks cannot be cross-connected (1.9904ms)
✔ unknown Stage slots block generation; duplicate slot identities reject before hydration (3.5441ms)
✔ M1 reviewer counterexample: float 1e21 generates a valid GLSL floating constant (1.8707ms)
✔ M1 reviewer counterexample: multiply 1e21 generates a valid GLSL floating constant (1.8518ms)
✔ M1 literal grammar and value roundtrip cover integers, decimals, signs and exponent-form values (0.2264ms)
✔ M1 all finite float32 exponent bins and representative mantissas have legal value-preserving literals (1.7111ms)
✔ M1 admitted boundary/representative values remain editable and compile through both production literal paths (26.3766ms)
✔ AT-S01-05: document identity, complete content, new lifetime/empty history and semantic regeneration (3.2937ms)
✔ AT-S01-07: ACK of A never marks B saved, rejection and SAVE_BUSY retain baseline; download is separate (3.7866ms)
✔ old saved handle cannot attach to same persistent IDs after reload (2.0625ms)
✔ wire unknown structure, unsupported version/operation/tag, malformed known data precedence and original retention (2.0064ms)
✔ writer refuses executable/hidden values, sparse arrays, nonfinite numbers and altered prototypes without invoking getters (1.5752ms)
✔ missing exact module preserves opaque state and last port policy; loss payload is never activated (2.7039ms)
✔ forged stored conversion remains saveable but cannot generate (2.0826ms)
✔ prototype-named unknown structural keys and non-JSON whitespace are not silently accepted (1.9332ms)
✔ unrelated edits preserve forged connection evidence rather than silently repairing it (2.0816ms)
✔ pending storage open cannot replace a newer edit or document lifetime (1.9291ms)
✔ unrelated edits retain explicit invalid-edge evidence even when its stored plan is structurally valid (2.0578ms)
✔ AT-S02-04 PNG: CRC oracle, roundtrip, repeated wrapping and unowned chunks preserve bytes (7.4492ms)
✔ AT-S02-04 PNG: malformed CRC, missing metadata, duplicate metadata, compression and malformed envelope are named rejections (3.47ms)
✔ AT-S02-04 PNG: structural boundaries, file/chunk/metadata limits and invalid UTF-8 never decode pixels or compressed text (83.0652ms)
✔ AT-S02-04 PNG: ASCII/CJK/non-BMP budgets match text intake and preserve canonical graph (129.7899ms)
✔ AT-S02-01: detached inspection/cancel/raw retention and one atomic replacement with Context continuity and Undo/Redo (5.8365ms)
✔ AT-S02-01: base revision, content, lifetime, readonly, busy and fabricated review fences (16.5104ms)
✔ AT-S02-01: invalid/future/duplicate IDs/unknown structure have explicit outcomes and never publish (6.4337ms)
✔ AT-S02-01: only explicit layout repair yields a candidate; unknown endpoints/references are never guessed (11.5717ms)
✔ AT-S02-01: mismatched exact pins cannot replace the destination; failed replacement is atomic (2.3533ms)
✔ AT-S02-02: missing exact module survives move/rename/save/reopen; exact restoration invokes codec and never substitutes latest (7.3947ms)
✔ AT-S02-03 boundary: foreign/legacy input is retained with explicit unresolved Gate, never implicit conversion or archive execution (0.6224ms)
✔ AT-S02-04: ASCII/CJK/non-BMP UTF-8 exact byte budget produces deterministic results without truncation (23.2462ms)
✔ AT-S02-04: network budgets, duplicate JSON keys, unknown nested structure and opaque fields are independently checked (12.1339ms)
✔ S03 Group17 retains a draft, compilation rejects per-direction limit, Undo restores original (53.6081ms)
✔ S03 64-definition destination rejects independence and imported 65th atomically (1067.3341ms)
✔ S03 nested nodes overflow rejects before paste publication (16.4374ms)
✔ S03 nested edges overflow rejects before paste publication (18.506ms)
✔ S03 symbolic extents require int/uint sources, only outer dimension and pure compilation (4.6931ms)
✔ S03 New may retain a 257-node draft; generation and save reject it without losing the draft (97.8436ms)
✔ S03 partial frames stay outside clipboard; pasted relative positions retain a common offset (4.4362ms)
✔ S03 persisted nested source is preserved while new nested source admission remains rejected (5.2298ms)
✔ S03 scalar/vector/matrix sources transfer; composite source reuses only within its source lifetime (26.4456ms)
✔ S03 FR01 admitted nested Structure arrays fail ES300 profile without artifacts; one dimension succeeds (9.5791ms)
✔ S03 FR02 independence remaps mixed parent and shared child owner references with Undo/Redo (42.9363ms)
✔ S03 FR02 independence remaps mixed parent and cloned child owner references with Undo/Redo (46.2935ms)
✔ S03 FR02 incomplete shared-child node address rejects independence atomically (9.5617ms)
✔ S03 FR03 editing inner Structure validates dependent depth16 and preserves Redo on depth17 rejection (16.4273ms)
✔ S03 FR03 affected dependent expansion and vector component budgets reject atomically (3.5088ms)
✔ S03 EG01 native array constructor2048, clipboard2048 boundary and same-load reuse (5.3937ms)
✔ S03 EG01 native array constructor2049, clipboard2048 boundary and same-load reuse (5.6178ms)
✔ S03 EG01 native array constructor4096, clipboard2048 boundary and same-load reuse (5.3867ms)
✔ S03 EG01 native array constructor4097 rejects atomically (1.9564ms)
✔ S03 EG01 sampler clipboard path2048 admission (3.9238ms)
✔ S03 EG01 sampler clipboard path2049 admission (3.4944ms)
✔ S03 EG01 native arrays admit float/vec2/vec3/vec4 and remap symbolic length closure (19.52ms)
✔ S03 EG01 native arrays reject matrix/nested/expressions and invalid length owner types (8.8375ms)
✔ S03 EG01 TOP declarations clone while source+origin slots reuse, defaults persist, and Undo/Redo/save preserve identity (14.3404ms)
✔ S03 EG01 specialization import allocates minimal vacant ID0,2 ->1 (4.6032ms)
✔ S03 EG01 unsupported target, unavailable owner and throwing owner reject without publication (5.5126ms)
✔ S03 EG01 numeric uniform scalar/vector/matrix transfer remains independent and generation is explicit unavailable (14.9928ms)
✔ S03 FR03 registered resource types cannot become Structure fields (2.5212ms)
✔ S03 EG01 exact provider/target ownership and imported descriptor failures stay atomic (3.7596ms)
✔ S03 EG01 round2 implicit constant array@["glsl.float",2] preserves same-load reuse and rejects real cross-Graph and fresh-load publication (9.2442ms)
✔ S03 EG01 round2 constant array@["glsl.float",2] preserves same-load reuse and rejects real cross-Graph and fresh-load publication (9.1697ms)
✔ S03 EG01 round2 uniform array@["glsl.float",2] preserves same-load reuse and rejects real cross-Graph and fresh-load publication (9.1561ms)
✔ S03 EG01 round2 implicit constant array@["glsl.vec2",2] preserves same-load reuse and rejects real cross-Graph and fresh-load publication (10.2294ms)
✔ S03 EG01 round2 constant array@["glsl.vec2",2] preserves same-load reuse and rejects real cross-Graph and fresh-load publication (10.1282ms)
✔ S03 EG01 round2 uniform array@["glsl.vec2",2] preserves same-load reuse and rejects real cross-Graph and fresh-load publication (9.397ms)
✔ S03 EG01 round2 scalar/vector/matrix constants and uniforms still cross actual Graph and fresh load (51.2146ms)
✔ S03 custom declared/state closure same-Graph remaps identities only and Undo/Redo (6.9707ms)
✔ S03 custom declared/state closure cross-Graph remaps identities only and Undo/Redo (7.3105ms)
✔ S03 grouping an existing caller preserves child-owned frame node addresses (13.294ms)
✔ S03 owner collect/remap throws and escaping/incomplete references reject atomically with Redo preserved (8.2617ms)
✔ S03 custom resources follow encapsulation and direct independence, ordinary dependencies remain shared (15.5581ms)
✔ S03 encapsulation deduplicates crossing interfaces, shared generation is pure, Undo restores all references (6.1758ms)
✔ S03 interface rename/reorder/type/removal reconciles every caller once and Undo restores values/invalid edges/loss (9.3313ms)
✔ S03 nested resource callers including unused ancestors reconcile child interface (10.2568ms)
✔ S03 library position keeps identity, semantic edit forks target and library ancestors and local refs atomically (19.3137ms)
✔ S03 direct make independent clones direct definition, shares dependencies and remaps own boundary (15.9524ms)
✔ S03 same-load clipboard reuses current source; cross-graph remaps resources and preserves text (6.9419ms)
✔ S03 clipboard typed native symbolic array closure remaps only semantic references (4.7904ms)
✔ S03 late bad edge, escaping refs, forbidden source and missing closure reject without nodes/resources/history/notifications (6.1342ms)
✔ S03 source selection stays outside encapsulation; boundary-only grouping is no-op and preserves redo (3.538ms)
✔ S03 structure drafts retain stable fields, reject recursion and block deletion while referenced (2.0392ms)
✔ S03 contexts distinguish occurrences; nested scoped targets never revive after navigation and Undo (11.3118ms)
✔ S03 library snapshot position edit retains origin, first semantic edit forks and old source remains immutable (7.0753ms)
✔ S03 nested delete and required boundary protection use the canonical Graph (4.4704ms)
✔ S03 library ancestor traversal crosses local parents (26.0257ms)
✔ S03 spare-port creation and first edge are one Undo entry with stable keys (6.1828ms)
✔ S03 whole frames travel through grouping and cross-Graph clipboard with fresh identities (8.5748ms)
✔ S03 vector/matrix reshape retains override components and defaults follow interface defaults (6.2519ms)
✔ S03 malformed resource envelopes, missing boundaries and nominal conflicts reject atomically (6.7605ms)
✔ S03 source admission cannot be bypassed by nested add, grouping or pasted nodes (4.1757ms)
✔ S03 layout proposal rejects navigation ABA, semantic fork and Undo (7.9275ms)
✔ S03 clipboard rejects forged hydrated plans and invalid edge evidence (3.7595ms)
✔ S03 empty library paste preserves origin, selection-independent History and Redo (6.4204ms)
✔ S03 packet-wide network identity collisions and malformed reused resource envelopes reject (5.147ms)
✔ S03 source transfer uses actual load identity and reopened documents cannot forge same-load reuse (2.8081ms)
✔ S03 structure emission is read-only, nominally declared once, field deletion preserves invalid edges and Undo (5.665ms)
✔ S03 accepted paste requires a valid destination and direct whole frames survive clipboard (5.2466ms)
✔ S03 scoped parameters and proposals from identical persistent IDs expire across a new load (8.4142ms)
✔ S03 library grouping resolves the forked canonical network (6.0537ms)
✔ S03 local child semantic edit forks its library ancestor (17.7255ms)
✔ S03 explicit override equal to default survives interface defaults and save/reload (11.2139ms)
✔ S03 direct independence preserves nonowned state, declared references and typed frame resources (10.3058ms)
✔ S03 encapsulation rejects cross-scope node references despite matching local IDs (1.6549ms)
✔ S03 New creates Value vec4 passthrough; shared rename retains instance names and no-op keeps library identity (11.7523ms)
✔ S03 explicit interface Add stops at16 per direction without erasing preserved oversized draft (12.9339ms)
✔ S03 structure authoring validates count, names, description, nested fixed arrays, recursion/depth and expansion (443.4241ms)
✔ S03 large external array declarations survive metadata edits; materialization remains bounded (4.4493ms)
✔ S03 type tokens retain eight dimensions and reject extra tuple fields (2.0495ms)
✔ S03 disconnected output boundary follows shared output defaults (8.3739ms)
✔ S03 inline array construction and same-load reuse allow2049 elements; cross-Graph clipboard rejects composites (25.5796ms)
✔ S03 nested input link ABA invalidates old edit tokens without changing History on rejection (21.2248ms)
✔ S03 shared same-key type changes reject stale caller tokens and removed handles never revive (13.0367ms)
✔ S03 cross-Graph nominal closure remaps nested structures and Undo removes the full insertion (5.12ms)
✔ S03 reusable definition cycles reject atomically including unused dependencies (11.7999ms)
✔ S04 Personal complete owner payload and typed references survive reuse fork and absent Library source (55.596ms)
✔ S04 DEC004 same-name destination sources retain distinct identity and changed imported bindings regenerate (458.04ms)
✔ S04 Personal malformed envelope checksum and unsupported owner reject before provider writes; list deduplicates renamed files (31.8408ms)
✔ S04 DEC002 one-source fanout does not mutate source or existing conversions and pad failures agree (18.3877ms)
✔ S04 Personal root owner remap and input-bound Independent retain complete typed scope (99.355ms)
✔ S04 stored inherited v2 and pad plans retain complete extensions through Personal shared import and reopen (36.786ms)
✔ S04 shipped basic Library snapshot compiles after semantic fork and Personal roundtrip (15.7803ms)
✔ S04 Personal canonical package preserves snapshots, same-version reuse, independent and collision-safe filenames (30.2193ms)
✔ S04 DEC002 all16 default float plans, version fences and current ImageOutput compile (1.4568ms)
✔ S04 AC001 additive envelope upgrade retains exact pins and inactive evidence, fences v2 under2.0 (1.6921ms)
✔ S04 DEC004 literal Personal typed closure survives canonical export import save reopen generation (30.349ms)
✔ S04 DEC004 source Personal typed closure survives canonical export import save reopen generation (76.5058ms)
✔ S04 DEC004 direct-source Personal typed closure survives canonical export import save reopen generation (38.0112ms)
✔ S04 DEC004 input Personal typed closure survives canonical export import save reopen generation (80.2142ms)
✔ S04 DEC004 input-bound length uses caller override and rejects conflicting caller sources (26.7804ms)
✔ S04 DEC004 nested shared input bindings remap through Personal and remain independent after semantic fork and reinsert (388.9968ms)
✔ S04 AC001 inactive owner network resources and unknown wrapper versions preserve the version fence (4.8471ms)
✔ S04 DEC004 rejected literal/source/input/nested candidates are atomic through Application with valid checksums (205.8721ms)
✔ S04 Personal Library per-file isolation, safe names, duplicate-at-capacity and provider failures leave existing assets unchanged (43.5284ms)
✔ S04 AC001 unchanged accepted reader and exact old/new definition boundaries (3.235ms)
✔ S04 inherited v2 plans preserve extensions across hydration move clipboard nested and Personal (13.645ms)
✔ S04 current exact source owner supports new image descriptors without retargeting legacy owner (0.8163ms)
✔ S04 DEC004 required int length input qualifies with an actual constant supply and changed caller defaults regenerate (107.3283ms)
✔ S05 drag repair root reads one fresh snapshot and retains immutable earlier projections (3.1112ms)
✔ S05 drag repair nested reads one fresh snapshot and retains immutable earlier projections (9.3224ms)
✔ S05 drag repair preserves readonly and busy notification values while movement keeps field token (3.8955ms)
✔ S05 replacement eligibility keeps source validity separate and exact mismatch refusal atomic (14.3047ms)
✔ S05 matching replacement preserves Graph load and Context identity with one full-content Undo Redo (11.689ms)
✔ S05 replacement eligibility and command retain stale cancelled invalid readonly and fabricated guards (26.4638ms)
✔ S05 model preflight and publication share exact kind and ordered-pin refusal without History (3.7533ms)
✔ S05-FR-001 complete program preserves distinct and reversed shared Uniform identity in all emission modes (530.8628ms)
✔ S05-FR-001 same-stage same resource type conflict fails without artifacts or Graph changes (14.8726ms)
✔ S05-FR-001 same-stage same resource default conflict fails without artifacts or Graph changes (14.629ms)
✔ S05-FR-001 cross-stage same resource type conflict fails without artifacts or Graph changes (14.8297ms)
✔ S05-FR-001 cross-stage same resource default conflict fails without artifacts or Graph changes (17.0327ms)
✔ S05 fixed float: literals inside Function stay constant while formal and result are runtime (37.3796ms)
✔ S05 fixed float: defaults fixed schema every stage and mode with pure generation and roundtrip (299.2661ms)
✔ S05 fixed float: bad payloads unused errors atomic commands fixed source and constant distinction (3.9297ms)
✔ S05 fixed float: scoped two-context edits one Undo and stale token preserve History (7.2543ms)
✔ S05 fixed float: shared Function and Personal owner closure retain exact values (21.6156ms)
✔ S05 fixed vec2: literals inside Function stay constant while formal and result are runtime (34.2137ms)
✔ S05 fixed vec2: defaults fixed schema every stage and mode with pure generation and roundtrip (244.6283ms)
✔ S05 fixed vec2: bad payloads unused errors atomic commands fixed source and constant distinction (7.5887ms)
✔ S05 fixed vec2: scoped two-context edits one Undo and stale token preserve History (12.909ms)
✔ S05 fixed vec2: shared Function and Personal owner closure retain exact values (51.704ms)
✔ S05 fixed vec3: literals inside Function stay constant while formal and result are runtime (36.5933ms)
✔ S05 fixed vec3: defaults fixed schema every stage and mode with pure generation and roundtrip (294.7328ms)
✔ S05 fixed vec3: bad payloads unused errors atomic commands fixed source and constant distinction (5.7901ms)
✔ S05 fixed vec3: scoped two-context edits one Undo and stale token preserve History (7.6758ms)
✔ S05 fixed vec3: shared Function and Personal owner closure retain exact values (21.8737ms)
✔ S05 fixed color: literals inside Function stay constant while formal and result are runtime (37.0107ms)
✔ S05 fixed color: defaults fixed schema every stage and mode with pure generation and roundtrip (290.2885ms)
✔ S05 fixed color: bad payloads unused errors atomic commands fixed source and constant distinction (4.635ms)
✔ S05 fixed color: scoped two-context edits one Undo and stale token preserve History (8.3352ms)
✔ S05 fixed color: shared Function and Personal owner closure retain exact values (21.362ms)
✔ S05 AT03 source/literal shape extents stay fixed; input-bound scalar extent cannot specialize a function (84.9236ms)
✔ S05 AT04 pre-existing malformed constant edge and authored losses are preserved (15.8154ms)
✔ S05 AT04 AT05 unused shared dependent definitions localize and detach atomically with Redo exact (61.052ms)
✔ S05 AT08 multioutput and unconsumed nested effects have one evaluation per occurrence and stage-local helpers (43.045ms)
✔ S05 AT08 two live depth writer occurrences reject even when one helper body is deduplicated (18.917ms)
✔ S05 AT01 definition default shared mode independent and no-op History (33.3203ms)
✔ S05 AT02 one helper per definition and distinct caller arguments; nested helpers are dependency ordered (38.0414ms)
✔ S05 AT03 ordinary inputs are runtime even when all callers pass constants; dead constant uses reject atomically (23.994ms)
✔ S05 AT03 Uniform parameter binding is runtime; ordinary connection rejects constant receiver without publication (16.8545ms)
✔ S05 AT04 AT05 transitive newly-invalid consumer edges detach once with losses, Undo/Redo and required error (27.295ms)
✔ S05 AT06 function Personal roundtrip reuses mode, localizes once and preserves source bytes (70.1221ms)
✔ S05 AT06 DEC004 upgraded literal source input and nested Personal retain selected eligible modes through exchange (591.2353ms)
✔ S05 AT07 explicit owner upgrade preserves old pins/body/origin and unknown mode never defaults (8.5038ms)
✔ S05 AT09 later invalid edit and load retain function mode; diagnostic names shared definition and related calls (21.5664ms)
✔ S05 AT10 body/mode/profile changes create fresh artifacts and old snapshot is immutable (50.9477ms)
✔ S05 HTTP provider SHA256 canonical bytes known vectors and secure UUIDv4 fail-closed (37.3794ms)
✔ S06 catalog is a detached read over exact document pins and current occurrence stage (4.6144ms)
✔ S06 source/name/category literal rank uses NFKC, aliases and all terms without regular expressions (2.5783ms)
✔ S06 stale creation proposals reject revision, navigation ABA, load and readonly without model or History writes (10.1889ms)
✔ S06 connected creation replaces an occupied exact input atomically and Undo restores it (20.3175ms)
✔ S06 query disposable IDs do not collide with admitted persistent IDs and consume no canonical identity (4.4307ms)
✔ S06 forged reference and mismatched matching-port proposals reject before any model publication (41.9013ms)
✔ S06 reference catalog excludes nested source admission without publishing query changes (19.5754ms)
✔ S06 configured Compose preview and published schema/edge agree in one transaction and one Undo/Redo (67.3968ms)
✔ S06 configured creation rejects invalid missing and non-choice parameters atomically preserving Redo and expired Draft (2.5588ms)
✔ S06 configured creation preserves library fork/reference atomicity and rolls back a rejected choice (7.1343ms)
✔ S06 configured creation keeps initializer descriptor, owner codec and reference validation before publication (3.3753ms)
✔ S06 configured creation followed by failed connection rolls back the full batch (1.04ms)
✔ M1: missing-module boundary x rename rejects save before ACK without data loss (21.7969ms)
✔ M1: missing-module boundary 中 rename rejects save before ACK without data loss (16.6694ms)
✔ M1: missing-module boundary 🍇 rename rejects save before ACK without data loss (20.7025ms)
✔ M1: compact fallback validates actual emitted bytes at and beyond the budget (6.3386ms)
✔ M1: nodes at/beyond network limit obey save/reopen invariant (19.4596ms)
✔ M1: edges at/beyond network limit obey save/reopen invariant (49.9033ms)
✔ M1: editing beyond network capacity cannot acknowledge a save or erase the previous saved document (97.4364ms)
ℹ tests 239
ℹ suites 0
ℹ pass 239
ℹ fail 0
ℹ cancelled 0
ℹ skipped 0
ℹ todo 0
ℹ duration_ms 9645.6621
(node:15256) ExperimentalWarning: Transform Types is an experimental feature and might change at any time
(Use `node --trace-warnings ...` to show where the warning was created)
