
Running 50 tests using 1 worker

(node:12080) Warning: The 'NO_COLOR' env is ignored due to the 'FORCE_COLOR' env being set.
(Use `node --trace-warnings ...` to show where the warning was created)
  x   1 [chromium] › ..\..\..\production\tests\browser\s05-escape-focus.spec.ts:8:5 › S05 natural Escape cancels direct without Export drag with no History entry (30.1s)
(node:60368) Warning: The 'NO_COLOR' env is ignored due to the 'FORCE_COLOR' env being set.
(Use `node --trace-warnings ...` to show where the warning was created)
  x   2 [chromium] › ..\..\..\production\tests\browser\s05-escape-focus.spec.ts:8:5 › S05 natural Escape cancels direct after Export drag with no History entry (30.1s)
(node:14092) Warning: The 'NO_COLOR' env is ignored due to the 'FORCE_COLOR' env being set.
(Use `node --trace-warnings ...` to show where the warning was created)
  x   3 [chromium] › ..\..\..\production\tests\browser\s05-escape-focus.spec.ts:8:5 › S05 natural Escape cancels wrapper without Export drag with no History entry (30.1s)
(node:60612) Warning: The 'NO_COLOR' env is ignored due to the 'FORCE_COLOR' env being set.
(Use `node --trace-warnings ...` to show where the warning was created)
  x   4 [chromium] › ..\..\..\production\tests\browser\s05-escape-focus.spec.ts:8:5 › S05 natural Escape cancels wrapper after Export drag with no History entry (30.1s)
(node:19272) Warning: The 'NO_COLOR' env is ignored due to the 'FORCE_COLOR' env being set.
(Use `node --trace-warnings ...` to show where the warning was created)
  ok  5 [chromium] › ..\..\..\production\tests\browser\s06-connection-view.spec.ts:62:3 › S06 connection notice compact geometry 1280 and successful inverse routes one Undo (1.9s)
  x   6 [chromium] › ..\..\..\production\tests\browser\s06-connection-view.spec.ts:62:3 › S06 connection notice compact geometry 1440 and successful inverse routes one Undo (30.1s)
(node:57848) Warning: The 'NO_COLOR' env is ignored due to the 'FORCE_COLOR' env being set.
(Use `node --trace-warnings ...` to show where the warning was created)
  ok  7 [chromium] › ..\..\..\production\tests\browser\s06-connection-view.spec.ts:62:3 › S06 connection notice compact geometry 620 and successful inverse routes one Undo (1.6s)
  x   8 [chromium] › ..\..\..\production\tests\browser\s06-connection-view.spec.ts:104:3 › S06 selection geometry remains fixed at zoom 1 (1.1s)
(node:59512) Warning: The 'NO_COLOR' env is ignored due to the 'FORCE_COLOR' env being set.
(Use `node --trace-warnings ...` to show where the warning was created)
  x   9 [chromium] › ..\..\..\production\tests\browser\s06-connection-view.spec.ts:104:3 › S06 selection geometry remains fixed at zoom 1.2 (30.1s)
(node:60296) Warning: The 'NO_COLOR' env is ignored due to the 'FORCE_COLOR' env being set.
(Use `node --trace-warnings ...` to show where the warning was created)
  ok 10 [chromium] › ..\..\..\production\tests\browser\s06-connection-view.spec.ts:136:1 › S06 PORT_TARGET and same-direction refusal remain visible until matching recovery; compiler error stays (1.6s)
  ok 11 [chromium] › ..\..\..\production\tests\browser\s06-connection-view.spec.ts:174:3 › S06 temporary output wire follows pointer and zoom without touching real edges (1.1s)
  ok 12 [chromium] › ..\..\..\production\tests\browser\s06-connection-view.spec.ts:174:3 › S06 temporary input wire follows pointer and zoom without touching real edges (1.2s)
  ok 13 [chromium] › ..\..\..\production\tests\browser\s06-connection-view.spec.ts:233:1 › S06 connection cancellation stale scope readonly and two Canvas status stay independent (2.8s)
  ok 14 [chromium] › ..\..\..\production\tests\browser\s06-connection-view.spec.ts:290:1 › S06 catalog pointer hover follows row while keyboard selection and Browse inspect remain view only (771ms)
  ok 15 [chromium] › ..\..\..\production\tests\browser\s06-connection-view.spec.ts:318:1 › S06 public port drag both directions commits once and cancelled held release adds no History (3.0s)
  ok 16 [chromium] › ..\..\..\production\tests\browser\s06-connection-view.spec.ts:363:1 › S06 pending connection expires on shared revision and new load without stale endpoint reuse (1.2s)
  ok 17 [chromium] › ..\..\..\production\tests\browser\s06-connection-view.spec.ts:393:1 › S06 subthreshold port release outside the button leaves no orphan wire or History (904ms)
  x  18 [chromium] › ..\..\..\production\tests\browser\s06-guards.spec.ts:14:1 › S06 advertised view and edit shortcuts preserve gesture, draft and History boundaries (1.4s)
(node:54308) Warning: The 'NO_COLOR' env is ignored due to the 'FORCE_COLOR' env being set.
(Use `node --trace-warnings ...` to show where the warning was created)
  ok 19 [chromium] › ..\..\..\production\tests\browser\s06-guards.spec.ts:58:1 › S06 Canvas connection failure persists across movement and unrelated successful actions until matching recovery (1.2s)
  ok 20 [chromium] › ..\..\..\production\tests\browser\s06-guards.spec.ts:79:1 › S06 category collapse survives query changes and whitespace uses the tree without a Graph edit (660ms)
  x  21 [chromium] › ..\..\..\production\tests\browser\s06-guards.spec.ts:101:1 › S06 Personal search and inspect are readonly, malformed import survives unrelated success, and insert restores one Undo (6.8s)
(node:44000) Warning: The 'NO_COLOR' env is ignored due to the 'FORCE_COLOR' env being set.
(Use `node --trace-warnings ...` to show where the warning was created)
  ok 22 [chromium] › ..\..\..\production\tests\browser\s06-guards.spec.ts:169:1 › S06 pending touch menu cancels on blur and second touch, while a completed blank hold is view only (3.3s)
  ok 23 [chromium] › ..\..\..\production\tests\browser\s06-guards.spec.ts:224:1 › S06 native field context menu remains unprevented and touch hold never opens an object menu from a control (1.1s)
  ok 24 [chromium] › ..\..\..\production\tests\browser\s06-guards.spec.ts:268:1 › S06 Personal late insertion and refresh results cannot close or overwrite a reopened dialog (465ms)
  ok 25 [chromium] › ..\..\..\production\tests\browser\s06-guards.spec.ts:354:1 › S06 competing touch cancels a primary node drag without a committed History entry (1.3s)
  ok 26 [chromium] › ..\..\..\production\tests\browser\s06-hover-repair.spec.ts:31:3 › S06 repair continuous 80-step Node details 1440 (2.4s)
  ok 27 [chromium] › ..\..\..\production\tests\browser\s06-hover-repair.spec.ts:31:3 › S06 repair continuous 80-step Port details 1440 (2.5s)
  ok 28 [chromium] › ..\..\..\production\tests\browser\s06-hover-repair.spec.ts:31:3 › S06 repair continuous 80-step Parameter Widget details 1440 (2.4s)
  ok 29 [chromium] › ..\..\..\production\tests\browser\s06-hover-repair.spec.ts:31:3 › S06 repair continuous 80-step Node details 1920 (2.4s)
  ok 30 [chromium] › ..\..\..\production\tests\browser\s06-hover-repair.spec.ts:31:3 › S06 repair continuous 80-step Port details 1920 (2.5s)
  ok 31 [chromium] › ..\..\..\production\tests\browser\s06-hover-repair.spec.ts:31:3 › S06 repair continuous 80-step Parameter Widget details 1920 (2.4s)
  ok 32 [chromium] › ..\..\..\production\tests\browser\s06-hover-repair.spec.ts:59:3 › S06 repair F2 focused control versus hovered node (778ms)
  ok 33 [chromium] › ..\..\..\production\tests\browser\s06-hover-repair.spec.ts:59:3 › S06 repair F2 focused control versus hovered panel (797ms)
  ok 34 [chromium] › ..\..\..\production\tests\browser\s06-hover-repair.spec.ts:59:3 › S06 repair F2 focused control versus hovered control (776ms)
  ok 35 [chromium] › ..\..\..\production\tests\browser\s06-hover-repair.spec.ts:59:3 › S06 repair F2 focused node versus hovered node (696ms)
  ok 36 [chromium] › ..\..\..\production\tests\browser\s06-hover-repair.spec.ts:59:3 › S06 repair F2 focused node versus hovered panel (710ms)
  ok 37 [chromium] › ..\..\..\production\tests\browser\s06-hover-repair.spec.ts:59:3 › S06 repair F2 focused node versus hovered control (694ms)
  ok 38 [chromium] › ..\..\..\production\tests\browser\s06-hover-repair.spec.ts:59:3 › S06 repair F2 focused port versus hovered node (727ms)
  ok 39 [chromium] › ..\..\..\production\tests\browser\s06-hover-repair.spec.ts:59:3 › S06 repair F2 focused port versus hovered panel (748ms)
  ok 40 [chromium] › ..\..\..\production\tests\browser\s06-hover-repair.spec.ts:59:3 › S06 repair F2 focused port versus hovered control (760ms)
  x  41 [chromium] › ..\..\..\production\tests\browser\s06-hover-repair.spec.ts:77:1 › S06 repair compact disclosures share presentation without model changes (5.4s)
(node:53856) Warning: The 'NO_COLOR' env is ignored due to the 'FORCE_COLOR' env being set.
(Use `node --trace-warnings ...` to show where the warning was created)
  x  42 [chromium] › ..\..\..\production\tests\browser\s06-status-pointer.spec.ts:34:34 › S06 complete persistent loss details have a keyboard read path at 620 (30.1s)
(node:55184) Warning: The 'NO_COLOR' env is ignored due to the 'FORCE_COLOR' env being set.
(Use `node --trace-warnings ...` to show where the warning was created)
  ok 43 [chromium] › ..\..\..\production\tests\browser\s06-status-pointer.spec.ts:34:34 › S06 complete persistent loss details have a keyboard read path at 1440 (2.4s)
  ok 44 [chromium] › ..\..\..\production\tests\browser\s06-status-pointer.spec.ts:91:1 › S06 bottom application error summary opens complete current text without clearing or History (1.3s)
  ok 45 [chromium] › ..\..\..\production\tests\browser\s06-status-pointer.spec.ts:118:1 › S06 synthetic outside pointercancel is pointer-specific; click pending survives unpressed motion (876ms)
  ok 46 [chromium] › ..\..\..\production\tests\browser\s06-status-pointer.spec.ts:133:1 › S06 delayed matching storage recovery retires open error details with usable focus (522ms)
  ok 47 [chromium] › ..\..\..\production\tests\browser\s06-status-pointer.spec.ts:164:1 › S06 actual 3px uncaptured port release across Canvas Inspector retires wire and ring (1.3s)
  ok 48 [chromium] › ..\..\..\production\tests\browser\s06-status-pointer.spec.ts:182:39 › S06 trusted Enter socket activation waits for real pointer and preserves keyboard connection (1.6s)
  ok 49 [chromium] › ..\..\..\production\tests\browser\s06-status-pointer.spec.ts:182:39 › S06 trusted Space socket activation waits for real pointer and preserves keyboard connection (1.6s)
  ok 50 [chromium] › ..\..\..\production\tests\browser\s06-status-pointer.spec.ts:204:1 › S06 selection changes no body content field socket or wire geometry across pan and zoom (15.4s)


  1) [chromium] › ..\..\..\production\tests\browser\s05-escape-focus.spec.ts:8:5 › S05 natural Escape cancels direct without Export drag with no History entry 

    Test timeout of 30000ms exceeded.

    Error: page.waitForEvent: Test timeout of 30000ms exceeded.
    =========================== logs ===========================
    waiting for event "download"
    ============================================================

       at s05-escape-flow.ts:82

      80 |     });
      81 |   const exportDocument = async () => {
    > 82 |     const downloaded = page.waitForEvent("download");
         |                             ^
      83 |     await app.getByRole("button", { name: "Export JSON", exact: true }).click();
      84 |     return JSON.parse(
      85 |       fs.readFileSync((await (await downloaded).path())!, "utf8"),
        at exportDocument (C:\Users\user\source\Grape\production\tests\browser\s05-escape-flow.ts:82:29)
        at naturalEscapeFlow (C:\Users\user\source\Grape\production\tests\browser\s05-escape-flow.ts:163:26)
        at C:\Users\user\source\Grape\production\tests\browser\s05-escape-focus.spec.ts:21:7

    Error: locator.click: Test timeout of 30000ms exceeded.
    Call log:
      - waiting for getByRole('button', { name: 'Export JSON', exact: true })


       at s05-escape-flow.ts:83

      81 |   const exportDocument = async () => {
      82 |     const downloaded = page.waitForEvent("download");
    > 83 |     await app.getByRole("button", { name: "Export JSON", exact: true }).click();
         |                                                                         ^
      84 |     return JSON.parse(
      85 |       fs.readFileSync((await (await downloaded).path())!, "utf8"),
      86 |     );
        at exportDocument (C:\Users\user\source\Grape\production\tests\browser\s05-escape-flow.ts:83:73)
        at naturalEscapeFlow (C:\Users\user\source\Grape\production\tests\browser\s05-escape-flow.ts:163:26)
        at C:\Users\user\source\Grape\production\tests\browser\s05-escape-focus.spec.ts:21:7

    attachment #1: screenshot (image/png) ──────────────────────────────────────────────────────────
    ..\..\..\production\evidence\s06\debug-hover-repair-01\affected-01\test-results\s05-escape-focus-S05-natur-df7fc--drag-with-no-History-entry-chromium\test-failed-1.png
    ────────────────────────────────────────────────────────────────────────────────────────────────

    Error Context: ..\..\..\production\evidence\s06\debug-hover-repair-01\affected-01\test-results\s05-escape-focus-S05-natur-df7fc--drag-with-no-History-entry-chromium\error-context.md

    attachment #3: trace (application/zip) ─────────────────────────────────────────────────────────
    ..\..\..\production\evidence\s06\debug-hover-repair-01\affected-01\test-results\s05-escape-focus-S05-natur-df7fc--drag-with-no-History-entry-chromium\trace.zip
    Usage:

        npx playwright show-trace ..\..\..\production\evidence\s06\debug-hover-repair-01\affected-01\test-results\s05-escape-focus-S05-natur-df7fc--drag-with-no-History-entry-chromium\trace.zip

    ────────────────────────────────────────────────────────────────────────────────────────────────

  2) [chromium] › ..\..\..\production\tests\browser\s05-escape-focus.spec.ts:8:5 › S05 natural Escape cancels direct after Export drag with no History entry 

    Test timeout of 30000ms exceeded.

    Error: page.waitForEvent: Test timeout of 30000ms exceeded.
    =========================== logs ===========================
    waiting for event "download"
    ============================================================

       at s05-escape-flow.ts:82

      80 |     });
      81 |   const exportDocument = async () => {
    > 82 |     const downloaded = page.waitForEvent("download");
         |                             ^
      83 |     await app.getByRole("button", { name: "Export JSON", exact: true }).click();
      84 |     return JSON.parse(
      85 |       fs.readFileSync((await (await downloaded).path())!, "utf8"),
        at exportDocument (C:\Users\user\source\Grape\production\tests\browser\s05-escape-flow.ts:82:29)
        at naturalEscapeFlow (C:\Users\user\source\Grape\production\tests\browser\s05-escape-flow.ts:97:26)
        at C:\Users\user\source\Grape\production\tests\browser\s05-escape-focus.spec.ts:21:7

    Error: locator.click: Test timeout of 30000ms exceeded.
    Call log:
      - waiting for getByRole('button', { name: 'Export JSON', exact: true })


       at s05-escape-flow.ts:83

      81 |   const exportDocument = async () => {
      82 |     const downloaded = page.waitForEvent("download");
    > 83 |     await app.getByRole("button", { name: "Export JSON", exact: true }).click();
         |                                                                         ^
      84 |     return JSON.parse(
      85 |       fs.readFileSync((await (await downloaded).path())!, "utf8"),
      86 |     );
        at exportDocument (C:\Users\user\source\Grape\production\tests\browser\s05-escape-flow.ts:83:73)
        at naturalEscapeFlow (C:\Users\user\source\Grape\production\tests\browser\s05-escape-flow.ts:97:26)
        at C:\Users\user\source\Grape\production\tests\browser\s05-escape-focus.spec.ts:21:7

    attachment #1: screenshot (image/png) ──────────────────────────────────────────────────────────
    ..\..\..\production\evidence\s06\debug-hover-repair-01\affected-01\test-results\s05-escape-focus-S05-natur-4b139--drag-with-no-History-entry-chromium\test-failed-1.png
    ────────────────────────────────────────────────────────────────────────────────────────────────

    Error Context: ..\..\..\production\evidence\s06\debug-hover-repair-01\affected-01\test-results\s05-escape-focus-S05-natur-4b139--drag-with-no-History-entry-chromium\error-context.md

    attachment #3: trace (application/zip) ─────────────────────────────────────────────────────────
    ..\..\..\production\evidence\s06\debug-hover-repair-01\affected-01\test-results\s05-escape-focus-S05-natur-4b139--drag-with-no-History-entry-chromium\trace.zip
    Usage:

        npx playwright show-trace ..\..\..\production\evidence\s06\debug-hover-repair-01\affected-01\test-results\s05-escape-focus-S05-natur-4b139--drag-with-no-History-entry-chromium\trace.zip

    ────────────────────────────────────────────────────────────────────────────────────────────────

  3) [chromium] › ..\..\..\production\tests\browser\s05-escape-focus.spec.ts:8:5 › S05 natural Escape cancels wrapper without Export drag with no History entry 

    Test timeout of 30000ms exceeded.

    Error: page.waitForEvent: Test timeout of 30000ms exceeded.
    =========================== logs ===========================
    waiting for event "download"
    ============================================================

       at s05-escape-flow.ts:82

      80 |     });
      81 |   const exportDocument = async () => {
    > 82 |     const downloaded = page.waitForEvent("download");
         |                             ^
      83 |     await app.getByRole("button", { name: "Export JSON", exact: true }).click();
      84 |     return JSON.parse(
      85 |       fs.readFileSync((await (await downloaded).path())!, "utf8"),
        at exportDocument (C:\Users\user\source\Grape\production\tests\browser\s05-escape-flow.ts:82:29)
        at naturalEscapeFlow (C:\Users\user\source\Grape\production\tests\browser\s05-escape-flow.ts:163:26)
        at C:\Users\user\source\Grape\production\tests\browser\s05-escape-focus.spec.ts:21:7

    Error: locator.click: Test timeout of 30000ms exceeded.
    Call log:
      - waiting for locator('iframe').contentFrame().getByRole('button', { name: 'Export JSON', exact: true })


       at s05-escape-flow.ts:83

      81 |   const exportDocument = async () => {
      82 |     const downloaded = page.waitForEvent("download");
    > 83 |     await app.getByRole("button", { name: "Export JSON", exact: true }).click();
         |                                                                         ^
      84 |     return JSON.parse(
      85 |       fs.readFileSync((await (await downloaded).path())!, "utf8"),
      86 |     );
        at exportDocument (C:\Users\user\source\Grape\production\tests\browser\s05-escape-flow.ts:83:73)
        at naturalEscapeFlow (C:\Users\user\source\Grape\production\tests\browser\s05-escape-flow.ts:163:26)
        at C:\Users\user\source\Grape\production\tests\browser\s05-escape-focus.spec.ts:21:7

    attachment #1: screenshot (image/png) ──────────────────────────────────────────────────────────
    ..\..\..\production\evidence\s06\debug-hover-repair-01\affected-01\test-results\s05-escape-focus-S05-natur-82ada--drag-with-no-History-entry-chromium\test-failed-1.png
    ────────────────────────────────────────────────────────────────────────────────────────────────

    Error Context: ..\..\..\production\evidence\s06\debug-hover-repair-01\affected-01\test-results\s05-escape-focus-S05-natur-82ada--drag-with-no-History-entry-chromium\error-context.md

    attachment #3: trace (application/zip) ─────────────────────────────────────────────────────────
    ..\..\..\production\evidence\s06\debug-hover-repair-01\affected-01\test-results\s05-escape-focus-S05-natur-82ada--drag-with-no-History-entry-chromium\trace.zip
    Usage:

        npx playwright show-trace ..\..\..\production\evidence\s06\debug-hover-repair-01\affected-01\test-results\s05-escape-focus-S05-natur-82ada--drag-with-no-History-entry-chromium\trace.zip

    ────────────────────────────────────────────────────────────────────────────────────────────────

  4) [chromium] › ..\..\..\production\tests\browser\s05-escape-focus.spec.ts:8:5 › S05 natural Escape cancels wrapper after Export drag with no History entry 

    Test timeout of 30000ms exceeded.

    Error: page.waitForEvent: Test timeout of 30000ms exceeded.
    =========================== logs ===========================
    waiting for event "download"
    ============================================================

       at s05-escape-flow.ts:82

      80 |     });
      81 |   const exportDocument = async () => {
    > 82 |     const downloaded = page.waitForEvent("download");
         |                             ^
      83 |     const exportButton = app.getByRole("button", { name: "Export JSON", exact: true });
      84 |     if (!(await exportButton.isVisible())) await app.getByRole("button", { name: "Project actions", exact: true }).click();
      85 |     await exportButton.click();
        at exportDocument (C:\Users\user\source\Grape\production\tests\browser\s05-escape-flow.ts:82:29)
        at naturalEscapeFlow (C:\Users\user\source\Grape\production\tests\browser\s05-escape-flow.ts:97:26)
        at C:\Users\user\source\Grape\production\tests\browser\s05-escape-focus.spec.ts:21:7

    Error: locator.click: Test timeout of 30000ms exceeded.
    Call log:
      - waiting for locator('iframe').contentFrame().getByRole('button', { name: 'Export JSON', exact: true })


       at s05-escape-flow.ts:83

      81 |   const exportDocument = async () => {
      82 |     const downloaded = page.waitForEvent("download");
    > 83 |     const exportButton = app.getByRole("button", { name: "Export JSON", exact: true });
         |                                                                         ^
      84 |     if (!(await exportButton.isVisible())) await app.getByRole("button", { name: "Project actions", exact: true }).click();
      85 |     await exportButton.click();
      86 |     return JSON.parse(
        at exportDocument (C:\Users\user\source\Grape\production\tests\browser\s05-escape-flow.ts:83:73)
        at naturalEscapeFlow (C:\Users\user\source\Grape\production\tests\browser\s05-escape-flow.ts:97:26)
        at C:\Users\user\source\Grape\production\tests\browser\s05-escape-focus.spec.ts:21:7

    attachment #1: screenshot (image/png) ──────────────────────────────────────────────────────────
    ..\..\..\production\evidence\s06\debug-hover-repair-01\affected-01\test-results\s05-escape-focus-S05-natur-0c2f4--drag-with-no-History-entry-chromium\test-failed-1.png
    ────────────────────────────────────────────────────────────────────────────────────────────────

    Error Context: ..\..\..\production\evidence\s06\debug-hover-repair-01\affected-01\test-results\s05-escape-focus-S05-natur-0c2f4--drag-with-no-History-entry-chromium\error-context.md

    attachment #3: trace (application/zip) ─────────────────────────────────────────────────────────
    ..\..\..\production\evidence\s06\debug-hover-repair-01\affected-01\test-results\s05-escape-focus-S05-natur-0c2f4--drag-with-no-History-entry-chromium\trace.zip
    Usage:

        npx playwright show-trace ..\..\..\production\evidence\s06\debug-hover-repair-01\affected-01\test-results\s05-escape-focus-S05-natur-0c2f4--drag-with-no-History-entry-chromium\trace.zip

    ────────────────────────────────────────────────────────────────────────────────────────────────

  5) [chromium] › ..\..\..\production\tests\browser\s06-connection-view.spec.ts:62:3 › S06 connection notice compact geometry 1440 and successful inverse routes one Undo 

    Test timeout of 30000ms exceeded.

    Error: locator.click: Test timeout of 30000ms exceeded.
    Call log:
      - waiting for locator('.canvas').last().locator('[data-direction="output"][data-port="out"]')
        - locator resolved to <button class="port" type="button" data-port="out" data-direction="output" aria-label="Color RGBA output out" data-node-id="17efb72c-ffd9-4337-ac38-7fd1d289dcf5">…</button>
      - attempting click action
        2 × waiting for element to be visible, enabled and stable
          - element is visible, enabled and stable
          - scrolling into view if needed
          - done scrolling
          - <button>Upgrade subgraph owners</button> from <dialog open="" data-kind="anchored" class="floating-surface" aria-label="Project actions">…</dialog> subtree intercepts pointer events
        - retrying click action
        - waiting 20ms
        - waiting for element to be visible, enabled and stable
        - element is visible, enabled and stable
        - scrolling into view if needed
        - done scrolling
        - <button>Upgrade subgraph owners</button> from <dialog open="" data-kind="anchored" class="floating-surface" aria-label="Project actions">…</dialog> subtree intercepts pointer events
      2 × retrying click action
          - waiting 100ms
          - waiting for element to be visible, enabled and stable
          - element is visible, enabled and stable
          - scrolling into view if needed
          - done scrolling
          - <div class="stage-switch" data-key="50d00dcb-0b63-4573-a31d-f0369c64c9b0:vertex|612e72f3-5dad-4e81-a1b3-f8c585b98ca0:pixel">…</div> intercepts pointer events
      14 × retrying click action
           - waiting 500ms
           - waiting for element to be visible, enabled and stable
           - element is visible, enabled and stable
           - scrolling into view if needed
           - done scrolling
           - <button>Upgrade subgraph owners</button> from <dialog open="" data-kind="anchored" class="floating-surface" aria-label="Project actions">…</dialog> subtree intercepts pointer events
         - retrying click action
           - waiting 500ms
           - waiting for element to be visible, enabled and stable
           - element is visible, enabled and stable
           - scrolling into view if needed
           - done scrolling
           - <button>Upgrade subgraph owners</button> from <dialog open="" data-kind="anchored" class="floating-surface" aria-label="Project actions">…</dialog> subtree intercepts pointer events
         - retrying click action
           - waiting 500ms
           - waiting for element to be visible, enabled and stable
           - element is visible, enabled and stable
           - scrolling into view if needed
           - done scrolling
           - <div class="stage-switch" data-key="50d00dcb-0b63-4573-a31d-f0369c64c9b0:vertex|612e72f3-5dad-4e81-a1b3-f8c585b98ca0:pixel">…</div> intercepts pointer events
         - retrying click action
           - waiting 500ms
           - waiting for element to be visible, enabled and stable
           - element is visible, enabled and stable
           - scrolling into view if needed
           - done scrolling
           - <div class="stage-switch" data-key="50d00dcb-0b63-4573-a31d-f0369c64c9b0:vertex|612e72f3-5dad-4e81-a1b3-f8c585b98ca0:pixel">…</div> intercepts pointer events
      - retrying click action
        - waiting 500ms


      66 |     const { c, out, input } = await color(page),
      67 |       before = await doc(page);
    > 68 |     await out.click();
         |               ^
      69 |     const g = await geometry(c);
      70 |     output(`notice-${width}`, g);
      71 |     await page.screenshot({
        at C:\Users\user\source\Grape\production\tests\browser\s06-connection-view.spec.ts:68:15

    attachment #1: screenshot (image/png) ──────────────────────────────────────────────────────────
    ..\..\..\production\evidence\s06\debug-hover-repair-01\affected-01\test-results\s06-connection-view-S06-co-dd6a6-ful-inverse-routes-one-Undo-chromium\test-failed-1.png
    ────────────────────────────────────────────────────────────────────────────────────────────────

    Error Context: ..\..\..\production\evidence\s06\debug-hover-repair-01\affected-01\test-results\s06-connection-view-S06-co-dd6a6-ful-inverse-routes-one-Undo-chromium\error-context.md

    attachment #3: trace (application/zip) ─────────────────────────────────────────────────────────
    ..\..\..\production\evidence\s06\debug-hover-repair-01\affected-01\test-results\s06-connection-view-S06-co-dd6a6-ful-inverse-routes-one-Undo-chromium\trace.zip
    Usage:

        npx playwright show-trace ..\..\..\production\evidence\s06\debug-hover-repair-01\affected-01\test-results\s06-connection-view-S06-co-dd6a6-ful-inverse-routes-one-Undo-chromium\trace.zip

    ────────────────────────────────────────────────────────────────────────────────────────────────

  6) [chromium] › ..\..\..\production\tests\browser\s06-connection-view.spec.ts:104:3 › S06 selection geometry remains fixed at zoom 1 

    Error: expect(received).toEqual(expected) // deep equality

    - Expected  - 4
    + Received  + 4

      Array [
        Object {
          "height": 79,
          "name": "Image output",
          "width": 190,
    -     "x": 716.3380126953125,
    -     "y": 414.11407470703125,
    +     "x": 650.3380126953125,
    +     "y": 322.11407470703125,
        },
        Object {
          "height": 79,
          "name": "Color RGBA",
          "width": 190,
    -     "x": 114.3380355834961,
    -     "y": 330.11407470703125,
    +     "x": 48.338035583496094,
    +     "y": 238.11407470703125,
        },
      ]

      127 |     const restored = await geometry(c);
      128 |     output(`selection-${zoom}`, { unselected, selected, restored });
    > 129 |     expect(selected.nodes).toEqual(unselected.nodes);
          |                            ^
      130 |     expect(selected.sockets).toEqual(unselected.sockets);
      131 |     expect(selected.wires).toEqual(unselected.wires);
      132 |     expect(restored.nodes).toEqual(unselected.nodes);
        at C:\Users\user\source\Grape\production\tests\browser\s06-connection-view.spec.ts:129:28

    attachment #1: screenshot (image/png) ──────────────────────────────────────────────────────────
    ..\..\..\production\evidence\s06\debug-hover-repair-01\affected-01\test-results\s06-connection-view-S06-se-6da2c-try-remains-fixed-at-zoom-1-chromium\test-failed-1.png
    ────────────────────────────────────────────────────────────────────────────────────────────────

    Error Context: ..\..\..\production\evidence\s06\debug-hover-repair-01\affected-01\test-results\s06-connection-view-S06-se-6da2c-try-remains-fixed-at-zoom-1-chromium\error-context.md

    attachment #3: trace (application/zip) ─────────────────────────────────────────────────────────
    ..\..\..\production\evidence\s06\debug-hover-repair-01\affected-01\test-results\s06-connection-view-S06-se-6da2c-try-remains-fixed-at-zoom-1-chromium\trace.zip
    Usage:

        npx playwright show-trace ..\..\..\production\evidence\s06\debug-hover-repair-01\affected-01\test-results\s06-connection-view-S06-se-6da2c-try-remains-fixed-at-zoom-1-chromium\trace.zip

    ────────────────────────────────────────────────────────────────────────────────────────────────

  7) [chromium] › ..\..\..\production\tests\browser\s06-connection-view.spec.ts:104:3 › S06 selection geometry remains fixed at zoom 1.2 

    Test timeout of 30000ms exceeded.

    Error: locator.click: Test timeout of 30000ms exceeded.
    Call log:
      - waiting for locator('.canvas').last().getByRole('heading', { name: 'Color RGBA', exact: true })
        - locator resolved to <h3>Color RGBA</h3>
      - attempting click action
        2 × waiting for element to be visible, enabled and stable
          - element is visible, enabled and stable
          - scrolling into view if needed
          - done scrolling
          - <dialog open="" data-kind="anchored" class="floating-surface" aria-label="Project actions">…</dialog> intercepts pointer events
        - retrying click action
        - waiting 20ms
        - waiting for element to be visible, enabled and stable
        - element is visible, enabled and stable
        - scrolling into view if needed
        - done scrolling
        - <dialog open="" data-kind="anchored" class="floating-surface" aria-label="Project actions">…</dialog> intercepts pointer events
      2 × retrying click action
          - waiting 100ms
          - waiting for element to be visible, enabled and stable
          - element is visible, enabled and stable
          - scrolling into view if needed
          - done scrolling
          - <button title="Pixel Stage" aria-pressed="true" data-stage-id="d29f25a7-3bc0-448f-9f47-e3b1a4324b7e">Pixel</button> from <div class="stage-switch" data-key="bce81447-3dfb-4d0c-a13e-7def1603a5b8:vertex|d29f25a7-3bc0-448f-9f47-e3b1a4324b7e:pixel">…</div> subtree intercepts pointer events
      - retrying click action
        - waiting 500ms
        - waiting for element to be visible, enabled and stable
        - element is visible, enabled and stable
        - scrolling into view if needed
        - done scrolling
        - <dialog open="" data-kind="anchored" class="floating-surface" aria-label="Project actions">…</dialog> intercepts pointer events
      - retrying click action
        - waiting 500ms
      - element was detached from the DOM, retrying


      118 |     const before = await doc(page),
      119 |       unselected = await geometry(c);
    > 120 |     await c.getByRole("heading", { name: "Color RGBA", exact: true }).click();
          |                                                                       ^
      121 |     const selected = await geometry(c);
      122 |     await expect(c).not.toHaveAttribute("data-selection", "");
      123 |     await page.screenshot({
        at C:\Users\user\source\Grape\production\tests\browser\s06-connection-view.spec.ts:120:71

    attachment #1: screenshot (image/png) ──────────────────────────────────────────────────────────
    ..\..\..\production\evidence\s06\debug-hover-repair-01\affected-01\test-results\s06-connection-view-S06-se-a3d81-y-remains-fixed-at-zoom-1-2-chromium\test-failed-1.png
    ────────────────────────────────────────────────────────────────────────────────────────────────

    Error Context: ..\..\..\production\evidence\s06\debug-hover-repair-01\affected-01\test-results\s06-connection-view-S06-se-a3d81-y-remains-fixed-at-zoom-1-2-chromium\error-context.md

    attachment #3: trace (application/zip) ─────────────────────────────────────────────────────────
    ..\..\..\production\evidence\s06\debug-hover-repair-01\affected-01\test-results\s06-connection-view-S06-se-a3d81-y-remains-fixed-at-zoom-1-2-chromium\trace.zip
    Usage:

        npx playwright show-trace ..\..\..\production\evidence\s06\debug-hover-repair-01\affected-01\test-results\s06-connection-view-S06-se-a3d81-y-remains-fixed-at-zoom-1-2-chromium\trace.zip

    ────────────────────────────────────────────────────────────────────────────────────────────────

  8) [chromium] › ..\..\..\production\tests\browser\s06-guards.spec.ts:14:1 › S06 advertised view and edit shortcuts preserve gesture, draft and History boundaries 

    Error: expect(received).toBe(expected) // Object.is equality

    Expected: "transform: translate(358px, 64.25px) scale(1.5);"
    Received: "transform: translate(-24.5455px, 72.161px) scale(1.3447);"

      34 |   await page.keyboard.press("?");
      35 |   await page.keyboard.press("Tab");
    > 36 |   expect(await canvas.locator(".viewport").getAttribute("style")).toBe(view);
         |                                                                   ^
      37 |   await expect(page.getByRole("dialog", { name: "Node catalog" })).toBeHidden();
      38 |   await expect(
      39 |     page.getByRole("dialog", { name: "Keyboard shortcuts" }),
        at C:\Users\user\source\Grape\production\tests\browser\s06-guards.spec.ts:36:67

    attachment #1: screenshot (image/png) ──────────────────────────────────────────────────────────
    ..\..\..\production\evidence\s06\debug-hover-repair-01\affected-01\test-results\s06-guards-S06-advertised--181da-raft-and-History-boundaries-chromium\test-failed-1.png
    ────────────────────────────────────────────────────────────────────────────────────────────────

    Error Context: ..\..\..\production\evidence\s06\debug-hover-repair-01\affected-01\test-results\s06-guards-S06-advertised--181da-raft-and-History-boundaries-chromium\error-context.md

    attachment #3: trace (application/zip) ─────────────────────────────────────────────────────────
    ..\..\..\production\evidence\s06\debug-hover-repair-01\affected-01\test-results\s06-guards-S06-advertised--181da-raft-and-History-boundaries-chromium\trace.zip
    Usage:

        npx playwright show-trace ..\..\..\production\evidence\s06\debug-hover-repair-01\affected-01\test-results\s06-guards-S06-advertised--181da-raft-and-History-boundaries-chromium\trace.zip

    ────────────────────────────────────────────────────────────────────────────────────────────────

  9) [chromium] › ..\..\..\production\tests\browser\s06-guards.spec.ts:101:1 › S06 Personal search and inspect are readonly, malformed import survives unrelated success, and insert restores one Undo 

    Error: expect(locator).toHaveCount(expected) failed

    Locator:  locator('dialog[open]')
    Expected: 0
    Received: 1
    Timeout:  5000ms

    Call log:
      - Expect "toHaveCount" with timeout 5000ms
      - waiting for locator('dialog[open]')
        14 × locator resolved to 1 element
           - unexpected value "1"


      155 |     .getByRole("button", { name: "Insert Subgraph", exact: true })
      156 |     .click();
    > 157 |   await expect(dialog).toHaveCount(0);
          |                        ^
      158 |   const after = await doc(page);
      159 |   await clickAction(page, "Undo");
      160 |   expect(await doc(page)).toEqual(before);
        at C:\Users\user\source\Grape\production\tests\browser\s06-guards.spec.ts:157:24

    attachment #1: screenshot (image/png) ──────────────────────────────────────────────────────────
    ..\..\..\production\evidence\s06\debug-hover-repair-01\affected-01\test-results\s06-guards-S06-Personal-se-97897-nd-insert-restores-one-Undo-chromium\test-failed-1.png
    ────────────────────────────────────────────────────────────────────────────────────────────────

    Error Context: ..\..\..\production\evidence\s06\debug-hover-repair-01\affected-01\test-results\s06-guards-S06-Personal-se-97897-nd-insert-restores-one-Undo-chromium\error-context.md

    attachment #3: trace (application/zip) ─────────────────────────────────────────────────────────
    ..\..\..\production\evidence\s06\debug-hover-repair-01\affected-01\test-results\s06-guards-S06-Personal-se-97897-nd-insert-restores-one-Undo-chromium\trace.zip
    Usage:

        npx playwright show-trace ..\..\..\production\evidence\s06\debug-hover-repair-01\affected-01\test-results\s06-guards-S06-Personal-se-97897-nd-insert-restores-one-Undo-chromium\trace.zip

    ────────────────────────────────────────────────────────────────────────────────────────────────

  10) [chromium] › ..\..\..\production\tests\browser\s06-hover-repair.spec.ts:77:1 › S06 repair compact disclosures share presentation without model changes 

    Error: expect(locator).toHaveAttribute(expected) failed

    Locator:  getByRole('button', { name: 'Project actions', exact: true })
    Expected: "true"
    Received: "false"
    Timeout:  5000ms

    Call log:
      - Expect "toHaveAttribute" with timeout 5000ms
      - waiting for getByRole('button', { name: 'Project actions', exact: true })
        14 × locator resolved to <button type="button" aria-haspopup="menu" aria-expanded="false" class="project-actions">Project actions</button>
           - unexpected value "false"


      80 |   for (const name of ["Project actions", "Shader output", "Hints", "Experimental features"]) {
      81 |     const button = page.getByRole("button", {name,exact:true}); await button.click();
    > 82 |     await expect(button).toHaveAttribute("aria-expanded","true");
         |                          ^
      83 |     await page.keyboard.press("Escape"); await expect(button).toBeFocused();
      84 |     await expect(button).toHaveAttribute("aria-expanded","false");
      85 |   }
        at C:\Users\user\source\Grape\production\tests\browser\s06-hover-repair.spec.ts:82:26

    attachment #1: screenshot (image/png) ──────────────────────────────────────────────────────────
    ..\..\..\production\evidence\s06\debug-hover-repair-01\affected-01\test-results\s06-hover-repair-S06-repai-d60f2-ation-without-model-changes-chromium\test-failed-1.png
    ────────────────────────────────────────────────────────────────────────────────────────────────

    Error Context: ..\..\..\production\evidence\s06\debug-hover-repair-01\affected-01\test-results\s06-hover-repair-S06-repai-d60f2-ation-without-model-changes-chromium\error-context.md

    attachment #3: trace (application/zip) ─────────────────────────────────────────────────────────
    ..\..\..\production\evidence\s06\debug-hover-repair-01\affected-01\test-results\s06-hover-repair-S06-repai-d60f2-ation-without-model-changes-chromium\trace.zip
    Usage:

        npx playwright show-trace ..\..\..\production\evidence\s06\debug-hover-repair-01\affected-01\test-results\s06-hover-repair-S06-repai-d60f2-ation-without-model-changes-chromium\trace.zip

    ────────────────────────────────────────────────────────────────────────────────────────────────

  11) [chromium] › ..\..\..\production\tests\browser\s06-status-pointer.spec.ts:34:34 › S06 complete persistent loss details have a keyboard read path at 620 

    Test timeout of 30000ms exceeded.

    Error: locator.click: Test timeout of 30000ms exceeded.
    Call log:
      - waiting for locator('.canvas').first().getByText('Subgraph interface', { exact: true })
        - locator resolved to <summary>Subgraph interface</summary>
      - attempting click action
        2 × waiting for element to be visible, enabled and stable
          - element is not visible
        - retrying click action
        - waiting 20ms
        2 × waiting for element to be visible, enabled and stable
          - element is not visible
        - retrying click action
          - waiting 100ms
        57 × waiting for element to be visible, enabled and stable
           - element is not visible
         - retrying click action
           - waiting 500ms


      40 |   await c.getByRole("heading", { name: "Shared arithmetic", exact: true }).last().click();
      41 |   await c.getByRole("button", { name: "Enter subgraph", exact: true }).click();
    > 42 |   await c.getByText("Subgraph interface", { exact: true }).click();
         |                                                            ^
      43 |   const before = await doc(page);
      44 |   await c.getByLabel("Subgraph emission mode").selectOption("function");
      45 |   const after = await doc(page), losses = after.graph.losses.filter((l: any) => l.code === "FUNCTION_CONSTANT_DETACHED");
        at C:\Users\user\source\Grape\production\tests\browser\s06-status-pointer.spec.ts:42:60

    attachment #1: screenshot (image/png) ──────────────────────────────────────────────────────────
    ..\..\..\production\evidence\s06\debug-hover-repair-01\affected-01\test-results\s06-status-pointer-S06-com-7059a-a-keyboard-read-path-at-620-chromium\test-failed-1.png
    ────────────────────────────────────────────────────────────────────────────────────────────────

    Error Context: ..\..\..\production\evidence\s06\debug-hover-repair-01\affected-01\test-results\s06-status-pointer-S06-com-7059a-a-keyboard-read-path-at-620-chromium\error-context.md

    attachment #3: trace (application/zip) ─────────────────────────────────────────────────────────
    ..\..\..\production\evidence\s06\debug-hover-repair-01\affected-01\test-results\s06-status-pointer-S06-com-7059a-a-keyboard-read-path-at-620-chromium\trace.zip
    Usage:

        npx playwright show-trace ..\..\..\production\evidence\s06\debug-hover-repair-01\affected-01\test-results\s06-status-pointer-S06-com-7059a-a-keyboard-read-path-at-620-chromium\trace.zip

    ────────────────────────────────────────────────────────────────────────────────────────────────

  11 failed
    [chromium] › ..\..\..\production\tests\browser\s05-escape-focus.spec.ts:8:5 › S05 natural Escape cancels direct without Export drag with no History entry 
    [chromium] › ..\..\..\production\tests\browser\s05-escape-focus.spec.ts:8:5 › S05 natural Escape cancels direct after Export drag with no History entry 
    [chromium] › ..\..\..\production\tests\browser\s05-escape-focus.spec.ts:8:5 › S05 natural Escape cancels wrapper without Export drag with no History entry 
    [chromium] › ..\..\..\production\tests\browser\s05-escape-focus.spec.ts:8:5 › S05 natural Escape cancels wrapper after Export drag with no History entry 
    [chromium] › ..\..\..\production\tests\browser\s06-connection-view.spec.ts:62:3 › S06 connection notice compact geometry 1440 and successful inverse routes one Undo 
    [chromium] › ..\..\..\production\tests\browser\s06-connection-view.spec.ts:104:3 › S06 selection geometry remains fixed at zoom 1 
    [chromium] › ..\..\..\production\tests\browser\s06-connection-view.spec.ts:104:3 › S06 selection geometry remains fixed at zoom 1.2 
    [chromium] › ..\..\..\production\tests\browser\s06-guards.spec.ts:14:1 › S06 advertised view and edit shortcuts preserve gesture, draft and History boundaries 
    [chromium] › ..\..\..\production\tests\browser\s06-guards.spec.ts:101:1 › S06 Personal search and inspect are readonly, malformed import survives unrelated success, and insert restores one Undo 
    [chromium] › ..\..\..\production\tests\browser\s06-hover-repair.spec.ts:77:1 › S06 repair compact disclosures share presentation without model changes 
    [chromium] › ..\..\..\production\tests\browser\s06-status-pointer.spec.ts:34:34 › S06 complete persistent loss details have a keyboard read path at 620 
  39 passed (5.1m)
