✔ production ownership manifest covers every source and rejects mutation/platform/extension violations (1136.8146ms)
✔ S02 conformance: replacement uses one public Graph batch, isolates observers and retains two Context identities (14.2103ms)
✔ S02 conformance: direct replacement rejects model Error without modifying document/history (2.4173ms)
✔ M2: direct replacement atomically rejects malformed position component before publication (1.822ms)
✔ M2: direct replacement atomically rejects malformed position length before publication (1.9332ms)
✔ M2: direct replacement atomically rejects duplicate recovery IDs before publication (1.7955ms)
✔ M2: direct replacement atomically rejects unknown envelope field before publication (1.6929ms)
✔ M2: direct replacement atomically rejects unknown node field before publication (1.5493ms)
✔ M2: direct replacement atomically rejects unknown endpoint field before publication (1.5979ms)
✔ M2: catching invalid replacement cannot publish earlier edits in the same batch (2.0609ms)
✔ M2: valid detached replacement publishes once and retains exact Undo/Redo content (3.246ms)
✔ L10N exact owner, parent/default/inline fallback and plain interpolation leave model/history/generation unchanged (2.0219ms)
✔ L10N atomic duplicate/malformed rejection, revision CAS and immutable detached catalogs (0.4822ms)
✔ L10N observer errors/reentry are isolated, cleanup cancels later delivery, disposed service rejects (0.1982ms)
✔ PC authority: declaration is not grant; render/async/outside event denied, same mounted event succeeds (4.113ms)
✔ PC gesture: origin guard, one operation, cross-Panel lease rejection and latest lease required (3.5145ms)
✔ PC move/hide cancel pointer gesture and drain new leases before workspace action returns (7.6543ms)
✔ PC render failure cancels only unfinished operation after publication, with no reentrant mutation (2.6366ms)
✔ PC same ID reuse and old scope registrations remain revoked (1.6401ms)
✔ VM resources: cleanup in reverse order, failure isolation, stale async tickets, no render reentrancy (0.2364ms)
✔ two independently registered Panels and two Widget view shapes share lifecycle without feature dispatch (0.8733ms)
✔ VM mount/capture/update reentrancy revokes scope and preserves placeholder; explicit retry recovers (0.2242ms)
✔ VM subscription failure releases acquired subscriptions and cannot pretend to mount (0.097ms)
✔ PC application denies every editing command while readonly or history busy; field binding invalidates (3.9143ms)
✔ S06 hover preference defaults false and changes only its explicit isolated key (0.1731ms)
✔ S06 malformed hover preference is honest default without rewriting any key (0.0931ms)
✔ S06 inaccessible or refused hover preference falls back to normal hints without clearing storage (0.0812ms)
✔ AT-S01-01: Float × Multiply → Compose emits pinned host-free GLSL without mutation (2.8592ms)
✔ AT-S01-02: direction, cross-network, occupied input, cycle and type failures are atomic (1.9543ms)
✔ AT-S01-03: mode change captures complete prior ports, edge plans and loss; undo/redo and reload (6.1752ms)
✔ AT-S01-04: multi-batch operation, cancel/no-op redo, expired draft and async draft (6.4855ms)
✔ AT-S01-08: projection before observers, reentrant writes reject and throwing observer does not roll back (2.0383ms)
✔ AT-S01-06: contexts share model and clean selection before external observation (2.5462ms)
✔ scoped field token rejects value ABA, busy, connected and dead targets; unrelated movement preserves token (4.4984ms)
✔ all model errors including unused nodes block generation; fixed definitions and boundaries remain protected (1.9402ms)
✔ generation rejects missing/extra declared boundary output even when a module emits an incomplete map (1.928ms)
✔ shared type environment rejects unknown identity and permits explicitly registered nominal types without changing core dispatch (0.5043ms)
✔ AT-S01-02: endpoints in two real Stage networks cannot be cross-connected (2.0118ms)
✔ unknown Stage slots block generation; duplicate slot identities reject before hydration (3.7012ms)
✔ M1 reviewer counterexample: float 1e21 generates a valid GLSL floating constant (2.3433ms)
✔ M1 reviewer counterexample: multiply 1e21 generates a valid GLSL floating constant (2.1241ms)
✔ M1 literal grammar and value roundtrip cover integers, decimals, signs and exponent-form values (0.2212ms)
✔ M1 all finite float32 exponent bins and representative mantissas have legal value-preserving literals (2.1975ms)
✔ M1 admitted boundary/representative values remain editable and compile through both production literal paths (26.2402ms)
✔ AT-S01-05: document identity, complete content, new lifetime/empty history and semantic regeneration (2.3789ms)
✔ AT-S01-07: ACK of A never marks B saved, rejection and SAVE_BUSY retain baseline; download is separate (4.0558ms)
✔ old saved handle cannot attach to same persistent IDs after reload (3.0223ms)
✔ wire unknown structure, unsupported version/operation/tag, malformed known data precedence and original retention (2.0406ms)
✔ writer refuses executable/hidden values, sparse arrays, nonfinite numbers and altered prototypes without invoking getters (1.5923ms)
✔ missing exact module preserves opaque state and last port policy; loss payload is never activated (3.1359ms)
✔ forged stored conversion remains saveable but cannot generate (2.0508ms)
✔ prototype-named unknown structural keys and non-JSON whitespace are not silently accepted (1.8635ms)
✔ unrelated edits preserve forged connection evidence rather than silently repairing it (2.3906ms)
✔ pending storage open cannot replace a newer edit or document lifetime (2.1441ms)
✔ unrelated edits retain explicit invalid-edge evidence even when its stored plan is structurally valid (2.2056ms)
✔ AT-S02-04 PNG: CRC oracle, roundtrip, repeated wrapping and unowned chunks preserve bytes (7.5823ms)
✔ AT-S02-04 PNG: malformed CRC, missing metadata, duplicate metadata, compression and malformed envelope are named rejections (3.5927ms)
✔ AT-S02-04 PNG: structural boundaries, file/chunk/metadata limits and invalid UTF-8 never decode pixels or compressed text (88.4095ms)
✔ AT-S02-04 PNG: ASCII/CJK/non-BMP budgets match text intake and preserve canonical graph (139.2004ms)
✔ AT-S02-01: detached inspection/cancel/raw retention and one atomic replacement with Context continuity and Undo/Redo (11.7678ms)
✔ AT-S02-01: base revision, content, lifetime, readonly, busy and fabricated review fences (20.728ms)
✔ AT-S02-01: invalid/future/duplicate IDs/unknown structure have explicit outcomes and never publish (6.5557ms)
✔ AT-S02-01: only explicit layout repair yields a candidate; unknown endpoints/references are never guessed (9.8016ms)
✔ AT-S02-01: mismatched exact pins cannot replace the destination; failed replacement is atomic (2.8191ms)
✔ AT-S02-02: missing exact module survives move/rename/save/reopen; exact restoration invokes codec and never substitutes latest (8.3553ms)
✔ AT-S02-03 boundary: foreign/legacy input is retained with explicit unresolved Gate, never implicit conversion or archive execution (0.6364ms)
✔ AT-S02-04: ASCII/CJK/non-BMP UTF-8 exact byte budget produces deterministic results without truncation (28.4632ms)
✔ AT-S02-04: network budgets, duplicate JSON keys, unknown nested structure and opaque fields are independently checked (12.7872ms)
✔ S03 Group17 retains a draft, compilation rejects per-direction limit, Undo restores original (53.4722ms)
✔ S03 64-definition destination rejects independence and imported 65th atomically (1145.235ms)
✔ S03 nested nodes overflow rejects before paste publication (17.2912ms)
✔ S03 nested edges overflow rejects before paste publication (19.5218ms)
✔ S03 symbolic extents require int/uint sources, only outer dimension and pure compilation (4.4418ms)
✔ S03 New may retain a 257-node draft; generation and save reject it without losing the draft (95.961ms)
✔ S03 partial frames stay outside clipboard; pasted relative positions retain a common offset (4.3524ms)
✔ S03 persisted nested source is preserved while new nested source admission remains rejected (5.0013ms)
✔ S03 scalar/vector/matrix sources transfer; composite source reuses only within its source lifetime (20.1101ms)
✔ S03 FR01 admitted nested Structure arrays fail ES300 profile without artifacts; one dimension succeeds (6.3408ms)
✔ S03 FR02 independence remaps mixed parent and shared child owner references with Undo/Redo (39.5937ms)
✔ S03 FR02 independence remaps mixed parent and cloned child owner references with Undo/Redo (42.9209ms)
✔ S03 FR02 incomplete shared-child node address rejects independence atomically (8.5031ms)
✔ S03 FR03 editing inner Structure validates dependent depth16 and preserves Redo on depth17 rejection (17.1211ms)
✔ S03 FR03 affected dependent expansion and vector component budgets reject atomically (4.6676ms)
✔ S03 EG01 native array constructor2048, clipboard2048 boundary and same-load reuse (7.0999ms)
✔ S03 EG01 native array constructor2049, clipboard2048 boundary and same-load reuse (7.8448ms)
✔ S03 EG01 native array constructor4096, clipboard2048 boundary and same-load reuse (5.7294ms)
✔ S03 EG01 native array constructor4097 rejects atomically (1.9783ms)
✔ S03 EG01 sampler clipboard path2048 admission (3.5072ms)
✔ S03 EG01 sampler clipboard path2049 admission (3.5842ms)
✔ S03 EG01 native arrays admit float/vec2/vec3/vec4 and remap symbolic length closure (20.2039ms)
✔ S03 EG01 native arrays reject matrix/nested/expressions and invalid length owner types (7.9242ms)
✔ S03 EG01 TOP declarations clone while source+origin slots reuse, defaults persist, and Undo/Redo/save preserve identity (14.2905ms)
✔ S03 EG01 specialization import allocates minimal vacant ID0,2 ->1 (4.5107ms)
✔ S03 EG01 unsupported target, unavailable owner and throwing owner reject without publication (5.292ms)
✔ S03 EG01 numeric uniform scalar/vector/matrix transfer remains independent and generation is explicit unavailable (12.5114ms)
✔ S03 FR03 registered resource types cannot become Structure fields (1.9111ms)
✔ S03 EG01 exact provider/target ownership and imported descriptor failures stay atomic (4.2247ms)
✔ S03 EG01 round2 implicit constant array@["glsl.float",2] preserves same-load reuse and rejects real cross-Graph and fresh-load publication (8.9599ms)
✔ S03 EG01 round2 constant array@["glsl.float",2] preserves same-load reuse and rejects real cross-Graph and fresh-load publication (9.2475ms)
✔ S03 EG01 round2 uniform array@["glsl.float",2] preserves same-load reuse and rejects real cross-Graph and fresh-load publication (9.5366ms)
✔ S03 EG01 round2 implicit constant array@["glsl.vec2",2] preserves same-load reuse and rejects real cross-Graph and fresh-load publication (9.5707ms)
✔ S03 EG01 round2 constant array@["glsl.vec2",2] preserves same-load reuse and rejects real cross-Graph and fresh-load publication (9.4469ms)
✔ S03 EG01 round2 uniform array@["glsl.vec2",2] preserves same-load reuse and rejects real cross-Graph and fresh-load publication (10.6879ms)
✔ S03 EG01 round2 scalar/vector/matrix constants and uniforms still cross actual Graph and fresh load (51.3186ms)
✔ S03 custom declared/state closure same-Graph remaps identities only and Undo/Redo (7.7492ms)
✔ S03 custom declared/state closure cross-Graph remaps identities only and Undo/Redo (7.0953ms)
✔ S03 grouping an existing caller preserves child-owned frame node addresses (10.3018ms)
✔ S03 owner collect/remap throws and escaping/incomplete references reject atomically with Redo preserved (7.2446ms)
✔ S03 custom resources follow encapsulation and direct independence, ordinary dependencies remain shared (16.3083ms)
✔ S03 encapsulation deduplicates crossing interfaces, shared generation is pure, Undo restores all references (6.5448ms)
✔ S03 interface rename/reorder/type/removal reconciles every caller once and Undo restores values/invalid edges/loss (10.2942ms)
✔ S03 nested resource callers including unused ancestors reconcile child interface (11.0078ms)
✔ S03 library position keeps identity, semantic edit forks target and library ancestors and local refs atomically (19.6039ms)
✔ S03 direct make independent clones direct definition, shares dependencies and remaps own boundary (16.3373ms)
✔ S03 same-load clipboard reuses current source; cross-graph remaps resources and preserves text (6.3282ms)
✔ S03 clipboard typed native symbolic array closure remaps only semantic references (4.5736ms)
✔ S03 late bad edge, escaping refs, forbidden source and missing closure reject without nodes/resources/history/notifications (5.2091ms)
✔ S03 source selection stays outside encapsulation; boundary-only grouping is no-op and preserves redo (3.584ms)
✔ S03 structure drafts retain stable fields, reject recursion and block deletion while referenced (2.2128ms)
✔ S03 contexts distinguish occurrences; nested scoped targets never revive after navigation and Undo (13.097ms)
✔ S03 library snapshot position edit retains origin, first semantic edit forks and old source remains immutable (7.8295ms)
✔ S03 nested delete and required boundary protection use the canonical Graph (4.8372ms)
✔ S03 library ancestor traversal crosses local parents (27.0009ms)
✔ S03 spare-port creation and first edge are one Undo entry with stable keys (6.5574ms)
✔ S03 whole frames travel through grouping and cross-Graph clipboard with fresh identities (9.2305ms)
✔ S03 vector/matrix reshape retains override components and defaults follow interface defaults (5.251ms)
✔ S03 malformed resource envelopes, missing boundaries and nominal conflicts reject atomically (6.6799ms)
✔ S03 source admission cannot be bypassed by nested add, grouping or pasted nodes (4.2531ms)
✔ S03 layout proposal rejects navigation ABA, semantic fork and Undo (8.5048ms)
✔ S03 clipboard rejects forged hydrated plans and invalid edge evidence (2.6522ms)
✔ S03 empty library paste preserves origin, selection-independent History and Redo (6.522ms)
✔ S03 packet-wide network identity collisions and malformed reused resource envelopes reject (4.411ms)
✔ S03 source transfer uses actual load identity and reopened documents cannot forge same-load reuse (2.8363ms)
✔ S03 structure emission is read-only, nominally declared once, field deletion preserves invalid edges and Undo (4.7681ms)
✔ S03 accepted paste requires a valid destination and direct whole frames survive clipboard (4.1141ms)
✔ S03 scoped parameters and proposals from identical persistent IDs expire across a new load (8.3036ms)
✔ S03 library grouping resolves the forked canonical network (6.039ms)
✔ S03 local child semantic edit forks its library ancestor (16.8474ms)
✔ S03 explicit override equal to default survives interface defaults and save/reload (11.5226ms)
✔ S03 direct independence preserves nonowned state, declared references and typed frame resources (10.7508ms)
✔ S03 encapsulation rejects cross-scope node references despite matching local IDs (1.5491ms)
✔ S03 New creates Value vec4 passthrough; shared rename retains instance names and no-op keeps library identity (12.0797ms)
✔ S03 explicit interface Add stops at16 per direction without erasing preserved oversized draft (12.5603ms)
✔ S03 structure authoring validates count, names, description, nested fixed arrays, recursion/depth and expansion (379.4978ms)
✔ S03 large external array declarations survive metadata edits; materialization remains bounded (3.8602ms)
✔ S03 type tokens retain eight dimensions and reject extra tuple fields (1.8677ms)
✔ S03 disconnected output boundary follows shared output defaults (6.1544ms)
✔ S03 inline array construction and same-load reuse allow2049 elements; cross-Graph clipboard rejects composites (18.3982ms)
✔ S03 nested input link ABA invalidates old edit tokens without changing History on rejection (17.5226ms)
✔ S03 shared same-key type changes reject stale caller tokens and removed handles never revive (9.8654ms)
✔ S03 cross-Graph nominal closure remaps nested structures and Undo removes the full insertion (4.9465ms)
✔ S03 reusable definition cycles reject atomically including unused dependencies (10.021ms)
✔ S04 Personal complete owner payload and typed references survive reuse fork and absent Library source (49.8113ms)
✔ S04 DEC004 same-name destination sources retain distinct identity and changed imported bindings regenerate (441.4015ms)
✔ S04 Personal malformed envelope checksum and unsupported owner reject before provider writes; list deduplicates renamed files (31.5915ms)
✔ S04 DEC002 one-source fanout does not mutate source or existing conversions and pad failures agree (18.3298ms)
✔ S04 Personal root owner remap and input-bound Independent retain complete typed scope (77.3448ms)
✔ S04 stored inherited v2 and pad plans retain complete extensions through Personal shared import and reopen (25.7036ms)
✔ S04 shipped basic Library snapshot compiles after semantic fork and Personal roundtrip (10.8092ms)
✔ S04 Personal canonical package preserves snapshots, same-version reuse, independent and collision-safe filenames (29.2278ms)
✔ S04 DEC002 all16 default float plans, version fences and current ImageOutput compile (1.245ms)
✔ S04 AC001 additive envelope upgrade retains exact pins and inactive evidence, fences v2 under2.0 (1.2393ms)
✔ S04 DEC004 literal Personal typed closure survives canonical export import save reopen generation (30.2416ms)
✔ S04 DEC004 source Personal typed closure survives canonical export import save reopen generation (74.8009ms)
✔ S04 DEC004 direct-source Personal typed closure survives canonical export import save reopen generation (35.1616ms)
✔ S04 DEC004 input Personal typed closure survives canonical export import save reopen generation (81.7533ms)
✔ S04 DEC004 input-bound length uses caller override and rejects conflicting caller sources (21.4914ms)
✔ S04 DEC004 nested shared input bindings remap through Personal and remain independent after semantic fork and reinsert (353.9572ms)
✔ S04 AC001 inactive owner network resources and unknown wrapper versions preserve the version fence (5.1663ms)
✔ S04 DEC004 rejected literal/source/input/nested candidates are atomic through Application with valid checksums (235.4675ms)
✔ S04 Personal Library per-file isolation, safe names, duplicate-at-capacity and provider failures leave existing assets unchanged (35.8269ms)
✔ S04 AC001 unchanged accepted reader and exact old/new definition boundaries (2.8727ms)
✔ S04 inherited v2 plans preserve extensions across hydration move clipboard nested and Personal (13.3765ms)
✔ S04 current exact source owner supports new image descriptors without retargeting legacy owner (0.8972ms)
✔ S04 DEC004 required int length input qualifies with an actual constant supply and changed caller defaults regenerate (90.6881ms)
✔ S05 drag repair root reads one fresh snapshot and retains immutable earlier projections (2.4783ms)
✔ S05 drag repair nested reads one fresh snapshot and retains immutable earlier projections (9.0022ms)
✔ S05 drag repair preserves readonly and busy notification values while movement keeps field token (3.4309ms)
✔ S05 replacement eligibility keeps source validity separate and exact mismatch refusal atomic (12.7999ms)
✔ S05 matching replacement preserves Graph load and Context identity with one full-content Undo Redo (11.8734ms)
✔ S05 replacement eligibility and command retain stale cancelled invalid readonly and fabricated guards (26.1672ms)
✔ S05 model preflight and publication share exact kind and ordered-pin refusal without History (3.6372ms)
✔ S05-FR-001 complete program preserves distinct and reversed shared Uniform identity in all emission modes (487.8395ms)
✔ S05-FR-001 same-stage same resource type conflict fails without artifacts or Graph changes (14.6101ms)
✔ S05-FR-001 same-stage same resource default conflict fails without artifacts or Graph changes (13.9074ms)
✔ S05-FR-001 cross-stage same resource type conflict fails without artifacts or Graph changes (14.1325ms)
✔ S05-FR-001 cross-stage same resource default conflict fails without artifacts or Graph changes (13.5468ms)
✔ S05 fixed float: literals inside Function stay constant while formal and result are runtime (33.5529ms)
✔ S05 fixed float: defaults fixed schema every stage and mode with pure generation and roundtrip (250.4735ms)
✔ S05 fixed float: bad payloads unused errors atomic commands fixed source and constant distinction (3.3299ms)
✔ S05 fixed float: scoped two-context edits one Undo and stale token preserve History (6.2592ms)
✔ S05 fixed float: shared Function and Personal owner closure retain exact values (21.3107ms)
✔ S05 fixed vec2: literals inside Function stay constant while formal and result are runtime (35.3633ms)
✔ S05 fixed vec2: defaults fixed schema every stage and mode with pure generation and roundtrip (240.7648ms)
✔ S05 fixed vec2: bad payloads unused errors atomic commands fixed source and constant distinction (4.4468ms)
✔ S05 fixed vec2: scoped two-context edits one Undo and stale token preserve History (7.1455ms)
✔ S05 fixed vec2: shared Function and Personal owner closure retain exact values (20.6994ms)
✔ S05 fixed vec3: literals inside Function stay constant while formal and result are runtime (34.915ms)
✔ S05 fixed vec3: defaults fixed schema every stage and mode with pure generation and roundtrip (238.3722ms)
✔ S05 fixed vec3: bad payloads unused errors atomic commands fixed source and constant distinction (4.4519ms)
✔ S05 fixed vec3: scoped two-context edits one Undo and stale token preserve History (5.9962ms)
✔ S05 fixed vec3: shared Function and Personal owner closure retain exact values (19.2742ms)
✔ S05 fixed color: literals inside Function stay constant while formal and result are runtime (31.0355ms)
✔ S05 fixed color: defaults fixed schema every stage and mode with pure generation and roundtrip (232.5036ms)
✔ S05 fixed color: bad payloads unused errors atomic commands fixed source and constant distinction (3.884ms)
✔ S05 fixed color: scoped two-context edits one Undo and stale token preserve History (6.3828ms)
✔ S05 fixed color: shared Function and Personal owner closure retain exact values (19.1541ms)
✔ S05 AT03 source/literal shape extents stay fixed; input-bound scalar extent cannot specialize a function (79.9232ms)
✔ S05 AT04 pre-existing malformed constant edge and authored losses are preserved (15.8668ms)
✔ S05 AT04 AT05 unused shared dependent definitions localize and detach atomically with Redo exact (58.5758ms)
✔ S05 AT08 multioutput and unconsumed nested effects have one evaluation per occurrence and stage-local helpers (41.5647ms)
✔ S05 AT08 two live depth writer occurrences reject even when one helper body is deduplicated (17.5368ms)
✔ S05 AT01 definition default shared mode independent and no-op History (26.0084ms)
✔ S05 AT02 one helper per definition and distinct caller arguments; nested helpers are dependency ordered (32.1472ms)
✔ S05 AT03 ordinary inputs are runtime even when all callers pass constants; dead constant uses reject atomically (24.1973ms)
✔ S05 AT03 Uniform parameter binding is runtime; ordinary connection rejects constant receiver without publication (16.5217ms)
✔ S05 AT04 AT05 transitive newly-invalid consumer edges detach once with losses, Undo/Redo and required error (27.4718ms)
✔ S05 AT06 function Personal roundtrip reuses mode, localizes once and preserves source bytes (63.925ms)
✔ S05 AT06 DEC004 upgraded literal source input and nested Personal retain selected eligible modes through exchange (474.3259ms)
✔ S05 AT07 explicit owner upgrade preserves old pins/body/origin and unknown mode never defaults (7.5734ms)
✔ S05 AT09 later invalid edit and load retain function mode; diagnostic names shared definition and related calls (16.516ms)
✔ S05 AT10 body/mode/profile changes create fresh artifacts and old snapshot is immutable (47.8006ms)
✔ S05 HTTP provider SHA256 canonical bytes known vectors and secure UUIDv4 fail-closed (36.79ms)
✔ S06 catalog is a detached read over exact document pins and current occurrence stage (3.3795ms)
✔ S06 source/name/category literal rank uses NFKC, aliases and all terms without regular expressions (2.285ms)
✔ S06 stale creation proposals reject revision, navigation ABA, load and readonly without model or History writes (12.1531ms)
✔ S06 connected creation replaces an occupied exact input atomically and Undo restores it (20.3938ms)
✔ S06 query disposable IDs do not collide with admitted persistent IDs and consume no canonical identity (4.5749ms)
✔ S06 forged reference and mismatched matching-port proposals reject before any model publication (42.0796ms)
✔ S06 reference catalog excludes nested source admission without publishing query changes (18.5192ms)
✔ S06 configured Compose preview and published schema/edge agree in one transaction and one Undo/Redo (59.3274ms)
✔ S06 configured creation rejects invalid missing and non-choice parameters atomically preserving Redo and expired Draft (2.266ms)
✔ S06 configured creation preserves library fork/reference atomicity and rolls back a rejected choice (6.9244ms)
✔ S06 configured creation keeps initializer descriptor, owner codec and reference validation before publication (3.3893ms)
✔ S06 configured creation followed by failed connection rolls back the full batch (0.6982ms)
✔ M1: missing-module boundary x rename rejects save before ACK without data loss (18.416ms)
✔ M1: missing-module boundary 中 rename rejects save before ACK without data loss (16.8644ms)
✔ M1: missing-module boundary 🍇 rename rejects save before ACK without data loss (24.3733ms)
✔ M1: compact fallback validates actual emitted bytes at and beyond the budget (12.2054ms)
✔ M1: nodes at/beyond network limit obey save/reopen invariant (20.2779ms)
✔ M1: edges at/beyond network limit obey save/reopen invariant (36.9556ms)
✔ M1: editing beyond network capacity cannot acknowledge a save or erase the previous saved document (85.293ms)
ℹ tests 242
ℹ suites 0
ℹ pass 242
ℹ fail 0
ℹ cancelled 0
ℹ skipped 0
ℹ todo 0
ℹ duration_ms 9295.0286
(node:3312) ExperimentalWarning: Transform Types is an experimental feature and might change at any time
(Use `node --trace-warnings ...` to show where the warning was created)
