✔ production ownership manifest covers every source and rejects mutation/platform/extension violations (1259.4123ms)
✔ S02 conformance: replacement uses one public Graph batch, isolates observers and retains two Context identities (12.6736ms)
✔ S02 conformance: direct replacement rejects model Error without modifying document/history (2.7231ms)
✔ M2: direct replacement atomically rejects malformed position component before publication (2.6836ms)
✔ M2: direct replacement atomically rejects malformed position length before publication (1.9994ms)
✔ M2: direct replacement atomically rejects duplicate recovery IDs before publication (1.7419ms)
✔ M2: direct replacement atomically rejects unknown envelope field before publication (1.6422ms)
✔ M2: direct replacement atomically rejects unknown node field before publication (1.5604ms)
✔ M2: direct replacement atomically rejects unknown endpoint field before publication (1.6204ms)
✔ M2: catching invalid replacement cannot publish earlier edits in the same batch (1.6267ms)
✔ M2: valid detached replacement publishes once and retains exact Undo/Redo content (2.971ms)
✔ L10N exact owner, parent/default/inline fallback and plain interpolation leave model/history/generation unchanged (1.6157ms)
✔ L10N atomic duplicate/malformed rejection, revision CAS and immutable detached catalogs (0.5041ms)
✔ L10N observer errors/reentry are isolated, cleanup cancels later delivery, disposed service rejects (0.15ms)
✔ PC authority: declaration is not grant; render/async/outside event denied, same mounted event succeeds (3.5591ms)
✔ PC gesture: origin guard, one operation, cross-Panel lease rejection and latest lease required (3.5524ms)
✔ PC move/hide cancel pointer gesture and drain new leases before workspace action returns (7.8961ms)
✔ PC render failure cancels only unfinished operation after publication, with no reentrant mutation (3.1601ms)
✔ PC same ID reuse and old scope registrations remain revoked (1.4344ms)
✔ VM resources: cleanup in reverse order, failure isolation, stale async tickets, no render reentrancy (0.2333ms)
✔ two independently registered Panels and two Widget view shapes share lifecycle without feature dispatch (0.8687ms)
✔ VM mount/capture/update reentrancy revokes scope and preserves placeholder; explicit retry recovers (0.2274ms)
✔ VM subscription failure releases acquired subscriptions and cannot pretend to mount (0.0992ms)
✔ PC application denies every editing command while readonly or history busy; field binding invalidates (4.3785ms)
✔ AT-S01-01: Float × Multiply → Compose emits pinned host-free GLSL without mutation (3.0654ms)
✔ AT-S01-02: direction, cross-network, occupied input, cycle and type failures are atomic (1.9005ms)
✔ AT-S01-03: mode change captures complete prior ports, edge plans and loss; undo/redo and reload (4.9666ms)
✔ AT-S01-04: multi-batch operation, cancel/no-op redo, expired draft and async draft (3.8251ms)
✔ AT-S01-08: projection before observers, reentrant writes reject and throwing observer does not roll back (1.7723ms)
✔ AT-S01-06: contexts share model and clean selection before external observation (2.4061ms)
✔ scoped field token rejects value ABA, busy, connected and dead targets; unrelated movement preserves token (5.4265ms)
✔ all model errors including unused nodes block generation; fixed definitions and boundaries remain protected (2.2101ms)
✔ generation rejects missing/extra declared boundary output even when a module emits an incomplete map (2.2709ms)
✔ shared type environment rejects unknown identity and permits explicitly registered nominal types without changing core dispatch (0.4769ms)
✔ AT-S01-02: endpoints in two real Stage networks cannot be cross-connected (2.6843ms)
✔ unknown Stage slots block generation; duplicate slot identities reject before hydration (4.5392ms)
✔ M1 reviewer counterexample: float 1e21 generates a valid GLSL floating constant (2.4863ms)
✔ M1 reviewer counterexample: multiply 1e21 generates a valid GLSL floating constant (1.8884ms)
✔ M1 literal grammar and value roundtrip cover integers, decimals, signs and exponent-form values (0.2356ms)
✔ M1 all finite float32 exponent bins and representative mantissas have legal value-preserving literals (1.7547ms)
✔ M1 admitted boundary/representative values remain editable and compile through both production literal paths (24.6135ms)
✔ AT-S01-05: document identity, complete content, new lifetime/empty history and semantic regeneration (2.2454ms)
✔ AT-S01-07: ACK of A never marks B saved, rejection and SAVE_BUSY retain baseline; download is separate (3.4959ms)
✔ old saved handle cannot attach to same persistent IDs after reload (2.1071ms)
✔ wire unknown structure, unsupported version/operation/tag, malformed known data precedence and original retention (1.9223ms)
✔ writer refuses executable/hidden values, sparse arrays, nonfinite numbers and altered prototypes without invoking getters (1.5733ms)
✔ missing exact module preserves opaque state and last port policy; loss payload is never activated (2.7989ms)
✔ forged stored conversion remains saveable but cannot generate (1.9415ms)
✔ prototype-named unknown structural keys and non-JSON whitespace are not silently accepted (2.7861ms)
✔ unrelated edits preserve forged connection evidence rather than silently repairing it (2.4493ms)
✔ pending storage open cannot replace a newer edit or document lifetime (2.0875ms)
✔ unrelated edits retain explicit invalid-edge evidence even when its stored plan is structurally valid (2.5544ms)
✔ AT-S02-04 PNG: CRC oracle, roundtrip, repeated wrapping and unowned chunks preserve bytes (7.8149ms)
✔ AT-S02-04 PNG: malformed CRC, missing metadata, duplicate metadata, compression and malformed envelope are named rejections (3.616ms)
✔ AT-S02-04 PNG: structural boundaries, file/chunk/metadata limits and invalid UTF-8 never decode pixels or compressed text (98.5022ms)
✔ AT-S02-04 PNG: ASCII/CJK/non-BMP budgets match text intake and preserve canonical graph (141.5284ms)
✔ AT-S02-01: detached inspection/cancel/raw retention and one atomic replacement with Context continuity and Undo/Redo (6.1903ms)
✔ AT-S02-01: base revision, content, lifetime, readonly, busy and fabricated review fences (22.2837ms)
✔ AT-S02-01: invalid/future/duplicate IDs/unknown structure have explicit outcomes and never publish (6.2314ms)
✔ AT-S02-01: only explicit layout repair yields a candidate; unknown endpoints/references are never guessed (8.8893ms)
✔ AT-S02-01: mismatched exact pins cannot replace the destination; failed replacement is atomic (2.4122ms)
✔ AT-S02-02: missing exact module survives move/rename/save/reopen; exact restoration invokes codec and never substitutes latest (7.5447ms)
✔ AT-S02-03 boundary: foreign/legacy input is retained with explicit unresolved Gate, never implicit conversion or archive execution (0.6315ms)
✔ AT-S02-04: ASCII/CJK/non-BMP UTF-8 exact byte budget produces deterministic results without truncation (26.1331ms)
✔ AT-S02-04: network budgets, duplicate JSON keys, unknown nested structure and opaque fields are independently checked (16.112ms)
✔ S03 Group17 retains a draft, compilation rejects per-direction limit, Undo restores original (49.1711ms)
✔ S03 64-definition destination rejects independence and imported 65th atomically (1117.7985ms)
✔ S03 nested nodes overflow rejects before paste publication (18.2908ms)
✔ S03 nested edges overflow rejects before paste publication (18.7701ms)
✔ S03 symbolic extents require int/uint sources, only outer dimension and pure compilation (4.1574ms)
✔ S03 New may retain a 257-node draft; generation and save reject it without losing the draft (102.5753ms)
✔ S03 partial frames stay outside clipboard; pasted relative positions retain a common offset (5.1834ms)
✔ S03 persisted nested source is preserved while new nested source admission remains rejected (5.7418ms)
✔ S03 scalar/vector/matrix sources transfer; composite source reuses only within its source lifetime (25.4753ms)
✔ S03 FR01 admitted nested Structure arrays fail ES300 profile without artifacts; one dimension succeeds (6.2804ms)
✔ S03 FR02 independence remaps mixed parent and shared child owner references with Undo/Redo (43.4311ms)
✔ S03 FR02 independence remaps mixed parent and cloned child owner references with Undo/Redo (46.9642ms)
✔ S03 FR02 incomplete shared-child node address rejects independence atomically (9.7906ms)
✔ S03 FR03 editing inner Structure validates dependent depth16 and preserves Redo on depth17 rejection (16.9248ms)
✔ S03 FR03 affected dependent expansion and vector component budgets reject atomically (3.3271ms)
✔ S03 EG01 native array constructor2048, clipboard2048 boundary and same-load reuse (5.1942ms)
✔ S03 EG01 native array constructor2049, clipboard2048 boundary and same-load reuse (5.8183ms)
✔ S03 EG01 native array constructor4096, clipboard2048 boundary and same-load reuse (5.391ms)
✔ S03 EG01 native array constructor4097 rejects atomically (1.8261ms)
✔ S03 EG01 sampler clipboard path2048 admission (3.5729ms)
✔ S03 EG01 sampler clipboard path2049 admission (4.953ms)
✔ S03 EG01 native arrays admit float/vec2/vec3/vec4 and remap symbolic length closure (25.9041ms)
✔ S03 EG01 native arrays reject matrix/nested/expressions and invalid length owner types (9.8079ms)
✔ S03 EG01 TOP declarations clone while source+origin slots reuse, defaults persist, and Undo/Redo/save preserve identity (14.5194ms)
✔ S03 EG01 specialization import allocates minimal vacant ID0,2 ->1 (4.571ms)
✔ S03 EG01 unsupported target, unavailable owner and throwing owner reject without publication (5.5353ms)
✔ S03 EG01 numeric uniform scalar/vector/matrix transfer remains independent and generation is explicit unavailable (14.7598ms)
✔ S03 FR03 registered resource types cannot become Structure fields (2.5335ms)
✔ S03 EG01 exact provider/target ownership and imported descriptor failures stay atomic (4.7252ms)
✔ S03 EG01 round2 implicit constant array@["glsl.float",2] preserves same-load reuse and rejects real cross-Graph and fresh-load publication (10.4152ms)
✔ S03 EG01 round2 constant array@["glsl.float",2] preserves same-load reuse and rejects real cross-Graph and fresh-load publication (8.9776ms)
✔ S03 EG01 round2 uniform array@["glsl.float",2] preserves same-load reuse and rejects real cross-Graph and fresh-load publication (10.6461ms)
✔ S03 EG01 round2 implicit constant array@["glsl.vec2",2] preserves same-load reuse and rejects real cross-Graph and fresh-load publication (9.4892ms)
✔ S03 EG01 round2 constant array@["glsl.vec2",2] preserves same-load reuse and rejects real cross-Graph and fresh-load publication (10.1445ms)
✔ S03 EG01 round2 uniform array@["glsl.vec2",2] preserves same-load reuse and rejects real cross-Graph and fresh-load publication (9.8364ms)
✔ S03 EG01 round2 scalar/vector/matrix constants and uniforms still cross actual Graph and fresh load (55.8158ms)
✔ S03 custom declared/state closure same-Graph remaps identities only and Undo/Redo (8.4651ms)
✔ S03 custom declared/state closure cross-Graph remaps identities only and Undo/Redo (8.8121ms)
✔ S03 grouping an existing caller preserves child-owned frame node addresses (11.8731ms)
✔ S03 owner collect/remap throws and escaping/incomplete references reject atomically with Redo preserved (7.5431ms)
✔ S03 custom resources follow encapsulation and direct independence, ordinary dependencies remain shared (15.5506ms)
✔ S03 encapsulation deduplicates crossing interfaces, shared generation is pure, Undo restores all references (5.8706ms)
✔ S03 interface rename/reorder/type/removal reconciles every caller once and Undo restores values/invalid edges/loss (9.0713ms)
✔ S03 nested resource callers including unused ancestors reconcile child interface (10.3668ms)
✔ S03 library position keeps identity, semantic edit forks target and library ancestors and local refs atomically (21.7087ms)
✔ S03 direct make independent clones direct definition, shares dependencies and remaps own boundary (17.224ms)
✔ S03 same-load clipboard reuses current source; cross-graph remaps resources and preserves text (8.9377ms)
✔ S03 clipboard typed native symbolic array closure remaps only semantic references (4.9342ms)
✔ S03 late bad edge, escaping refs, forbidden source and missing closure reject without nodes/resources/history/notifications (5.5262ms)
✔ S03 source selection stays outside encapsulation; boundary-only grouping is no-op and preserves redo (3.5719ms)
✔ S03 structure drafts retain stable fields, reject recursion and block deletion while referenced (2.0188ms)
✔ S03 contexts distinguish occurrences; nested scoped targets never revive after navigation and Undo (11.513ms)
✔ S03 library snapshot position edit retains origin, first semantic edit forks and old source remains immutable (7.1382ms)
✔ S03 nested delete and required boundary protection use the canonical Graph (5.9964ms)
✔ S03 library ancestor traversal crosses local parents (27.4909ms)
✔ S03 spare-port creation and first edge are one Undo entry with stable keys (6.2656ms)
✔ S03 whole frames travel through grouping and cross-Graph clipboard with fresh identities (8.6583ms)
✔ S03 vector/matrix reshape retains override components and defaults follow interface defaults (5.3531ms)
✔ S03 malformed resource envelopes, missing boundaries and nominal conflicts reject atomically (8.497ms)
✔ S03 source admission cannot be bypassed by nested add, grouping or pasted nodes (6.7734ms)
✔ S03 layout proposal rejects navigation ABA, semantic fork and Undo (8.871ms)
✔ S03 clipboard rejects forged hydrated plans and invalid edge evidence (3.6845ms)
✔ S03 empty library paste preserves origin, selection-independent History and Redo (6.852ms)
✔ S03 packet-wide network identity collisions and malformed reused resource envelopes reject (4.6118ms)
✔ S03 source transfer uses actual load identity and reopened documents cannot forge same-load reuse (2.6166ms)
✔ S03 structure emission is read-only, nominally declared once, field deletion preserves invalid edges and Undo (5.311ms)
✔ S03 accepted paste requires a valid destination and direct whole frames survive clipboard (4.5222ms)
✔ S03 scoped parameters and proposals from identical persistent IDs expire across a new load (7.2921ms)
✔ S03 library grouping resolves the forked canonical network (6.6982ms)
✔ S03 local child semantic edit forks its library ancestor (18.1245ms)
✔ S03 explicit override equal to default survives interface defaults and save/reload (11.226ms)
✔ S03 direct independence preserves nonowned state, declared references and typed frame resources (11.3645ms)
✔ S03 encapsulation rejects cross-scope node references despite matching local IDs (1.5415ms)
✔ S03 New creates Value vec4 passthrough; shared rename retains instance names and no-op keeps library identity (14.7296ms)
✔ S03 explicit interface Add stops at16 per direction without erasing preserved oversized draft (12.202ms)
✔ S03 structure authoring validates count, names, description, nested fixed arrays, recursion/depth and expansion (458.1782ms)
✔ S03 large external array declarations survive metadata edits; materialization remains bounded (3.0318ms)
✔ S03 type tokens retain eight dimensions and reject extra tuple fields (1.8302ms)
✔ S03 disconnected output boundary follows shared output defaults (7.7345ms)
✔ S03 inline array construction and same-load reuse allow2049 elements; cross-Graph clipboard rejects composites (23.0068ms)
✔ S03 nested input link ABA invalidates old edit tokens without changing History on rejection (15.0741ms)
✔ S03 shared same-key type changes reject stale caller tokens and removed handles never revive (9.7371ms)
✔ S03 cross-Graph nominal closure remaps nested structures and Undo removes the full insertion (4.9591ms)
✔ S03 reusable definition cycles reject atomically including unused dependencies (12.6034ms)
✔ S04 Personal complete owner payload and typed references survive reuse fork and absent Library source (57.3771ms)
✔ S04 DEC004 same-name destination sources retain distinct identity and changed imported bindings regenerate (465.2717ms)
✔ S04 Personal malformed envelope checksum and unsupported owner reject before provider writes; list deduplicates renamed files (33.7911ms)
✔ S04 DEC002 one-source fanout does not mutate source or existing conversions and pad failures agree (21.9703ms)
✔ S04 Personal root owner remap and input-bound Independent retain complete typed scope (104.3208ms)
✔ S04 stored inherited v2 and pad plans retain complete extensions through Personal shared import and reopen (34.072ms)
✔ S04 shipped basic Library snapshot compiles after semantic fork and Personal roundtrip (14.4928ms)
✔ S04 Personal canonical package preserves snapshots, same-version reuse, independent and collision-safe filenames (40.5324ms)
✔ S04 DEC002 all16 default float plans, version fences and current ImageOutput compile (1.8362ms)
✔ S04 AC001 additive envelope upgrade retains exact pins and inactive evidence, fences v2 under2.0 (1.3588ms)
✔ S04 DEC004 literal Personal typed closure survives canonical export import save reopen generation (42.632ms)
✔ S04 DEC004 source Personal typed closure survives canonical export import save reopen generation (93.2041ms)
✔ S04 DEC004 direct-source Personal typed closure survives canonical export import save reopen generation (51.7154ms)
✔ S04 DEC004 input Personal typed closure survives canonical export import save reopen generation (102.7237ms)
✔ S04 DEC004 input-bound length uses caller override and rejects conflicting caller sources (27.0848ms)
✔ S04 DEC004 nested shared input bindings remap through Personal and remain independent after semantic fork and reinsert (445.6339ms)
✔ S04 AC001 inactive owner network resources and unknown wrapper versions preserve the version fence (5.9381ms)
✔ S04 DEC004 rejected literal/source/input/nested candidates are atomic through Application with valid checksums (264.0152ms)
✔ S04 Personal Library per-file isolation, safe names, duplicate-at-capacity and provider failures leave existing assets unchanged (47.2573ms)
✔ S04 AC001 unchanged accepted reader and exact old/new definition boundaries (3.5128ms)
✔ S04 inherited v2 plans preserve extensions across hydration move clipboard nested and Personal (18.5994ms)
✔ S04 current exact source owner supports new image descriptors without retargeting legacy owner (1.2661ms)
✔ S04 DEC004 required int length input qualifies with an actual constant supply and changed caller defaults regenerate (128.9557ms)
✔ S05 drag repair root reads one fresh snapshot and retains immutable earlier projections (3.5576ms)
✔ S05 drag repair nested reads one fresh snapshot and retains immutable earlier projections (10.7141ms)
✔ S05 drag repair preserves readonly and busy notification values while movement keeps field token (4.0974ms)
✔ S05 replacement eligibility keeps source validity separate and exact mismatch refusal atomic (17.0382ms)
✔ S05 matching replacement preserves Graph load and Context identity with one full-content Undo Redo (14.4929ms)
✔ S05 replacement eligibility and command retain stale cancelled invalid readonly and fabricated guards (34.9256ms)
✔ S05 model preflight and publication share exact kind and ordered-pin refusal without History (4.2477ms)
✔ S05-FR-001 complete program preserves distinct and reversed shared Uniform identity in all emission modes (588.494ms)
✔ S05-FR-001 same-stage same resource type conflict fails without artifacts or Graph changes (16.2472ms)
✔ S05-FR-001 same-stage same resource default conflict fails without artifacts or Graph changes (15.592ms)
✔ S05-FR-001 cross-stage same resource type conflict fails without artifacts or Graph changes (16.0997ms)
✔ S05-FR-001 cross-stage same resource default conflict fails without artifacts or Graph changes (14.5711ms)
✔ S05 fixed float: literals inside Function stay constant while formal and result are runtime (36.6307ms)
✔ S05 fixed float: defaults fixed schema every stage and mode with pure generation and roundtrip (269.0096ms)
✔ S05 fixed float: bad payloads unused errors atomic commands fixed source and constant distinction (4.4723ms)
✔ S05 fixed float: scoped two-context edits one Undo and stale token preserve History (9.0753ms)
✔ S05 fixed float: shared Function and Personal owner closure retain exact values (26.4113ms)
✔ S05 fixed vec2: literals inside Function stay constant while formal and result are runtime (37.3157ms)
✔ S05 fixed vec2: defaults fixed schema every stage and mode with pure generation and roundtrip (291.9251ms)
✔ S05 fixed vec2: bad payloads unused errors atomic commands fixed source and constant distinction (4.5296ms)
✔ S05 fixed vec2: scoped two-context edits one Undo and stale token preserve History (7.0568ms)
✔ S05 fixed vec2: shared Function and Personal owner closure retain exact values (20.5381ms)
✔ S05 fixed vec3: literals inside Function stay constant while formal and result are runtime (35.0891ms)
✔ S05 fixed vec3: defaults fixed schema every stage and mode with pure generation and roundtrip (289.1782ms)
✔ S05 fixed vec3: bad payloads unused errors atomic commands fixed source and constant distinction (5.9135ms)
✔ S05 fixed vec3: scoped two-context edits one Undo and stale token preserve History (6.2712ms)
✔ S05 fixed vec3: shared Function and Personal owner closure retain exact values (21.5323ms)
✔ S05 fixed color: literals inside Function stay constant while formal and result are runtime (32.0333ms)
✔ S05 fixed color: defaults fixed schema every stage and mode with pure generation and roundtrip (255.0461ms)
✔ S05 fixed color: bad payloads unused errors atomic commands fixed source and constant distinction (4.3829ms)
✔ S05 fixed color: scoped two-context edits one Undo and stale token preserve History (7.3909ms)
✔ S05 fixed color: shared Function and Personal owner closure retain exact values (22.1472ms)
✔ S05 AT03 source/literal shape extents stay fixed; input-bound scalar extent cannot specialize a function (100.0916ms)
✔ S05 AT04 pre-existing malformed constant edge and authored losses are preserved (21.6736ms)
✔ S05 AT04 AT05 unused shared dependent definitions localize and detach atomically with Redo exact (69.5827ms)
✔ S05 AT08 multioutput and unconsumed nested effects have one evaluation per occurrence and stage-local helpers (39.7463ms)
✔ S05 AT08 two live depth writer occurrences reject even when one helper body is deduplicated (17.4526ms)
✔ S05 AT01 definition default shared mode independent and no-op History (30.3647ms)
✔ S05 AT02 one helper per definition and distinct caller arguments; nested helpers are dependency ordered (35.2875ms)
✔ S05 AT03 ordinary inputs are runtime even when all callers pass constants; dead constant uses reject atomically (28.8321ms)
✔ S05 AT03 Uniform parameter binding is runtime; ordinary connection rejects constant receiver without publication (17.2947ms)
✔ S05 AT04 AT05 transitive newly-invalid consumer edges detach once with losses, Undo/Redo and required error (29.7935ms)
✔ S05 AT06 function Personal roundtrip reuses mode, localizes once and preserves source bytes (66.7928ms)
✔ S05 AT06 DEC004 upgraded literal source input and nested Personal retain selected eligible modes through exchange (500.2857ms)
✔ S05 AT07 explicit owner upgrade preserves old pins/body/origin and unknown mode never defaults (8.1186ms)
✔ S05 AT09 later invalid edit and load retain function mode; diagnostic names shared definition and related calls (19.1411ms)
✔ S05 AT10 body/mode/profile changes create fresh artifacts and old snapshot is immutable (49.6731ms)
✔ S05 HTTP provider SHA256 canonical bytes known vectors and secure UUIDv4 fail-closed (36.7321ms)
✔ OC01 zero ImageOutput is additive and empty new document compiles and roundtrips (1.783ms)
✔ OC01 old exact ImageOutput pins retain required inputs and missing definitions never fall forward (1.0115ms)
✔ OC01 explicit exact kind upgrade preserves IDs edges plans inactive evidence and makes new lifetime (14.157ms)
✔ OC01 upgrade missing destination readonly busy malformed source and owner throws reject atomically (1.4172ms)
✔ OC01 new source owner delegates exact image descriptor admission without relaxing old owner (1.3893ms)
✔ OC08 shared wire geometry has horizontal endpoints and distance-aware controls for both directions (0.1878ms)
✔ OC01 new exact source descriptor closure supports TOP sampler native array construction and cross-load transfer (7.6055ms)
✔ OC01 owner migration refuses active gesture and throwing callback; source document remains unchanged (1.6024ms)
✔ S06 catalog is a detached read over exact document pins and current occurrence stage (3.1725ms)
✔ S06 source/name/category literal rank uses NFKC, aliases and all terms without regular expressions (2.4723ms)
✔ S06 stale creation proposals reject revision, navigation ABA, load and readonly without model or History writes (10.7337ms)
✔ S06 connected creation replaces an occupied exact input atomically and Undo restores it (19.4124ms)
✔ S06 query disposable IDs do not collide with admitted persistent IDs and consume no canonical identity (4.3154ms)
✔ S06 forged reference and mismatched matching-port proposals reject before any model publication (52.785ms)
✔ S06 reference catalog excludes nested source admission without publishing query changes (25.9033ms)
✔ S06 configured Compose preview and published schema/edge agree in one transaction and one Undo/Redo (76.2574ms)
✔ S06 configured creation rejects invalid missing and non-choice parameters atomically preserving Redo and expired Draft (2.6778ms)
✔ S06 configured creation preserves library fork/reference atomicity and rolls back a rejected choice (6.0395ms)
✔ S06 configured creation keeps initializer descriptor, owner codec and reference validation before publication (3.9007ms)
✔ S06 configured creation followed by failed connection rolls back the full batch (0.9513ms)
✔ M1: missing-module boundary x rename rejects save before ACK without data loss (17.3676ms)
✔ M1: missing-module boundary 中 rename rejects save before ACK without data loss (12.6854ms)
✔ M1: missing-module boundary 🍇 rename rejects save before ACK without data loss (23.1144ms)
✔ M1: compact fallback validates actual emitted bytes at and beyond the budget (10.73ms)
✔ M1: nodes at/beyond network limit obey save/reopen invariant (19.1484ms)
✔ M1: edges at/beyond network limit obey save/reopen invariant (39.1262ms)
✔ M1: editing beyond network capacity cannot acknowledge a save or erase the previous saved document (83.9264ms)
ℹ tests 247
ℹ suites 0
ℹ pass 247
ℹ fail 0
ℹ cancelled 0
ℹ skipped 0
ℹ todo 0
ℹ duration_ms 10274.8033
(node:12232) ExperimentalWarning: Transform Types is an experimental feature and might change at any time
(Use `node --trace-warnings ...` to show where the warning was created)
