
Running 16 tests using 1 worker

(node:51392) Warning: The 'NO_COLOR' env is ignored due to the 'FORCE_COLOR' env being set.
(Use `node --trace-warnings ...` to show where the warning was created)
  ok  1 [chromium] › ..\..\..\production\tests\browser\s06-debug-hover.spec.ts:53:1 › S06 F2-only all built-in readonly kinds and ordinary hints preserve document selection History Redo (2.3s)
  ok  2 [chromium] › ..\..\..\production\tests\browser\s06-debug-hover.spec.ts:109:3 › S06 F2 ignores obsolete preference true (452ms)
  ok  3 [chromium] › ..\..\..\production\tests\browser\s06-debug-hover.spec.ts:109:3 › S06 F2 ignores obsolete preference false (427ms)
  ok  4 [chromium] › ..\..\..\production\tests\browser\s06-debug-hover.spec.ts:109:3 › S06 F2 ignores obsolete preference {broken} (444ms)
  ok  5 [chromium] › ..\..\..\production\tests\browser\s06-debug-hover.spec.ts:109:3 › S06 F2 ignores obsolete preference denied (429ms)
  ok  6 [chromium] › ..\..\..\production\tests\browser\s06-debug-hover.spec.ts:147:1 › S06 F2 scalar vector draft and multifield IME guards preserve current text (913ms)
  ok  7 [chromium] › ..\..\..\production\tests\browser\s06-debug-hover.spec.ts:185:1 › S06 F2 stage deletion Undo same-ID document reopen discards old target (1.3s)
  ok  8 [chromium] › ..\..\..\production\tests\browser\s06-debug-hover.spec.ts:225:1 › S06 F2 pending wire held drag readonly and natural Escape remain guarded (1.3s)
  ok  9 [chromium] › ..\..\..\production\tests\browser\s06-debug-hover.spec.ts:258:1 › S06 F2 no inspection serialization or clone during 80 trusted pointer moves or focus navigation (2.0s)
  ok 10 [chromium] › ..\..\..\production\tests\browser\s06-debug-hover.spec.ts:295:1 › S06 F2 complete long data narrow keyboard close and unchanged geometry (884ms)
  ok 11 [chromium] › ..\..\..\production\tests\browser\s06-debug-hover.spec.ts:326:1 › S06 F2 busy Save acknowledgement does not intercept or corrupt save (702ms)
  ok 12 [chromium] › ..\..\..\production\tests\browser\s06-debug-hover.spec.ts:362:1 › S06 debug target follows nested occurrence and independent Canvas navigation (2.7s)
  ok 13 [chromium] › ..\..\..\production\tests\browser\s06-f2-isolation.spec.ts:8:3 › S06 optional inspection absent preserves normal public editing save ACK generation Undo Redo (930ms)
  ok 14 [chromium] › ..\..\..\production\tests\browser\s06-f2-isolation.spec.ts:8:3 › S06 optional inspection disposed preserves normal public editing save ACK generation Undo Redo (936ms)
  ok 15 [chromium] › ..\..\..\production\tests\browser\s06-f2-isolation.spec.ts:8:3 › S06 optional inspection failed-construction preserves normal public editing save ACK generation Undo Redo (939ms)
  ok 16 [chromium] › ..\..\..\production\tests\browser\s06-f2-isolation.spec.ts:97:1 › S06 readonly owner fault registration serialization invalidation and multi-instance disposal stay local (159ms)

  16 passed (17.5s)
