✔ production ownership manifest covers every source and rejects mutation/platform/extension violations (1015.1111ms)
✔ S02 conformance: replacement uses one public Graph batch, isolates observers and retains two Context identities (11.9008ms)
✔ S02 conformance: direct replacement rejects model Error without modifying document/history (2.5549ms)
✔ M2: direct replacement atomically rejects malformed position component before publication (1.8414ms)
✔ M2: direct replacement atomically rejects malformed position length before publication (1.4877ms)
✔ M2: direct replacement atomically rejects duplicate recovery IDs before publication (1.5853ms)
✔ M2: direct replacement atomically rejects unknown envelope field before publication (1.593ms)
✔ M2: direct replacement atomically rejects unknown node field before publication (1.5577ms)
✔ M2: direct replacement atomically rejects unknown endpoint field before publication (1.6124ms)
✔ M2: catching invalid replacement cannot publish earlier edits in the same batch (1.5486ms)
✔ M2: valid detached replacement publishes once and retains exact Undo/Redo content (3.1112ms)
✔ L10N exact owner, parent/default/inline fallback and plain interpolation leave model/history/generation unchanged (1.5672ms)
✔ L10N atomic duplicate/malformed rejection, revision CAS and immutable detached catalogs (0.3599ms)
✔ L10N observer errors/reentry are isolated, cleanup cancels later delivery, disposed service rejects (0.1519ms)
✔ PC authority: declaration is not grant; render/async/outside event denied, same mounted event succeeds (3.5727ms)
✔ PC gesture: origin guard, one operation, cross-Panel lease rejection and latest lease required (3.6847ms)
✔ PC move/hide cancel pointer gesture and drain new leases before workspace action returns (6.6269ms)
✔ PC render failure cancels only unfinished operation after publication, with no reentrant mutation (4.8776ms)
✔ PC same ID reuse and old scope registrations remain revoked (1.3856ms)
✔ VM resources: cleanup in reverse order, failure isolation, stale async tickets, no render reentrancy (0.2226ms)
✔ two independently registered Panels and two Widget view shapes share lifecycle without feature dispatch (0.788ms)
✔ VM mount/capture/update reentrancy revokes scope and preserves placeholder; explicit retry recovers (0.2147ms)
✔ VM subscription failure releases acquired subscriptions and cannot pretend to mount (0.1087ms)
✔ PC application denies every editing command while readonly or history busy; field binding invalidates (3.8242ms)
✔ AT-S01-01: Float × Multiply → Compose emits pinned host-free GLSL without mutation (2.5942ms)
✔ AT-S01-02: direction, cross-network, occupied input, cycle and type failures are atomic (1.8652ms)
✔ AT-S01-03: mode change captures complete prior ports, edge plans and loss; undo/redo and reload (5.1339ms)
✔ AT-S01-04: multi-batch operation, cancel/no-op redo, expired draft and async draft (4.0485ms)
✔ AT-S01-08: projection before observers, reentrant writes reject and throwing observer does not roll back (1.5351ms)
✔ AT-S01-06: contexts share model and clean selection before external observation (2.3989ms)
✔ scoped field token rejects value ABA, busy, connected and dead targets; unrelated movement preserves token (3.8878ms)
✔ all model errors including unused nodes block generation; fixed definitions and boundaries remain protected (1.8673ms)
✔ generation rejects missing/extra declared boundary output even when a module emits an incomplete map (1.9094ms)
✔ shared type environment rejects unknown identity and permits explicitly registered nominal types without changing core dispatch (0.4928ms)
✔ AT-S01-02: endpoints in two real Stage networks cannot be cross-connected (2.165ms)
✔ unknown Stage slots block generation; duplicate slot identities reject before hydration (4.3467ms)
✔ M1 reviewer counterexample: float 1e21 generates a valid GLSL floating constant (2.0178ms)
✔ M1 reviewer counterexample: multiply 1e21 generates a valid GLSL floating constant (1.8277ms)
✔ M1 literal grammar and value roundtrip cover integers, decimals, signs and exponent-form values (0.2335ms)
✔ M1 all finite float32 exponent bins and representative mantissas have legal value-preserving literals (1.6944ms)
✔ M1 admitted boundary/representative values remain editable and compile through both production literal paths (25.1334ms)
✔ AT-S01-05: document identity, complete content, new lifetime/empty history and semantic regeneration (2.2769ms)
✔ AT-S01-07: ACK of A never marks B saved, rejection and SAVE_BUSY retain baseline; download is separate (3.3251ms)
✔ old saved handle cannot attach to same persistent IDs after reload (2.0956ms)
✔ wire unknown structure, unsupported version/operation/tag, malformed known data precedence and original retention (1.9723ms)
✔ writer refuses executable/hidden values, sparse arrays, nonfinite numbers and altered prototypes without invoking getters (1.6242ms)
✔ missing exact module preserves opaque state and last port policy; loss payload is never activated (2.8838ms)
✔ forged stored conversion remains saveable but cannot generate (2.2048ms)
✔ prototype-named unknown structural keys and non-JSON whitespace are not silently accepted (2.1844ms)
✔ unrelated edits preserve forged connection evidence rather than silently repairing it (2.1795ms)
✔ pending storage open cannot replace a newer edit or document lifetime (1.9466ms)
✔ unrelated edits retain explicit invalid-edge evidence even when its stored plan is structurally valid (2.1227ms)
✔ AT-S02-04 PNG: CRC oracle, roundtrip, repeated wrapping and unowned chunks preserve bytes (7.9795ms)
✔ AT-S02-04 PNG: malformed CRC, missing metadata, duplicate metadata, compression and malformed envelope are named rejections (4.366ms)
✔ AT-S02-04 PNG: structural boundaries, file/chunk/metadata limits and invalid UTF-8 never decode pixels or compressed text (88.5328ms)
✔ AT-S02-04 PNG: ASCII/CJK/non-BMP budgets match text intake and preserve canonical graph (136.1728ms)
✔ AT-S02-01: detached inspection/cancel/raw retention and one atomic replacement with Context continuity and Undo/Redo (6.1364ms)
✔ AT-S02-01: base revision, content, lifetime, readonly, busy and fabricated review fences (17.5927ms)
✔ AT-S02-01: invalid/future/duplicate IDs/unknown structure have explicit outcomes and never publish (6.8431ms)
✔ AT-S02-01: only explicit layout repair yields a candidate; unknown endpoints/references are never guessed (11.707ms)
✔ AT-S02-01: mismatched exact pins cannot replace the destination; failed replacement is atomic (2.5522ms)
✔ AT-S02-02: missing exact module survives move/rename/save/reopen; exact restoration invokes codec and never substitutes latest (7.4052ms)
✔ AT-S02-03 boundary: foreign/legacy input is retained with explicit unresolved Gate, never implicit conversion or archive execution (0.7538ms)
✔ AT-S02-04: ASCII/CJK/non-BMP UTF-8 exact byte budget produces deterministic results without truncation (24.1945ms)
✔ AT-S02-04: network budgets, duplicate JSON keys, unknown nested structure and opaque fields are independently checked (15.2899ms)
✔ S03 Group17 retains a draft, compilation rejects per-direction limit, Undo restores original (57.5482ms)
✔ S03 64-definition destination rejects independence and imported 65th atomically (1055.5186ms)
✔ S03 nested nodes overflow rejects before paste publication (16.5177ms)
✔ S03 nested edges overflow rejects before paste publication (20.5574ms)
✔ S03 symbolic extents require int/uint sources, only outer dimension and pure compilation (4.2295ms)
✔ S03 New may retain a 257-node draft; generation and save reject it without losing the draft (119.3652ms)
✔ S03 partial frames stay outside clipboard; pasted relative positions retain a common offset (5.2075ms)
✔ S03 persisted nested source is preserved while new nested source admission remains rejected (5.3206ms)
✔ S03 scalar/vector/matrix sources transfer; composite source reuses only within its source lifetime (23.1059ms)
✔ S03 FR01 admitted nested Structure arrays fail ES300 profile without artifacts; one dimension succeeds (7.902ms)
✔ S03 FR02 independence remaps mixed parent and shared child owner references with Undo/Redo (40.3479ms)
✔ S03 FR02 independence remaps mixed parent and cloned child owner references with Undo/Redo (47.2267ms)
✔ S03 FR02 incomplete shared-child node address rejects independence atomically (11.0019ms)
✔ S03 FR03 editing inner Structure validates dependent depth16 and preserves Redo on depth17 rejection (16.9087ms)
✔ S03 FR03 affected dependent expansion and vector component budgets reject atomically (3.7994ms)
✔ S03 EG01 native array constructor2048, clipboard2048 boundary and same-load reuse (5.9193ms)
✔ S03 EG01 native array constructor2049, clipboard2048 boundary and same-load reuse (5.7753ms)
✔ S03 EG01 native array constructor4096, clipboard2048 boundary and same-load reuse (6.0609ms)
✔ S03 EG01 native array constructor4097 rejects atomically (2.0359ms)
✔ S03 EG01 sampler clipboard path2048 admission (3.7141ms)
✔ S03 EG01 sampler clipboard path2049 admission (3.9816ms)
✔ S03 EG01 native arrays admit float/vec2/vec3/vec4 and remap symbolic length closure (19.2464ms)
✔ S03 EG01 native arrays reject matrix/nested/expressions and invalid length owner types (8.5686ms)
✔ S03 EG01 TOP declarations clone while source+origin slots reuse, defaults persist, and Undo/Redo/save preserve identity (14.0483ms)
✔ S03 EG01 specialization import allocates minimal vacant ID0,2 ->1 (4.8894ms)
✔ S03 EG01 unsupported target, unavailable owner and throwing owner reject without publication (5.7927ms)
✔ S03 EG01 numeric uniform scalar/vector/matrix transfer remains independent and generation is explicit unavailable (14.4495ms)
✔ S03 FR03 registered resource types cannot become Structure fields (2.0389ms)
✔ S03 EG01 exact provider/target ownership and imported descriptor failures stay atomic (3.9586ms)
✔ S03 EG01 round2 implicit constant array@["glsl.float",2] preserves same-load reuse and rejects real cross-Graph and fresh-load publication (9.1675ms)
✔ S03 EG01 round2 constant array@["glsl.float",2] preserves same-load reuse and rejects real cross-Graph and fresh-load publication (8.8104ms)
✔ S03 EG01 round2 uniform array@["glsl.float",2] preserves same-load reuse and rejects real cross-Graph and fresh-load publication (11.7179ms)
✔ S03 EG01 round2 implicit constant array@["glsl.vec2",2] preserves same-load reuse and rejects real cross-Graph and fresh-load publication (12.4207ms)
✔ S03 EG01 round2 constant array@["glsl.vec2",2] preserves same-load reuse and rejects real cross-Graph and fresh-load publication (12.6621ms)
✔ S03 EG01 round2 uniform array@["glsl.vec2",2] preserves same-load reuse and rejects real cross-Graph and fresh-load publication (9.4601ms)
✔ S03 EG01 round2 scalar/vector/matrix constants and uniforms still cross actual Graph and fresh load (58.1185ms)
✔ S03 custom declared/state closure same-Graph remaps identities only and Undo/Redo (9.089ms)
✔ S03 custom declared/state closure cross-Graph remaps identities only and Undo/Redo (8.5096ms)
✔ S03 grouping an existing caller preserves child-owned frame node addresses (10.7823ms)
✔ S03 owner collect/remap throws and escaping/incomplete references reject atomically with Redo preserved (7.4092ms)
✔ S03 custom resources follow encapsulation and direct independence, ordinary dependencies remain shared (15.8687ms)
✔ S03 encapsulation deduplicates crossing interfaces, shared generation is pure, Undo restores all references (6.059ms)
✔ S03 interface rename/reorder/type/removal reconciles every caller once and Undo restores values/invalid edges/loss (9.8799ms)
✔ S03 nested resource callers including unused ancestors reconcile child interface (10.7466ms)
✔ S03 library position keeps identity, semantic edit forks target and library ancestors and local refs atomically (19.8521ms)
✔ S03 direct make independent clones direct definition, shares dependencies and remaps own boundary (16.0061ms)
✔ S03 same-load clipboard reuses current source; cross-graph remaps resources and preserves text (7.0818ms)
✔ S03 clipboard typed native symbolic array closure remaps only semantic references (4.7871ms)
✔ S03 late bad edge, escaping refs, forbidden source and missing closure reject without nodes/resources/history/notifications (5.6795ms)
✔ S03 source selection stays outside encapsulation; boundary-only grouping is no-op and preserves redo (4.2099ms)
✔ S03 structure drafts retain stable fields, reject recursion and block deletion while referenced (2.0808ms)
✔ S03 contexts distinguish occurrences; nested scoped targets never revive after navigation and Undo (11.7712ms)
✔ S03 library snapshot position edit retains origin, first semantic edit forks and old source remains immutable (7.7733ms)
✔ S03 nested delete and required boundary protection use the canonical Graph (4.7116ms)
✔ S03 library ancestor traversal crosses local parents (26.8511ms)
✔ S03 spare-port creation and first edge are one Undo entry with stable keys (6.3869ms)
✔ S03 whole frames travel through grouping and cross-Graph clipboard with fresh identities (8.7335ms)
✔ S03 vector/matrix reshape retains override components and defaults follow interface defaults (5.768ms)
✔ S03 malformed resource envelopes, missing boundaries and nominal conflicts reject atomically (7.5226ms)
✔ S03 source admission cannot be bypassed by nested add, grouping or pasted nodes (4.4787ms)
✔ S03 layout proposal rejects navigation ABA, semantic fork and Undo (7.3871ms)
✔ S03 clipboard rejects forged hydrated plans and invalid edge evidence (3.5829ms)
✔ S03 empty library paste preserves origin, selection-independent History and Redo (6.7222ms)
✔ S03 packet-wide network identity collisions and malformed reused resource envelopes reject (4.647ms)
✔ S03 source transfer uses actual load identity and reopened documents cannot forge same-load reuse (3.5101ms)
✔ S03 structure emission is read-only, nominally declared once, field deletion preserves invalid edges and Undo (5.3388ms)
✔ S03 accepted paste requires a valid destination and direct whole frames survive clipboard (4.251ms)
✔ S03 scoped parameters and proposals from identical persistent IDs expire across a new load (7.4031ms)
✔ S03 library grouping resolves the forked canonical network (6.3006ms)
✔ S03 local child semantic edit forks its library ancestor (17.7571ms)
✔ S03 explicit override equal to default survives interface defaults and save/reload (11.6216ms)
✔ S03 direct independence preserves nonowned state, declared references and typed frame resources (11.0494ms)
✔ S03 encapsulation rejects cross-scope node references despite matching local IDs (1.8203ms)
✔ S03 New creates Value vec4 passthrough; shared rename retains instance names and no-op keeps library identity (11.9839ms)
✔ S03 explicit interface Add stops at16 per direction without erasing preserved oversized draft (12.0355ms)
✔ S03 structure authoring validates count, names, description, nested fixed arrays, recursion/depth and expansion (436.3299ms)
✔ S03 large external array declarations survive metadata edits; materialization remains bounded (3.2728ms)
✔ S03 type tokens retain eight dimensions and reject extra tuple fields (1.6736ms)
✔ S03 disconnected output boundary follows shared output defaults (6.9498ms)
✔ S03 inline array construction and same-load reuse allow2049 elements; cross-Graph clipboard rejects composites (20.4187ms)
✔ S03 nested input link ABA invalidates old edit tokens without changing History on rejection (16.8325ms)
✔ S03 shared same-key type changes reject stale caller tokens and removed handles never revive (11.3424ms)
✔ S03 cross-Graph nominal closure remaps nested structures and Undo removes the full insertion (7.2925ms)
✔ S03 reusable definition cycles reject atomically including unused dependencies (12.1748ms)
✔ S04 Personal complete owner payload and typed references survive reuse fork and absent Library source (57.3906ms)
✔ S04 DEC004 same-name destination sources retain distinct identity and changed imported bindings regenerate (484.0441ms)
✔ S04 Personal malformed envelope checksum and unsupported owner reject before provider writes; list deduplicates renamed files (32.2559ms)
✔ S04 DEC002 one-source fanout does not mutate source or existing conversions and pad failures agree (19.4238ms)
✔ S04 Personal root owner remap and input-bound Independent retain complete typed scope (83.5635ms)
(node:56560) ExperimentalWarning: Transform Types is an experimental feature and might change at any time
(Use `node --trace-warnings ...` to show where the warning was created)
✔ S04 stored inherited v2 and pad plans retain complete extensions through Personal shared import and reopen (33.6275ms)
✔ S04 shipped basic Library snapshot compiles after semantic fork and Personal roundtrip (17.9219ms)
✔ S04 Personal canonical package preserves snapshots, same-version reuse, independent and collision-safe filenames (32.7654ms)
✔ S04 DEC002 all16 default float plans, version fences and current ImageOutput compile (1.3513ms)
✔ S04 AC001 additive envelope upgrade retains exact pins and inactive evidence, fences v2 under2.0 (1.36ms)
✔ S04 DEC004 literal Personal typed closure survives canonical export import save reopen generation (29.6457ms)
✔ S04 DEC004 source Personal typed closure survives canonical export import save reopen generation (77.7383ms)
✔ S04 DEC004 direct-source Personal typed closure survives canonical export import save reopen generation (39.2084ms)
✔ S04 DEC004 input Personal typed closure survives canonical export import save reopen generation (81.3418ms)
✔ S04 DEC004 input-bound length uses caller override and rejects conflicting caller sources (24.2044ms)
✔ S04 DEC004 nested shared input bindings remap through Personal and remain independent after semantic fork and reinsert (361.5694ms)
✔ S04 AC001 inactive owner network resources and unknown wrapper versions preserve the version fence (5.1719ms)
✔ S04 DEC004 rejected literal/source/input/nested candidates are atomic through Application with valid checksums (239.7257ms)
✔ S04 Personal Library per-file isolation, safe names, duplicate-at-capacity and provider failures leave existing assets unchanged (52.0638ms)
✔ S04 AC001 unchanged accepted reader and exact old/new definition boundaries (3.5386ms)
✔ S04 inherited v2 plans preserve extensions across hydration move clipboard nested and Personal (17.4594ms)
✔ S04 current exact source owner supports new image descriptors without retargeting legacy owner (1.1028ms)
✔ S04 DEC004 required int length input qualifies with an actual constant supply and changed caller defaults regenerate (101.5501ms)
✔ S05 drag repair root reads one fresh snapshot and retains immutable earlier projections (3.4094ms)
✔ S05 drag repair nested reads one fresh snapshot and retains immutable earlier projections (9.781ms)
✔ S05 drag repair preserves readonly and busy notification values while movement keeps field token (3.4531ms)
✔ S05 replacement eligibility keeps source validity separate and exact mismatch refusal atomic (13.0534ms)
✔ S05 matching replacement preserves Graph load and Context identity with one full-content Undo Redo (11.9541ms)
✔ S05 replacement eligibility and command retain stale cancelled invalid readonly and fabricated guards (26.5431ms)
✔ S05 model preflight and publication share exact kind and ordered-pin refusal without History (3.673ms)
✔ S05-FR-001 complete program preserves distinct and reversed shared Uniform identity in all emission modes (527.7922ms)
✔ S05-FR-001 same-stage same resource type conflict fails without artifacts or Graph changes (14.3633ms)
✔ S05-FR-001 same-stage same resource default conflict fails without artifacts or Graph changes (14.2482ms)
✔ S05-FR-001 cross-stage same resource type conflict fails without artifacts or Graph changes (14.0835ms)
✔ S05-FR-001 cross-stage same resource default conflict fails without artifacts or Graph changes (13.9114ms)
✔ S05 fixed float: literals inside Function stay constant while formal and result are runtime (34.0755ms)
✔ S05 fixed float: defaults fixed schema every stage and mode with pure generation and roundtrip (274.3921ms)
✔ S05 fixed float: bad payloads unused errors atomic commands fixed source and constant distinction (3.6026ms)
✔ S05 fixed float: scoped two-context edits one Undo and stale token preserve History (6.4856ms)
✔ S05 fixed float: shared Function and Personal owner closure retain exact values (20.5537ms)
✔ S05 fixed vec2: literals inside Function stay constant while formal and result are runtime (32.5422ms)
✔ S05 fixed vec2: defaults fixed schema every stage and mode with pure generation and roundtrip (280.1367ms)
✔ S05 fixed vec2: bad payloads unused errors atomic commands fixed source and constant distinction (4.8418ms)
✔ S05 fixed vec2: scoped two-context edits one Undo and stale token preserve History (7.1798ms)
✔ S05 fixed vec2: shared Function and Personal owner closure retain exact values (20.7157ms)
✔ S05 fixed vec3: literals inside Function stay constant while formal and result are runtime (36.1253ms)
✔ S05 fixed vec3: defaults fixed schema every stage and mode with pure generation and roundtrip (270.9229ms)
✔ S05 fixed vec3: bad payloads unused errors atomic commands fixed source and constant distinction (4.7476ms)
✔ S05 fixed vec3: scoped two-context edits one Undo and stale token preserve History (6.6549ms)
✔ S05 fixed vec3: shared Function and Personal owner closure retain exact values (20.4898ms)
✔ S05 fixed color: literals inside Function stay constant while formal and result are runtime (45.3493ms)
✔ S05 fixed color: defaults fixed schema every stage and mode with pure generation and roundtrip (296.8065ms)
✔ S05 fixed color: bad payloads unused errors atomic commands fixed source and constant distinction (5.4538ms)
✔ S05 fixed color: scoped two-context edits one Undo and stale token preserve History (9.396ms)
✔ S05 fixed color: shared Function and Personal owner closure retain exact values (26.9638ms)
✔ S05 AT03 source/literal shape extents stay fixed; input-bound scalar extent cannot specialize a function (126.6896ms)
✔ S05 AT04 pre-existing malformed constant edge and authored losses are preserved (16.6914ms)
✔ S05 AT04 AT05 unused shared dependent definitions localize and detach atomically with Redo exact (61.547ms)
✔ S05 AT08 multioutput and unconsumed nested effects have one evaluation per occurrence and stage-local helpers (40.836ms)
✔ S05 AT08 two live depth writer occurrences reject even when one helper body is deduplicated (18.2366ms)
✔ S05 AT01 definition default shared mode independent and no-op History (29.1365ms)
✔ S05 AT02 one helper per definition and distinct caller arguments; nested helpers are dependency ordered (32.7182ms)
✔ S05 AT03 ordinary inputs are runtime even when all callers pass constants; dead constant uses reject atomically (24.5463ms)
✔ S05 AT03 Uniform parameter binding is runtime; ordinary connection rejects constant receiver without publication (26.0522ms)
✔ S05 AT04 AT05 transitive newly-invalid consumer edges detach once with losses, Undo/Redo and required error (33.8753ms)
✔ S05 AT06 function Personal roundtrip reuses mode, localizes once and preserves source bytes (74.0401ms)
✔ S05 AT06 DEC004 upgraded literal source input and nested Personal retain selected eligible modes through exchange (520.1618ms)
✔ S05 AT07 explicit owner upgrade preserves old pins/body/origin and unknown mode never defaults (8.642ms)
✔ S05 AT09 later invalid edit and load retain function mode; diagnostic names shared definition and related calls (19.1665ms)
✔ S05 AT10 body/mode/profile changes create fresh artifacts and old snapshot is immutable (63.4254ms)
✔ S05 HTTP provider SHA256 canonical bytes known vectors and secure UUIDv4 fail-closed (45.8517ms)
✔ S06 catalog is a detached read over exact document pins and current occurrence stage (6.9406ms)
✔ S06 source/name/category literal rank uses NFKC, aliases and all terms without regular expressions (3.2807ms)
✔ S06 stale creation proposals reject revision, navigation ABA, load and readonly without model or History writes (13.1573ms)
✔ S06 connected creation replaces an occupied exact input atomically and Undo restores it (24.6821ms)
✔ S06 query disposable IDs do not collide with admitted persistent IDs and consume no canonical identity (5.8486ms)
✔ S06 forged reference and mismatched matching-port proposals reject before any model publication (45.0178ms)
✔ S06 reference catalog excludes nested source admission without publishing query changes (19.4341ms)
✔ S06 configured Compose preview and published schema/edge agree in one transaction and one Undo/Redo (65.9709ms)
✔ S06 configured creation rejects invalid missing and non-choice parameters atomically preserving Redo and expired Draft (2.5768ms)
✔ S06 configured creation preserves library fork/reference atomicity and rolls back a rejected choice (6.1221ms)
✔ S06 configured creation keeps initializer descriptor, owner codec and reference validation before publication (3.3855ms)
✔ S06 configured creation followed by failed connection rolls back the full batch (0.6028ms)
✔ M1: missing-module boundary x rename rejects save before ACK without data loss (17.8451ms)
✔ M1: missing-module boundary 中 rename rejects save before ACK without data loss (14.5534ms)
✔ M1: missing-module boundary 🍇 rename rejects save before ACK without data loss (20.7353ms)
✔ M1: compact fallback validates actual emitted bytes at and beyond the budget (5.4532ms)
✔ M1: nodes at/beyond network limit obey save/reopen invariant (19.1883ms)
✔ M1: edges at/beyond network limit obey save/reopen invariant (39.0956ms)
✔ M1: editing beyond network capacity cannot acknowledge a save or erase the previous saved document (84.3171ms)
ℹ tests 239
ℹ suites 0
ℹ pass 239
ℹ fail 0
ℹ cancelled 0
ℹ skipped 0
ℹ todo 0
ℹ duration_ms 9738.6903
