
> grape-s01@0.1.0 test
> node tools/runtime.mjs && node --experimental-transform-types --test --test-isolation=none tests/unit/*.test.ts tests/conformance/*.test.ts

✔ production ownership manifest covers every source and rejects mutation/platform/extension violations (1071.6318ms)
✔ S02 conformance: replacement uses one public Graph batch, isolates observers and retains two Context identities (11.2669ms)
✔ S02 conformance: direct replacement rejects model Error without modifying document/history (2.6313ms)
✔ M2: direct replacement atomically rejects malformed position component before publication (1.8485ms)
✔ M2: direct replacement atomically rejects malformed position length before publication (1.5592ms)
✔ M2: direct replacement atomically rejects duplicate recovery IDs before publication (1.5884ms)
✔ M2: direct replacement atomically rejects unknown envelope field before publication (1.58ms)
✔ M2: direct replacement atomically rejects unknown node field before publication (1.5839ms)
✔ M2: direct replacement atomically rejects unknown endpoint field before publication (1.488ms)
✔ M2: catching invalid replacement cannot publish earlier edits in the same batch (1.47ms)
✔ M2: valid detached replacement publishes once and retains exact Undo/Redo content (2.9779ms)
✔ L10N exact owner, parent/default/inline fallback and plain interpolation leave model/history/generation unchanged (1.4214ms)
✔ L10N atomic duplicate/malformed rejection, revision CAS and immutable detached catalogs (0.3552ms)
✔ L10N observer errors/reentry are isolated, cleanup cancels later delivery, disposed service rejects (0.1685ms)
✔ PC authority: declaration is not grant; render/async/outside event denied, same mounted event succeeds (3.9887ms)
✔ PC gesture: origin guard, one operation, cross-Panel lease rejection and latest lease required (3.8183ms)
✔ PC move/hide cancel pointer gesture and drain new leases before workspace action returns (10.1813ms)
✔ PC render failure cancels only unfinished operation after publication, with no reentrant mutation (2.6819ms)
✔ PC same ID reuse and old scope registrations remain revoked (1.6846ms)
✔ VM resources: cleanup in reverse order, failure isolation, stale async tickets, no render reentrancy (0.2106ms)
✔ two independently registered Panels and two Widget view shapes share lifecycle without feature dispatch (1.0087ms)
✔ VM mount/capture/update reentrancy revokes scope and preserves placeholder; explicit retry recovers (0.2253ms)
✔ VM subscription failure releases acquired subscriptions and cannot pretend to mount (0.0927ms)
✔ PC application denies every editing command while readonly or history busy; field binding invalidates (3.7791ms)
✔ B01 same-pane movement revokes old scope before placement publication and retains contribution (1.4238ms)
✔ B01 PanelRenderer subscription failure rebuilds contribution on explicit retry (0.7287ms)
✔ B01 FR02 retry replaces same-ID mount once, rejects stale events and keeps fresh command authority (2.52ms)
✔ B01 group0, positive groups and fixed Canvas routes distinguish activation, hide and close (3.0031ms)
✔ B01 direct Context changes and revision update routed targets, unchanged placement does not repeat receive (2.493ms)
✔ B01 close and retarget veto keep logical instances and placement intact (1.4405ms)
✔ B01 provider borrowing guards direct disposal; closing releases borrow without deleting Context (0.9177ms)
✔ B01 move, float, collapse, hide/show preserve Panel and exported draft; upper slot returns prior owner to dock (1.1002ms)
✔ B01 save/restore mints Context and leases, preserves inert identities and no runtime activation (2.8236ms)
✔ B01 application restore resolves exact graph/stage/occurrence, never names or first stage (0.9059ms)
✔ B01 missing type/version and unresolved target retain opaque data with retry using one registry (1.6407ms)
✔ B01 full layout validation refuses malformed candidates before any factory or live mutation (2.5681ms)
✔ B01 invalid open/move route does not call factory or change tabs; reentry rejected in factory (0.7879ms)
✔ B01 export callback failure is whole-save failure without graph/history changes (0.6064ms)
✔ B01 same-ID close/reopen rejects old services and restores detached state only (0.8274ms)
✔ B01 tab and group ordering revokes placement while preserving live Panel identity (0.8155ms)
✔ B01 restored owned Context survives same-target retarget and receive retry then closes (1.4832ms)
✔ B01 FR02 retry guards every lifecycle mutation and isolates observer exceptions (1.3041ms)
✔ B01 FR02 failed and successful retry retain owned Context and revoke old services (1.5999ms)
✔ B01 FR03 every valid JSON export including null survives layout roundtrip (1.6624ms)
✔ B01 FR03 opaque fallback retains null and invalid live exports refuse the complete save (1.3102ms)
✔ B01 FR02 FR03 retry and private-state save preserve saved ACK and existing Redo (2.6724ms)
✔ AT-S01-01: Float × Multiply → Compose emits pinned host-free GLSL without mutation (2.5387ms)
✔ AT-S01-02: direction, cross-network, occupied input, cycle and type failures are atomic (1.9656ms)
✔ AT-S01-03: mode change captures complete prior ports, edge plans and loss; undo/redo and reload (4.9107ms)
✔ AT-S01-04: multi-batch operation, cancel/no-op redo, expired draft and async draft (3.6411ms)
✔ AT-S01-08: projection before observers, reentrant writes reject and throwing observer does not roll back (1.6107ms)
✔ AT-S01-06: contexts share model and clean selection before external observation (2.2532ms)
✔ scoped field token rejects value ABA, busy, connected and dead targets; unrelated movement preserves token (3.6924ms)
✔ all model errors including unused nodes block generation; fixed definitions and boundaries remain protected (1.7132ms)
✔ generation rejects missing/extra declared boundary output even when a module emits an incomplete map (1.7255ms)
✔ shared type environment rejects unknown identity and permits explicitly registered nominal types without changing core dispatch (0.4366ms)
✔ AT-S01-02: endpoints in two real Stage networks cannot be cross-connected (1.8412ms)
✔ unknown Stage slots block generation; duplicate slot identities reject before hydration (4.4073ms)
✔ M1 reviewer counterexample: float 1e21 generates a valid GLSL floating constant (1.8195ms)
✔ M1 reviewer counterexample: multiply 1e21 generates a valid GLSL floating constant (1.8188ms)
✔ M1 literal grammar and value roundtrip cover integers, decimals, signs and exponent-form values (0.2219ms)
✔ M1 all finite float32 exponent bins and representative mantissas have legal value-preserving literals (1.7672ms)
✔ M1 admitted boundary/representative values remain editable and compile through both production literal paths (24.3711ms)
✔ AT-S01-05: document identity, complete content, new lifetime/empty history and semantic regeneration (2.1119ms)
✔ AT-S01-07: ACK of A never marks B saved, rejection and SAVE_BUSY retain baseline; download is separate (3.6565ms)
✔ old saved handle cannot attach to same persistent IDs after reload (2.0269ms)
✔ wire unknown structure, unsupported version/operation/tag, malformed known data precedence and original retention (1.8646ms)
✔ writer refuses executable/hidden values, sparse arrays, nonfinite numbers and altered prototypes without invoking getters (1.8166ms)
✔ missing exact module preserves opaque state and last port policy; loss payload is never activated (2.6205ms)
✔ forged stored conversion remains saveable but cannot generate (2.0376ms)
✔ prototype-named unknown structural keys and non-JSON whitespace are not silently accepted (1.8774ms)
✔ unrelated edits preserve forged connection evidence rather than silently repairing it (2.0289ms)
✔ pending storage open cannot replace a newer edit or document lifetime (1.826ms)
✔ unrelated edits retain explicit invalid-edge evidence even when its stored plan is structurally valid (2.7846ms)
✔ AT-S02-04 PNG: CRC oracle, roundtrip, repeated wrapping and unowned chunks preserve bytes (7.334ms)
✔ AT-S02-04 PNG: malformed CRC, missing metadata, duplicate metadata, compression and malformed envelope are named rejections (3.5312ms)
✔ AT-S02-04 PNG: structural boundaries, file/chunk/metadata limits and invalid UTF-8 never decode pixels or compressed text (81.3908ms)
✔ AT-S02-04 PNG: ASCII/CJK/non-BMP budgets match text intake and preserve canonical graph (126.7831ms)
✔ AT-S02-01: detached inspection/cancel/raw retention and one atomic replacement with Context continuity and Undo/Redo (6.5952ms)
✔ AT-S02-01: base revision, content, lifetime, readonly, busy and fabricated review fences (17.1181ms)
✔ AT-S02-01: invalid/future/duplicate IDs/unknown structure have explicit outcomes and never publish (10.0253ms)
✔ AT-S02-01: only explicit layout repair yields a candidate; unknown endpoints/references are never guessed (8.6848ms)
✔ AT-S02-01: mismatched exact pins cannot replace the destination; failed replacement is atomic (2.4685ms)
✔ AT-S02-02: missing exact module survives move/rename/save/reopen; exact restoration invokes codec and never substitutes latest (7.2698ms)
✔ AT-S02-03 boundary: foreign/legacy input is retained with explicit unresolved Gate, never implicit conversion or archive execution (0.6363ms)
✔ AT-S02-04: ASCII/CJK/non-BMP UTF-8 exact byte budget produces deterministic results without truncation (24.0895ms)
✔ AT-S02-04: network budgets, duplicate JSON keys, unknown nested structure and opaque fields are independently checked (14.2689ms)
✔ S03 Group17 retains a draft, compilation rejects per-direction limit, Undo restores original (51.0255ms)
✔ S03 64-definition destination rejects independence and imported 65th atomically (1061.7341ms)
✔ S03 nested nodes overflow rejects before paste publication (16.6719ms)
✔ S03 nested edges overflow rejects before paste publication (19.7073ms)
✔ S03 symbolic extents require int/uint sources, only outer dimension and pure compilation (4.3556ms)
✔ S03 New may retain a 257-node draft; generation and save reject it without losing the draft (98.0446ms)
✔ S03 partial frames stay outside clipboard; pasted relative positions retain a common offset (4.305ms)
✔ S03 persisted nested source is preserved while new nested source admission remains rejected (5.1723ms)
✔ S03 scalar/vector/matrix sources transfer; composite source reuses only within its source lifetime (20.438ms)
✔ S03 FR01 admitted nested Structure arrays fail ES300 profile without artifacts; one dimension succeeds (5.7523ms)
✔ S03 FR02 independence remaps mixed parent and shared child owner references with Undo/Redo (39.5005ms)
✔ S03 FR02 independence remaps mixed parent and cloned child owner references with Undo/Redo (48.9855ms)
✔ S03 FR02 incomplete shared-child node address rejects independence atomically (8.8565ms)
✔ S03 FR03 editing inner Structure validates dependent depth16 and preserves Redo on depth17 rejection (16.4283ms)
✔ S03 FR03 affected dependent expansion and vector component budgets reject atomically (3.208ms)
✔ S03 EG01 native array constructor2048, clipboard2048 boundary and same-load reuse (5.189ms)
✔ S03 EG01 native array constructor2049, clipboard2048 boundary and same-load reuse (6.0944ms)
✔ S03 EG01 native array constructor4096, clipboard2048 boundary and same-load reuse (5.2989ms)
✔ S03 EG01 native array constructor4097 rejects atomically (2.0652ms)
✔ S03 EG01 sampler clipboard path2048 admission (3.1807ms)
✔ S03 EG01 sampler clipboard path2049 admission (3.2118ms)
✔ S03 EG01 native arrays admit float/vec2/vec3/vec4 and remap symbolic length closure (19.1211ms)
✔ S03 EG01 native arrays reject matrix/nested/expressions and invalid length owner types (7.5909ms)
✔ S03 EG01 TOP declarations clone while source+origin slots reuse, defaults persist, and Undo/Redo/save preserve identity (14.0725ms)
✔ S03 EG01 specialization import allocates minimal vacant ID0,2 ->1 (4.42ms)
✔ S03 EG01 unsupported target, unavailable owner and throwing owner reject without publication (6.0881ms)
✔ S03 EG01 numeric uniform scalar/vector/matrix transfer remains independent and generation is explicit unavailable (12.517ms)
✔ S03 FR03 registered resource types cannot become Structure fields (1.8373ms)
✔ S03 EG01 exact provider/target ownership and imported descriptor failures stay atomic (3.9868ms)
✔ S03 EG01 round2 implicit constant array@["glsl.float",2] preserves same-load reuse and rejects real cross-Graph and fresh-load publication (8.823ms)
✔ S03 EG01 round2 constant array@["glsl.float",2] preserves same-load reuse and rejects real cross-Graph and fresh-load publication (8.5616ms)
✔ S03 EG01 round2 uniform array@["glsl.float",2] preserves same-load reuse and rejects real cross-Graph and fresh-load publication (9.3674ms)
✔ S03 EG01 round2 implicit constant array@["glsl.vec2",2] preserves same-load reuse and rejects real cross-Graph and fresh-load publication (8.8533ms)
✔ S03 EG01 round2 constant array@["glsl.vec2",2] preserves same-load reuse and rejects real cross-Graph and fresh-load publication (8.8177ms)
✔ S03 EG01 round2 uniform array@["glsl.vec2",2] preserves same-load reuse and rejects real cross-Graph and fresh-load publication (9.7041ms)
✔ S03 EG01 round2 scalar/vector/matrix constants and uniforms still cross actual Graph and fresh load (48.4755ms)
✔ S03 custom declared/state closure same-Graph remaps identities only and Undo/Redo (7.3358ms)
✔ S03 custom declared/state closure cross-Graph remaps identities only and Undo/Redo (7.4769ms)
✔ S03 grouping an existing caller preserves child-owned frame node addresses (10.0046ms)
✔ S03 owner collect/remap throws and escaping/incomplete references reject atomically with Redo preserved (7.5511ms)
✔ S03 custom resources follow encapsulation and direct independence, ordinary dependencies remain shared (18.9557ms)
✔ S03 encapsulation deduplicates crossing interfaces, shared generation is pure, Undo restores all references (6.8535ms)
✔ S03 interface rename/reorder/type/removal reconciles every caller once and Undo restores values/invalid edges/loss (9.6185ms)
✔ S03 nested resource callers including unused ancestors reconcile child interface (10.1773ms)
✔ S03 library position keeps identity, semantic edit forks target and library ancestors and local refs atomically (26.1931ms)
✔ S03 direct make independent clones direct definition, shares dependencies and remaps own boundary (17.5202ms)
✔ S03 same-load clipboard reuses current source; cross-graph remaps resources and preserves text (5.9153ms)
✔ S03 clipboard typed native symbolic array closure remaps only semantic references (4.9477ms)
✔ S03 late bad edge, escaping refs, forbidden source and missing closure reject without nodes/resources/history/notifications (5.1397ms)
✔ S03 source selection stays outside encapsulation; boundary-only grouping is no-op and preserves redo (3.3191ms)
✔ S03 structure drafts retain stable fields, reject recursion and block deletion while referenced (2.0041ms)
✔ S03 contexts distinguish occurrences; nested scoped targets never revive after navigation and Undo (13.261ms)
✔ S03 library snapshot position edit retains origin, first semantic edit forks and old source remains immutable (8.2943ms)
✔ S03 nested delete and required boundary protection use the canonical Graph (5.019ms)
✔ S03 library ancestor traversal crosses local parents (30.9688ms)
✔ S03 spare-port creation and first edge are one Undo entry with stable keys (6.9517ms)
✔ S03 whole frames travel through grouping and cross-Graph clipboard with fresh identities (8.9318ms)
✔ S03 vector/matrix reshape retains override components and defaults follow interface defaults (6.0719ms)
✔ S03 malformed resource envelopes, missing boundaries and nominal conflicts reject atomically (7.5449ms)
✔ S03 source admission cannot be bypassed by nested add, grouping or pasted nodes (4.1219ms)
✔ S03 layout proposal rejects navigation ABA, semantic fork and Undo (7.3035ms)
✔ S03 clipboard rejects forged hydrated plans and invalid edge evidence (2.7646ms)
✔ S03 empty library paste preserves origin, selection-independent History and Redo (6.3201ms)
✔ S03 packet-wide network identity collisions and malformed reused resource envelopes reject (4.583ms)
✔ S03 source transfer uses actual load identity and reopened documents cannot forge same-load reuse (2.7136ms)
✔ S03 structure emission is read-only, nominally declared once, field deletion preserves invalid edges and Undo (4.8919ms)
✔ S03 accepted paste requires a valid destination and direct whole frames survive clipboard (4.5506ms)
✔ S03 scoped parameters and proposals from identical persistent IDs expire across a new load (7.1964ms)
(node:22932) ExperimentalWarning: Transform Types is an experimental feature and might change at any time
(Use `node --trace-warnings ...` to show where the warning was created)
✔ S03 library grouping resolves the forked canonical network (5.9256ms)
✔ S03 local child semantic edit forks its library ancestor (17.4956ms)
✔ S03 explicit override equal to default survives interface defaults and save/reload (11.0129ms)
✔ S03 direct independence preserves nonowned state, declared references and typed frame resources (11.1153ms)
✔ S03 encapsulation rejects cross-scope node references despite matching local IDs (1.5611ms)
✔ S03 New creates Value vec4 passthrough; shared rename retains instance names and no-op keeps library identity (11.9815ms)
✔ S03 explicit interface Add stops at16 per direction without erasing preserved oversized draft (13.1953ms)
✔ S03 structure authoring validates count, names, description, nested fixed arrays, recursion/depth and expansion (384.1618ms)
✔ S03 large external array declarations survive metadata edits; materialization remains bounded (3.0456ms)
✔ S03 type tokens retain eight dimensions and reject extra tuple fields (1.7458ms)
✔ S03 disconnected output boundary follows shared output defaults (6.4333ms)
✔ S03 inline array construction and same-load reuse allow2049 elements; cross-Graph clipboard rejects composites (17.3453ms)
✔ S03 nested input link ABA invalidates old edit tokens without changing History on rejection (15.4524ms)
✔ S03 shared same-key type changes reject stale caller tokens and removed handles never revive (9.5134ms)
✔ S03 cross-Graph nominal closure remaps nested structures and Undo removes the full insertion (5.2466ms)
✔ S03 reusable definition cycles reject atomically including unused dependencies (9.9231ms)
✔ S04 Personal complete owner payload and typed references survive reuse fork and absent Library source (47.5899ms)
✔ S04 DEC004 same-name destination sources retain distinct identity and changed imported bindings regenerate (430.8031ms)
✔ S04 Personal malformed envelope checksum and unsupported owner reject before provider writes; list deduplicates renamed files (31.5266ms)
✔ S04 DEC002 one-source fanout does not mutate source or existing conversions and pad failures agree (17.1863ms)
✔ S04 Personal root owner remap and input-bound Independent retain complete typed scope (76.1104ms)
✔ S04 stored inherited v2 and pad plans retain complete extensions through Personal shared import and reopen (25.9468ms)
✔ S04 shipped basic Library snapshot compiles after semantic fork and Personal roundtrip (10.9542ms)
✔ S04 Personal canonical package preserves snapshots, same-version reuse, independent and collision-safe filenames (27.7256ms)
✔ S04 DEC002 all16 default float plans, version fences and current ImageOutput compile (1.247ms)
✔ S04 AC001 additive envelope upgrade retains exact pins and inactive evidence, fences v2 under2.0 (1.2685ms)
✔ S04 DEC004 literal Personal typed closure survives canonical export import save reopen generation (28.5683ms)
✔ S04 DEC004 source Personal typed closure survives canonical export import save reopen generation (72.8264ms)
✔ S04 DEC004 direct-source Personal typed closure survives canonical export import save reopen generation (36.3217ms)
✔ S04 DEC004 input Personal typed closure survives canonical export import save reopen generation (79.2734ms)
✔ S04 DEC004 input-bound length uses caller override and rejects conflicting caller sources (20.8335ms)
✔ S04 DEC004 nested shared input bindings remap through Personal and remain independent after semantic fork and reinsert (344.4974ms)
✔ S04 AC001 inactive owner network resources and unknown wrapper versions preserve the version fence (5.1337ms)
✔ S04 DEC004 rejected literal/source/input/nested candidates are atomic through Application with valid checksums (195.1781ms)
✔ S04 Personal Library per-file isolation, safe names, duplicate-at-capacity and provider failures leave existing assets unchanged (34.0137ms)
✔ S04 AC001 unchanged accepted reader and exact old/new definition boundaries (2.6378ms)
✔ S04 inherited v2 plans preserve extensions across hydration move clipboard nested and Personal (13.185ms)
✔ S04 current exact source owner supports new image descriptors without retargeting legacy owner (1.4191ms)
✔ S04 DEC004 required int length input qualifies with an actual constant supply and changed caller defaults regenerate (88.7631ms)
✔ S05 drag repair root reads one fresh snapshot and retains immutable earlier projections (2.5099ms)
✔ S05 drag repair nested reads one fresh snapshot and retains immutable earlier projections (8.9477ms)
✔ S05 drag repair preserves readonly and busy notification values while movement keeps field token (3.2877ms)
✔ S05 replacement eligibility keeps source validity separate and exact mismatch refusal atomic (11.8636ms)
✔ S05 matching replacement preserves Graph load and Context identity with one full-content Undo Redo (11.502ms)
✔ S05 replacement eligibility and command retain stale cancelled invalid readonly and fabricated guards (25.9192ms)
✔ S05 model preflight and publication share exact kind and ordered-pin refusal without History (3.5727ms)
✔ S05-FR-001 complete program preserves distinct and reversed shared Uniform identity in all emission modes (472.5895ms)
✔ S05-FR-001 same-stage same resource type conflict fails without artifacts or Graph changes (14.1586ms)
✔ S05-FR-001 same-stage same resource default conflict fails without artifacts or Graph changes (14.3339ms)
✔ S05-FR-001 cross-stage same resource type conflict fails without artifacts or Graph changes (13.3564ms)
✔ S05-FR-001 cross-stage same resource default conflict fails without artifacts or Graph changes (12.9506ms)
✔ S05 fixed float: literals inside Function stay constant while formal and result are runtime (33.421ms)
✔ S05 fixed float: defaults fixed schema every stage and mode with pure generation and roundtrip (227.9666ms)
✔ S05 fixed float: bad payloads unused errors atomic commands fixed source and constant distinction (3.1763ms)
✔ S05 fixed float: scoped two-context edits one Undo and stale token preserve History (5.9978ms)
✔ S05 fixed float: shared Function and Personal owner closure retain exact values (18.5211ms)
✔ S05 fixed vec2: literals inside Function stay constant while formal and result are runtime (31.1468ms)
✔ S05 fixed vec2: defaults fixed schema every stage and mode with pure generation and roundtrip (233.2361ms)
✔ S05 fixed vec2: bad payloads unused errors atomic commands fixed source and constant distinction (4.3807ms)
✔ S05 fixed vec2: scoped two-context edits one Undo and stale token preserve History (6.169ms)
✔ S05 fixed vec2: shared Function and Personal owner closure retain exact values (18.6563ms)
✔ S05 fixed vec3: literals inside Function stay constant while formal and result are runtime (30.958ms)
✔ S05 fixed vec3: defaults fixed schema every stage and mode with pure generation and roundtrip (230.6009ms)
✔ S05 fixed vec3: bad payloads unused errors atomic commands fixed source and constant distinction (4.1678ms)
✔ S05 fixed vec3: scoped two-context edits one Undo and stale token preserve History (6.037ms)
✔ S05 fixed vec3: shared Function and Personal owner closure retain exact values (18.9745ms)
✔ S05 fixed color: literals inside Function stay constant while formal and result are runtime (30.1451ms)
✔ S05 fixed color: defaults fixed schema every stage and mode with pure generation and roundtrip (228.2138ms)
✔ S05 fixed color: bad payloads unused errors atomic commands fixed source and constant distinction (4.0851ms)
✔ S05 fixed color: scoped two-context edits one Undo and stale token preserve History (6.4811ms)
✔ S05 fixed color: shared Function and Personal owner closure retain exact values (18.9091ms)
✔ S05 AT03 source/literal shape extents stay fixed; input-bound scalar extent cannot specialize a function (74.6558ms)
✔ S05 AT04 pre-existing malformed constant edge and authored losses are preserved (15.0366ms)
✔ S05 AT04 AT05 unused shared dependent definitions localize and detach atomically with Redo exact (58.6006ms)
✔ S05 AT08 multioutput and unconsumed nested effects have one evaluation per occurrence and stage-local helpers (39.485ms)
✔ S05 AT08 two live depth writer occurrences reject even when one helper body is deduplicated (17.2737ms)
✔ S05 AT01 definition default shared mode independent and no-op History (24.8661ms)
✔ S05 AT02 one helper per definition and distinct caller arguments; nested helpers are dependency ordered (31.0892ms)
✔ S05 AT03 ordinary inputs are runtime even when all callers pass constants; dead constant uses reject atomically (23.1704ms)
✔ S05 AT03 Uniform parameter binding is runtime; ordinary connection rejects constant receiver without publication (16.076ms)
✔ S05 AT04 AT05 transitive newly-invalid consumer edges detach once with losses, Undo/Redo and required error (25.7687ms)
✔ S05 AT06 function Personal roundtrip reuses mode, localizes once and preserves source bytes (60.8672ms)
✔ S05 AT06 DEC004 upgraded literal source input and nested Personal retain selected eligible modes through exchange (468.6784ms)
✔ S05 AT07 explicit owner upgrade preserves old pins/body/origin and unknown mode never defaults (7.2274ms)
✔ S05 AT09 later invalid edit and load retain function mode; diagnostic names shared definition and related calls (19.5628ms)
✔ S05 AT10 body/mode/profile changes create fresh artifacts and old snapshot is immutable (46.3036ms)
✔ S05 HTTP provider SHA256 canonical bytes known vectors and secure UUIDv4 fail-closed (34.2938ms)
✔ OC01 zero ImageOutput is additive and empty new document compiles and roundtrips (1.608ms)
✔ OC01 old exact ImageOutput pins retain required inputs and missing definitions never fall forward (0.9136ms)
✔ OC01 explicit exact kind upgrade preserves IDs edges plans inactive evidence and makes new lifetime (11.3754ms)
✔ OC01 upgrade missing destination readonly busy malformed source and owner throws reject atomically (1.4512ms)
✔ OC01 new source owner delegates exact image descriptor admission without relaxing old owner (1.2419ms)
✔ OC08 shared wire geometry has horizontal endpoints and distance-aware controls for both directions (0.2458ms)
✔ OC01 new exact source descriptor closure supports TOP sampler native array construction and cross-load transfer (6.7738ms)
✔ OC01 owner migration refuses active gesture and throwing callback; source document remains unchanged (1.314ms)
✔ S06 catalog is a detached read over exact document pins and current occurrence stage (2.9751ms)
✔ S06 source/name/category literal rank uses NFKC, aliases and all terms without regular expressions (2.5329ms)
✔ S06 stale creation proposals reject revision, navigation ABA, load and readonly without model or History writes (12.3648ms)
✔ S06 connected creation replaces an occupied exact input atomically and Undo restores it (18.8714ms)
✔ S06 query disposable IDs do not collide with admitted persistent IDs and consume no canonical identity (4.3754ms)
✔ S06 forged reference and mismatched matching-port proposals reject before any model publication (41.6166ms)
✔ S06 reference catalog excludes nested source admission without publishing query changes (18.5656ms)
✔ S06 configured Compose preview and published schema/edge agree in one transaction and one Undo/Redo (58.2994ms)
✔ S06 configured creation rejects invalid missing and non-choice parameters atomically preserving Redo and expired Draft (2.1623ms)
✔ S06 configured creation preserves library fork/reference atomicity and rolls back a rejected choice (6.4605ms)
✔ S06 configured creation keeps initializer descriptor, owner codec and reference validation before publication (2.7064ms)
✔ S06 configured creation followed by failed connection rolls back the full batch (0.5916ms)
✔ M1: missing-module boundary x rename rejects save before ACK without data loss (14.0338ms)
✔ M1: missing-module boundary 中 rename rejects save before ACK without data loss (12.7977ms)
✔ M1: missing-module boundary 🍇 rename rejects save before ACK without data loss (17.0382ms)
✔ M1: compact fallback validates actual emitted bytes at and beyond the budget (9.297ms)
✔ M1: nodes at/beyond network limit obey save/reopen invariant (18.2855ms)
✔ M1: edges at/beyond network limit obey save/reopen invariant (35.3998ms)
✔ M1: editing beyond network capacity cannot acknowledge a save or erase the previous saved document (81.3775ms)
ℹ tests 269
ℹ suites 0
ℹ pass 269
ℹ fail 0
ℹ cancelled 0
ℹ skipped 0
ℹ todo 0
ℹ duration_ms 8892.3938
npm notice
npm notice New minor version of npm available! 11.8.0 -> 11.21.0
npm notice Changelog: https://github.com/npm/cli/releases/tag/v11.21.0
npm notice To update run: npm install -g npm@11.21.0
npm notice
