✔ B01 group0, positive groups and fixed Canvas routes distinguish activation, hide and close (7.7227ms)
✔ B01 direct Context changes and revision update routed targets, unchanged placement does not repeat receive (7.5703ms)
✔ B01 close and retarget veto keep logical instances and placement intact (2.2668ms)
✔ B01 provider borrowing guards direct disposal; closing releases borrow without deleting Context (0.9879ms)
✔ B01 move, float, collapse, hide/show preserve Panel and exported draft; upper slot returns prior owner to dock (1.2963ms)
✔ B01 save/restore mints Context and leases, preserves inert identities and no runtime activation (3.4128ms)
✔ B01 application restore resolves exact graph/stage/occurrence, never names or first stage (1.4027ms)
✔ B01 missing type/version and unresolved target retain opaque data with retry using one registry (2.366ms)
✔ B01 full layout validation refuses malformed candidates before any factory or live mutation (3.3926ms)
(node:45380) ExperimentalWarning: Transform Types is an experimental feature and might change at any time
(Use `node --trace-warnings ...` to show where the warning was created)
✔ B01 invalid open/move route does not call factory or change tabs; reentry rejected in factory (1.0133ms)
✔ B01 export callback failure is whole-save failure without graph/history changes (0.739ms)
✔ B01 same-ID close/reopen rejects old services and restores detached state only (0.9186ms)
✔ B01 tab and group ordering revokes placement while preserving live Panel identity (0.9416ms)
✔ B01 restored owned Context survives same-target retarget and receive retry then closes (1.9334ms)
✔ B01 FR02 retry guards every lifecycle mutation and isolates observer exceptions (1.2708ms)
✔ B01 FR02 failed and successful retry retain owned Context and revoke old services (1.5898ms)
✔ B01 FR03 every valid JSON export including null survives layout roundtrip (2.1892ms)
✔ B01 FR03 opaque fallback retains null and invalid live exports refuse the complete save (1.8682ms)
ℹ tests 18
ℹ suites 0
ℹ pass 18
ℹ fail 0
ℹ cancelled 0
ℹ skipped 0
ℹ todo 0
ℹ duration_ms 163.7937
