
> grape-s01@0.1.0 test
> node tools/runtime.mjs && node --experimental-transform-types --test --test-isolation=none tests/unit/*.test.ts tests/conformance/*.test.ts

✔ production ownership manifest covers every source and rejects mutation/platform/extension violations (1266.9885ms)
✔ S02 conformance: replacement uses one public Graph batch, isolates observers and retains two Context identities (12.053ms)
✔ S02 conformance: direct replacement rejects model Error without modifying document/history (2.617ms)
✔ M2: direct replacement atomically rejects malformed position component before publication (1.9129ms)
✔ M2: direct replacement atomically rejects malformed position length before publication (1.7004ms)
✔ M2: direct replacement atomically rejects duplicate recovery IDs before publication (1.9087ms)
✔ M2: direct replacement atomically rejects unknown envelope field before publication (2.3744ms)
✔ M2: direct replacement atomically rejects unknown node field before publication (1.853ms)
✔ M2: direct replacement atomically rejects unknown endpoint field before publication (1.6211ms)
✔ M2: catching invalid replacement cannot publish earlier edits in the same batch (5.2199ms)
✔ M2: valid detached replacement publishes once and retains exact Undo/Redo content (4.6977ms)
✔ L10N exact owner, parent/default/inline fallback and plain interpolation leave model/history/generation unchanged (2.1434ms)
✔ L10N atomic duplicate/malformed rejection, revision CAS and immutable detached catalogs (0.5516ms)
✔ L10N observer errors/reentry are isolated, cleanup cancels later delivery, disposed service rejects (0.2593ms)
✔ PC authority: declaration is not grant; render/async/outside event denied, same mounted event succeeds (4.4862ms)
✔ PC gesture: origin guard, one operation, cross-Panel lease rejection and latest lease required (5.2331ms)
✔ PC move/hide cancel pointer gesture and drain new leases before workspace action returns (9.1215ms)
✔ PC render failure cancels only unfinished operation after publication, with no reentrant mutation (2.6997ms)
✔ PC same ID reuse and old scope registrations remain revoked (1.8503ms)
✔ VM resources: cleanup in reverse order, failure isolation, stale async tickets, no render reentrancy (0.2467ms)
✔ two independently registered Panels and two Widget view shapes share lifecycle without feature dispatch (0.9568ms)
✔ VM mount/capture/update reentrancy revokes scope and preserves placeholder; explicit retry recovers (0.3327ms)
✔ VM subscription failure releases acquired subscriptions and cannot pretend to mount (0.1975ms)
✔ PC application denies every editing command while readonly or history busy; field binding invalidates (4.6442ms)
✔ B01 same-pane movement revokes old scope before placement publication and retains contribution (1.7504ms)
✔ B01 PanelRenderer subscription failure rebuilds contribution on explicit retry (0.7694ms)
✔ B01 FR02 retry replaces same-ID mount once, rejects stale events and keeps fresh command authority (2.7632ms)
✔ B01 group0, positive groups and fixed Canvas routes distinguish activation, hide and close (3.3939ms)
✔ B01 direct Context changes and revision update routed targets, unchanged placement does not repeat receive (2.6437ms)
✔ B01 close and retarget veto keep logical instances and placement intact (1.75ms)
✔ B01 provider borrowing guards direct disposal; closing releases borrow without deleting Context (0.7946ms)
✔ B01 move, float, collapse, hide/show preserve Panel and exported draft; upper slot returns prior owner to dock (1.0717ms)
✔ B01 save/restore mints Context and leases, preserves inert identities and no runtime activation (2.8703ms)
✔ B01 application restore resolves exact graph/stage/occurrence, never names or first stage (0.9224ms)
✔ B01 missing type/version and unresolved target retain opaque data with retry using one registry (1.9115ms)
✔ B01 full layout validation refuses malformed candidates before any factory or live mutation (3.2069ms)
✔ B01 invalid open/move route does not call factory or change tabs; reentry rejected in factory (1.1575ms)
✔ B01 export callback failure is whole-save failure without graph/history changes (1.0861ms)
✔ B01 same-ID close/reopen rejects old services and restores detached state only (1.3465ms)
✔ B01 tab and group ordering revokes placement while preserving live Panel identity (1.2817ms)
✔ B01 restored owned Context survives same-target retarget and receive retry then closes (1.7451ms)
✔ B01 FR02 retry guards every lifecycle mutation and isolates observer exceptions (1.4422ms)
✔ B01 FR02 failed and successful retry retain owned Context and revoke old services (1.8818ms)
✔ B01 FR03 every valid JSON export including null survives layout roundtrip (2.1085ms)
✔ B01 FR03 opaque fallback retains null and invalid live exports refuse the complete save (1.7829ms)
✔ AT-S01-01: Float × Multiply → Compose emits pinned host-free GLSL without mutation (3.3901ms)
✔ AT-S01-02: direction, cross-network, occupied input, cycle and type failures are atomic (2.3792ms)
✔ AT-S01-03: mode change captures complete prior ports, edge plans and loss; undo/redo and reload (7.9534ms)
✔ AT-S01-04: multi-batch operation, cancel/no-op redo, expired draft and async draft (6.0108ms)
✔ AT-S01-08: projection before observers, reentrant writes reject and throwing observer does not roll back (1.8139ms)
✔ AT-S01-06: contexts share model and clean selection before external observation (2.7426ms)
✔ scoped field token rejects value ABA, busy, connected and dead targets; unrelated movement preserves token (5.1781ms)
✔ all model errors including unused nodes block generation; fixed definitions and boundaries remain protected (2.5973ms)
✔ generation rejects missing/extra declared boundary output even when a module emits an incomplete map (2.6955ms)
✔ shared type environment rejects unknown identity and permits explicitly registered nominal types without changing core dispatch (0.4621ms)
✔ AT-S01-02: endpoints in two real Stage networks cannot be cross-connected (2.1583ms)
✔ unknown Stage slots block generation; duplicate slot identities reject before hydration (3.9711ms)
✔ M1 reviewer counterexample: float 1e21 generates a valid GLSL floating constant (2.5504ms)
✔ M1 reviewer counterexample: multiply 1e21 generates a valid GLSL floating constant (2.2382ms)
✔ M1 literal grammar and value roundtrip cover integers, decimals, signs and exponent-form values (0.3304ms)
✔ M1 all finite float32 exponent bins and representative mantissas have legal value-preserving literals (2.3094ms)
✔ M1 admitted boundary/representative values remain editable and compile through both production literal paths (30.6553ms)
✔ AT-S01-05: document identity, complete content, new lifetime/empty history and semantic regeneration (3.1433ms)
✔ AT-S01-07: ACK of A never marks B saved, rejection and SAVE_BUSY retain baseline; download is separate (3.8255ms)
✔ old saved handle cannot attach to same persistent IDs after reload (2.2051ms)
✔ wire unknown structure, unsupported version/operation/tag, malformed known data precedence and original retention (2.1533ms)
✔ writer refuses executable/hidden values, sparse arrays, nonfinite numbers and altered prototypes without invoking getters (1.5205ms)
✔ missing exact module preserves opaque state and last port policy; loss payload is never activated (4.0054ms)
✔ forged stored conversion remains saveable but cannot generate (3.3733ms)
✔ prototype-named unknown structural keys and non-JSON whitespace are not silently accepted (2.3078ms)
✔ unrelated edits preserve forged connection evidence rather than silently repairing it (2.5778ms)
✔ pending storage open cannot replace a newer edit or document lifetime (3.019ms)
✔ unrelated edits retain explicit invalid-edge evidence even when its stored plan is structurally valid (2.3363ms)
✔ AT-S02-04 PNG: CRC oracle, roundtrip, repeated wrapping and unowned chunks preserve bytes (9.2075ms)
✔ AT-S02-04 PNG: malformed CRC, missing metadata, duplicate metadata, compression and malformed envelope are named rejections (3.8429ms)
✔ AT-S02-04 PNG: structural boundaries, file/chunk/metadata limits and invalid UTF-8 never decode pixels or compressed text (90.5619ms)
✔ AT-S02-04 PNG: ASCII/CJK/non-BMP budgets match text intake and preserve canonical graph (136.0003ms)
✔ AT-S02-01: detached inspection/cancel/raw retention and one atomic replacement with Context continuity and Undo/Redo (10.5528ms)
✔ AT-S02-01: base revision, content, lifetime, readonly, busy and fabricated review fences (18.4196ms)
✔ AT-S02-01: invalid/future/duplicate IDs/unknown structure have explicit outcomes and never publish (6.9285ms)
✔ AT-S02-01: only explicit layout repair yields a candidate; unknown endpoints/references are never guessed (9.4776ms)
✔ AT-S02-01: mismatched exact pins cannot replace the destination; failed replacement is atomic (2.5037ms)
✔ AT-S02-02: missing exact module survives move/rename/save/reopen; exact restoration invokes codec and never substitutes latest (8.4738ms)
✔ AT-S02-03 boundary: foreign/legacy input is retained with explicit unresolved Gate, never implicit conversion or archive execution (0.806ms)
✔ AT-S02-04: ASCII/CJK/non-BMP UTF-8 exact byte budget produces deterministic results without truncation (27.4593ms)
✔ AT-S02-04: network budgets, duplicate JSON keys, unknown nested structure and opaque fields are independently checked (12.6729ms)
✔ S03 Group17 retains a draft, compilation rejects per-direction limit, Undo restores original (52.6902ms)
✔ S03 64-definition destination rejects independence and imported 65th atomically (1169.1769ms)
✔ S03 nested nodes overflow rejects before paste publication (17.1086ms)
✔ S03 nested edges overflow rejects before paste publication (20.1917ms)
✔ S03 symbolic extents require int/uint sources, only outer dimension and pure compilation (5.5852ms)
✔ S03 New may retain a 257-node draft; generation and save reject it without losing the draft (103.84ms)
✔ S03 partial frames stay outside clipboard; pasted relative positions retain a common offset (4.8682ms)
✔ S03 persisted nested source is preserved while new nested source admission remains rejected (6.0876ms)
✔ S03 scalar/vector/matrix sources transfer; composite source reuses only within its source lifetime (22.4539ms)
✔ S03 FR01 admitted nested Structure arrays fail ES300 profile without artifacts; one dimension succeeds (6.1035ms)
✔ S03 FR02 independence remaps mixed parent and shared child owner references with Undo/Redo (42.6179ms)
✔ S03 FR02 independence remaps mixed parent and cloned child owner references with Undo/Redo (48.6282ms)
✔ S03 FR02 incomplete shared-child node address rejects independence atomically (9.8722ms)
✔ S03 FR03 editing inner Structure validates dependent depth16 and preserves Redo on depth17 rejection (16.0975ms)
✔ S03 FR03 affected dependent expansion and vector component budgets reject atomically (3.4152ms)
✔ S03 EG01 native array constructor2048, clipboard2048 boundary and same-load reuse (4.9072ms)
✔ S03 EG01 native array constructor2049, clipboard2048 boundary and same-load reuse (5.7155ms)
✔ S03 EG01 native array constructor4096, clipboard2048 boundary and same-load reuse (5.5186ms)
✔ S03 EG01 native array constructor4097 rejects atomically (2.3854ms)
✔ S03 EG01 sampler clipboard path2048 admission (4.3383ms)
✔ S03 EG01 sampler clipboard path2049 admission (3.4177ms)
✔ S03 EG01 native arrays admit float/vec2/vec3/vec4 and remap symbolic length closure (20.6485ms)
✔ S03 EG01 native arrays reject matrix/nested/expressions and invalid length owner types (8.2322ms)
✔ S03 EG01 TOP declarations clone while source+origin slots reuse, defaults persist, and Undo/Redo/save preserve identity (15.3445ms)
✔ S03 EG01 specialization import allocates minimal vacant ID0,2 ->1 (4.5018ms)
✔ S03 EG01 unsupported target, unavailable owner and throwing owner reject without publication (5.5776ms)
✔ S03 EG01 numeric uniform scalar/vector/matrix transfer remains independent and generation is explicit unavailable (14.7638ms)
✔ S03 FR03 registered resource types cannot become Structure fields (1.9299ms)
✔ S03 EG01 exact provider/target ownership and imported descriptor failures stay atomic (4.4875ms)
✔ S03 EG01 round2 implicit constant array@["glsl.float",2] preserves same-load reuse and rejects real cross-Graph and fresh-load publication (9.5049ms)
✔ S03 EG01 round2 constant array@["glsl.float",2] preserves same-load reuse and rejects real cross-Graph and fresh-load publication (9.382ms)
✔ S03 EG01 round2 uniform array@["glsl.float",2] preserves same-load reuse and rejects real cross-Graph and fresh-load publication (11.1627ms)
✔ S03 EG01 round2 implicit constant array@["glsl.vec2",2] preserves same-load reuse and rejects real cross-Graph and fresh-load publication (9.2926ms)
✔ S03 EG01 round2 constant array@["glsl.vec2",2] preserves same-load reuse and rejects real cross-Graph and fresh-load publication (9.1161ms)
✔ S03 EG01 round2 uniform array@["glsl.vec2",2] preserves same-load reuse and rejects real cross-Graph and fresh-load publication (9.4841ms)
✔ S03 EG01 round2 scalar/vector/matrix constants and uniforms still cross actual Graph and fresh load (52.9111ms)
✔ S03 custom declared/state closure same-Graph remaps identities only and Undo/Redo (9.013ms)
✔ S03 custom declared/state closure cross-Graph remaps identities only and Undo/Redo (7.9909ms)
✔ S03 grouping an existing caller preserves child-owned frame node addresses (10.5461ms)
✔ S03 owner collect/remap throws and escaping/incomplete references reject atomically with Redo preserved (8.1103ms)
✔ S03 custom resources follow encapsulation and direct independence, ordinary dependencies remain shared (17.2033ms)
✔ S03 encapsulation deduplicates crossing interfaces, shared generation is pure, Undo restores all references (6.4816ms)
✔ S03 interface rename/reorder/type/removal reconciles every caller once and Undo restores values/invalid edges/loss (10.9505ms)
✔ S03 nested resource callers including unused ancestors reconcile child interface (12.3252ms)
✔ S03 library position keeps identity, semantic edit forks target and library ancestors and local refs atomically (24.3965ms)
✔ S03 direct make independent clones direct definition, shares dependencies and remaps own boundary (17.5243ms)
✔ S03 same-load clipboard reuses current source; cross-graph remaps resources and preserves text (6.307ms)
✔ S03 clipboard typed native symbolic array closure remaps only semantic references (5.3388ms)
✔ S03 late bad edge, escaping refs, forbidden source and missing closure reject without nodes/resources/history/notifications (6.6578ms)
✔ S03 source selection stays outside encapsulation; boundary-only grouping is no-op and preserves redo (3.4729ms)
✔ S03 structure drafts retain stable fields, reject recursion and block deletion while referenced (2.147ms)
✔ S03 contexts distinguish occurrences; nested scoped targets never revive after navigation and Undo (13.2724ms)
✔ S03 library snapshot position edit retains origin, first semantic edit forks and old source remains immutable (8.1164ms)
✔ S03 nested delete and required boundary protection use the canonical Graph (5.071ms)
✔ S03 library ancestor traversal crosses local parents (27.904ms)
✔ S03 spare-port creation and first edge are one Undo entry with stable keys (7.4094ms)
✔ S03 whole frames travel through grouping and cross-Graph clipboard with fresh identities (9.702ms)
✔ S03 vector/matrix reshape retains override components and defaults follow interface defaults (6.6029ms)
✔ S03 malformed resource envelopes, missing boundaries and nominal conflicts reject atomically (6.7096ms)
✔ S03 source admission cannot be bypassed by nested add, grouping or pasted nodes (5.387ms)
✔ S03 layout proposal rejects navigation ABA, semantic fork and Undo (8.3198ms)
✔ S03 clipboard rejects forged hydrated plans and invalid edge evidence (3.4251ms)
✔ S03 empty library paste preserves origin, selection-independent History and Redo (7.7481ms)
✔ S03 packet-wide network identity collisions and malformed reused resource envelopes reject (5.4591ms)
✔ S03 source transfer uses actual load identity and reopened documents cannot forge same-load reuse (2.9112ms)
✔ S03 structure emission is read-only, nominally declared once, field deletion preserves invalid edges and Undo (6.8006ms)
✔ S03 accepted paste requires a valid destination and direct whole frames survive clipboard (6.0045ms)
✔ S03 scoped parameters and proposals from identical persistent IDs expire across a new load (10.6343ms)
✔ S03 library grouping resolves the forked canonical network (6.6233ms)
(node:52756) ExperimentalWarning: Transform Types is an experimental feature and might change at any time
(Use `node --trace-warnings ...` to show where the warning was created)
✔ S03 local child semantic edit forks its library ancestor (17.1856ms)
✔ S03 explicit override equal to default survives interface defaults and save/reload (13.7705ms)
✔ S03 direct independence preserves nonowned state, declared references and typed frame resources (10.7101ms)
✔ S03 encapsulation rejects cross-scope node references despite matching local IDs (1.5854ms)
✔ S03 New creates Value vec4 passthrough; shared rename retains instance names and no-op keeps library identity (12.3992ms)
✔ S03 explicit interface Add stops at16 per direction without erasing preserved oversized draft (12.1866ms)
✔ S03 structure authoring validates count, names, description, nested fixed arrays, recursion/depth and expansion (393.8945ms)
✔ S03 large external array declarations survive metadata edits; materialization remains bounded (3.1818ms)
✔ S03 type tokens retain eight dimensions and reject extra tuple fields (1.7797ms)
✔ S03 disconnected output boundary follows shared output defaults (7.9422ms)
✔ S03 inline array construction and same-load reuse allow2049 elements; cross-Graph clipboard rejects composites (19.1917ms)
✔ S03 nested input link ABA invalidates old edit tokens without changing History on rejection (17.7887ms)
✔ S03 shared same-key type changes reject stale caller tokens and removed handles never revive (10.891ms)
✔ S03 cross-Graph nominal closure remaps nested structures and Undo removes the full insertion (5.8926ms)
✔ S03 reusable definition cycles reject atomically including unused dependencies (10.3658ms)
✔ S04 Personal complete owner payload and typed references survive reuse fork and absent Library source (49.0823ms)
✔ S04 DEC004 same-name destination sources retain distinct identity and changed imported bindings regenerate (439.5247ms)
✔ S04 Personal malformed envelope checksum and unsupported owner reject before provider writes; list deduplicates renamed files (31.2896ms)
✔ S04 DEC002 one-source fanout does not mutate source or existing conversions and pad failures agree (17.4698ms)
✔ S04 Personal root owner remap and input-bound Independent retain complete typed scope (79.3677ms)
✔ S04 stored inherited v2 and pad plans retain complete extensions through Personal shared import and reopen (25.6369ms)
✔ S04 shipped basic Library snapshot compiles after semantic fork and Personal roundtrip (11.1667ms)
✔ S04 Personal canonical package preserves snapshots, same-version reuse, independent and collision-safe filenames (27.349ms)
✔ S04 DEC002 all16 default float plans, version fences and current ImageOutput compile (1.2759ms)
✔ S04 AC001 additive envelope upgrade retains exact pins and inactive evidence, fences v2 under2.0 (1.1446ms)
✔ S04 DEC004 literal Personal typed closure survives canonical export import save reopen generation (28.788ms)
✔ S04 DEC004 source Personal typed closure survives canonical export import save reopen generation (72.7062ms)
✔ S04 DEC004 direct-source Personal typed closure survives canonical export import save reopen generation (35.1528ms)
✔ S04 DEC004 input Personal typed closure survives canonical export import save reopen generation (76.8242ms)
✔ S04 DEC004 input-bound length uses caller override and rejects conflicting caller sources (21.3975ms)
✔ S04 DEC004 nested shared input bindings remap through Personal and remain independent after semantic fork and reinsert (342.9333ms)
✔ S04 AC001 inactive owner network resources and unknown wrapper versions preserve the version fence (5.4604ms)
✔ S04 DEC004 rejected literal/source/input/nested candidates are atomic through Application with valid checksums (210.805ms)
✔ S04 Personal Library per-file isolation, safe names, duplicate-at-capacity and provider failures leave existing assets unchanged (41.3995ms)
✔ S04 AC001 unchanged accepted reader and exact old/new definition boundaries (3.2594ms)
✔ S04 inherited v2 plans preserve extensions across hydration move clipboard nested and Personal (15.5512ms)
✔ S04 current exact source owner supports new image descriptors without retargeting legacy owner (1.0452ms)
✔ S04 DEC004 required int length input qualifies with an actual constant supply and changed caller defaults regenerate (97.7825ms)
✔ S05 drag repair root reads one fresh snapshot and retains immutable earlier projections (2.9763ms)
✔ S05 drag repair nested reads one fresh snapshot and retains immutable earlier projections (8.7377ms)
✔ S05 drag repair preserves readonly and busy notification values while movement keeps field token (3.3878ms)
✔ S05 replacement eligibility keeps source validity separate and exact mismatch refusal atomic (11.8877ms)
✔ S05 matching replacement preserves Graph load and Context identity with one full-content Undo Redo (11.5136ms)
✔ S05 replacement eligibility and command retain stale cancelled invalid readonly and fabricated guards (26.7438ms)
✔ S05 model preflight and publication share exact kind and ordered-pin refusal without History (3.6746ms)
✔ S05-FR-001 complete program preserves distinct and reversed shared Uniform identity in all emission modes (501.7971ms)
✔ S05-FR-001 same-stage same resource type conflict fails without artifacts or Graph changes (14.7472ms)
✔ S05-FR-001 same-stage same resource default conflict fails without artifacts or Graph changes (14.5041ms)
✔ S05-FR-001 cross-stage same resource type conflict fails without artifacts or Graph changes (13.5403ms)
✔ S05-FR-001 cross-stage same resource default conflict fails without artifacts or Graph changes (13.3549ms)
✔ S05 fixed float: literals inside Function stay constant while formal and result are runtime (32.7313ms)
✔ S05 fixed float: defaults fixed schema every stage and mode with pure generation and roundtrip (268.5591ms)
✔ S05 fixed float: bad payloads unused errors atomic commands fixed source and constant distinction (4.0519ms)
✔ S05 fixed float: scoped two-context edits one Undo and stale token preserve History (6.487ms)
✔ S05 fixed float: shared Function and Personal owner closure retain exact values (19.2114ms)
✔ S05 fixed vec2: literals inside Function stay constant while formal and result are runtime (35.1709ms)
✔ S05 fixed vec2: defaults fixed schema every stage and mode with pure generation and roundtrip (248.4151ms)
✔ S05 fixed vec2: bad payloads unused errors atomic commands fixed source and constant distinction (4.5089ms)
✔ S05 fixed vec2: scoped two-context edits one Undo and stale token preserve History (6.3385ms)
✔ S05 fixed vec2: shared Function and Personal owner closure retain exact values (19.9728ms)
✔ S05 fixed vec3: literals inside Function stay constant while formal and result are runtime (31.9773ms)
✔ S05 fixed vec3: defaults fixed schema every stage and mode with pure generation and roundtrip (239.1629ms)
✔ S05 fixed vec3: bad payloads unused errors atomic commands fixed source and constant distinction (4.8076ms)
✔ S05 fixed vec3: scoped two-context edits one Undo and stale token preserve History (6.8478ms)
✔ S05 fixed vec3: shared Function and Personal owner closure retain exact values (20.4673ms)
✔ S05 fixed color: literals inside Function stay constant while formal and result are runtime (31.0301ms)
✔ S05 fixed color: defaults fixed schema every stage and mode with pure generation and roundtrip (247.0052ms)
✔ S05 fixed color: bad payloads unused errors atomic commands fixed source and constant distinction (3.9202ms)
✔ S05 fixed color: scoped two-context edits one Undo and stale token preserve History (6.3075ms)
✔ S05 fixed color: shared Function and Personal owner closure retain exact values (18.7789ms)
✔ S05 AT03 source/literal shape extents stay fixed; input-bound scalar extent cannot specialize a function (74.9529ms)
✔ S05 AT04 pre-existing malformed constant edge and authored losses are preserved (15.4039ms)
✔ S05 AT04 AT05 unused shared dependent definitions localize and detach atomically with Redo exact (56.6611ms)
✔ S05 AT08 multioutput and unconsumed nested effects have one evaluation per occurrence and stage-local helpers (38.8361ms)
✔ S05 AT08 two live depth writer occurrences reject even when one helper body is deduplicated (16.2395ms)
✔ S05 AT01 definition default shared mode independent and no-op History (30.2039ms)
✔ S05 AT02 one helper per definition and distinct caller arguments; nested helpers are dependency ordered (31.1819ms)
✔ S05 AT03 ordinary inputs are runtime even when all callers pass constants; dead constant uses reject atomically (23.2317ms)
✔ S05 AT03 Uniform parameter binding is runtime; ordinary connection rejects constant receiver without publication (15.7143ms)
✔ S05 AT04 AT05 transitive newly-invalid consumer edges detach once with losses, Undo/Redo and required error (26.7504ms)
✔ S05 AT06 function Personal roundtrip reuses mode, localizes once and preserves source bytes (62.7772ms)
✔ S05 AT06 DEC004 upgraded literal source input and nested Personal retain selected eligible modes through exchange (462.5193ms)
✔ S05 AT07 explicit owner upgrade preserves old pins/body/origin and unknown mode never defaults (7.8483ms)
✔ S05 AT09 later invalid edit and load retain function mode; diagnostic names shared definition and related calls (16.9473ms)
✔ S05 AT10 body/mode/profile changes create fresh artifacts and old snapshot is immutable (49.4942ms)
✔ S05 HTTP provider SHA256 canonical bytes known vectors and secure UUIDv4 fail-closed (35.3687ms)
✔ OC01 zero ImageOutput is additive and empty new document compiles and roundtrips (1.7373ms)
✔ OC01 old exact ImageOutput pins retain required inputs and missing definitions never fall forward (0.9171ms)
✔ OC01 explicit exact kind upgrade preserves IDs edges plans inactive evidence and makes new lifetime (12.2603ms)
✔ OC01 upgrade missing destination readonly busy malformed source and owner throws reject atomically (1.3165ms)
✔ OC01 new source owner delegates exact image descriptor admission without relaxing old owner (1.2108ms)
✔ OC08 shared wire geometry has horizontal endpoints and distance-aware controls for both directions (0.1747ms)
✔ OC01 new exact source descriptor closure supports TOP sampler native array construction and cross-load transfer (6.7777ms)
✔ OC01 owner migration refuses active gesture and throwing callback; source document remains unchanged (1.3864ms)
✔ S06 catalog is a detached read over exact document pins and current occurrence stage (3.3258ms)
✔ S06 source/name/category literal rank uses NFKC, aliases and all terms without regular expressions (2.3559ms)
✔ S06 stale creation proposals reject revision, navigation ABA, load and readonly without model or History writes (9.7501ms)
✔ S06 connected creation replaces an occupied exact input atomically and Undo restores it (18.6767ms)
✔ S06 query disposable IDs do not collide with admitted persistent IDs and consume no canonical identity (4.2471ms)
✔ S06 forged reference and mismatched matching-port proposals reject before any model publication (39.762ms)
✔ S06 reference catalog excludes nested source admission without publishing query changes (19.0029ms)
✔ S06 configured Compose preview and published schema/edge agree in one transaction and one Undo/Redo (59.8664ms)
✔ S06 configured creation rejects invalid missing and non-choice parameters atomically preserving Redo and expired Draft (2.2584ms)
✔ S06 configured creation preserves library fork/reference atomicity and rolls back a rejected choice (6.7898ms)
✔ S06 configured creation keeps initializer descriptor, owner codec and reference validation before publication (2.6958ms)
✔ S06 configured creation followed by failed connection rolls back the full batch (0.6188ms)
✔ M1: missing-module boundary x rename rejects save before ACK without data loss (16.2453ms)
✔ M1: missing-module boundary 中 rename rejects save before ACK without data loss (12.8306ms)
✔ M1: missing-module boundary 🍇 rename rejects save before ACK without data loss (17.6594ms)
✔ M1: compact fallback validates actual emitted bytes at and beyond the budget (9.4213ms)
✔ M1: nodes at/beyond network limit obey save/reopen invariant (18.7467ms)
✔ M1: edges at/beyond network limit obey save/reopen invariant (34.6971ms)
✔ M1: editing beyond network capacity cannot acknowledge a save or erase the previous saved document (81.8668ms)
ℹ tests 268
ℹ suites 0
ℹ pass 268
ℹ fail 0
ℹ cancelled 0
ℹ skipped 0
ℹ todo 0
ℹ duration_ms 9572.9125
npm notice
npm notice New minor version of npm available! 11.8.0 -> 11.21.0
npm notice Changelog: https://github.com/npm/cli/releases/tag/v11.21.0
npm notice To update run: npm install -g npm@11.21.0
npm notice
