
> grape-s01@0.1.0 test
> node tools/runtime.mjs && node --experimental-transform-types --test --test-isolation=none tests/unit/*.test.ts tests/conformance/*.test.ts

✔ production ownership manifest covers every source and rejects mutation/platform/extension violations (1044.5694ms)
✔ S02 conformance: replacement uses one public Graph batch, isolates observers and retains two Context identities (11.4107ms)
✔ S02 conformance: direct replacement rejects model Error without modifying document/history (2.4713ms)
✔ M2: direct replacement atomically rejects malformed position component before publication (1.8267ms)
✔ M2: direct replacement atomically rejects malformed position length before publication (1.514ms)
✔ M2: direct replacement atomically rejects duplicate recovery IDs before publication (1.7279ms)
✔ M2: direct replacement atomically rejects unknown envelope field before publication (1.4895ms)
✔ M2: direct replacement atomically rejects unknown node field before publication (1.4809ms)
✔ M2: direct replacement atomically rejects unknown endpoint field before publication (1.4902ms)
✔ M2: catching invalid replacement cannot publish earlier edits in the same batch (4.3281ms)
✔ M2: valid detached replacement publishes once and retains exact Undo/Redo content (3.1376ms)
✔ L10N exact owner, parent/default/inline fallback and plain interpolation leave model/history/generation unchanged (1.477ms)
✔ L10N atomic duplicate/malformed rejection, revision CAS and immutable detached catalogs (0.3622ms)
✔ L10N observer errors/reentry are isolated, cleanup cancels later delivery, disposed service rejects (0.1614ms)
✔ PC authority: declaration is not grant; render/async/outside event denied, same mounted event succeeds (4.0154ms)
✔ PC gesture: origin guard, one operation, cross-Panel lease rejection and latest lease required (3.8687ms)
✔ PC move/hide cancel pointer gesture and drain new leases before workspace action returns (8.3611ms)
✔ PC render failure cancels only unfinished operation after publication, with no reentrant mutation (2.827ms)
✔ PC same ID reuse and old scope registrations remain revoked (1.651ms)
✔ VM resources: cleanup in reverse order, failure isolation, stale async tickets, no render reentrancy (0.2247ms)
✔ two independently registered Panels and two Widget view shapes share lifecycle without feature dispatch (1.027ms)
✔ VM mount/capture/update reentrancy revokes scope and preserves placeholder; explicit retry recovers (0.2864ms)
✔ VM subscription failure releases acquired subscriptions and cannot pretend to mount (0.1264ms)
✔ PC application denies every editing command while readonly or history busy; field binding invalidates (4.0373ms)
✔ B01 same-pane movement revokes old scope before placement publication and retains contribution (1.8649ms)
✔ B01 PanelRenderer subscription failure rebuilds contribution on explicit retry (0.9044ms)
✔ B01 FR02 retry replaces same-ID mount once, rejects stale events and keeps fresh command authority (2.6506ms)
✔ B01 group0, positive groups and fixed Canvas routes distinguish activation, hide and close (3.3998ms)
✔ B01 direct Context changes and revision update routed targets, unchanged placement does not repeat receive (2.5675ms)
✔ B01 close and retarget veto keep logical instances and placement intact (1.5391ms)
✔ B01 provider borrowing guards direct disposal; closing releases borrow without deleting Context (0.7782ms)
✔ B01 move, float, collapse, hide/show preserve Panel and exported draft; upper slot returns prior owner to dock (0.9906ms)
✔ B01 save/restore mints Context and leases, preserves inert identities and no runtime activation (2.9436ms)
✔ B01 application restore resolves exact graph/stage/occurrence, never names or first stage (0.9057ms)
✔ B01 missing type/version and unresolved target retain opaque data with retry using one registry (1.5709ms)
✔ B01 full layout validation refuses malformed candidates before any factory or live mutation (2.7234ms)
✔ B01 invalid open/move route does not call factory or change tabs; reentry rejected in factory (0.7983ms)
✔ B01 export callback failure is whole-save failure without graph/history changes (0.7087ms)
✔ B01 same-ID close/reopen rejects old services and restores detached state only (1.0752ms)
✔ B01 tab and group ordering revokes placement while preserving live Panel identity (0.8748ms)
✔ B01 restored owned Context survives same-target retarget and receive retry then closes (1.6821ms)
✔ B01 FR02 retry guards every lifecycle mutation and isolates observer exceptions (1.2929ms)
✔ B01 FR02 failed and successful retry retain owned Context and revoke old services (1.5601ms)
✔ B01 FR03 every valid JSON export including null survives layout roundtrip (1.7758ms)
✔ B01 FR03 opaque fallback retains null and invalid live exports refuse the complete save (1.4128ms)
✔ AT-S01-01: Float × Multiply → Compose emits pinned host-free GLSL without mutation (2.9858ms)
✔ AT-S01-02: direction, cross-network, occupied input, cycle and type failures are atomic (1.9336ms)
✔ AT-S01-03: mode change captures complete prior ports, edge plans and loss; undo/redo and reload (5.2446ms)
✔ AT-S01-04: multi-batch operation, cancel/no-op redo, expired draft and async draft (3.703ms)
✔ AT-S01-08: projection before observers, reentrant writes reject and throwing observer does not roll back (1.6957ms)
✔ AT-S01-06: contexts share model and clean selection before external observation (2.3365ms)
✔ scoped field token rejects value ABA, busy, connected and dead targets; unrelated movement preserves token (5.2569ms)
✔ all model errors including unused nodes block generation; fixed definitions and boundaries remain protected (1.7816ms)
✔ generation rejects missing/extra declared boundary output even when a module emits an incomplete map (1.7382ms)
✔ shared type environment rejects unknown identity and permits explicitly registered nominal types without changing core dispatch (0.4546ms)
✔ AT-S01-02: endpoints in two real Stage networks cannot be cross-connected (2.5195ms)
✔ unknown Stage slots block generation; duplicate slot identities reject before hydration (3.746ms)
✔ M1 reviewer counterexample: float 1e21 generates a valid GLSL floating constant (1.8962ms)
✔ M1 reviewer counterexample: multiply 1e21 generates a valid GLSL floating constant (1.7469ms)
✔ M1 literal grammar and value roundtrip cover integers, decimals, signs and exponent-form values (0.2251ms)
✔ M1 all finite float32 exponent bins and representative mantissas have legal value-preserving literals (1.6883ms)
✔ M1 admitted boundary/representative values remain editable and compile through both production literal paths (24.3644ms)
✔ AT-S01-05: document identity, complete content, new lifetime/empty history and semantic regeneration (2.307ms)
✔ AT-S01-07: ACK of A never marks B saved, rejection and SAVE_BUSY retain baseline; download is separate (3.2446ms)
✔ old saved handle cannot attach to same persistent IDs after reload (2.3462ms)
✔ wire unknown structure, unsupported version/operation/tag, malformed known data precedence and original retention (2.0616ms)
✔ writer refuses executable/hidden values, sparse arrays, nonfinite numbers and altered prototypes without invoking getters (1.4563ms)
✔ missing exact module preserves opaque state and last port policy; loss payload is never activated (3.4225ms)
✔ forged stored conversion remains saveable but cannot generate (2.028ms)
✔ prototype-named unknown structural keys and non-JSON whitespace are not silently accepted (1.9933ms)
✔ unrelated edits preserve forged connection evidence rather than silently repairing it (2.2562ms)
✔ pending storage open cannot replace a newer edit or document lifetime (1.8343ms)
✔ unrelated edits retain explicit invalid-edge evidence even when its stored plan is structurally valid (2.0338ms)
✔ AT-S02-04 PNG: CRC oracle, roundtrip, repeated wrapping and unowned chunks preserve bytes (7.4752ms)
✔ AT-S02-04 PNG: malformed CRC, missing metadata, duplicate metadata, compression and malformed envelope are named rejections (3.6309ms)
✔ AT-S02-04 PNG: structural boundaries, file/chunk/metadata limits and invalid UTF-8 never decode pixels or compressed text (84.2076ms)
✔ AT-S02-04 PNG: ASCII/CJK/non-BMP budgets match text intake and preserve canonical graph (126.6875ms)
✔ AT-S02-01: detached inspection/cancel/raw retention and one atomic replacement with Context continuity and Undo/Redo (10.1317ms)
✔ AT-S02-01: base revision, content, lifetime, readonly, busy and fabricated review fences (16.5761ms)
✔ AT-S02-01: invalid/future/duplicate IDs/unknown structure have explicit outcomes and never publish (6.4878ms)
✔ AT-S02-01: only explicit layout repair yields a candidate; unknown endpoints/references are never guessed (9.1998ms)
✔ AT-S02-01: mismatched exact pins cannot replace the destination; failed replacement is atomic (2.3162ms)
✔ AT-S02-02: missing exact module survives move/rename/save/reopen; exact restoration invokes codec and never substitutes latest (7.4318ms)
✔ AT-S02-03 boundary: foreign/legacy input is retained with explicit unresolved Gate, never implicit conversion or archive execution (0.6836ms)
✔ AT-S02-04: ASCII/CJK/non-BMP UTF-8 exact byte budget produces deterministic results without truncation (24.7213ms)
✔ AT-S02-04: network budgets, duplicate JSON keys, unknown nested structure and opaque fields are independently checked (11.8932ms)
✔ S03 Group17 retains a draft, compilation rejects per-direction limit, Undo restores original (47.2502ms)
✔ S03 64-definition destination rejects independence and imported 65th atomically (1078.8835ms)
✔ S03 nested nodes overflow rejects before paste publication (18.0157ms)
✔ S03 nested edges overflow rejects before paste publication (18.6911ms)
✔ S03 symbolic extents require int/uint sources, only outer dimension and pure compilation (4.278ms)
✔ S03 New may retain a 257-node draft; generation and save reject it without losing the draft (96.5249ms)
✔ S03 partial frames stay outside clipboard; pasted relative positions retain a common offset (4.5335ms)
✔ S03 persisted nested source is preserved while new nested source admission remains rejected (6.4498ms)
✔ S03 scalar/vector/matrix sources transfer; composite source reuses only within its source lifetime (22.5493ms)
✔ S03 FR01 admitted nested Structure arrays fail ES300 profile without artifacts; one dimension succeeds (6.0262ms)
✔ S03 FR02 independence remaps mixed parent and shared child owner references with Undo/Redo (39.3777ms)
✔ S03 FR02 independence remaps mixed parent and cloned child owner references with Undo/Redo (42.2756ms)
✔ S03 FR02 incomplete shared-child node address rejects independence atomically (9.4857ms)
✔ S03 FR03 editing inner Structure validates dependent depth16 and preserves Redo on depth17 rejection (17.1183ms)
✔ S03 FR03 affected dependent expansion and vector component budgets reject atomically (3.4281ms)
✔ S03 EG01 native array constructor2048, clipboard2048 boundary and same-load reuse (4.8533ms)
✔ S03 EG01 native array constructor2049, clipboard2048 boundary and same-load reuse (5.8813ms)
✔ S03 EG01 native array constructor4096, clipboard2048 boundary and same-load reuse (6.1119ms)
✔ S03 EG01 native array constructor4097 rejects atomically (2.0893ms)
✔ S03 EG01 sampler clipboard path2048 admission (3.247ms)
✔ S03 EG01 sampler clipboard path2049 admission (3.4786ms)
✔ S03 EG01 native arrays admit float/vec2/vec3/vec4 and remap symbolic length closure (19.6992ms)
✔ S03 EG01 native arrays reject matrix/nested/expressions and invalid length owner types (8.4542ms)
✔ S03 EG01 TOP declarations clone while source+origin slots reuse, defaults persist, and Undo/Redo/save preserve identity (14.4697ms)
✔ S03 EG01 specialization import allocates minimal vacant ID0,2 ->1 (4.355ms)
✔ S03 EG01 unsupported target, unavailable owner and throwing owner reject without publication (5.3222ms)
✔ S03 EG01 numeric uniform scalar/vector/matrix transfer remains independent and generation is explicit unavailable (13.1046ms)
✔ S03 FR03 registered resource types cannot become Structure fields (2.0368ms)
✔ S03 EG01 exact provider/target ownership and imported descriptor failures stay atomic (4.3994ms)
✔ S03 EG01 round2 implicit constant array@["glsl.float",2] preserves same-load reuse and rejects real cross-Graph and fresh-load publication (13.1501ms)
✔ S03 EG01 round2 constant array@["glsl.float",2] preserves same-load reuse and rejects real cross-Graph and fresh-load publication (12.185ms)
✔ S03 EG01 round2 uniform array@["glsl.float",2] preserves same-load reuse and rejects real cross-Graph and fresh-load publication (9.0609ms)
✔ S03 EG01 round2 implicit constant array@["glsl.vec2",2] preserves same-load reuse and rejects real cross-Graph and fresh-load publication (8.9015ms)
✔ S03 EG01 round2 constant array@["glsl.vec2",2] preserves same-load reuse and rejects real cross-Graph and fresh-load publication (8.9794ms)
✔ S03 EG01 round2 uniform array@["glsl.vec2",2] preserves same-load reuse and rejects real cross-Graph and fresh-load publication (9.8285ms)
✔ S03 EG01 round2 scalar/vector/matrix constants and uniforms still cross actual Graph and fresh load (52.5266ms)
✔ S03 custom declared/state closure same-Graph remaps identities only and Undo/Redo (11.7559ms)
✔ S03 custom declared/state closure cross-Graph remaps identities only and Undo/Redo (9.8713ms)
✔ S03 grouping an existing caller preserves child-owned frame node addresses (10.0178ms)
✔ S03 owner collect/remap throws and escaping/incomplete references reject atomically with Redo preserved (7.735ms)
✔ S03 custom resources follow encapsulation and direct independence, ordinary dependencies remain shared (15.6149ms)
✔ S03 encapsulation deduplicates crossing interfaces, shared generation is pure, Undo restores all references (5.5249ms)
✔ S03 interface rename/reorder/type/removal reconciles every caller once and Undo restores values/invalid edges/loss (10.533ms)
✔ S03 nested resource callers including unused ancestors reconcile child interface (10.6897ms)
✔ S03 library position keeps identity, semantic edit forks target and library ancestors and local refs atomically (19.5722ms)
✔ S03 direct make independent clones direct definition, shares dependencies and remaps own boundary (18.6022ms)
✔ S03 same-load clipboard reuses current source; cross-graph remaps resources and preserves text (6.9921ms)
✔ S03 clipboard typed native symbolic array closure remaps only semantic references (4.548ms)
✔ S03 late bad edge, escaping refs, forbidden source and missing closure reject without nodes/resources/history/notifications (5.2101ms)
✔ S03 source selection stays outside encapsulation; boundary-only grouping is no-op and preserves redo (3.3002ms)
✔ S03 structure drafts retain stable fields, reject recursion and block deletion while referenced (1.9564ms)
✔ S03 contexts distinguish occurrences; nested scoped targets never revive after navigation and Undo (11.8837ms)
✔ S03 library snapshot position edit retains origin, first semantic edit forks and old source remains immutable (6.91ms)
✔ S03 nested delete and required boundary protection use the canonical Graph (4.6483ms)
✔ S03 library ancestor traversal crosses local parents (26.5267ms)
✔ S03 spare-port creation and first edge are one Undo entry with stable keys (6.2562ms)
✔ S03 whole frames travel through grouping and cross-Graph clipboard with fresh identities (8.4348ms)
✔ S03 vector/matrix reshape retains override components and defaults follow interface defaults (5.2459ms)
✔ S03 malformed resource envelopes, missing boundaries and nominal conflicts reject atomically (6.4881ms)
✔ S03 source admission cannot be bypassed by nested add, grouping or pasted nodes (4.1ms)
✔ S03 layout proposal rejects navigation ABA, semantic fork and Undo (7.9038ms)
✔ S03 clipboard rejects forged hydrated plans and invalid edge evidence (2.7978ms)
✔ S03 empty library paste preserves origin, selection-independent History and Redo (7.8317ms)
✔ S03 packet-wide network identity collisions and malformed reused resource envelopes reject (5.4058ms)
✔ S03 source transfer uses actual load identity and reopened documents cannot forge same-load reuse (2.7021ms)
✔ S03 structure emission is read-only, nominally declared once, field deletion preserves invalid edges and Undo (5.2786ms)
✔ S03 accepted paste requires a valid destination and direct whole frames survive clipboard (3.9585ms)
✔ S03 scoped parameters and proposals from identical persistent IDs expire across a new load (7.9466ms)
✔ S03 library grouping resolves the forked canonical network (8.1048ms)
(node:56160) ExperimentalWarning: Transform Types is an experimental feature and might change at any time
(Use `node --trace-warnings ...` to show where the warning was created)
✔ S03 local child semantic edit forks its library ancestor (19.3058ms)
✔ S03 explicit override equal to default survives interface defaults and save/reload (12.4286ms)
✔ S03 direct independence preserves nonowned state, declared references and typed frame resources (13.1136ms)
✔ S03 encapsulation rejects cross-scope node references despite matching local IDs (1.674ms)
✔ S03 New creates Value vec4 passthrough; shared rename retains instance names and no-op keeps library identity (11.7594ms)
✔ S03 explicit interface Add stops at16 per direction without erasing preserved oversized draft (13.6025ms)
✔ S03 structure authoring validates count, names, description, nested fixed arrays, recursion/depth and expansion (386.8161ms)
✔ S03 large external array declarations survive metadata edits; materialization remains bounded (3.2725ms)
✔ S03 type tokens retain eight dimensions and reject extra tuple fields (1.6488ms)
✔ S03 disconnected output boundary follows shared output defaults (7.0792ms)
✔ S03 inline array construction and same-load reuse allow2049 elements; cross-Graph clipboard rejects composites (17.3582ms)
✔ S03 nested input link ABA invalidates old edit tokens without changing History on rejection (15.067ms)
✔ S03 shared same-key type changes reject stale caller tokens and removed handles never revive (9.7693ms)
✔ S03 cross-Graph nominal closure remaps nested structures and Undo removes the full insertion (4.8804ms)
✔ S03 reusable definition cycles reject atomically including unused dependencies (10.7379ms)
✔ S04 Personal complete owner payload and typed references survive reuse fork and absent Library source (49.7548ms)
✔ S04 DEC004 same-name destination sources retain distinct identity and changed imported bindings regenerate (445.4026ms)
✔ S04 Personal malformed envelope checksum and unsupported owner reject before provider writes; list deduplicates renamed files (32.6111ms)
✔ S04 DEC002 one-source fanout does not mutate source or existing conversions and pad failures agree (17.8688ms)
✔ S04 Personal root owner remap and input-bound Independent retain complete typed scope (87.7483ms)
✔ S04 stored inherited v2 and pad plans retain complete extensions through Personal shared import and reopen (27.2476ms)
✔ S04 shipped basic Library snapshot compiles after semantic fork and Personal roundtrip (11.2053ms)
✔ S04 Personal canonical package preserves snapshots, same-version reuse, independent and collision-safe filenames (28.0847ms)
✔ S04 DEC002 all16 default float plans, version fences and current ImageOutput compile (1.2138ms)
✔ S04 AC001 additive envelope upgrade retains exact pins and inactive evidence, fences v2 under2.0 (1.196ms)
✔ S04 DEC004 literal Personal typed closure survives canonical export import save reopen generation (29.21ms)
✔ S04 DEC004 source Personal typed closure survives canonical export import save reopen generation (72.8913ms)
✔ S04 DEC004 direct-source Personal typed closure survives canonical export import save reopen generation (34.9449ms)
✔ S04 DEC004 input Personal typed closure survives canonical export import save reopen generation (75.7776ms)
✔ S04 DEC004 input-bound length uses caller override and rejects conflicting caller sources (21.5653ms)
✔ S04 DEC004 nested shared input bindings remap through Personal and remain independent after semantic fork and reinsert (343.8641ms)
✔ S04 AC001 inactive owner network resources and unknown wrapper versions preserve the version fence (5.3612ms)
✔ S04 DEC004 rejected literal/source/input/nested candidates are atomic through Application with valid checksums (191.9831ms)
✔ S04 Personal Library per-file isolation, safe names, duplicate-at-capacity and provider failures leave existing assets unchanged (35.9837ms)
✔ S04 AC001 unchanged accepted reader and exact old/new definition boundaries (2.725ms)
✔ S04 inherited v2 plans preserve extensions across hydration move clipboard nested and Personal (12.7389ms)
✔ S04 current exact source owner supports new image descriptors without retargeting legacy owner (0.8002ms)
✔ S04 DEC004 required int length input qualifies with an actual constant supply and changed caller defaults regenerate (89.8175ms)
✔ S05 drag repair root reads one fresh snapshot and retains immutable earlier projections (2.6107ms)
✔ S05 drag repair nested reads one fresh snapshot and retains immutable earlier projections (8.7075ms)
✔ S05 drag repair preserves readonly and busy notification values while movement keeps field token (3.2116ms)
✔ S05 replacement eligibility keeps source validity separate and exact mismatch refusal atomic (11.6044ms)
✔ S05 matching replacement preserves Graph load and Context identity with one full-content Undo Redo (11.6631ms)
✔ S05 replacement eligibility and command retain stale cancelled invalid readonly and fabricated guards (25.8945ms)
✔ S05 model preflight and publication share exact kind and ordered-pin refusal without History (3.6821ms)
✔ S05-FR-001 complete program preserves distinct and reversed shared Uniform identity in all emission modes (491.5101ms)
✔ S05-FR-001 same-stage same resource type conflict fails without artifacts or Graph changes (14.6972ms)
✔ S05-FR-001 same-stage same resource default conflict fails without artifacts or Graph changes (13.5123ms)
✔ S05-FR-001 cross-stage same resource type conflict fails without artifacts or Graph changes (13.9377ms)
✔ S05-FR-001 cross-stage same resource default conflict fails without artifacts or Graph changes (12.8031ms)
✔ S05 fixed float: literals inside Function stay constant while formal and result are runtime (33.4341ms)
✔ S05 fixed float: defaults fixed schema every stage and mode with pure generation and roundtrip (222.8018ms)
✔ S05 fixed float: bad payloads unused errors atomic commands fixed source and constant distinction (3.2168ms)
✔ S05 fixed float: scoped two-context edits one Undo and stale token preserve History (6.2172ms)
✔ S05 fixed float: shared Function and Personal owner closure retain exact values (17.9961ms)
✔ S05 fixed vec2: literals inside Function stay constant while formal and result are runtime (30.8854ms)
✔ S05 fixed vec2: defaults fixed schema every stage and mode with pure generation and roundtrip (231.4013ms)
✔ S05 fixed vec2: bad payloads unused errors atomic commands fixed source and constant distinction (4.3275ms)
✔ S05 fixed vec2: scoped two-context edits one Undo and stale token preserve History (6.3515ms)
✔ S05 fixed vec2: shared Function and Personal owner closure retain exact values (18.9379ms)
✔ S05 fixed vec3: literals inside Function stay constant while formal and result are runtime (30.7355ms)
✔ S05 fixed vec3: defaults fixed schema every stage and mode with pure generation and roundtrip (232.7725ms)
✔ S05 fixed vec3: bad payloads unused errors atomic commands fixed source and constant distinction (4.3619ms)
✔ S05 fixed vec3: scoped two-context edits one Undo and stale token preserve History (6.0193ms)
✔ S05 fixed vec3: shared Function and Personal owner closure retain exact values (19.124ms)
✔ S05 fixed color: literals inside Function stay constant while formal and result are runtime (31.6728ms)
✔ S05 fixed color: defaults fixed schema every stage and mode with pure generation and roundtrip (234.7396ms)
✔ S05 fixed color: bad payloads unused errors atomic commands fixed source and constant distinction (3.9359ms)
✔ S05 fixed color: scoped two-context edits one Undo and stale token preserve History (6.0915ms)
✔ S05 fixed color: shared Function and Personal owner closure retain exact values (18.6286ms)
✔ S05 AT03 source/literal shape extents stay fixed; input-bound scalar extent cannot specialize a function (74.6595ms)
✔ S05 AT04 pre-existing malformed constant edge and authored losses are preserved (15.4448ms)
✔ S05 AT04 AT05 unused shared dependent definitions localize and detach atomically with Redo exact (56.3644ms)
✔ S05 AT08 multioutput and unconsumed nested effects have one evaluation per occurrence and stage-local helpers (37.8019ms)
✔ S05 AT08 two live depth writer occurrences reject even when one helper body is deduplicated (16.6186ms)
✔ S05 AT01 definition default shared mode independent and no-op History (24.8374ms)
✔ S05 AT02 one helper per definition and distinct caller arguments; nested helpers are dependency ordered (30.1747ms)
✔ S05 AT03 ordinary inputs are runtime even when all callers pass constants; dead constant uses reject atomically (22.8647ms)
✔ S05 AT03 Uniform parameter binding is runtime; ordinary connection rejects constant receiver without publication (15.1589ms)
✔ S05 AT04 AT05 transitive newly-invalid consumer edges detach once with losses, Undo/Redo and required error (26.1062ms)
✔ S05 AT06 function Personal roundtrip reuses mode, localizes once and preserves source bytes (62.3194ms)
✔ S05 AT06 DEC004 upgraded literal source input and nested Personal retain selected eligible modes through exchange (460.1885ms)
✔ S05 AT07 explicit owner upgrade preserves old pins/body/origin and unknown mode never defaults (7.9587ms)
✔ S05 AT09 later invalid edit and load retain function mode; diagnostic names shared definition and related calls (17.5622ms)
✔ S05 AT10 body/mode/profile changes create fresh artifacts and old snapshot is immutable (44.929ms)
✔ S05 HTTP provider SHA256 canonical bytes known vectors and secure UUIDv4 fail-closed (37.0258ms)
✔ OC01 zero ImageOutput is additive and empty new document compiles and roundtrips (1.6679ms)
✔ OC01 old exact ImageOutput pins retain required inputs and missing definitions never fall forward (0.8981ms)
✔ OC01 explicit exact kind upgrade preserves IDs edges plans inactive evidence and makes new lifetime (13.2566ms)
✔ OC01 upgrade missing destination readonly busy malformed source and owner throws reject atomically (1.5322ms)
✔ OC01 new source owner delegates exact image descriptor admission without relaxing old owner (1.2767ms)
✔ OC08 shared wire geometry has horizontal endpoints and distance-aware controls for both directions (0.1777ms)
✔ OC01 new exact source descriptor closure supports TOP sampler native array construction and cross-load transfer (7.561ms)
✔ OC01 owner migration refuses active gesture and throwing callback; source document remains unchanged (1.3676ms)
✔ S06 catalog is a detached read over exact document pins and current occurrence stage (3.0481ms)
✔ S06 source/name/category literal rank uses NFKC, aliases and all terms without regular expressions (2.3307ms)
✔ S06 stale creation proposals reject revision, navigation ABA, load and readonly without model or History writes (10.6274ms)
✔ S06 connected creation replaces an occupied exact input atomically and Undo restores it (19.6837ms)
✔ S06 query disposable IDs do not collide with admitted persistent IDs and consume no canonical identity (4.6401ms)
✔ S06 forged reference and mismatched matching-port proposals reject before any model publication (39.7653ms)
✔ S06 reference catalog excludes nested source admission without publishing query changes (19.0697ms)
✔ S06 configured Compose preview and published schema/edge agree in one transaction and one Undo/Redo (65.1782ms)
✔ S06 configured creation rejects invalid missing and non-choice parameters atomically preserving Redo and expired Draft (2.796ms)
✔ S06 configured creation preserves library fork/reference atomicity and rolls back a rejected choice (6.648ms)
✔ S06 configured creation keeps initializer descriptor, owner codec and reference validation before publication (2.5368ms)
✔ S06 configured creation followed by failed connection rolls back the full batch (0.6362ms)
✔ M1: missing-module boundary x rename rejects save before ACK without data loss (17.7076ms)
✔ M1: missing-module boundary 中 rename rejects save before ACK without data loss (12.6736ms)
✔ M1: missing-module boundary 🍇 rename rejects save before ACK without data loss (20.8363ms)
✔ M1: compact fallback validates actual emitted bytes at and beyond the budget (9.2965ms)
✔ M1: nodes at/beyond network limit obey save/reopen invariant (18.6553ms)
✔ M1: edges at/beyond network limit obey save/reopen invariant (35.2385ms)
✔ M1: editing beyond network capacity cannot acknowledge a save or erase the previous saved document (83.4933ms)
ℹ tests 268
ℹ suites 0
ℹ pass 268
ℹ fail 0
ℹ cancelled 0
ℹ skipped 0
ℹ todo 0
ℹ duration_ms 8958.6794
npm notice
npm notice New minor version of npm available! 11.8.0 -> 11.21.0
npm notice Changelog: https://github.com/npm/cli/releases/tag/v11.21.0
npm notice To update run: npm install -g npm@11.21.0
npm notice
