(node:53788) ExperimentalWarning: Transform Types is an experimental feature and might change at any time
(Use `node --trace-warnings ...` to show where the warning was created)
✔ PC authority: declaration is not grant; render/async/outside event denied, same mounted event succeeds (9.469ms)
✔ PC gesture: origin guard, one operation, cross-Panel lease rejection and latest lease required (8.5165ms)
✔ PC move/hide cancel pointer gesture and drain new leases before workspace action returns (9.3901ms)
✔ PC render failure cancels only unfinished operation after publication, with no reentrant mutation (3.7957ms)
✔ PC same ID reuse and old scope registrations remain revoked (1.7324ms)
✔ VM resources: cleanup in reverse order, failure isolation, stale async tickets, no render reentrancy (0.2625ms)
✔ two independently registered Panels and two Widget view shapes share lifecycle without feature dispatch (0.9429ms)
✔ VM mount/capture/update reentrancy revokes scope and preserves placeholder; explicit retry recovers (0.27ms)
✔ VM subscription failure releases acquired subscriptions and cannot pretend to mount (0.1636ms)
✔ PC application denies every editing command while readonly or history busy; field binding invalidates (4.7865ms)
(node:7928) ExperimentalWarning: Transform Types is an experimental feature and might change at any time
(Use `node --trace-warnings ...` to show where the warning was created)
✔ B01 group0, positive groups and fixed Canvas routes distinguish activation, hide and close (8.1735ms)
✔ B01 direct Context changes and revision update routed targets, unchanged placement does not repeat receive (6.2972ms)
✔ B01 close and retarget veto keep logical instances and placement intact (4.0511ms)
✔ B01 provider borrowing guards direct disposal; closing releases borrow without deleting Context (0.9631ms)
✔ B01 move, float, collapse, hide/show preserve Panel and exported draft; upper slot returns prior owner to dock (1.1957ms)
✔ B01 save/restore mints Context and leases, preserves inert identities and no runtime activation (3.3518ms)
✔ B01 application restore resolves exact graph/stage/occurrence, never names or first stage (1.3447ms)
✔ B01 missing type/version and unresolved target retain opaque data with retry using one registry (2.1428ms)
✔ B01 full layout validation refuses malformed candidates before any factory or live mutation (2.9926ms)
✔ B01 invalid open/move route does not call factory or change tabs; reentry rejected in factory (1.3712ms)
✔ B01 export callback failure is whole-save failure without graph/history changes (0.7048ms)
✔ B01 same-ID close/reopen rejects old services and restores detached state only (1.1436ms)
ℹ tests 22
ℹ suites 0
ℹ pass 22
ℹ fail 0
ℹ cancelled 0
ℹ skipped 0
ℹ todo 0
ℹ duration_ms 221.1537
