✔ PC authority: declaration is not grant; render/async/outside event denied, same mounted event succeeds (9.3967ms)
✔ PC gesture: origin guard, one operation, cross-Panel lease rejection and latest lease required (5.7935ms)
✔ PC move/hide cancel pointer gesture and drain new leases before workspace action returns (9.1724ms)
✔ PC render failure cancels only unfinished operation after publication, with no reentrant mutation (2.9008ms)
✔ PC same ID reuse and old scope registrations remain revoked (1.6226ms)
✔ VM resources: cleanup in reverse order, failure isolation, stale async tickets, no render reentrancy (0.248ms)
✔ two independently registered Panels and two Widget view shapes share lifecycle without feature dispatch (0.8999ms)
✔ VM mount/capture/update reentrancy revokes scope and preserves placeholder; explicit retry recovers (0.2566ms)
✔ VM subscription failure releases acquired subscriptions and cannot pretend to mount (0.1231ms)
(node:55392) ExperimentalWarning: Transform Types is an experimental feature and might change at any time
(Use `node --trace-warnings ...` to show where the warning was created)
✔ PC application denies every editing command while readonly or history busy; field binding invalidates (4.298ms)
✔ B01 group0, positive groups and fixed Canvas routes distinguish activation, hide and close (3.2206ms)
✔ B01 direct Context changes and revision update routed targets, unchanged placement does not repeat receive (2.564ms)
✔ B01 close and retarget veto keep logical instances and placement intact (1.6329ms)
✔ B01 provider borrowing guards direct disposal; closing releases borrow without deleting Context (0.8319ms)
✔ B01 move, float, collapse, hide/show preserve Panel and exported draft; upper slot returns prior owner to dock (1.3668ms)
✔ B01 save/restore mints Context and leases, preserves inert identities and no runtime activation (2.9101ms)
✔ B01 application restore resolves exact graph/stage/occurrence, never names or first stage (0.884ms)
✔ B01 missing type/version and unresolved target retain opaque data with retry using one registry (1.9102ms)
✔ B01 full layout validation refuses malformed candidates before any factory or live mutation (2.5461ms)
✔ B01 invalid open/move route does not call factory or change tabs; reentry rejected in factory (0.9066ms)
✔ B01 export callback failure is whole-save failure without graph/history changes (0.6318ms)
✔ B01 same-ID close/reopen rejects old services and restores detached state only (1.2648ms)
✔ B01 tab and group ordering revokes placement while preserving live Panel identity (0.9139ms)
ℹ tests 23
ℹ suites 0
ℹ pass 23
ℹ fail 0
ℹ cancelled 0
ℹ skipped 0
ℹ todo 0
ℹ duration_ms 180.8439
