
> grape-s01@0.1.0 test
> node tools/runtime.mjs && node --experimental-transform-types --test --test-isolation=none tests/unit/*.test.ts tests/conformance/*.test.ts

✔ production ownership manifest covers every source and rejects mutation/platform/extension violations (1058.1581ms)
✔ S02 conformance: replacement uses one public Graph batch, isolates observers and retains two Context identities (11.9949ms)
✔ S02 conformance: direct replacement rejects model Error without modifying document/history (2.4567ms)
✔ M2: direct replacement atomically rejects malformed position component before publication (1.7449ms)
✔ M2: direct replacement atomically rejects malformed position length before publication (1.4512ms)
✔ M2: direct replacement atomically rejects duplicate recovery IDs before publication (1.6407ms)
✔ M2: direct replacement atomically rejects unknown envelope field before publication (1.5388ms)
✔ M2: direct replacement atomically rejects unknown node field before publication (1.4802ms)
✔ M2: direct replacement atomically rejects unknown endpoint field before publication (1.9094ms)
✔ M2: catching invalid replacement cannot publish earlier edits in the same batch (1.5077ms)
✔ M2: valid detached replacement publishes once and retains exact Undo/Redo content (2.783ms)
✔ L10N exact owner, parent/default/inline fallback and plain interpolation leave model/history/generation unchanged (5.176ms)
✔ L10N atomic duplicate/malformed rejection, revision CAS and immutable detached catalogs (0.437ms)
✔ L10N observer errors/reentry are isolated, cleanup cancels later delivery, disposed service rejects (0.1721ms)
✔ PC authority: declaration is not grant; render/async/outside event denied, same mounted event succeeds (3.9254ms)
✔ PC gesture: origin guard, one operation, cross-Panel lease rejection and latest lease required (3.9303ms)
✔ PC move/hide cancel pointer gesture and drain new leases before workspace action returns (7.375ms)
✔ PC render failure cancels only unfinished operation after publication, with no reentrant mutation (2.9296ms)
✔ PC same ID reuse and old scope registrations remain revoked (1.6198ms)
✔ VM resources: cleanup in reverse order, failure isolation, stale async tickets, no render reentrancy (0.2728ms)
✔ two independently registered Panels and two Widget view shapes share lifecycle without feature dispatch (0.9281ms)
✔ VM mount/capture/update reentrancy revokes scope and preserves placeholder; explicit retry recovers (0.2202ms)
✔ VM subscription failure releases acquired subscriptions and cannot pretend to mount (0.096ms)
✔ PC application denies every editing command while readonly or history busy; field binding invalidates (3.7136ms)
✔ B01 group0, positive groups and fixed Canvas routes distinguish activation, hide and close (3.0564ms)
✔ B01 direct Context changes and revision update routed targets, unchanged placement does not repeat receive (2.5199ms)
✔ B01 close and retarget veto keep logical instances and placement intact (1.5225ms)
✔ B01 provider borrowing guards direct disposal; closing releases borrow without deleting Context (0.7596ms)
✔ B01 move, float, collapse, hide/show preserve Panel and exported draft; upper slot returns prior owner to dock (0.9714ms)
✔ B01 save/restore mints Context and leases, preserves inert identities and no runtime activation (2.7099ms)
✔ B01 application restore resolves exact graph/stage/occurrence, never names or first stage (0.9027ms)
✔ B01 missing type/version and unresolved target retain opaque data with retry using one registry (1.586ms)
✔ B01 full layout validation refuses malformed candidates before any factory or live mutation (2.2313ms)
✔ B01 invalid open/move route does not call factory or change tabs; reentry rejected in factory (0.8692ms)
✔ B01 export callback failure is whole-save failure without graph/history changes (0.6804ms)
✔ B01 same-ID close/reopen rejects old services and restores detached state only (0.8672ms)
✔ AT-S01-01: Float × Multiply → Compose emits pinned host-free GLSL without mutation (2.486ms)
✔ AT-S01-02: direction, cross-network, occupied input, cycle and type failures are atomic (1.9495ms)
✔ AT-S01-03: mode change captures complete prior ports, edge plans and loss; undo/redo and reload (4.8481ms)
✔ AT-S01-04: multi-batch operation, cancel/no-op redo, expired draft and async draft (3.7643ms)
✔ AT-S01-08: projection before observers, reentrant writes reject and throwing observer does not roll back (1.6544ms)
✔ AT-S01-06: contexts share model and clean selection before external observation (2.4063ms)
✔ scoped field token rejects value ABA, busy, connected and dead targets; unrelated movement preserves token (3.6839ms)
✔ all model errors including unused nodes block generation; fixed definitions and boundaries remain protected (1.8426ms)
✔ generation rejects missing/extra declared boundary output even when a module emits an incomplete map (2.0265ms)
✔ shared type environment rejects unknown identity and permits explicitly registered nominal types without changing core dispatch (0.4637ms)
✔ AT-S01-02: endpoints in two real Stage networks cannot be cross-connected (1.908ms)
✔ unknown Stage slots block generation; duplicate slot identities reject before hydration (3.5014ms)
✔ M1 reviewer counterexample: float 1e21 generates a valid GLSL floating constant (2.6505ms)
✔ M1 reviewer counterexample: multiply 1e21 generates a valid GLSL floating constant (1.9025ms)
✔ M1 literal grammar and value roundtrip cover integers, decimals, signs and exponent-form values (0.2294ms)
✔ M1 all finite float32 exponent bins and representative mantissas have legal value-preserving literals (1.6768ms)
✔ M1 admitted boundary/representative values remain editable and compile through both production literal paths (24.4643ms)
✔ AT-S01-05: document identity, complete content, new lifetime/empty history and semantic regeneration (2.1052ms)
✔ AT-S01-07: ACK of A never marks B saved, rejection and SAVE_BUSY retain baseline; download is separate (3.4641ms)
✔ old saved handle cannot attach to same persistent IDs after reload (2.1153ms)
✔ wire unknown structure, unsupported version/operation/tag, malformed known data precedence and original retention (1.9347ms)
✔ writer refuses executable/hidden values, sparse arrays, nonfinite numbers and altered prototypes without invoking getters (1.5239ms)
✔ missing exact module preserves opaque state and last port policy; loss payload is never activated (2.6917ms)
✔ forged stored conversion remains saveable but cannot generate (1.9972ms)
✔ prototype-named unknown structural keys and non-JSON whitespace are not silently accepted (1.9308ms)
✔ unrelated edits preserve forged connection evidence rather than silently repairing it (2.1978ms)
✔ pending storage open cannot replace a newer edit or document lifetime (1.7877ms)
✔ unrelated edits retain explicit invalid-edge evidence even when its stored plan is structurally valid (2.0947ms)
✔ AT-S02-04 PNG: CRC oracle, roundtrip, repeated wrapping and unowned chunks preserve bytes (7.967ms)
✔ AT-S02-04 PNG: malformed CRC, missing metadata, duplicate metadata, compression and malformed envelope are named rejections (3.6207ms)
✔ AT-S02-04 PNG: structural boundaries, file/chunk/metadata limits and invalid UTF-8 never decode pixels or compressed text (81.8626ms)
✔ AT-S02-04 PNG: ASCII/CJK/non-BMP budgets match text intake and preserve canonical graph (126.4283ms)
✔ AT-S02-01: detached inspection/cancel/raw retention and one atomic replacement with Context continuity and Undo/Redo (5.9677ms)
✔ AT-S02-01: base revision, content, lifetime, readonly, busy and fabricated review fences (16.6581ms)
✔ AT-S02-01: invalid/future/duplicate IDs/unknown structure have explicit outcomes and never publish (8.9093ms)
✔ AT-S02-01: only explicit layout repair yields a candidate; unknown endpoints/references are never guessed (9.9246ms)
✔ AT-S02-01: mismatched exact pins cannot replace the destination; failed replacement is atomic (2.4707ms)
✔ AT-S02-02: missing exact module survives move/rename/save/reopen; exact restoration invokes codec and never substitutes latest (7.249ms)
✔ AT-S02-03 boundary: foreign/legacy input is retained with explicit unresolved Gate, never implicit conversion or archive execution (0.6243ms)
✔ AT-S02-04: ASCII/CJK/non-BMP UTF-8 exact byte budget produces deterministic results without truncation (23.9086ms)
✔ AT-S02-04: network budgets, duplicate JSON keys, unknown nested structure and opaque fields are independently checked (11.8677ms)
✔ S03 Group17 retains a draft, compilation rejects per-direction limit, Undo restores original (49.9425ms)
✔ S03 64-definition destination rejects independence and imported 65th atomically (1063.3118ms)
✔ S03 nested nodes overflow rejects before paste publication (15.408ms)
✔ S03 nested edges overflow rejects before paste publication (18.787ms)
✔ S03 symbolic extents require int/uint sources, only outer dimension and pure compilation (4.0859ms)
✔ S03 New may retain a 257-node draft; generation and save reject it without losing the draft (105.2772ms)
✔ S03 partial frames stay outside clipboard; pasted relative positions retain a common offset (4.6468ms)
✔ S03 persisted nested source is preserved while new nested source admission remains rejected (5.7058ms)
✔ S03 scalar/vector/matrix sources transfer; composite source reuses only within its source lifetime (23.9263ms)
✔ S03 FR01 admitted nested Structure arrays fail ES300 profile without artifacts; one dimension succeeds (6.4133ms)
✔ S03 FR02 independence remaps mixed parent and shared child owner references with Undo/Redo (41.7204ms)
✔ S03 FR02 independence remaps mixed parent and cloned child owner references with Undo/Redo (48.2759ms)
✔ S03 FR02 incomplete shared-child node address rejects independence atomically (11.8933ms)
✔ S03 FR03 editing inner Structure validates dependent depth16 and preserves Redo on depth17 rejection (16.28ms)
✔ S03 FR03 affected dependent expansion and vector component budgets reject atomically (3.3712ms)
✔ S03 EG01 native array constructor2048, clipboard2048 boundary and same-load reuse (4.9382ms)
✔ S03 EG01 native array constructor2049, clipboard2048 boundary and same-load reuse (5.937ms)
✔ S03 EG01 native array constructor4096, clipboard2048 boundary and same-load reuse (5.4361ms)
✔ S03 EG01 native array constructor4097 rejects atomically (1.8575ms)
✔ S03 EG01 sampler clipboard path2048 admission (3.4577ms)
✔ S03 EG01 sampler clipboard path2049 admission (3.2919ms)
✔ S03 EG01 native arrays admit float/vec2/vec3/vec4 and remap symbolic length closure (19.2819ms)
✔ S03 EG01 native arrays reject matrix/nested/expressions and invalid length owner types (7.8935ms)
✔ S03 EG01 TOP declarations clone while source+origin slots reuse, defaults persist, and Undo/Redo/save preserve identity (13.9741ms)
✔ S03 EG01 specialization import allocates minimal vacant ID0,2 ->1 (4.3321ms)
✔ S03 EG01 unsupported target, unavailable owner and throwing owner reject without publication (5.2723ms)
✔ S03 EG01 numeric uniform scalar/vector/matrix transfer remains independent and generation is explicit unavailable (13.5812ms)
✔ S03 FR03 registered resource types cannot become Structure fields (1.8725ms)
✔ S03 EG01 exact provider/target ownership and imported descriptor failures stay atomic (3.9886ms)
✔ S03 EG01 round2 implicit constant array@["glsl.float",2] preserves same-load reuse and rejects real cross-Graph and fresh-load publication (11.538ms)
✔ S03 EG01 round2 constant array@["glsl.float",2] preserves same-load reuse and rejects real cross-Graph and fresh-load publication (8.7229ms)
✔ S03 EG01 round2 uniform array@["glsl.float",2] preserves same-load reuse and rejects real cross-Graph and fresh-load publication (9.7708ms)
✔ S03 EG01 round2 implicit constant array@["glsl.vec2",2] preserves same-load reuse and rejects real cross-Graph and fresh-load publication (9.1902ms)
✔ S03 EG01 round2 constant array@["glsl.vec2",2] preserves same-load reuse and rejects real cross-Graph and fresh-load publication (9.0153ms)
✔ S03 EG01 round2 uniform array@["glsl.vec2",2] preserves same-load reuse and rejects real cross-Graph and fresh-load publication (10.188ms)
✔ S03 EG01 round2 scalar/vector/matrix constants and uniforms still cross actual Graph and fresh load (57.0664ms)
✔ S03 custom declared/state closure same-Graph remaps identities only and Undo/Redo (7.2662ms)
✔ S03 custom declared/state closure cross-Graph remaps identities only and Undo/Redo (7.8169ms)
✔ S03 grouping an existing caller preserves child-owned frame node addresses (10.0541ms)
✔ S03 owner collect/remap throws and escaping/incomplete references reject atomically with Redo preserved (7.2606ms)
✔ S03 custom resources follow encapsulation and direct independence, ordinary dependencies remain shared (15.4787ms)
✔ S03 encapsulation deduplicates crossing interfaces, shared generation is pure, Undo restores all references (5.6132ms)
✔ S03 interface rename/reorder/type/removal reconciles every caller once and Undo restores values/invalid edges/loss (9.1697ms)
✔ S03 nested resource callers including unused ancestors reconcile child interface (10.1231ms)
✔ S03 library position keeps identity, semantic edit forks target and library ancestors and local refs atomically (19.7881ms)
✔ S03 direct make independent clones direct definition, shares dependencies and remaps own boundary (15.5741ms)
✔ S03 same-load clipboard reuses current source; cross-graph remaps resources and preserves text (6.6237ms)
✔ S03 clipboard typed native symbolic array closure remaps only semantic references (4.421ms)
✔ S03 late bad edge, escaping refs, forbidden source and missing closure reject without nodes/resources/history/notifications (4.8698ms)
✔ S03 source selection stays outside encapsulation; boundary-only grouping is no-op and preserves redo (4.0031ms)
✔ S03 structure drafts retain stable fields, reject recursion and block deletion while referenced (2.1795ms)
✔ S03 contexts distinguish occurrences; nested scoped targets never revive after navigation and Undo (11.3984ms)
✔ S03 library snapshot position edit retains origin, first semantic edit forks and old source remains immutable (7.3084ms)
✔ S03 nested delete and required boundary protection use the canonical Graph (4.7695ms)
✔ S03 library ancestor traversal crosses local parents (25.9761ms)
✔ S03 spare-port creation and first edge are one Undo entry with stable keys (6.8722ms)
✔ S03 whole frames travel through grouping and cross-Graph clipboard with fresh identities (8.5922ms)
✔ S03 vector/matrix reshape retains override components and defaults follow interface defaults (5.6378ms)
✔ S03 malformed resource envelopes, missing boundaries and nominal conflicts reject atomically (7.6969ms)
✔ S03 source admission cannot be bypassed by nested add, grouping or pasted nodes (4.1457ms)
✔ S03 layout proposal rejects navigation ABA, semantic fork and Undo (7.1738ms)
✔ S03 clipboard rejects forged hydrated plans and invalid edge evidence (2.8942ms)
✔ S03 empty library paste preserves origin, selection-independent History and Redo (6.3329ms)
✔ S03 packet-wide network identity collisions and malformed reused resource envelopes reject (4.7047ms)
✔ S03 source transfer uses actual load identity and reopened documents cannot forge same-load reuse (2.594ms)
✔ S03 structure emission is read-only, nominally declared once, field deletion preserves invalid edges and Undo (4.8426ms)
✔ S03 accepted paste requires a valid destination and direct whole frames survive clipboard (4.906ms)
✔ S03 scoped parameters and proposals from identical persistent IDs expire across a new load (7.6228ms)
✔ S03 library grouping resolves the forked canonical network (5.9566ms)
✔ S03 local child semantic edit forks its library ancestor (16.5607ms)
✔ S03 explicit override equal to default survives interface defaults and save/reload (11.4753ms)
✔ S03 direct independence preserves nonowned state, declared references and typed frame resources (10.4419ms)
✔ S03 encapsulation rejects cross-scope node references despite matching local IDs (1.5693ms)
✔ S03 New creates Value vec4 passthrough; shared rename retains instance names and no-op keeps library identity (11.3724ms)
✔ S03 explicit interface Add stops at16 per direction without erasing preserved oversized draft (12.2894ms)
✔ S03 structure authoring validates count, names, description, nested fixed arrays, recursion/depth and expansion (366.8983ms)
✔ S03 large external array declarations survive metadata edits; materialization remains bounded (3.2782ms)
✔ S03 type tokens retain eight dimensions and reject extra tuple fields (1.7926ms)
(node:24444) ExperimentalWarning: Transform Types is an experimental feature and might change at any time
(Use `node --trace-warnings ...` to show where the warning was created)
✔ S03 disconnected output boundary follows shared output defaults (6.3724ms)
✔ S03 inline array construction and same-load reuse allow2049 elements; cross-Graph clipboard rejects composites (17.6025ms)
✔ S03 nested input link ABA invalidates old edit tokens without changing History on rejection (16.1606ms)
✔ S03 shared same-key type changes reject stale caller tokens and removed handles never revive (9.8224ms)
✔ S03 cross-Graph nominal closure remaps nested structures and Undo removes the full insertion (5.1021ms)
✔ S03 reusable definition cycles reject atomically including unused dependencies (10.0966ms)
✔ S04 Personal complete owner payload and typed references survive reuse fork and absent Library source (51.141ms)
✔ S04 DEC004 same-name destination sources retain distinct identity and changed imported bindings regenerate (428.8366ms)
✔ S04 Personal malformed envelope checksum and unsupported owner reject before provider writes; list deduplicates renamed files (31.2972ms)
✔ S04 DEC002 one-source fanout does not mutate source or existing conversions and pad failures agree (17.2268ms)
✔ S04 Personal root owner remap and input-bound Independent retain complete typed scope (76.2358ms)
✔ S04 stored inherited v2 and pad plans retain complete extensions through Personal shared import and reopen (25.5424ms)
✔ S04 shipped basic Library snapshot compiles after semantic fork and Personal roundtrip (10.7915ms)
✔ S04 Personal canonical package preserves snapshots, same-version reuse, independent and collision-safe filenames (27.2415ms)
✔ S04 DEC002 all16 default float plans, version fences and current ImageOutput compile (1.1877ms)
✔ S04 AC001 additive envelope upgrade retains exact pins and inactive evidence, fences v2 under2.0 (1.1458ms)
✔ S04 DEC004 literal Personal typed closure survives canonical export import save reopen generation (30.4064ms)
✔ S04 DEC004 source Personal typed closure survives canonical export import save reopen generation (73.1488ms)
✔ S04 DEC004 direct-source Personal typed closure survives canonical export import save reopen generation (34.8018ms)
✔ S04 DEC004 input Personal typed closure survives canonical export import save reopen generation (77.6964ms)
✔ S04 DEC004 input-bound length uses caller override and rejects conflicting caller sources (21.879ms)
✔ S04 DEC004 nested shared input bindings remap through Personal and remain independent after semantic fork and reinsert (355.2938ms)
✔ S04 AC001 inactive owner network resources and unknown wrapper versions preserve the version fence (4.8771ms)
✔ S04 DEC004 rejected literal/source/input/nested candidates are atomic through Application with valid checksums (196.2587ms)
✔ S04 Personal Library per-file isolation, safe names, duplicate-at-capacity and provider failures leave existing assets unchanged (33.3063ms)
✔ S04 AC001 unchanged accepted reader and exact old/new definition boundaries (2.676ms)
✔ S04 inherited v2 plans preserve extensions across hydration move clipboard nested and Personal (13.1445ms)
✔ S04 current exact source owner supports new image descriptors without retargeting legacy owner (1.5457ms)
✔ S04 DEC004 required int length input qualifies with an actual constant supply and changed caller defaults regenerate (87.284ms)
✔ S05 drag repair root reads one fresh snapshot and retains immutable earlier projections (2.6094ms)
✔ S05 drag repair nested reads one fresh snapshot and retains immutable earlier projections (8.6794ms)
✔ S05 drag repair preserves readonly and busy notification values while movement keeps field token (3.2519ms)
✔ S05 replacement eligibility keeps source validity separate and exact mismatch refusal atomic (11.3042ms)
✔ S05 matching replacement preserves Graph load and Context identity with one full-content Undo Redo (10.5245ms)
✔ S05 replacement eligibility and command retain stale cancelled invalid readonly and fabricated guards (30.9132ms)
✔ S05 model preflight and publication share exact kind and ordered-pin refusal without History (3.6362ms)
✔ S05-FR-001 complete program preserves distinct and reversed shared Uniform identity in all emission modes (492.1898ms)
✔ S05-FR-001 same-stage same resource type conflict fails without artifacts or Graph changes (14.3614ms)
✔ S05-FR-001 same-stage same resource default conflict fails without artifacts or Graph changes (13.5237ms)
✔ S05-FR-001 cross-stage same resource type conflict fails without artifacts or Graph changes (13.3283ms)
✔ S05-FR-001 cross-stage same resource default conflict fails without artifacts or Graph changes (13.0762ms)
✔ S05 fixed float: literals inside Function stay constant while formal and result are runtime (33.4574ms)
✔ S05 fixed float: defaults fixed schema every stage and mode with pure generation and roundtrip (224.981ms)
✔ S05 fixed float: bad payloads unused errors atomic commands fixed source and constant distinction (3.3124ms)
✔ S05 fixed float: scoped two-context edits one Undo and stale token preserve History (6.1532ms)
✔ S05 fixed float: shared Function and Personal owner closure retain exact values (18.2459ms)
✔ S05 fixed vec2: literals inside Function stay constant while formal and result are runtime (30.6244ms)
✔ S05 fixed vec2: defaults fixed schema every stage and mode with pure generation and roundtrip (230.35ms)
✔ S05 fixed vec2: bad payloads unused errors atomic commands fixed source and constant distinction (4.271ms)
✔ S05 fixed vec2: scoped two-context edits one Undo and stale token preserve History (6.3531ms)
✔ S05 fixed vec2: shared Function and Personal owner closure retain exact values (18.8462ms)
✔ S05 fixed vec3: literals inside Function stay constant while formal and result are runtime (31.0532ms)
✔ S05 fixed vec3: defaults fixed schema every stage and mode with pure generation and roundtrip (231.0135ms)
✔ S05 fixed vec3: bad payloads unused errors atomic commands fixed source and constant distinction (4.1084ms)
✔ S05 fixed vec3: scoped two-context edits one Undo and stale token preserve History (5.9895ms)
✔ S05 fixed vec3: shared Function and Personal owner closure retain exact values (19.8512ms)
✔ S05 fixed color: literals inside Function stay constant while formal and result are runtime (30.3944ms)
✔ S05 fixed color: defaults fixed schema every stage and mode with pure generation and roundtrip (232.2142ms)
✔ S05 fixed color: bad payloads unused errors atomic commands fixed source and constant distinction (4.0512ms)
✔ S05 fixed color: scoped two-context edits one Undo and stale token preserve History (6.4715ms)
✔ S05 fixed color: shared Function and Personal owner closure retain exact values (19.3768ms)
✔ S05 AT03 source/literal shape extents stay fixed; input-bound scalar extent cannot specialize a function (77.9264ms)
✔ S05 AT04 pre-existing malformed constant edge and authored losses are preserved (15.6162ms)
✔ S05 AT04 AT05 unused shared dependent definitions localize and detach atomically with Redo exact (57.1964ms)
✔ S05 AT08 multioutput and unconsumed nested effects have one evaluation per occurrence and stage-local helpers (37.6904ms)
✔ S05 AT08 two live depth writer occurrences reject even when one helper body is deduplicated (16.9285ms)
✔ S05 AT01 definition default shared mode independent and no-op History (25.0002ms)
✔ S05 AT02 one helper per definition and distinct caller arguments; nested helpers are dependency ordered (29.7021ms)
✔ S05 AT03 ordinary inputs are runtime even when all callers pass constants; dead constant uses reject atomically (22.6878ms)
✔ S05 AT03 Uniform parameter binding is runtime; ordinary connection rejects constant receiver without publication (15.2054ms)
✔ S05 AT04 AT05 transitive newly-invalid consumer edges detach once with losses, Undo/Redo and required error (25.6164ms)
✔ S05 AT06 function Personal roundtrip reuses mode, localizes once and preserves source bytes (60.1788ms)
✔ S05 AT06 DEC004 upgraded literal source input and nested Personal retain selected eligible modes through exchange (466.1132ms)
✔ S05 AT07 explicit owner upgrade preserves old pins/body/origin and unknown mode never defaults (8.76ms)
✔ S05 AT09 later invalid edit and load retain function mode; diagnostic names shared definition and related calls (16.4759ms)
✔ S05 AT10 body/mode/profile changes create fresh artifacts and old snapshot is immutable (44.3282ms)
✔ S05 HTTP provider SHA256 canonical bytes known vectors and secure UUIDv4 fail-closed (34.9774ms)
✔ OC01 zero ImageOutput is additive and empty new document compiles and roundtrips (1.6541ms)
✔ OC01 old exact ImageOutput pins retain required inputs and missing definitions never fall forward (0.9ms)
✔ OC01 explicit exact kind upgrade preserves IDs edges plans inactive evidence and makes new lifetime (10.5904ms)
✔ OC01 upgrade missing destination readonly busy malformed source and owner throws reject atomically (1.3234ms)
✔ OC01 new source owner delegates exact image descriptor admission without relaxing old owner (1.2125ms)
✔ OC08 shared wire geometry has horizontal endpoints and distance-aware controls for both directions (0.1741ms)
✔ OC01 new exact source descriptor closure supports TOP sampler native array construction and cross-load transfer (6.6434ms)
✔ OC01 owner migration refuses active gesture and throwing callback; source document remains unchanged (1.3978ms)
✔ S06 catalog is a detached read over exact document pins and current occurrence stage (3.1981ms)
✔ S06 source/name/category literal rank uses NFKC, aliases and all terms without regular expressions (2.3122ms)
✔ S06 stale creation proposals reject revision, navigation ABA, load and readonly without model or History writes (11.093ms)
✔ S06 connected creation replaces an occupied exact input atomically and Undo restores it (18.6619ms)
✔ S06 query disposable IDs do not collide with admitted persistent IDs and consume no canonical identity (4.1406ms)
✔ S06 forged reference and mismatched matching-port proposals reject before any model publication (39.6862ms)
✔ S06 reference catalog excludes nested source admission without publishing query changes (17.851ms)
✔ S06 configured Compose preview and published schema/edge agree in one transaction and one Undo/Redo (58.7134ms)
✔ S06 configured creation rejects invalid missing and non-choice parameters atomically preserving Redo and expired Draft (2.244ms)
✔ S06 configured creation preserves library fork/reference atomicity and rolls back a rejected choice (5.9439ms)
✔ S06 configured creation keeps initializer descriptor, owner codec and reference validation before publication (3.2217ms)
✔ S06 configured creation followed by failed connection rolls back the full batch (0.71ms)
✔ M1: missing-module boundary x rename rejects save before ACK without data loss (14.6298ms)
✔ M1: missing-module boundary 中 rename rejects save before ACK without data loss (12.6938ms)
✔ M1: missing-module boundary 🍇 rename rejects save before ACK without data loss (17.5728ms)
✔ M1: compact fallback validates actual emitted bytes at and beyond the budget (10.2951ms)
✔ M1: nodes at/beyond network limit obey save/reopen invariant (19.0428ms)
✔ M1: edges at/beyond network limit obey save/reopen invariant (36.2341ms)
✔ M1: editing beyond network capacity cannot acknowledge a save or erase the previous saved document (81.8843ms)
ℹ tests 259
ℹ suites 0
ℹ pass 259
ℹ fail 0
ℹ cancelled 0
ℹ skipped 0
ℹ todo 0
ℹ duration_ms 8885.2752
npm notice
npm notice New minor version of npm available! 11.8.0 -> 11.21.0
npm notice Changelog: https://github.com/npm/cli/releases/tag/v11.21.0
npm notice To update run: npm install -g npm@11.21.0
npm notice
