
> grape-s01@0.1.0 test
> node tools/runtime.mjs && node --experimental-transform-types --test --test-isolation=none tests/unit/*.test.ts tests/conformance/*.test.ts

✔ production ownership manifest covers every source and rejects mutation/platform/extension violations (1258.7621ms)
✔ S02 conformance: replacement uses one public Graph batch, isolates observers and retains two Context identities (12.8171ms)
✔ S02 conformance: direct replacement rejects model Error without modifying document/history (3.0044ms)
✔ M2: direct replacement atomically rejects malformed position component before publication (1.9388ms)
✔ M2: direct replacement atomically rejects malformed position length before publication (1.5076ms)
✔ M2: direct replacement atomically rejects duplicate recovery IDs before publication (1.8535ms)
✔ M2: direct replacement atomically rejects unknown envelope field before publication (1.7477ms)
✔ M2: direct replacement atomically rejects unknown node field before publication (1.6673ms)
✔ M2: direct replacement atomically rejects unknown endpoint field before publication (1.621ms)
✔ M2: catching invalid replacement cannot publish earlier edits in the same batch (1.5344ms)
✔ M2: valid detached replacement publishes once and retains exact Undo/Redo content (6.7245ms)
✔ L10N exact owner, parent/default/inline fallback and plain interpolation leave model/history/generation unchanged (2.1441ms)
✔ L10N atomic duplicate/malformed rejection, revision CAS and immutable detached catalogs (0.6124ms)
✔ L10N observer errors/reentry are isolated, cleanup cancels later delivery, disposed service rejects (0.2347ms)
✔ PC authority: declaration is not grant; render/async/outside event denied, same mounted event succeeds (5.3587ms)
✔ PC gesture: origin guard, one operation, cross-Panel lease rejection and latest lease required (5.5395ms)
✔ PC move/hide cancel pointer gesture and drain new leases before workspace action returns (9.8343ms)
✔ PC render failure cancels only unfinished operation after publication, with no reentrant mutation (3.703ms)
✔ PC same ID reuse and old scope registrations remain revoked (2.4499ms)
✔ VM resources: cleanup in reverse order, failure isolation, stale async tickets, no render reentrancy (0.2475ms)
✔ two independently registered Panels and two Widget view shapes share lifecycle without feature dispatch (1.1815ms)
✔ VM mount/capture/update reentrancy revokes scope and preserves placeholder; explicit retry recovers (0.3183ms)
✔ VM subscription failure releases acquired subscriptions and cannot pretend to mount (0.1292ms)
✔ PC application denies every editing command while readonly or history busy; field binding invalidates (4.0716ms)
✔ B01 group0, positive groups and fixed Canvas routes distinguish activation, hide and close (3.4987ms)
✔ B01 direct Context changes and revision update routed targets, unchanged placement does not repeat receive (3.161ms)
✔ B01 close and retarget veto keep logical instances and placement intact (1.6131ms)
✔ B01 provider borrowing guards direct disposal; closing releases borrow without deleting Context (1.1797ms)
✔ B01 move, float, collapse, hide/show preserve Panel and exported draft; upper slot returns prior owner to dock (1.4044ms)
✔ B01 save/restore mints Context and leases, preserves inert identities and no runtime activation (3.2349ms)
✔ B01 application restore resolves exact graph/stage/occurrence, never names or first stage (0.9234ms)
✔ B01 missing type/version and unresolved target retain opaque data with retry using one registry (1.643ms)
✔ B01 full layout validation refuses malformed candidates before any factory or live mutation (2.9088ms)
✔ B01 invalid open/move route does not call factory or change tabs; reentry rejected in factory (0.9611ms)
✔ B01 export callback failure is whole-save failure without graph/history changes (1.1557ms)
✔ B01 same-ID close/reopen rejects old services and restores detached state only (1.4146ms)
✔ B01 tab and group ordering revokes placement while preserving live Panel identity (1.1374ms)
✔ B01 restored owned Context survives same-target retarget and receive retry then closes (2.2374ms)
✔ AT-S01-01: Float × Multiply → Compose emits pinned host-free GLSL without mutation (3.3604ms)
✔ AT-S01-02: direction, cross-network, occupied input, cycle and type failures are atomic (1.9689ms)
✔ AT-S01-03: mode change captures complete prior ports, edge plans and loss; undo/redo and reload (5.0402ms)
✔ AT-S01-04: multi-batch operation, cancel/no-op redo, expired draft and async draft (5.1422ms)
✔ AT-S01-08: projection before observers, reentrant writes reject and throwing observer does not roll back (1.5708ms)
✔ AT-S01-06: contexts share model and clean selection before external observation (2.4508ms)
✔ scoped field token rejects value ABA, busy, connected and dead targets; unrelated movement preserves token (4.2314ms)
✔ all model errors including unused nodes block generation; fixed definitions and boundaries remain protected (1.9982ms)
✔ generation rejects missing/extra declared boundary output even when a module emits an incomplete map (2.1344ms)
✔ shared type environment rejects unknown identity and permits explicitly registered nominal types without changing core dispatch (0.5699ms)
✔ AT-S01-02: endpoints in two real Stage networks cannot be cross-connected (3.042ms)
✔ unknown Stage slots block generation; duplicate slot identities reject before hydration (5.3658ms)
✔ M1 reviewer counterexample: float 1e21 generates a valid GLSL floating constant (1.9172ms)
✔ M1 reviewer counterexample: multiply 1e21 generates a valid GLSL floating constant (1.904ms)
✔ M1 literal grammar and value roundtrip cover integers, decimals, signs and exponent-form values (0.2293ms)
✔ M1 all finite float32 exponent bins and representative mantissas have legal value-preserving literals (1.7067ms)
✔ M1 admitted boundary/representative values remain editable and compile through both production literal paths (31.044ms)
✔ AT-S01-05: document identity, complete content, new lifetime/empty history and semantic regeneration (2.2068ms)
✔ AT-S01-07: ACK of A never marks B saved, rejection and SAVE_BUSY retain baseline; download is separate (3.4613ms)
✔ old saved handle cannot attach to same persistent IDs after reload (2.0316ms)
✔ wire unknown structure, unsupported version/operation/tag, malformed known data precedence and original retention (1.859ms)
✔ writer refuses executable/hidden values, sparse arrays, nonfinite numbers and altered prototypes without invoking getters (1.4678ms)
✔ missing exact module preserves opaque state and last port policy; loss payload is never activated (2.647ms)
✔ forged stored conversion remains saveable but cannot generate (2.0482ms)
✔ prototype-named unknown structural keys and non-JSON whitespace are not silently accepted (1.9478ms)
✔ unrelated edits preserve forged connection evidence rather than silently repairing it (2.6997ms)
✔ pending storage open cannot replace a newer edit or document lifetime (2.0644ms)
✔ unrelated edits retain explicit invalid-edge evidence even when its stored plan is structurally valid (2.3968ms)
✔ AT-S02-04 PNG: CRC oracle, roundtrip, repeated wrapping and unowned chunks preserve bytes (8.9371ms)
✔ AT-S02-04 PNG: malformed CRC, missing metadata, duplicate metadata, compression and malformed envelope are named rejections (3.8601ms)
✔ AT-S02-04 PNG: structural boundaries, file/chunk/metadata limits and invalid UTF-8 never decode pixels or compressed text (84.7138ms)
✔ AT-S02-04 PNG: ASCII/CJK/non-BMP budgets match text intake and preserve canonical graph (133.6483ms)
✔ AT-S02-01: detached inspection/cancel/raw retention and one atomic replacement with Context continuity and Undo/Redo (5.9285ms)
✔ AT-S02-01: base revision, content, lifetime, readonly, busy and fabricated review fences (17.9258ms)
✔ AT-S02-01: invalid/future/duplicate IDs/unknown structure have explicit outcomes and never publish (11.712ms)
✔ AT-S02-01: only explicit layout repair yields a candidate; unknown endpoints/references are never guessed (11.7865ms)
✔ AT-S02-01: mismatched exact pins cannot replace the destination; failed replacement is atomic (2.8376ms)
✔ AT-S02-02: missing exact module survives move/rename/save/reopen; exact restoration invokes codec and never substitutes latest (7.6946ms)
✔ AT-S02-03 boundary: foreign/legacy input is retained with explicit unresolved Gate, never implicit conversion or archive execution (0.664ms)
✔ AT-S02-04: ASCII/CJK/non-BMP UTF-8 exact byte budget produces deterministic results without truncation (25.025ms)
✔ AT-S02-04: network budgets, duplicate JSON keys, unknown nested structure and opaque fields are independently checked (15.5929ms)
✔ S03 Group17 retains a draft, compilation rejects per-direction limit, Undo restores original (55.3238ms)
✔ S03 64-definition destination rejects independence and imported 65th atomically (1169.275ms)
✔ S03 nested nodes overflow rejects before paste publication (18.697ms)
✔ S03 nested edges overflow rejects before paste publication (22.3428ms)
✔ S03 symbolic extents require int/uint sources, only outer dimension and pure compilation (4.4734ms)
✔ S03 New may retain a 257-node draft; generation and save reject it without losing the draft (105.1788ms)
✔ S03 partial frames stay outside clipboard; pasted relative positions retain a common offset (7.2638ms)
✔ S03 persisted nested source is preserved while new nested source admission remains rejected (6.2177ms)
✔ S03 scalar/vector/matrix sources transfer; composite source reuses only within its source lifetime (22.3746ms)
✔ S03 FR01 admitted nested Structure arrays fail ES300 profile without artifacts; one dimension succeeds (7.3025ms)
✔ S03 FR02 independence remaps mixed parent and shared child owner references with Undo/Redo (43.7403ms)
✔ S03 FR02 independence remaps mixed parent and cloned child owner references with Undo/Redo (51.513ms)
✔ S03 FR02 incomplete shared-child node address rejects independence atomically (12.1898ms)
✔ S03 FR03 editing inner Structure validates dependent depth16 and preserves Redo on depth17 rejection (22.141ms)
✔ S03 FR03 affected dependent expansion and vector component budgets reject atomically (5.0675ms)
✔ S03 EG01 native array constructor2048, clipboard2048 boundary and same-load reuse (5.7084ms)
✔ S03 EG01 native array constructor2049, clipboard2048 boundary and same-load reuse (6.1614ms)
✔ S03 EG01 native array constructor4096, clipboard2048 boundary and same-load reuse (6.36ms)
✔ S03 EG01 native array constructor4097 rejects atomically (1.834ms)
✔ S03 EG01 sampler clipboard path2048 admission (3.7887ms)
✔ S03 EG01 sampler clipboard path2049 admission (4.3459ms)
✔ S03 EG01 native arrays admit float/vec2/vec3/vec4 and remap symbolic length closure (22.7608ms)
✔ S03 EG01 native arrays reject matrix/nested/expressions and invalid length owner types (10.9447ms)
✔ S03 EG01 TOP declarations clone while source+origin slots reuse, defaults persist, and Undo/Redo/save preserve identity (15.6243ms)
✔ S03 EG01 specialization import allocates minimal vacant ID0,2 ->1 (4.6178ms)
✔ S03 EG01 unsupported target, unavailable owner and throwing owner reject without publication (6.2241ms)
✔ S03 EG01 numeric uniform scalar/vector/matrix transfer remains independent and generation is explicit unavailable (20.4207ms)
✔ S03 FR03 registered resource types cannot become Structure fields (2.6732ms)
✔ S03 EG01 exact provider/target ownership and imported descriptor failures stay atomic (6.8561ms)
✔ S03 EG01 round2 implicit constant array@["glsl.float",2] preserves same-load reuse and rejects real cross-Graph and fresh-load publication (10.7837ms)
✔ S03 EG01 round2 constant array@["glsl.float",2] preserves same-load reuse and rejects real cross-Graph and fresh-load publication (8.9941ms)
✔ S03 EG01 round2 uniform array@["glsl.float",2] preserves same-load reuse and rejects real cross-Graph and fresh-load publication (10.3313ms)
✔ S03 EG01 round2 implicit constant array@["glsl.vec2",2] preserves same-load reuse and rejects real cross-Graph and fresh-load publication (13.1202ms)
✔ S03 EG01 round2 constant array@["glsl.vec2",2] preserves same-load reuse and rejects real cross-Graph and fresh-load publication (12.8429ms)
✔ S03 EG01 round2 uniform array@["glsl.vec2",2] preserves same-load reuse and rejects real cross-Graph and fresh-load publication (15.7366ms)
✔ S03 EG01 round2 scalar/vector/matrix constants and uniforms still cross actual Graph and fresh load (56.1861ms)
✔ S03 custom declared/state closure same-Graph remaps identities only and Undo/Redo (7.8562ms)
✔ S03 custom declared/state closure cross-Graph remaps identities only and Undo/Redo (7.124ms)
✔ S03 grouping an existing caller preserves child-owned frame node addresses (11.4423ms)
✔ S03 owner collect/remap throws and escaping/incomplete references reject atomically with Redo preserved (7.9816ms)
✔ S03 custom resources follow encapsulation and direct independence, ordinary dependencies remain shared (15.1602ms)
✔ S03 encapsulation deduplicates crossing interfaces, shared generation is pure, Undo restores all references (6.1576ms)
✔ S03 interface rename/reorder/type/removal reconciles every caller once and Undo restores values/invalid edges/loss (10.8027ms)
✔ S03 nested resource callers including unused ancestors reconcile child interface (12.7005ms)
✔ S03 library position keeps identity, semantic edit forks target and library ancestors and local refs atomically (22.0822ms)
✔ S03 direct make independent clones direct definition, shares dependencies and remaps own boundary (17.5378ms)
✔ S03 same-load clipboard reuses current source; cross-graph remaps resources and preserves text (9.6709ms)
✔ S03 clipboard typed native symbolic array closure remaps only semantic references (6.6991ms)
✔ S03 late bad edge, escaping refs, forbidden source and missing closure reject without nodes/resources/history/notifications (5.2223ms)
✔ S03 source selection stays outside encapsulation; boundary-only grouping is no-op and preserves redo (3.6313ms)
✔ S03 structure drafts retain stable fields, reject recursion and block deletion while referenced (2.2299ms)
✔ S03 contexts distinguish occurrences; nested scoped targets never revive after navigation and Undo (11.9692ms)
✔ S03 library snapshot position edit retains origin, first semantic edit forks and old source remains immutable (7.7612ms)
✔ S03 nested delete and required boundary protection use the canonical Graph (6.8887ms)
✔ S03 library ancestor traversal crosses local parents (37.7415ms)
✔ S03 spare-port creation and first edge are one Undo entry with stable keys (8.0107ms)
✔ S03 whole frames travel through grouping and cross-Graph clipboard with fresh identities (11.5253ms)
✔ S03 vector/matrix reshape retains override components and defaults follow interface defaults (6.4251ms)
✔ S03 malformed resource envelopes, missing boundaries and nominal conflicts reject atomically (7.0926ms)
✔ S03 source admission cannot be bypassed by nested add, grouping or pasted nodes (4.1731ms)
✔ S03 layout proposal rejects navigation ABA, semantic fork and Undo (7.505ms)
✔ S03 clipboard rejects forged hydrated plans and invalid edge evidence (2.9207ms)
✔ S03 empty library paste preserves origin, selection-independent History and Redo (8.7344ms)
✔ S03 packet-wide network identity collisions and malformed reused resource envelopes reject (5.2171ms)
✔ S03 source transfer uses actual load identity and reopened documents cannot forge same-load reuse (3.559ms)
✔ S03 structure emission is read-only, nominally declared once, field deletion preserves invalid edges and Undo (6.1308ms)
✔ S03 accepted paste requires a valid destination and direct whole frames survive clipboard (6.3909ms)
✔ S03 scoped parameters and proposals from identical persistent IDs expire across a new load (10.552ms)
✔ S03 library grouping resolves the forked canonical network (6.2889ms)
✔ S03 local child semantic edit forks its library ancestor (18.519ms)
✔ S03 explicit override equal to default survives interface defaults and save/reload (11.4344ms)
✔ S03 direct independence preserves nonowned state, declared references and typed frame resources (13.0441ms)
✔ S03 encapsulation rejects cross-scope node references despite matching local IDs (2.219ms)
✔ S03 New creates Value vec4 passthrough; shared rename retains instance names and no-op keeps library identity (15.4047ms)
✔ S03 explicit interface Add stops at16 per direction without erasing preserved oversized draft (16.1399ms)
✔ S03 structure authoring validates count, names, description, nested fixed arrays, recursion/depth and expansion (427.6927ms)
(node:50424) ExperimentalWarning: Transform Types is an experimental feature and might change at any time
(Use `node --trace-warnings ...` to show where the warning was created)
✔ S03 large external array declarations survive metadata edits; materialization remains bounded (3.382ms)
✔ S03 type tokens retain eight dimensions and reject extra tuple fields (2.413ms)
✔ S03 disconnected output boundary follows shared output defaults (7.6349ms)
✔ S03 inline array construction and same-load reuse allow2049 elements; cross-Graph clipboard rejects composites (18.2975ms)
✔ S03 nested input link ABA invalidates old edit tokens without changing History on rejection (18.1737ms)
✔ S03 shared same-key type changes reject stale caller tokens and removed handles never revive (10.7445ms)
✔ S03 cross-Graph nominal closure remaps nested structures and Undo removes the full insertion (6.4776ms)
✔ S03 reusable definition cycles reject atomically including unused dependencies (11.6539ms)
✔ S04 Personal complete owner payload and typed references survive reuse fork and absent Library source (51.0207ms)
✔ S04 DEC004 same-name destination sources retain distinct identity and changed imported bindings regenerate (525.2933ms)
✔ S04 Personal malformed envelope checksum and unsupported owner reject before provider writes; list deduplicates renamed files (37.5849ms)
✔ S04 DEC002 one-source fanout does not mutate source or existing conversions and pad failures agree (21.0503ms)
✔ S04 Personal root owner remap and input-bound Independent retain complete typed scope (78.6219ms)
✔ S04 stored inherited v2 and pad plans retain complete extensions through Personal shared import and reopen (27.7979ms)
✔ S04 shipped basic Library snapshot compiles after semantic fork and Personal roundtrip (14.093ms)
✔ S04 Personal canonical package preserves snapshots, same-version reuse, independent and collision-safe filenames (30.8929ms)
✔ S04 DEC002 all16 default float plans, version fences and current ImageOutput compile (1.901ms)
✔ S04 AC001 additive envelope upgrade retains exact pins and inactive evidence, fences v2 under2.0 (1.5238ms)
✔ S04 DEC004 literal Personal typed closure survives canonical export import save reopen generation (33.238ms)
✔ S04 DEC004 source Personal typed closure survives canonical export import save reopen generation (77.11ms)
✔ S04 DEC004 direct-source Personal typed closure survives canonical export import save reopen generation (36.0657ms)
✔ S04 DEC004 input Personal typed closure survives canonical export import save reopen generation (79.0014ms)
✔ S04 DEC004 input-bound length uses caller override and rejects conflicting caller sources (22.7237ms)
✔ S04 DEC004 nested shared input bindings remap through Personal and remain independent after semantic fork and reinsert (375.3248ms)
✔ S04 AC001 inactive owner network resources and unknown wrapper versions preserve the version fence (6.6098ms)
✔ S04 DEC004 rejected literal/source/input/nested candidates are atomic through Application with valid checksums (206.57ms)
✔ S04 Personal Library per-file isolation, safe names, duplicate-at-capacity and provider failures leave existing assets unchanged (37.638ms)
✔ S04 AC001 unchanged accepted reader and exact old/new definition boundaries (3.4865ms)
✔ S04 inherited v2 plans preserve extensions across hydration move clipboard nested and Personal (14.4098ms)
✔ S04 current exact source owner supports new image descriptors without retargeting legacy owner (1.5246ms)
✔ S04 DEC004 required int length input qualifies with an actual constant supply and changed caller defaults regenerate (96.4987ms)
✔ S05 drag repair root reads one fresh snapshot and retains immutable earlier projections (2.6832ms)
✔ S05 drag repair nested reads one fresh snapshot and retains immutable earlier projections (10.7114ms)
✔ S05 drag repair preserves readonly and busy notification values while movement keeps field token (4.2247ms)
✔ S05 replacement eligibility keeps source validity separate and exact mismatch refusal atomic (12.9921ms)
✔ S05 matching replacement preserves Graph load and Context identity with one full-content Undo Redo (10.9899ms)
✔ S05 replacement eligibility and command retain stale cancelled invalid readonly and fabricated guards (26.6844ms)
✔ S05 model preflight and publication share exact kind and ordered-pin refusal without History (3.5503ms)
✔ S05-FR-001 complete program preserves distinct and reversed shared Uniform identity in all emission modes (545.5627ms)
✔ S05-FR-001 same-stage same resource type conflict fails without artifacts or Graph changes (20.1032ms)
✔ S05-FR-001 same-stage same resource default conflict fails without artifacts or Graph changes (17.1271ms)
✔ S05-FR-001 cross-stage same resource type conflict fails without artifacts or Graph changes (22.8719ms)
✔ S05-FR-001 cross-stage same resource default conflict fails without artifacts or Graph changes (16.054ms)
✔ S05 fixed float: literals inside Function stay constant while formal and result are runtime (52.3433ms)
✔ S05 fixed float: defaults fixed schema every stage and mode with pure generation and roundtrip (309.0051ms)
✔ S05 fixed float: bad payloads unused errors atomic commands fixed source and constant distinction (4.3122ms)
✔ S05 fixed float: scoped two-context edits one Undo and stale token preserve History (7.1387ms)
✔ S05 fixed float: shared Function and Personal owner closure retain exact values (22.1453ms)
✔ S05 fixed vec2: literals inside Function stay constant while formal and result are runtime (39.3908ms)
✔ S05 fixed vec2: defaults fixed schema every stage and mode with pure generation and roundtrip (277.3149ms)
✔ S05 fixed vec2: bad payloads unused errors atomic commands fixed source and constant distinction (4.9587ms)
✔ S05 fixed vec2: scoped two-context edits one Undo and stale token preserve History (7.7403ms)
✔ S05 fixed vec2: shared Function and Personal owner closure retain exact values (21.9261ms)
✔ S05 fixed vec3: literals inside Function stay constant while formal and result are runtime (37.7457ms)
✔ S05 fixed vec3: defaults fixed schema every stage and mode with pure generation and roundtrip (301.5977ms)
✔ S05 fixed vec3: bad payloads unused errors atomic commands fixed source and constant distinction (6.7622ms)
✔ S05 fixed vec3: scoped two-context edits one Undo and stale token preserve History (9.4098ms)
✔ S05 fixed vec3: shared Function and Personal owner closure retain exact values (27.4331ms)
✔ S05 fixed color: literals inside Function stay constant while formal and result are runtime (37.5933ms)
✔ S05 fixed color: defaults fixed schema every stage and mode with pure generation and roundtrip (306.6994ms)
✔ S05 fixed color: bad payloads unused errors atomic commands fixed source and constant distinction (4.9924ms)
✔ S05 fixed color: scoped two-context edits one Undo and stale token preserve History (8.5172ms)
✔ S05 fixed color: shared Function and Personal owner closure retain exact values (23.5711ms)
✔ S05 AT03 source/literal shape extents stay fixed; input-bound scalar extent cannot specialize a function (100.2819ms)
✔ S05 AT04 pre-existing malformed constant edge and authored losses are preserved (19.735ms)
✔ S05 AT04 AT05 unused shared dependent definitions localize and detach atomically with Redo exact (82.044ms)
✔ S05 AT08 multioutput and unconsumed nested effects have one evaluation per occurrence and stage-local helpers (46.8826ms)
✔ S05 AT08 two live depth writer occurrences reject even when one helper body is deduplicated (21.9601ms)
✔ S05 AT01 definition default shared mode independent and no-op History (30.9297ms)
✔ S05 AT02 one helper per definition and distinct caller arguments; nested helpers are dependency ordered (36.9602ms)
✔ S05 AT03 ordinary inputs are runtime even when all callers pass constants; dead constant uses reject atomically (30.7224ms)
✔ S05 AT03 Uniform parameter binding is runtime; ordinary connection rejects constant receiver without publication (20.8935ms)
✔ S05 AT04 AT05 transitive newly-invalid consumer edges detach once with losses, Undo/Redo and required error (36.1217ms)
✔ S05 AT06 function Personal roundtrip reuses mode, localizes once and preserves source bytes (83.214ms)
✔ S05 AT06 DEC004 upgraded literal source input and nested Personal retain selected eligible modes through exchange (581.5016ms)
✔ S05 AT07 explicit owner upgrade preserves old pins/body/origin and unknown mode never defaults (8.7934ms)
✔ S05 AT09 later invalid edit and load retain function mode; diagnostic names shared definition and related calls (17.7014ms)
✔ S05 AT10 body/mode/profile changes create fresh artifacts and old snapshot is immutable (45.1852ms)
✔ S05 HTTP provider SHA256 canonical bytes known vectors and secure UUIDv4 fail-closed (37.9569ms)
✔ OC01 zero ImageOutput is additive and empty new document compiles and roundtrips (1.9635ms)
✔ OC01 old exact ImageOutput pins retain required inputs and missing definitions never fall forward (1.5026ms)
✔ OC01 explicit exact kind upgrade preserves IDs edges plans inactive evidence and makes new lifetime (13.0451ms)
✔ OC01 upgrade missing destination readonly busy malformed source and owner throws reject atomically (1.3182ms)
✔ OC01 new source owner delegates exact image descriptor admission without relaxing old owner (1.2375ms)
✔ OC08 shared wire geometry has horizontal endpoints and distance-aware controls for both directions (0.1847ms)
✔ OC01 new exact source descriptor closure supports TOP sampler native array construction and cross-load transfer (7.2446ms)
✔ OC01 owner migration refuses active gesture and throwing callback; source document remains unchanged (1.3625ms)
✔ S06 catalog is a detached read over exact document pins and current occurrence stage (3.5499ms)
✔ S06 source/name/category literal rank uses NFKC, aliases and all terms without regular expressions (3.186ms)
✔ S06 stale creation proposals reject revision, navigation ABA, load and readonly without model or History writes (15.3178ms)
✔ S06 connected creation replaces an occupied exact input atomically and Undo restores it (23.1ms)
✔ S06 query disposable IDs do not collide with admitted persistent IDs and consume no canonical identity (4.4568ms)
✔ S06 forged reference and mismatched matching-port proposals reject before any model publication (48.226ms)
✔ S06 reference catalog excludes nested source admission without publishing query changes (20.0277ms)
✔ S06 configured Compose preview and published schema/edge agree in one transaction and one Undo/Redo (64.8971ms)
✔ S06 configured creation rejects invalid missing and non-choice parameters atomically preserving Redo and expired Draft (2.603ms)
✔ S06 configured creation preserves library fork/reference atomicity and rolls back a rejected choice (7.4111ms)
✔ S06 configured creation keeps initializer descriptor, owner codec and reference validation before publication (3.1928ms)
✔ S06 configured creation followed by failed connection rolls back the full batch (0.7674ms)
✔ M1: missing-module boundary x rename rejects save before ACK without data loss (19.1978ms)
✔ M1: missing-module boundary 中 rename rejects save before ACK without data loss (15.0527ms)
✔ M1: missing-module boundary 🍇 rename rejects save before ACK without data loss (22.9832ms)
✔ M1: compact fallback validates actual emitted bytes at and beyond the budget (11.0732ms)
✔ M1: nodes at/beyond network limit obey save/reopen invariant (20.9054ms)
✔ M1: edges at/beyond network limit obey save/reopen invariant (38.8553ms)
✔ M1: editing beyond network capacity cannot acknowledge a save or erase the previous saved document (87.9778ms)
ℹ tests 261
ℹ suites 0
ℹ pass 261
ℹ fail 0
ℹ cancelled 0
ℹ skipped 0
ℹ todo 0
ℹ duration_ms 10385.6694
npm notice
npm notice New minor version of npm available! 11.8.0 -> 11.21.0
npm notice Changelog: https://github.com/npm/cli/releases/tag/v11.21.0
npm notice To update run: npm install -g npm@11.21.0
npm notice
