✔ OC01 zero ImageOutput is additive and empty new document compiles and roundtrips (7.4498ms)
✔ OC01 old exact ImageOutput pins retain required inputs and missing definitions never fall forward (1.8704ms)
✔ OC01 explicit exact kind upgrade preserves IDs edges plans inactive evidence and makes new lifetime (20.4006ms)
✔ OC01 upgrade missing destination readonly busy malformed source and owner throws reject atomically (1.9921ms)
✔ OC01 new source owner delegates exact image descriptor admission without relaxing old owner (1.8255ms)
✔ OC08 shared wire geometry has horizontal endpoints and distance-aware controls for both directions (0.2271ms)
✖ OC01 new exact source descriptor closure supports TOP sampler native array construction and cross-load transfer (4.9866ms)
✔ OC01 owner migration refuses active gesture and throwing callback; source document remains unchanged (2.3581ms)
(node:58156) ExperimentalWarning: Transform Types is an experimental feature and might change at any time
(Use `node --trace-warnings ...` to show where the warning was created)
ℹ tests 8
ℹ suites 0
ℹ pass 7
ℹ fail 1
ℹ cancelled 0
ℹ skipped 0
ℹ todo 0
ℹ duration_ms 165.0347

✖ failing tests:

test at production\tests\unit\s06-owner-corrections.test.ts:14:1
✖ OC01 new exact source descriptor closure supports TOP sampler native array construction and cross-load transfer (4.9866ms)
  AssertionError [ERR_ASSERTION]: Expected values to be strictly deep-equal:
  + actual - expected
  
    {
      kind: 'top',
      origin: 'b',
      path: '/native',
  +   slot: 0,
  -   slot: 7,
      source: 'a'
    }
  
      at TestContext.<anonymous> (C:\Users\user\source\Grape\production\tests\unit\s06-owner-corrections.test.ts:14:1010)
      at Test.runInAsyncScope (node:async_hooks:212:14)
      at Test.run (node:internal/test_runner/test:1109:25)
      at Test.processPendingSubtests (node:internal/test_runner/test:786:18)
      at Test.postRun (node:internal/test_runner/test:1238:19)
      at Test.run (node:internal/test_runner/test:1166:12)
      at async Test.processPendingSubtests (node:internal/test_runner/test:786:7) {
    generatedMessage: true,
    code: 'ERR_ASSERTION',
    actual: [Object],
    expected: [Object],
    operator: 'deepStrictEqual',
    diff: 'simple'
  }
