
Running 94 tests using 1 worker

(node:20080) Warning: The 'NO_COLOR' env is ignored due to the 'FORCE_COLOR' env being set.
(Use `node --trace-warnings ...` to show where the warning was created)
  ok  1 [chromium] › ..\..\..\..\production\tests\browser\s05-escape-focus.spec.ts:8:5 › S05 natural Escape cancels direct without Export drag with no History entry (2.0s)
  ok  2 [chromium] › ..\..\..\..\production\tests\browser\s05-escape-focus.spec.ts:8:5 › S05 natural Escape cancels direct after Export drag with no History entry (2.2s)
  ok  3 [chromium] › ..\..\..\..\production\tests\browser\s05-escape-focus.spec.ts:8:5 › S05 natural Escape cancels wrapper without Export drag with no History entry (1.6s)
  ok  4 [chromium] › ..\..\..\..\production\tests\browser\s05-escape-focus.spec.ts:8:5 › S05 natural Escape cancels wrapper after Export drag with no History entry (1.9s)
  ok  5 [chromium] › ..\..\..\..\production\tests\browser\s06-brand-info.spec.ts:5:3 › S06 brand identity and updates stay in one header at 620 (323ms)
  ok  6 [chromium] › ..\..\..\..\production\tests\browser\s06-brand-info.spec.ts:5:3 › S06 brand identity and updates stay in one header at 1440 (336ms)
  ok  7 [chromium] › ..\..\..\..\production\tests\browser\s06-connection-view.spec.ts:62:3 › S06 connection notice compact geometry 1280 and successful inverse routes one Undo (1.3s)
  ok  8 [chromium] › ..\..\..\..\production\tests\browser\s06-connection-view.spec.ts:62:3 › S06 connection notice compact geometry 1440 and successful inverse routes one Undo (1.3s)
  ok  9 [chromium] › ..\..\..\..\production\tests\browser\s06-connection-view.spec.ts:62:3 › S06 connection notice compact geometry 620 and successful inverse routes one Undo (1.4s)
  ok 10 [chromium] › ..\..\..\..\production\tests\browser\s06-connection-view.spec.ts:104:3 › S06 selection geometry remains fixed at zoom 1 (863ms)
  ok 11 [chromium] › ..\..\..\..\production\tests\browser\s06-connection-view.spec.ts:104:3 › S06 selection geometry remains fixed at zoom 1.2 (839ms)
  ok 12 [chromium] › ..\..\..\..\production\tests\browser\s06-connection-view.spec.ts:136:1 › S06 PORT_TARGET and same-direction refusal remain visible until matching recovery; compiler error stays (1.3s)
  ok 13 [chromium] › ..\..\..\..\production\tests\browser\s06-connection-view.spec.ts:174:3 › S06 temporary output wire follows pointer and zoom without touching real edges (948ms)
  ok 14 [chromium] › ..\..\..\..\production\tests\browser\s06-connection-view.spec.ts:174:3 › S06 temporary input wire follows pointer and zoom without touching real edges (973ms)
  ok 15 [chromium] › ..\..\..\..\production\tests\browser\s06-connection-view.spec.ts:233:1 › S06 connection cancellation stale scope readonly and two Canvas status stay independent (2.4s)
  ok 16 [chromium] › ..\..\..\..\production\tests\browser\s06-connection-view.spec.ts:290:1 › S06 catalog pointer hover follows row while keyboard selection and Browse inspect remain view only (757ms)
  ok 17 [chromium] › ..\..\..\..\production\tests\browser\s06-connection-view.spec.ts:318:1 › S06 public port drag both directions commits once and cancelled held release adds no History (3.1s)
  ok 18 [chromium] › ..\..\..\..\production\tests\browser\s06-connection-view.spec.ts:363:1 › S06 pending connection expires on shared revision and new load without stale endpoint reuse (1.2s)
  ok 19 [chromium] › ..\..\..\..\production\tests\browser\s06-connection-view.spec.ts:393:1 › S06 subthreshold port release outside the button leaves no orphan wire or History (858ms)
  ok 20 [chromium] › ..\..\..\..\production\tests\browser\s06-creation.spec.ts:29:1 › S06 public wired Compose vec2 preview matches actual schema and identity edge with one Undo/Redo (1.4s)
  ok 21 [chromium] › ..\..\..\..\production\tests\browser\s06-creation.spec.ts:98:3 › S06 port context preview uses same-key direction and actual socket geometry at zoom 1 (1.4s)
  ok 22 [chromium] › ..\..\..\..\production\tests\browser\s06-creation.spec.ts:98:3 › S06 port context preview uses same-key direction and actual socket geometry at zoom 1.2 (1.4s)
  ok 23 [chromium] › ..\..\..\..\production\tests\browser\s06-creation.spec.ts:190:1 › S06 source and Project subgraph catalog reuse owner references with one History operation (1.7s)
  ok 24 [chromium] › ..\..\..\..\production\tests\browser\s06-creation.spec.ts:237:1 › S06 row drag accepts blank canvas once, rejects controls and other Canvas; browse double-click has one Undo (1.5s)
  ok 25 [chromium] › ..\..\..\..\production\tests\browser\s06-creation.spec.ts:275:1 › S06 creator move threshold, clamping, creation point and cancellations are view only (1.6s)
  ok 26 [chromium] › ..\..\..\..\production\tests\browser\s06-creation.spec.ts:320:1 › S06 keyboard and popup guards preserve field drafts, IME and contextual cancellation (868ms)
  ok 27 [chromium] › ..\..\..\..\production\tests\browser\s06-creation.spec.ts:349:1 › S06 touch emulation: blank double-tap, row inspect and plus drag insert once without a trailing click (1.3s)
  ok 28 [chromium] › ..\..\..\..\production\tests\browser\s06-creation.spec.ts:464:1 › S06 cross-Canvas drop and intervening shared revision cancel captured palette without mutation (1.2s)
  ok 29 [chromium] › ..\..\..\..\production\tests\browser\s06-debug-hover.spec.ts:59:1 › S06 normal debug normal checkbox preserves graph history selection and covers built-in objects (4.0s)
  ok 30 [chromium] › ..\..\..\..\production\tests\browser\s06-debug-hover.spec.ts:117:1 › S06 scalar and vector committed values stay distinct from unfinished drafts and IME guards (1.9s)
  ok 31 [chromium] › ..\..\..\..\production\tests\browser\s06-debug-hover.spec.ts:170:1 › S06 hover detail invalidation follows selection stage deletion Undo and same-ID reopen (1.7s)
  ok 32 [chromium] › ..\..\..\..\production\tests\browser\s06-debug-hover.spec.ts:215:1 › S06 pending connection and held gesture reject preference changes while readonly inspection remains (2.1s)
  ok 33 [chromium] › ..\..\..\..\production\tests\browser\s06-debug-hover.spec.ts:258:3 › S06 preference malformed visibly falls back without touching other keys (245ms)
  ok 34 [chromium] › ..\..\..\..\production\tests\browser\s06-debug-hover.spec.ts:258:3 › S06 preference denied visibly falls back without touching other keys (333ms)
  ok 35 [chromium] › ..\..\..\..\production\tests\browser\s06-debug-hover.spec.ts:258:3 › S06 preference read-denied visibly falls back without touching other keys (254ms)
  ok 36 [chromium] › ..\..\..\..\production\tests\browser\s06-debug-hover.spec.ts:313:1 › S06 diagnostic preference persists separately and rapid hover performs no per-move capture or serialization (2.4s)
  ok 37 [chromium] › ..\..\..\..\production\tests\browser\s06-debug-hover.spec.ts:356:1 › S06 keyboard details and bounded long owner data are readable without selection layout changes (1.3s)
  ok 38 [chromium] › ..\..\..\..\production\tests\browser\s06-debug-hover.spec.ts:406:1 › S06 another field draft cannot mask active composition when reading details (513ms)
  ok 39 [chromium] › ..\..\..\..\production\tests\browser\s06-debug-hover.spec.ts:441:1 › S06 saving blocks preference changes without discarding current document (1.0s)
  ok 40 [chromium] › ..\..\..\..\production\tests\browser\s06-debug-hover.spec.ts:482:1 › S06 debug target follows nested occurrence and independent Canvas navigation (2.8s)
  ok 41 [chromium] › ..\..\..\..\production\tests\browser\s06-guards.spec.ts:14:1 › S06 advertised view and edit shortcuts preserve gesture, draft and History boundaries (1.9s)
  ok 42 [chromium] › ..\..\..\..\production\tests\browser\s06-guards.spec.ts:58:1 › S06 Canvas connection failure persists across movement and unrelated successful actions until matching recovery (1.0s)
  ok 43 [chromium] › ..\..\..\..\production\tests\browser\s06-guards.spec.ts:79:1 › S06 category collapse survives query changes and whitespace uses the tree without a Graph edit (532ms)
  ok 44 [chromium] › ..\..\..\..\production\tests\browser\s06-guards.spec.ts:101:1 › S06 Personal search and inspect are readonly, malformed import survives unrelated success, and insert restores one Undo (2.0s)
  ok 45 [chromium] › ..\..\..\..\production\tests\browser\s06-guards.spec.ts:169:1 › S06 pending touch menu cancels on blur and second touch, while a completed blank hold is view only (2.8s)
  ok 46 [chromium] › ..\..\..\..\production\tests\browser\s06-guards.spec.ts:224:1 › S06 native field context menu remains unprevented and touch hold never opens an object menu from a control (1.1s)
  ok 47 [chromium] › ..\..\..\..\production\tests\browser\s06-guards.spec.ts:354:1 › S06 competing touch cancels a primary node drag without a committed History entry (1.0s)
  ok 48 [chromium] › ..\..\..\..\production\tests\browser\s06-help.spec.ts:69:3 › S06 Help natural outside-to-inside gesture preserves document and History (980ms)
  ok 49 [chromium] › ..\..\..\..\production\tests\browser\s06-help.spec.ts:69:3 › S06 Help natural inside-to-outside gesture preserves document and History (981ms)
  ok 50 [chromium] › ..\..\..\..\production\tests\browser\s06-help.spec.ts:69:3 › S06 Help natural outside-to-outside gesture preserves document and History (998ms)
  ok 51 [chromium] › ..\..\..\..\production\tests\browser\s06-help.spec.ts:104:3 › S06 Help pointercancel disarms incomplete backdrop gesture and allows a new click (512ms)
  ok 52 [chromium] › ..\..\..\..\production\tests\browser\s06-help.spec.ts:104:3 › S06 Help blur disarms incomplete backdrop gesture and allows a new click (521ms)
  ok 53 [chromium] › ..\..\..\..\production\tests\browser\s06-help.spec.ts:128:1 › S06 Help Escape Close and reopen consume old gestures and restore usable focus (535ms)
  ok 54 [chromium] › ..\..\..\..\production\tests\browser\s06-help.spec.ts:153:1 › S06 Help keyboard menu returns focus to Canvas and remains independent across two Canvas contexts (350ms)
  ok 55 [chromium] › ..\..\..\..\production\tests\browser\s06-help.spec.ts:189:1 › S06 Help readonly interaction and remounted document retain scoped lifetime (812ms)
  ok 56 [chromium] › ..\..\..\..\production\tests\browser\s06-hover-repair.spec.ts:46:5 › S06 repair continuous 80-step Node details 1440 (2.4s)
  ok 57 [chromium] › ..\..\..\..\production\tests\browser\s06-hover-repair.spec.ts:46:5 › S06 repair continuous 80-step Port details 1440 (2.3s)
  ok 58 [chromium] › ..\..\..\..\production\tests\browser\s06-hover-repair.spec.ts:46:5 › S06 repair continuous 80-step Parameter Widget details 1440 (2.4s)
  ok 59 [chromium] › ..\..\..\..\production\tests\browser\s06-hover-repair.spec.ts:46:5 › S06 repair continuous 80-step Node details 1920 (2.3s)
  ok 60 [chromium] › ..\..\..\..\production\tests\browser\s06-hover-repair.spec.ts:46:5 › S06 repair continuous 80-step Port details 1920 (2.3s)
  ok 61 [chromium] › ..\..\..\..\production\tests\browser\s06-hover-repair.spec.ts:46:5 › S06 repair continuous 80-step Parameter Widget details 1920 (2.3s)
  ok 62 [chromium] › ..\..\..\..\production\tests\browser\s06-hover-repair.spec.ts:119:5 › S06 repair F2 focused control versus hovered node (724ms)
  ok 63 [chromium] › ..\..\..\..\production\tests\browser\s06-hover-repair.spec.ts:119:5 › S06 repair F2 focused control versus hovered panel (713ms)
  ok 64 [chromium] › ..\..\..\..\production\tests\browser\s06-hover-repair.spec.ts:119:5 › S06 repair F2 focused control versus hovered control (740ms)
  ok 65 [chromium] › ..\..\..\..\production\tests\browser\s06-hover-repair.spec.ts:119:5 › S06 repair F2 focused node versus hovered node (646ms)
  ok 66 [chromium] › ..\..\..\..\production\tests\browser\s06-hover-repair.spec.ts:119:5 › S06 repair F2 focused node versus hovered panel (662ms)
  ok 67 [chromium] › ..\..\..\..\production\tests\browser\s06-hover-repair.spec.ts:119:5 › S06 repair F2 focused node versus hovered control (644ms)
  ok 68 [chromium] › ..\..\..\..\production\tests\browser\s06-hover-repair.spec.ts:119:5 › S06 repair F2 focused port versus hovered node (660ms)
  ok 69 [chromium] › ..\..\..\..\production\tests\browser\s06-hover-repair.spec.ts:119:5 › S06 repair F2 focused port versus hovered panel (701ms)
  ok 70 [chromium] › ..\..\..\..\production\tests\browser\s06-hover-repair.spec.ts:119:5 › S06 repair F2 focused port versus hovered control (703ms)
  ok 71 [chromium] › ..\..\..\..\production\tests\browser\s06-hover-repair.spec.ts:167:1 › S06 repair compact disclosures share presentation without model changes (664ms)
  ok 72 [chromium] › ..\..\..\..\production\tests\browser\s06-hover-repair.spec.ts:203:1 › S06 grouped project actions preserve nested Personal and saved-dialog focus (578ms)
  ok 73 [chromium] › ..\..\..\..\production\tests\browser\s06-hover-repair.spec.ts:255:1 › S06 output diagnostics locate current nodes and reject stale detached actions (607ms)
  ok 74 [chromium] › ..\..\..\..\production\tests\browser\s06-socket-bottom.spec.ts:37:3 › S06 circle-only type-colored socket states preserve geometry at 0.65 (3.1s)
  ok 75 [chromium] › ..\..\..\..\production\tests\browser\s06-socket-bottom.spec.ts:37:3 › S06 circle-only type-colored socket states preserve geometry at 1 (3.1s)
  ok 76 [chromium] › ..\..\..\..\production\tests\browser\s06-socket-bottom.spec.ts:37:3 › S06 circle-only type-colored socket states preserve geometry at 1.25 (3.2s)
  ok 77 [chromium] › ..\..\..\..\production\tests\browser\s06-socket-bottom.spec.ts:179:3 › S06 compact bottom actions and complete output are reachable 1920x1000 (776ms)
  ok 78 [chromium] › ..\..\..\..\production\tests\browser\s06-socket-bottom.spec.ts:179:3 › S06 compact bottom actions and complete output are reachable 1440x1000 (751ms)
  ok 79 [chromium] › ..\..\..\..\production\tests\browser\s06-socket-bottom.spec.ts:179:3 › S06 compact bottom actions and complete output are reachable 620x800 (692ms)
  ok 80 [chromium] › ..\..\..\..\production\tests\browser\s06-socket-bottom.spec.ts:179:3 › S06 compact bottom actions and complete output are reachable 620x380 (700ms)
  ok 81 [chromium] › ..\..\..\..\production\tests\browser\s06-status-pointer.spec.ts:34:34 › S06 complete persistent loss details have a keyboard read path at 620 (1.7s)
  ok 82 [chromium] › ..\..\..\..\production\tests\browser\s06-status-pointer.spec.ts:34:34 › S06 complete persistent loss details have a keyboard read path at 1440 (1.9s)
  ok 83 [chromium] › ..\..\..\..\production\tests\browser\s06-status-pointer.spec.ts:91:1 › S06 bottom application error summary opens complete current text without clearing or History (1.0s)
  ok 84 [chromium] › ..\..\..\..\production\tests\browser\s06-status-pointer.spec.ts:118:1 › S06 synthetic outside pointercancel is pointer-specific; click pending survives unpressed motion (721ms)
  ok 85 [chromium] › ..\..\..\..\production\tests\browser\s06-status-pointer.spec.ts:133:1 › S06 delayed matching storage recovery retires open error details with usable focus (476ms)
  ok 86 [chromium] › ..\..\..\..\production\tests\browser\s06-status-pointer.spec.ts:164:1 › S06 actual 3px uncaptured port release across Canvas Inspector retires wire and ring (1.1s)
  ok 87 [chromium] › ..\..\..\..\production\tests\browser\s06-status-pointer.spec.ts:182:39 › S06 trusted Enter socket activation waits for real pointer and preserves keyboard connection (1.3s)
  ok 88 [chromium] › ..\..\..\..\production\tests\browser\s06-status-pointer.spec.ts:182:39 › S06 trusted Space socket activation waits for real pointer and preserves keyboard connection (1.3s)
  ok 89 [chromium] › ..\..\..\..\production\tests\browser\s06-status-pointer.spec.ts:204:1 › S06 selection changes no body content field socket or wire geometry across pan and zoom (14.8s)
  ok 90 [chromium] › ..\..\..\..\production\tests\browser\s06-workspace.spec.ts:20:1 › S06 catalog literal normalized search, source/type filters, inspect and native text do not edit (600ms)
  ok 91 [chromium] › ..\..\..\..\production\tests\browser\s06-workspace.spec.ts:66:1 › S06 blank double-click and Tab create previews; movement is independent, cancel and stage change add no History (862ms)
  ok 92 [chromium] › ..\..\..\..\production\tests\browser\s06-workspace.spec.ts:104:1 › S06 wired creation is preview-only until snap placement and one Undo restores occupied input (1.2s)
  ok 93 [chromium] › ..\..\..\..\production\tests\browser\s06-workspace.spec.ts:160:1 › S06 help and context menu keyboard, readonly browsing and responsive original actions (991ms)
  ok 94 [chromium] › ..\..\..\..\production\tests\browser\s06-workspace.spec.ts:220:1 › S06 compile error survives unrelated successful Save and clears on matching successful Generate (446ms)

  94 passed (2.3m)
