
> grape-s01@0.1.0 test
> node tools/runtime.mjs && node --experimental-transform-types --test --test-isolation=none tests/unit/*.test.ts tests/conformance/*.test.ts

✔ production ownership manifest covers every source and rejects mutation/platform/extension violations (971.449716ms)
✔ S02 conformance: replacement uses one public Graph batch, isolates observers and retains two Context identities (11.616958ms)
✔ S02 conformance: direct replacement rejects model Error without modifying document/history (2.551994ms)
✔ L10N exact owner, parent/default/inline fallback and plain interpolation leave model/history/generation unchanged (2.208807ms)
✔ L10N atomic duplicate/malformed rejection, revision CAS and immutable detached catalogs (0.673234ms)
✔ L10N observer errors/reentry are isolated, cleanup cancels later delivery, disposed service rejects (0.289466ms)
✔ PC authority: declaration is not grant; render/async/outside event denied, same mounted event succeeds (3.746553ms)
✔ PC gesture: origin guard, one operation, cross-Panel lease rejection and latest lease required (4.236771ms)
✔ PC move/hide cancel pointer gesture and drain new leases before workspace action returns (7.292614ms)
✔ PC render failure cancels only unfinished operation after publication, with no reentrant mutation (2.827008ms)
✔ PC same ID reuse and old scope registrations remain revoked (1.834803ms)
✔ VM resources: cleanup in reverse order, failure isolation, stale async tickets, no render reentrancy (0.376087ms)
✔ two independently registered Panels and two Widget view shapes share lifecycle without feature dispatch (1.44765ms)
✔ VM mount/capture/update reentrancy revokes scope and preserves placeholder; explicit retry recovers (0.353252ms)
✔ VM subscription failure releases acquired subscriptions and cannot pretend to mount (0.214382ms)
✔ PC application denies every editing command while readonly or history busy; field binding invalidates (5.987388ms)
✔ AT-S01-01: Float × Multiply → Compose emits pinned host-free GLSL without mutation (2.656531ms)
✔ AT-S01-02: direction, cross-network, occupied input, cycle and type failures are atomic (3.429916ms)
✔ AT-S01-03: mode change captures complete prior ports, edge plans and loss; undo/redo and reload (6.827343ms)
✔ AT-S01-04: multi-batch operation, cancel/no-op redo, expired draft and async draft (4.816264ms)
✔ AT-S01-08: projection before observers, reentrant writes reject and throwing observer does not roll back (2.219193ms)
✔ AT-S01-06: contexts share model and clean selection before external observation (3.05404ms)
✔ scoped field token rejects value ABA, busy, connected and dead targets; unrelated movement preserves token (5.894399ms)
✔ all model errors including unused nodes block generation; fixed definitions and boundaries remain protected (2.163508ms)
✔ generation rejects missing/extra declared boundary output even when a module emits an incomplete map (2.396079ms)
✔ shared type environment rejects unknown identity and permits explicitly registered nominal types without changing core dispatch (0.592412ms)
✔ AT-S01-02: endpoints in two real Stage networks cannot be cross-connected (2.505304ms)
✔ unknown Stage slots block generation; duplicate slot identities reject before hydration (6.553852ms)
✔ M1 reviewer counterexample: float 1e21 generates a valid GLSL floating constant (2.621849ms)
✔ M1 reviewer counterexample: multiply 1e21 generates a valid GLSL floating constant (2.445343ms)
✔ M1 literal grammar and value roundtrip cover integers, decimals, signs and exponent-form values (0.522788ms)
✔ M1 all finite float32 exponent bins and representative mantissas have legal value-preserving literals (3.367442ms)
✔ M1 admitted boundary/representative values remain editable and compile through both production literal paths (35.044244ms)
✔ AT-S01-05: document identity, complete content, new lifetime/empty history and semantic regeneration (2.621428ms)
✔ AT-S01-07: ACK of A never marks B saved, rejection and SAVE_BUSY retain baseline; download is separate (4.6874ms)
✔ old saved handle cannot attach to same persistent IDs after reload (2.582449ms)
✔ wire unknown structure, unsupported version/operation/tag, malformed known data precedence and original retention (2.58225ms)
✔ writer refuses executable/hidden values, sparse arrays, nonfinite numbers and altered prototypes without invoking getters (1.55975ms)
✔ missing exact module preserves opaque state and last port policy; loss payload is never activated (2.899908ms)
✔ forged stored conversion remains saveable but cannot generate (2.319253ms)
✔ prototype-named unknown structural keys and non-JSON whitespace are not silently accepted (2.495148ms)
✔ unrelated edits preserve forged connection evidence rather than silently repairing it (2.213724ms)
✔ pending storage open cannot replace a newer edit or document lifetime (1.999662ms)
✔ unrelated edits retain explicit invalid-edge evidence even when its stored plan is structurally valid (2.027244ms)
✔ AT-S02-04 PNG: CRC oracle, roundtrip, repeated wrapping and unowned chunks preserve bytes (8.462426ms)
✔ AT-S02-04 PNG: malformed CRC, missing metadata, duplicate metadata, compression and malformed envelope are named rejections (4.136591ms)
✔ AT-S02-04 PNG: structural boundaries, file/chunk/metadata limits and invalid UTF-8 never decode pixels or compressed text (150.474883ms)
✔ AT-S02-04 PNG: ASCII/CJK/non-BMP budgets match text intake and preserve canonical graph (167.649782ms)
✔ AT-S02-01: detached inspection/cancel/raw retention and one atomic replacement with Context continuity and Undo/Redo (6.171555ms)
✔ AT-S02-01: base revision, content, lifetime, readonly, busy and fabricated review fences (23.326164ms)
✔ AT-S02-01: invalid/future/duplicate IDs/unknown structure have explicit outcomes and never publish (7.583432ms)
✔ AT-S02-01: only explicit layout repair yields a candidate; unknown endpoints/references are never guessed (9.008478ms)
✔ AT-S02-01: mismatched exact pins cannot replace the destination; failed replacement is atomic (2.306805ms)
✔ AT-S02-02: missing exact module survives move/rename/save/reopen; exact restoration invokes codec and never substitutes latest (7.710563ms)
✔ AT-S02-03 boundary: foreign/legacy input is retained with explicit unresolved Gate, never implicit conversion or archive execution (0.716018ms)
✔ AT-S02-04: ASCII/CJK/non-BMP UTF-8 exact byte budget produces deterministic results without truncation (32.661375ms)
✔ AT-S02-04: network budgets, duplicate JSON keys, unknown nested structure and opaque fields are independently checked (16.13374ms)
ℹ tests 57
ℹ suites 0
ℹ pass 57
ℹ fail 0
ℹ cancelled 0
ℹ skipped 0
ℹ todo 0
ℹ duration_ms 1724.301971
(node:5251) ExperimentalWarning: Transform Types is an experimental feature and might change at any time
(Use `node --trace-warnings ...` to show where the warning was created)
npm notice
npm notice New minor version of npm available! 11.8.0 -> 11.21.0
npm notice Changelog: https://github.com/npm/cli/releases/tag/v11.21.0
npm notice To update run: npm install -g npm@11.21.0
npm notice
