
> grape-s01@0.1.0 test
> node tools/runtime.mjs && node --experimental-transform-types --test --test-isolation=none tests/unit/*.test.ts tests/conformance/*.test.ts

✔ production ownership manifest covers every source and rejects mutation/platform/extension violations (810.1422ms)
✔ S02 conformance: replacement uses one public Graph batch, isolates observers and retains two Context identities (10.4736ms)
✔ S02 conformance: direct replacement rejects model Error without modifying document/history (2.3468ms)
✔ M2: direct replacement atomically rejects malformed position component before publication (1.7373ms)
✔ M2: direct replacement atomically rejects malformed position length before publication (1.3804ms)
✔ M2: direct replacement atomically rejects duplicate recovery IDs before publication (1.5759ms)
✔ M2: direct replacement atomically rejects unknown envelope field before publication (1.4186ms)
✔ M2: direct replacement atomically rejects unknown node field before publication (1.4483ms)
✔ M2: direct replacement atomically rejects unknown endpoint field before publication (1.4245ms)
✔ M2: catching invalid replacement cannot publish earlier edits in the same batch (1.4088ms)
✔ M2: valid detached replacement publishes once and retains exact Undo/Redo content (6.0726ms)
✔ L10N exact owner, parent/default/inline fallback and plain interpolation leave model/history/generation unchanged (1.7555ms)
✔ L10N atomic duplicate/malformed rejection, revision CAS and immutable detached catalogs (0.4747ms)
✔ L10N observer errors/reentry are isolated, cleanup cancels later delivery, disposed service rejects (0.1708ms)
✔ PC authority: declaration is not grant; render/async/outside event denied, same mounted event succeeds (6.3289ms)
✔ PC gesture: origin guard, one operation, cross-Panel lease rejection and latest lease required (6.8918ms)
✔ PC move/hide cancel pointer gesture and drain new leases before workspace action returns (13.7283ms)
✔ PC render failure cancels only unfinished operation after publication, with no reentrant mutation (4.5495ms)
✔ PC same ID reuse and old scope registrations remain revoked (2.4161ms)
✔ VM resources: cleanup in reverse order, failure isolation, stale async tickets, no render reentrancy (0.2139ms)
✔ two independently registered Panels and two Widget view shapes share lifecycle without feature dispatch (0.7434ms)
✔ VM mount/capture/update reentrancy revokes scope and preserves placeholder; explicit retry recovers (0.213ms)
✔ VM subscription failure releases acquired subscriptions and cannot pretend to mount (0.0935ms)
✔ PC application denies every editing command while readonly or history busy; field binding invalidates (11.1295ms)
✔ AT-S01-01: Float × Multiply → Compose emits pinned host-free GLSL without mutation (2.1375ms)
✔ AT-S01-02: direction, cross-network, occupied input, cycle and type failures are atomic (1.8841ms)
✔ AT-S01-03: mode change captures complete prior ports, edge plans and loss; undo/redo and reload (4.7005ms)
✔ AT-S01-04: multi-batch operation, cancel/no-op redo, expired draft and async draft (3.2769ms)
✔ AT-S01-08: projection before observers, reentrant writes reject and throwing observer does not roll back (1.4599ms)
✔ AT-S01-06: contexts share model and clean selection before external observation (4.9849ms)
✔ scoped field token rejects value ABA, busy, connected and dead targets; unrelated movement preserves token (10.6568ms)
✔ all model errors including unused nodes block generation; fixed definitions and boundaries remain protected (1.5324ms)
✔ generation rejects missing/extra declared boundary output even when a module emits an incomplete map (1.7523ms)
✔ shared type environment rejects unknown identity and permits explicitly registered nominal types without changing core dispatch (0.4426ms)
✔ AT-S01-02: endpoints in two real Stage networks cannot be cross-connected (1.7706ms)
✔ unknown Stage slots block generation; duplicate slot identities reject before hydration (4.1477ms)
✔ M1 reviewer counterexample: float 1e21 generates a valid GLSL floating constant (1.7107ms)
✔ M1 reviewer counterexample: multiply 1e21 generates a valid GLSL floating constant (1.5946ms)
✔ M1 literal grammar and value roundtrip cover integers, decimals, signs and exponent-form values (0.2286ms)
✔ M1 all finite float32 exponent bins and representative mantissas have legal value-preserving literals (1.7277ms)
✔ M1 admitted boundary/representative values remain editable and compile through both production literal paths (21.6782ms)
✔ AT-S01-05: document identity, complete content, new lifetime/empty history and semantic regeneration (2.0955ms)
✔ AT-S01-07: ACK of A never marks B saved, rejection and SAVE_BUSY retain baseline; download is separate (7.6967ms)
✔ old saved handle cannot attach to same persistent IDs after reload (4.0063ms)
✔ wire unknown structure, unsupported version/operation/tag, malformed known data precedence and original retention (1.9429ms)
✔ writer refuses executable/hidden values, sparse arrays, nonfinite numbers and altered prototypes without invoking getters (1.2582ms)
✔ missing exact module preserves opaque state and last port policy; loss payload is never activated (2.4544ms)
✔ forged stored conversion remains saveable but cannot generate (1.7784ms)
✔ prototype-named unknown structural keys and non-JSON whitespace are not silently accepted (1.8463ms)
✔ unrelated edits preserve forged connection evidence rather than silently repairing it (1.7794ms)
✔ pending storage open cannot replace a newer edit or document lifetime (2.2539ms)
✔ unrelated edits retain explicit invalid-edge evidence even when its stored plan is structurally valid (1.8178ms)
✔ AT-S02-04 PNG: CRC oracle, roundtrip, repeated wrapping and unowned chunks preserve bytes (7.5927ms)
✔ AT-S02-04 PNG: malformed CRC, missing metadata, duplicate metadata, compression and malformed envelope are named rejections (3.4818ms)
✔ AT-S02-04 PNG: structural boundaries, file/chunk/metadata limits and invalid UTF-8 never decode pixels or compressed text (78.7745ms)
✔ AT-S02-04 PNG: ASCII/CJK/non-BMP budgets match text intake and preserve canonical graph (128.4562ms)
✔ AT-S02-01: detached inspection/cancel/raw retention and one atomic replacement with Context continuity and Undo/Redo (6.8712ms)
✔ AT-S02-01: base revision, content, lifetime, readonly, busy and fabricated review fences (19.1424ms)
✔ AT-S02-01: invalid/future/duplicate IDs/unknown structure have explicit outcomes and never publish (6.3112ms)
✔ AT-S02-01: only explicit layout repair yields a candidate; unknown endpoints/references are never guessed (11.8497ms)
✔ AT-S02-01: mismatched exact pins cannot replace the destination; failed replacement is atomic (2.2915ms)
✔ AT-S02-02: missing exact module survives move/rename/save/reopen; exact restoration invokes codec and never substitutes latest (7.0458ms)
✔ AT-S02-03 boundary: foreign/legacy input is retained with explicit unresolved Gate, never implicit conversion or archive execution (0.5931ms)
✔ AT-S02-04: ASCII/CJK/non-BMP UTF-8 exact byte budget produces deterministic results without truncation (23.2513ms)
✔ AT-S02-04: network budgets, duplicate JSON keys, unknown nested structure and opaque fields are independently checked (11.4759ms)
✔ S03 Group17 retains a draft, compilation rejects per-direction limit, Undo restores original (36.3334ms)
✔ S03 64-definition destination rejects independence and imported 65th atomically (841.7129ms)
✔ S03 nested nodes overflow rejects before paste publication (15.2128ms)
✔ S03 nested edges overflow rejects before paste publication (17.8706ms)
✔ S03 symbolic extents require int/uint sources, only outer dimension and pure compilation (3.605ms)
✔ S03 New may retain a 257-node draft; generation and save reject it without losing the draft (77.2944ms)
✔ S03 partial frames stay outside clipboard; pasted relative positions retain a common offset (3.9197ms)
✔ S03 persisted nested source is preserved while new nested source admission remains rejected (4.287ms)
✔ S03 scalar/vector/matrix sources transfer; composite source reuses only within its source lifetime (18.2207ms)
✔ S03 FR01 admitted nested Structure arrays fail ES300 profile without artifacts; one dimension succeeds (5.0771ms)
✔ S03 FR02 independence remaps mixed parent and shared child owner references with Undo/Redo (32.3091ms)
✔ S03 FR02 independence remaps mixed parent and cloned child owner references with Undo/Redo (34.7561ms)
✔ S03 FR02 incomplete shared-child node address rejects independence atomically (7.3354ms)
✔ S03 FR03 editing inner Structure validates dependent depth16 and preserves Redo on depth17 rejection (14.1318ms)
✔ S03 FR03 affected dependent expansion and vector component budgets reject atomically (2.8417ms)
✔ S03 EG01 native array constructor2048, clipboard2048 boundary and same-load reuse (4.836ms)
✔ S03 EG01 native array constructor2049, clipboard2048 boundary and same-load reuse (4.6644ms)
✔ S03 EG01 native array constructor4096, clipboard2048 boundary and same-load reuse (4.6535ms)
✔ S03 EG01 native array constructor4097 rejects atomically (1.7272ms)
✔ S03 EG01 sampler clipboard path2048 admission (2.9362ms)
✔ S03 EG01 sampler clipboard path2049 admission (2.8004ms)
✔ S03 EG01 native arrays admit float/vec2/vec3/vec4 and remap symbolic length closure (16.5308ms)
✔ S03 EG01 native arrays reject matrix/nested/expressions and invalid length owner types (7.1185ms)
✔ S03 EG01 TOP declarations clone while source+origin slots reuse, defaults persist, and Undo/Redo/save preserve identity (11.6931ms)
✔ S03 EG01 specialization import allocates minimal vacant ID0,2 ->1 (3.6921ms)
✔ S03 EG01 unsupported target, unavailable owner and throwing owner reject without publication (4.4196ms)
✔ S03 EG01 numeric uniform scalar/vector/matrix transfer remains independent and generation is explicit unavailable (10.419ms)
✔ S03 FR03 registered resource types cannot become Structure fields (1.6413ms)
✔ S03 EG01 exact provider/target ownership and imported descriptor failures stay atomic (3.2666ms)
✔ S03 EG01 round2 implicit constant array@["glsl.float",2] preserves same-load reuse and rejects real cross-Graph and fresh-load publication (8.1816ms)
✔ S03 EG01 round2 constant array@["glsl.float",2] preserves same-load reuse and rejects real cross-Graph and fresh-load publication (7.9002ms)
✔ S03 EG01 round2 uniform array@["glsl.float",2] preserves same-load reuse and rejects real cross-Graph and fresh-load publication (9.7364ms)
✔ S03 EG01 round2 implicit constant array@["glsl.vec2",2] preserves same-load reuse and rejects real cross-Graph and fresh-load publication (8.0414ms)
✔ S03 EG01 round2 constant array@["glsl.vec2",2] preserves same-load reuse and rejects real cross-Graph and fresh-load publication (8.2382ms)
✔ S03 EG01 round2 uniform array@["glsl.vec2",2] preserves same-load reuse and rejects real cross-Graph and fresh-load publication (7.9764ms)
✔ S03 EG01 round2 scalar/vector/matrix constants and uniforms still cross actual Graph and fresh load (41.3556ms)
✔ S03 custom declared/state closure same-Graph remaps identities only and Undo/Redo (6.7279ms)
✔ S03 custom declared/state closure cross-Graph remaps identities only and Undo/Redo (6.6807ms)
✔ S03 grouping an existing caller preserves child-owned frame node addresses (10.4246ms)
✔ S03 owner collect/remap throws and escaping/incomplete references reject atomically with Redo preserved (6.895ms)
✔ S03 custom resources follow encapsulation and direct independence, ordinary dependencies remain shared (12.7263ms)
✔ S03 encapsulation deduplicates crossing interfaces, shared generation is pure, Undo restores all references (4.7439ms)
✔ S03 interface rename/reorder/type/removal reconciles every caller once and Undo restores values/invalid edges/loss (7.4712ms)
✔ S03 nested resource callers including unused ancestors reconcile child interface (8.4886ms)
✔ S03 library position keeps identity, semantic edit forks target and library ancestors and local refs atomically (16.1173ms)
✔ S03 direct make independent clones direct definition, shares dependencies and remaps own boundary (14.051ms)
✔ S03 same-load clipboard reuses current source; cross-graph remaps resources and preserves text (5.5938ms)
✔ S03 clipboard typed native symbolic array closure remaps only semantic references (3.9777ms)
✔ S03 late bad edge, escaping refs, forbidden source and missing closure reject without nodes/resources/history/notifications (4.3901ms)
✔ S03 source selection stays outside encapsulation; boundary-only grouping is no-op and preserves redo (3.4148ms)
✔ S03 structure drafts retain stable fields, reject recursion and block deletion while referenced (1.8606ms)
✔ S03 contexts distinguish occurrences; nested scoped targets never revive after navigation and Undo (25.8138ms)
✔ S03 library snapshot position edit retains origin, first semantic edit forks and old source remains immutable (6.0614ms)
✔ S03 nested delete and required boundary protection use the canonical Graph (4.0095ms)
✔ S03 library ancestor traversal crosses local parents (19.8885ms)
✔ S03 spare-port creation and first edge are one Undo entry with stable keys (5.2584ms)
✔ S03 whole frames travel through grouping and cross-Graph clipboard with fresh identities (7.6401ms)
✔ S03 vector/matrix reshape retains override components and defaults follow interface defaults (5.1306ms)
✔ S03 malformed resource envelopes, missing boundaries and nominal conflicts reject atomically (5.9629ms)
✔ S03 source admission cannot be bypassed by nested add, grouping or pasted nodes (3.7406ms)
✔ S03 layout proposal rejects navigation ABA, semantic fork and Undo (17.1535ms)
✔ S03 clipboard rejects forged hydrated plans and invalid edge evidence (2.613ms)
✔ S03 empty library paste preserves origin, selection-independent History and Redo (5.2499ms)
✔ S03 packet-wide network identity collisions and malformed reused resource envelopes reject (4.1612ms)
✔ S03 source transfer uses actual load identity and reopened documents cannot forge same-load reuse (2.3835ms)
✔ S03 structure emission is read-only, nominally declared once, field deletion preserves invalid edges and Undo (4.0955ms)
✔ S03 accepted paste requires a valid destination and direct whole frames survive clipboard (3.8267ms)
✔ S03 scoped parameters and proposals from identical persistent IDs expire across a new load (13.0867ms)
✔ S03 library grouping resolves the forked canonical network (5.4201ms)
✔ S03 local child semantic edit forks its library ancestor (13.4023ms)
✔ S03 explicit override equal to default survives interface defaults and save/reload (9.9026ms)
✔ S03 direct independence preserves nonowned state, declared references and typed frame resources (9.1991ms)
✔ S03 encapsulation rejects cross-scope node references despite matching local IDs (1.6297ms)
✔ S03 New creates Value vec4 passthrough; shared rename retains instance names and no-op keeps library identity (9.775ms)
✔ S03 explicit interface Add stops at16 per direction without erasing preserved oversized draft (10.6224ms)
✔ S03 structure authoring validates count, names, description, nested fixed arrays, recursion/depth and expansion (337.991ms)
✔ S03 large external array declarations survive metadata edits; materialization remains bounded (3.0289ms)
✔ S03 type tokens retain eight dimensions and reject extra tuple fields (1.7114ms)
✔ S03 disconnected output boundary follows shared output defaults (5.7892ms)
✔ S03 inline array construction and same-load reuse allow2049 elements; cross-Graph clipboard rejects composites (16.5849ms)
✔ S03 nested input link ABA invalidates old edit tokens without changing History on rejection (31.6361ms)
✔ S03 shared same-key type changes reject stale caller tokens and removed handles never revive (19.2346ms)
✔ S03 cross-Graph nominal closure remaps nested structures and Undo removes the full insertion (4.8218ms)
✔ S03 reusable definition cycles reject atomically including unused dependencies (8.9697ms)
(node:14876) ExperimentalWarning: Transform Types is an experimental feature and might change at any time
(Use `node --trace-warnings ...` to show where the warning was created)
✔ S04 Personal complete owner payload and typed references survive reuse fork and absent Library source (43.1219ms)
✔ S04 DEC004 same-name destination sources retain distinct identity and changed imported bindings regenerate (393.0633ms)
✔ S04 Personal malformed envelope checksum and unsupported owner reject before provider writes; list deduplicates renamed files (27.3279ms)
✔ S04 DEC002 one-source fanout does not mutate source or existing conversions and pad failures agree (14.2725ms)
✔ S04 Personal root owner remap and input-bound Independent retain complete typed scope (68.3289ms)
✔ S04 stored inherited v2 and pad plans retain complete extensions through Personal shared import and reopen (20.3043ms)
✔ S04 shipped basic Library snapshot compiles after semantic fork and Personal roundtrip (9.544ms)
✔ S04 Personal canonical package preserves snapshots, same-version reuse, independent and collision-safe filenames (23.3353ms)
✔ S04 DEC002 all16 default float plans, version fences and current ImageOutput compile (1.1165ms)
✔ S04 AC001 additive envelope upgrade retains exact pins and inactive evidence, fences v2 under2.0 (1.1149ms)
✔ S04 DEC004 literal Personal typed closure survives canonical export import save reopen generation (25.2122ms)
✔ S04 DEC004 source Personal typed closure survives canonical export import save reopen generation (65.9793ms)
✔ S04 DEC004 direct-source Personal typed closure survives canonical export import save reopen generation (31.4313ms)
✔ S04 DEC004 input Personal typed closure survives canonical export import save reopen generation (70.2782ms)
✔ S04 DEC004 input-bound length uses caller override and rejects conflicting caller sources (19.5426ms)
✔ S04 DEC004 nested shared input bindings remap through Personal and remain independent after semantic fork and reinsert (311.0551ms)
✔ S04 AC001 inactive owner network resources and unknown wrapper versions preserve the version fence (4.4947ms)
✔ S04 DEC004 rejected literal/source/input/nested candidates are atomic through Application with valid checksums (176.3221ms)
✔ S04 Personal Library per-file isolation, safe names, duplicate-at-capacity and provider failures leave existing assets unchanged (28.6999ms)
✔ S04 AC001 unchanged accepted reader and exact old/new definition boundaries (2.6185ms)
✔ S04 inherited v2 plans preserve extensions across hydration move clipboard nested and Personal (12.9904ms)
✔ S04 current exact source owner supports new image descriptors without retargeting legacy owner (0.782ms)
✔ S04 DEC004 required int length input qualifies with an actual constant supply and changed caller defaults regenerate (79.9891ms)
✔ M1: missing-module boundary x rename rejects save before ACK without data loss (15.9967ms)
✔ M1: missing-module boundary 中 rename rejects save before ACK without data loss (14.4391ms)
✔ M1: missing-module boundary 🍇 rename rejects save before ACK without data loss (21.7369ms)
✔ M1: compact fallback validates actual emitted bytes at and beyond the budget (5.1488ms)
✔ M1: nodes at/beyond network limit obey save/reopen invariant (17.9658ms)
✔ M1: edges at/beyond network limit obey save/reopen invariant (34.5808ms)
✔ M1: editing beyond network capacity cannot acknowledge a save or erase the previous saved document (93.5402ms)
ℹ tests 179
ℹ suites 0
ℹ pass 179
ℹ fail 0
ℹ cancelled 0
ℹ skipped 0
ℹ todo 0
ℹ duration_ms 5136.6835
