
Running 51 tests using 1 worker

(node:56668) Warning: The 'NO_COLOR' env is ignored due to the 'FORCE_COLOR' env being set.
(Use `node --trace-warnings ...` to show where the warning was created)
  ok  1 [chromium] › ..\..\..\production\tests\browser\s01.spec.ts:31:1 › AT-S01-01 browser: user creates connected shader, edits and sees generated GLSL (1.3s)
  ok  2 [chromium] › ..\..\..\production\tests\browser\s01.spec.ts:57:1 › AT-S01-03 browser: dynamic shape errors are visible, Undo restores and Redo repeats (1.2s)
  ok  3 [chromium] › ..\..\..\production\tests\browser\s01.spec.ts:86:1 › AT-S01-05 browser: IndexedDB ACK save/reopen and independent JSON download/file open (1.5s)
  ok  4 [chromium] › ..\..\..\production\tests\browser\s01.spec.ts:118:1 › AT-S01-02 browser: occupied and incompatible connections preserve wires and revision (1.1s)
  ok  5 [chromium] › ..\..\..\production\tests\browser\s01.spec.ts:143:1 › AT-S01-04 browser: draft cancel, IME guard, keyboard commit, pointer gesture Undo and cancel (826ms)
  ok  6 [chromium] › ..\..\..\production\tests\browser\s01.spec.ts:185:1 › AT-S01-06 browser: two Canvas contexts keep independent selections and camera while sharing edits (909ms)
  ok  7 [chromium] › ..\..\..\production\tests\browser\s01.spec.ts:244:1 › AT-S01-07 browser: delayed storage completion cannot clear a newer edit; rejection and export preserve dirty (648ms)
  ok  8 [chromium] › ..\..\..\production\tests\browser\s01.spec.ts:292:1 › recovery browser: future structural document stays read-only and original can be exported (447ms)
  ok  9 [chromium] › ..\..\..\production\tests\browser\s01.spec.ts:319:1 › readonly browser: fields, actions and keyboard cannot edit; unlocking restores the same value (556ms)
  ok 10 [chromium] › ..\..\..\production\tests\browser\s01.spec.ts:341:1 › diagnostics locate the affected node through the active Context without adding History (1.0s)
  ok 11 [chromium] › ..\..\..\production\tests\browser\s01.spec.ts:365:1 › invalid UTF-8 recovery retains original bytes; closing recovery and cancelling open preserve the graph (580ms)
  ok 12 [chromium] › ..\..\..\production\tests\browser\s01.spec.ts:391:1 › view failure shows shared retry placeholder and releases the failed mount (522ms)
  ok 13 [chromium] › ..\..\..\production\tests\browser\s01.spec.ts:425:1 › keyboard node selection and connection buttons preserve focus; wires meet sockets after fractional zoom (1.0s)
  ok 14 [chromium] › ..\..\..\production\tests\browser\s01.spec.ts:459:1 › error-bearing dynamic document saves and reopens with loss evidence and generation still blocked (1.5s)
  ok 15 [chromium] › ..\..\..\production\tests\browser\s01.spec.ts:500:3 › M1 browser: Float 1e21 commits and generates a valid exponent literal (1.1s)
  ok 16 [chromium] › ..\..\..\production\tests\browser\s01.spec.ts:500:3 › M1 browser: Multiply 1e21 commits and generates a valid exponent literal (1.2s)
  ok 17 [chromium] › ..\..\..\production\tests\browser\s01.spec.ts:535:1 › N1 browser: middle/right movement cannot edit nodes; primary drag still groups into one Undo (909ms)
  ok 18 [chromium] › ..\..\..\production\tests\browser\s05-escape-focus.spec.ts:8:5 › S05 natural Escape cancels direct without Export drag with no History entry (1.3s)
  ok 19 [chromium] › ..\..\..\production\tests\browser\s05-escape-focus.spec.ts:8:5 › S05 natural Escape cancels direct after Export drag with no History entry (2.0s)
  ok 20 [chromium] › ..\..\..\production\tests\browser\s05-escape-focus.spec.ts:8:5 › S05 natural Escape cancels wrapper without Export drag with no History entry (1.4s)
  ok 21 [chromium] › ..\..\..\production\tests\browser\s05-escape-focus.spec.ts:8:5 › S05 natural Escape cancels wrapper after Export drag with no History entry (1.9s)
  ok 22 [chromium] › ..\..\..\production\tests\browser\s06-creation.spec.ts:29:1 › S06 public wired Compose vec2 preview matches actual schema and identity edge with one Undo/Redo (1.4s)
  ok 23 [chromium] › ..\..\..\production\tests\browser\s06-creation.spec.ts:98:3 › S06 port context preview uses same-key direction and actual socket geometry at zoom 1 (1.1s)
  ok 24 [chromium] › ..\..\..\production\tests\browser\s06-creation.spec.ts:98:3 › S06 port context preview uses same-key direction and actual socket geometry at zoom 1.2 (1.2s)
  ok 25 [chromium] › ..\..\..\production\tests\browser\s06-creation.spec.ts:190:1 › S06 source and Project subgraph catalog reuse owner references with one History operation (1.6s)
  ok 26 [chromium] › ..\..\..\production\tests\browser\s06-creation.spec.ts:237:1 › S06 row drag accepts blank canvas once, rejects controls and other Canvas; browse double-click has one Undo (1.4s)
  ok 27 [chromium] › ..\..\..\production\tests\browser\s06-creation.spec.ts:275:1 › S06 creator move threshold, clamping, creation point and cancellations are view only (1.7s)
  ok 28 [chromium] › ..\..\..\production\tests\browser\s06-creation.spec.ts:320:1 › S06 keyboard and popup guards preserve field drafts, IME and contextual cancellation (719ms)
  ok 29 [chromium] › ..\..\..\production\tests\browser\s06-creation.spec.ts:349:1 › S06 touch emulation: blank double-tap, row inspect and plus drag insert once without a trailing click (1.3s)
  ok 30 [chromium] › ..\..\..\production\tests\browser\s06-creation.spec.ts:464:1 › S06 cross-Canvas drop and intervening shared revision cancel captured palette without mutation (1.2s)
  ok 31 [chromium] › ..\..\..\production\tests\browser\s06-guards.spec.ts:14:1 › S06 advertised view and edit shortcuts preserve gesture, draft and History boundaries (1.7s)
  ok 32 [chromium] › ..\..\..\production\tests\browser\s06-guards.spec.ts:58:1 › S06 Canvas connection failure persists across movement and unrelated successful actions until matching recovery (1.0s)
  ok 33 [chromium] › ..\..\..\production\tests\browser\s06-guards.spec.ts:79:1 › S06 category collapse survives query changes and whitespace uses the tree without a Graph edit (569ms)
  ok 34 [chromium] › ..\..\..\production\tests\browser\s06-guards.spec.ts:101:1 › S06 Personal search and inspect are readonly, malformed import survives unrelated success, and insert restores one Undo (1.9s)
  ok 35 [chromium] › ..\..\..\production\tests\browser\s06-guards.spec.ts:169:1 › S06 pending touch menu cancels on blur and second touch, while a completed blank hold is view only (2.8s)
  ok 36 [chromium] › ..\..\..\production\tests\browser\s06-guards.spec.ts:224:1 › S06 native field context menu remains unprevented and touch hold never opens an object menu from a control (1.2s)
  ok 37 [chromium] › ..\..\..\production\tests\browser\s06-guards.spec.ts:268:1 › S06 Personal late insertion and refresh results cannot close or overwrite a reopened dialog (437ms)
  ok 38 [chromium] › ..\..\..\production\tests\browser\s06-guards.spec.ts:354:1 › S06 competing touch cancels a primary node drag without a committed History entry (1.1s)
  ok 39 [chromium] › ..\..\..\production\tests\browser\s06-help.spec.ts:68:3 › S06 Help natural outside-to-inside gesture preserves document and History (956ms)
  ok 40 [chromium] › ..\..\..\production\tests\browser\s06-help.spec.ts:68:3 › S06 Help natural inside-to-outside gesture preserves document and History (960ms)
  ok 41 [chromium] › ..\..\..\production\tests\browser\s06-help.spec.ts:68:3 › S06 Help natural outside-to-outside gesture preserves document and History (939ms)
  ok 42 [chromium] › ..\..\..\production\tests\browser\s06-help.spec.ts:103:3 › S06 Help pointercancel disarms incomplete backdrop gesture and allows a new click (537ms)
  ok 43 [chromium] › ..\..\..\production\tests\browser\s06-help.spec.ts:103:3 › S06 Help blur disarms incomplete backdrop gesture and allows a new click (539ms)
  ok 44 [chromium] › ..\..\..\production\tests\browser\s06-help.spec.ts:127:1 › S06 Help Escape Close and reopen consume old gestures and restore usable focus (540ms)
  ok 45 [chromium] › ..\..\..\production\tests\browser\s06-help.spec.ts:152:1 › S06 Help keyboard menu returns focus to Canvas and remains independent across two Canvas contexts (348ms)
  ok 46 [chromium] › ..\..\..\production\tests\browser\s06-help.spec.ts:190:1 › S06 Help readonly interaction and remounted document retain scoped lifetime (697ms)
  ok 47 [chromium] › ..\..\..\production\tests\browser\s06-workspace.spec.ts:19:1 › S06 catalog literal normalized search, source/type filters, inspect and native text do not edit (699ms)
  ok 48 [chromium] › ..\..\..\production\tests\browser\s06-workspace.spec.ts:65:1 › S06 blank double-click and Tab create previews; movement is independent, cancel and stage change add no History (928ms)
  ok 49 [chromium] › ..\..\..\production\tests\browser\s06-workspace.spec.ts:103:1 › S06 wired creation is preview-only until snap placement and one Undo restores occupied input (1.3s)
  ok 50 [chromium] › ..\..\..\production\tests\browser\s06-workspace.spec.ts:160:1 › S06 help and context menu keyboard, readonly browsing and responsive original actions (1.1s)
  ok 51 [chromium] › ..\..\..\production\tests\browser\s06-workspace.spec.ts:218:1 › S06 compile error survives unrelated successful Save and clears on matching successful Generate (517ms)

  51 passed (56.6s)
