
Running 105 tests using 1 worker

(node:22864) Warning: The 'NO_COLOR' env is ignored due to the 'FORCE_COLOR' env being set.
(Use `node --trace-warnings ...` to show where the warning was created)
  ok   1 [chromium] › ..\..\..\production\tests\browser\s01.spec.ts:31:1 › AT-S01-01 browser: user creates connected shader, edits and sees generated GLSL (1.3s)
  ok   2 [chromium] › ..\..\..\production\tests\browser\s01.spec.ts:57:1 › AT-S01-03 browser: dynamic shape errors are visible, Undo restores and Redo repeats (1.2s)
  ok   3 [chromium] › ..\..\..\production\tests\browser\s01.spec.ts:86:1 › AT-S01-05 browser: IndexedDB ACK save/reopen and independent JSON download/file open (1.4s)
  ok   4 [chromium] › ..\..\..\production\tests\browser\s01.spec.ts:118:1 › AT-S01-02 browser: occupied and incompatible connections preserve wires and revision (1.1s)
  ok   5 [chromium] › ..\..\..\production\tests\browser\s01.spec.ts:143:1 › AT-S01-04 browser: draft cancel, IME guard, keyboard commit, pointer gesture Undo and cancel (835ms)
  ok   6 [chromium] › ..\..\..\production\tests\browser\s01.spec.ts:185:1 › AT-S01-06 browser: two Canvas contexts keep independent selections and camera while sharing edits (912ms)
  ok   7 [chromium] › ..\..\..\production\tests\browser\s01.spec.ts:244:1 › AT-S01-07 browser: delayed storage completion cannot clear a newer edit; rejection and export preserve dirty (631ms)
  ok   8 [chromium] › ..\..\..\production\tests\browser\s01.spec.ts:292:1 › recovery browser: future structural document stays read-only and original can be exported (517ms)
  ok   9 [chromium] › ..\..\..\production\tests\browser\s01.spec.ts:319:1 › readonly browser: fields, actions and keyboard cannot edit; unlocking restores the same value (650ms)
  ok  10 [chromium] › ..\..\..\production\tests\browser\s01.spec.ts:341:1 › diagnostics locate the affected node through the active Context without adding History (1.1s)
  ok  11 [chromium] › ..\..\..\production\tests\browser\s01.spec.ts:365:1 › invalid UTF-8 recovery retains original bytes; closing recovery and cancelling open preserve the graph (629ms)
  ok  12 [chromium] › ..\..\..\production\tests\browser\s01.spec.ts:391:1 › view failure shows shared retry placeholder and releases the failed mount (624ms)
  ok  13 [chromium] › ..\..\..\production\tests\browser\s01.spec.ts:425:1 › keyboard node selection and connection buttons preserve focus; wires meet sockets after fractional zoom (1.1s)
  ok  14 [chromium] › ..\..\..\production\tests\browser\s01.spec.ts:459:1 › error-bearing dynamic document saves and reopens with loss evidence and generation still blocked (1.6s)
  ok  15 [chromium] › ..\..\..\production\tests\browser\s01.spec.ts:500:3 › M1 browser: Float 1e21 commits and generates a valid exponent literal (1.1s)
  ok  16 [chromium] › ..\..\..\production\tests\browser\s01.spec.ts:500:3 › M1 browser: Multiply 1e21 commits and generates a valid exponent literal (1.2s)
  ok  17 [chromium] › ..\..\..\production\tests\browser\s01.spec.ts:535:1 › N1 browser: middle/right movement cannot edit nodes; primary drag still groups into one Undo (958ms)
  ok  18 [chromium] › ..\..\..\production\tests\browser\s03.spec.ts:49:1 › AT-S03-01/02 real nested Canvas, Inspector, interface reorder/remove and Undo (1.7s)
  ok  19 [chromium] › ..\..\..\production\tests\browser\s03.spec.ts:100:1 › AT-S03-03 browser clipboard success, injected late rejection and Unicode text preserved (1.4s)
  ok  20 [chromium] › ..\..\..\production\tests\browser\s03.spec.ts:148:1 › AT-S03-04 nested IME/cancel/focus and navigation cleanup use the real Inspector (856ms)
  ok  21 [chromium] › ..\..\..\production\tests\browser\s03.spec.ts:189:1 › S03 structure authoring draft cancel, reorder and stale confirmation (578ms)
  ok  22 [chromium] › ..\..\..\production\tests\browser\s03.spec.ts:225:1 › AT-S03-01 two Canvas occurrences share parameters and keep independent navigation (1.8s)
  ok  23 [chromium] › ..\..\..\production\tests\browser\s03.spec.ts:291:1 › AT-S03-01/04 real library first edit, position-only layout, spare output and nested deletion (774ms)
  ok  24 [chromium] › ..\..\..\production\tests\browser\s03.spec.ts:358:3 › G-LU-DATA-004 browser local clipboard UTF-8 budget x (1.3s)
  ok  25 [chromium] › ..\..\..\production\tests\browser\s03.spec.ts:358:3 › G-LU-DATA-004 browser local clipboard UTF-8 budget 中 (1.3s)
  ok  26 [chromium] › ..\..\..\production\tests\browser\s03.spec.ts:358:3 › G-LU-DATA-004 browser local clipboard UTF-8 budget 🍇 (1.5s)
  ok  27 [chromium] › ..\..\..\production\tests\browser\s03.spec.ts:403:1 › AT-S03-04 nested Inspector field removal cancels a focused draft and Undo mounts fresh controls (895ms)
  ok  28 [chromium] › ..\..\..\production\tests\browser\s03.spec.ts:450:1 › AT-S03-03 visible frames move with encapsulation and Undo (1.2s)
  ok  29 [chromium] › ..\..\..\production\tests\browser\s03.spec.ts:480:1 › S03 Make independent and nested interface removal preserve other callers and Undo (2.3s)
  ok  30 [chromium] › ..\..\..\production\tests\browser\s03.spec.ts:533:1 › S03 Structure Help is read-only and composite defaults and Escape retain saved values (1.5s)
  ok  31 [chromium] › ..\..\..\production\tests\browser\s03.spec.ts:601:1 › G-LU-DATA-001 browser bad edge, capacity, stage and source rejection rolls back the complete transaction (2.1s)
  ok  32 [chromium] › ..\..\..\production\tests\browser\s03.spec.ts:671:1 › S03 shared name and matrix defaults update both callers with one Undo (1.6s)
  ok  33 [chromium] › ..\..\..\production\tests\browser\s03.spec.ts:729:1 › S03 clickable breadcrumbs discard stale interface drafts and selected ports (588ms)
  ok  34 [chromium] › ..\..\..\production\tests\browser\s03.spec.ts:762:1 › S03 direction-specific Add16 controls preserve draft and allow output creation (1.1s)
  ok  35 [chromium] › ..\..\..\production\tests\browser\s03.spec.ts:799:1 › S03 Structure description and fixed array controls keep field identity across cancel/reorder (1.1s)
  ok  36 [chromium] › ..\..\..\production\tests\browser\s03.spec.ts:858:1 › S03 browser cross-Graph paste imports independent closure and Undo removes it (2.1s)
  ok  37 [chromium] › ..\..\..\production\tests\browser\s05-escape-focus.spec.ts:8:5 › S05 natural Escape cancels direct without Export drag with no History entry (1.2s)
  ok  38 [chromium] › ..\..\..\production\tests\browser\s05-escape-focus.spec.ts:8:5 › S05 natural Escape cancels direct after Export drag with no History entry (1.8s)
  ok  39 [chromium] › ..\..\..\production\tests\browser\s05-escape-focus.spec.ts:8:5 › S05 natural Escape cancels wrapper without Export drag with no History entry (1.3s)
  ok  40 [chromium] › ..\..\..\production\tests\browser\s05-escape-focus.spec.ts:8:5 › S05 natural Escape cancels wrapper after Export drag with no History entry (2.0s)
  x   41 [chromium] › ..\..\..\production\tests\browser\s06-brand-info.spec.ts:5:3 › S06 brand identity and updates stay in one header at 620 (5.2s)
(node:19608) Warning: The 'NO_COLOR' env is ignored due to the 'FORCE_COLOR' env being set.
(Use `node --trace-warnings ...` to show where the warning was created)
  x   42 [chromium] › ..\..\..\production\tests\browser\s06-brand-info.spec.ts:5:3 › S06 brand identity and updates stay in one header at 1440 (5.2s)
(node:14376) Warning: The 'NO_COLOR' env is ignored due to the 'FORCE_COLOR' env being set.
(Use `node --trace-warnings ...` to show where the warning was created)
  ok  43 [chromium] › ..\..\..\production\tests\browser\s06-connection-view.spec.ts:62:3 › S06 connection notice compact geometry 1280 and successful inverse routes one Undo (1.6s)
  ok  44 [chromium] › ..\..\..\production\tests\browser\s06-connection-view.spec.ts:62:3 › S06 connection notice compact geometry 1440 and successful inverse routes one Undo (1.4s)
  ok  45 [chromium] › ..\..\..\production\tests\browser\s06-connection-view.spec.ts:62:3 › S06 connection notice compact geometry 620 and successful inverse routes one Undo (1.6s)
  ok  46 [chromium] › ..\..\..\production\tests\browser\s06-connection-view.spec.ts:104:3 › S06 selection geometry remains fixed at zoom 1 (975ms)
  ok  47 [chromium] › ..\..\..\production\tests\browser\s06-connection-view.spec.ts:104:3 › S06 selection geometry remains fixed at zoom 1.2 (967ms)
  ok  48 [chromium] › ..\..\..\production\tests\browser\s06-connection-view.spec.ts:136:1 › S06 PORT_TARGET and same-direction refusal remain visible until matching recovery; compiler error stays (1.5s)
  ok  49 [chromium] › ..\..\..\production\tests\browser\s06-connection-view.spec.ts:174:3 › S06 temporary output wire follows pointer and zoom without touching real edges (1.0s)
  ok  50 [chromium] › ..\..\..\production\tests\browser\s06-connection-view.spec.ts:174:3 › S06 temporary input wire follows pointer and zoom without touching real edges (1.1s)
  ok  51 [chromium] › ..\..\..\production\tests\browser\s06-connection-view.spec.ts:233:1 › S06 connection cancellation stale scope readonly and two Canvas status stay independent (2.5s)
  ok  52 [chromium] › ..\..\..\production\tests\browser\s06-connection-view.spec.ts:290:1 › S06 catalog pointer hover follows row while keyboard selection and Browse inspect remain view only (713ms)
  ok  53 [chromium] › ..\..\..\production\tests\browser\s06-connection-view.spec.ts:318:1 › S06 public port drag both directions commits once and cancelled held release adds no History (2.6s)
  ok  54 [chromium] › ..\..\..\production\tests\browser\s06-connection-view.spec.ts:363:1 › S06 pending connection expires on shared revision and new load without stale endpoint reuse (958ms)
  ok  55 [chromium] › ..\..\..\production\tests\browser\s06-connection-view.spec.ts:393:1 › S06 subthreshold port release outside the button leaves no orphan wire or History (748ms)
  ok  56 [chromium] › ..\..\..\production\tests\browser\s06-creation.spec.ts:29:1 › S06 public wired Compose vec2 preview matches actual schema and identity edge with one Undo/Redo (1.5s)
  ok  57 [chromium] › ..\..\..\production\tests\browser\s06-creation.spec.ts:98:3 › S06 port context preview uses same-key direction and actual socket geometry at zoom 1 (1.2s)
  ok  58 [chromium] › ..\..\..\production\tests\browser\s06-creation.spec.ts:98:3 › S06 port context preview uses same-key direction and actual socket geometry at zoom 1.2 (1.2s)
  ok  59 [chromium] › ..\..\..\production\tests\browser\s06-creation.spec.ts:190:1 › S06 source and Project subgraph catalog reuse owner references with one History operation (1.7s)
  ok  60 [chromium] › ..\..\..\production\tests\browser\s06-creation.spec.ts:237:1 › S06 row drag accepts blank canvas once, rejects controls and other Canvas; browse double-click has one Undo (1.4s)
  ok  61 [chromium] › ..\..\..\production\tests\browser\s06-creation.spec.ts:275:1 › S06 creator move threshold, clamping, creation point and cancellations are view only (1.7s)
  ok  62 [chromium] › ..\..\..\production\tests\browser\s06-creation.spec.ts:320:1 › S06 keyboard and popup guards preserve field drafts, IME and contextual cancellation (740ms)
  ok  63 [chromium] › ..\..\..\production\tests\browser\s06-creation.spec.ts:349:1 › S06 touch emulation: blank double-tap, row inspect and plus drag insert once without a trailing click (1.4s)
  ok  64 [chromium] › ..\..\..\production\tests\browser\s06-creation.spec.ts:464:1 › S06 cross-Canvas drop and intervening shared revision cancel captured palette without mutation (1.3s)
  ok  65 [chromium] › ..\..\..\production\tests\browser\s06-debug-hover-lifetime.spec.ts:5:1 › S06 diagnostic mount revoke hide move update and late callback cannot revive old object data (587ms)
  ok  66 [chromium] › ..\..\..\production\tests\browser\s06-debug-hover.spec.ts:57:1 › S06 normal debug normal checkbox preserves graph history selection and covers built-in objects (2.2s)
  ok  67 [chromium] › ..\..\..\production\tests\browser\s06-debug-hover.spec.ts:115:1 › S06 scalar and vector committed values stay distinct from unfinished drafts and IME guards (1.4s)
  ok  68 [chromium] › ..\..\..\production\tests\browser\s06-debug-hover.spec.ts:168:1 › S06 hover detail invalidation follows selection stage deletion Undo and same-ID reopen (1.3s)
  ok  69 [chromium] › ..\..\..\production\tests\browser\s06-debug-hover.spec.ts:213:1 › S06 pending connection and held gesture reject preference changes while readonly inspection remains (1.8s)
  ok  70 [chromium] › ..\..\..\production\tests\browser\s06-debug-hover.spec.ts:256:3 › S06 preference malformed visibly falls back without touching other keys (346ms)
  ok  71 [chromium] › ..\..\..\production\tests\browser\s06-debug-hover.spec.ts:256:3 › S06 preference denied visibly falls back without touching other keys (437ms)
  ok  72 [chromium] › ..\..\..\production\tests\browser\s06-debug-hover.spec.ts:256:3 › S06 preference read-denied visibly falls back without touching other keys (549ms)
  ok  73 [chromium] › ..\..\..\production\tests\browser\s06-debug-hover.spec.ts:311:1 › S06 diagnostic preference persists separately and rapid hover performs no per-move capture or serialization (2.5s)
  ok  74 [chromium] › ..\..\..\production\tests\browser\s06-debug-hover.spec.ts:354:1 › S06 keyboard details and bounded long owner data are readable without selection layout changes (1.3s)
  ok  75 [chromium] › ..\..\..\production\tests\browser\s06-debug-hover.spec.ts:404:1 › S06 another field draft cannot mask active composition when reading details (692ms)
  ok  76 [chromium] › ..\..\..\production\tests\browser\s06-guards.spec.ts:14:1 › S06 advertised view and edit shortcuts preserve gesture, draft and History boundaries (1.8s)
  ok  77 [chromium] › ..\..\..\production\tests\browser\s06-guards.spec.ts:58:1 › S06 Canvas connection failure persists across movement and unrelated successful actions until matching recovery (1.1s)
  ok  78 [chromium] › ..\..\..\production\tests\browser\s06-guards.spec.ts:79:1 › S06 category collapse survives query changes and whitespace uses the tree without a Graph edit (682ms)
  ok  79 [chromium] › ..\..\..\production\tests\browser\s06-guards.spec.ts:101:1 › S06 Personal search and inspect are readonly, malformed import survives unrelated success, and insert restores one Undo (2.1s)
  ok  80 [chromium] › ..\..\..\production\tests\browser\s06-guards.spec.ts:169:1 › S06 pending touch menu cancels on blur and second touch, while a completed blank hold is view only (2.9s)
  ok  81 [chromium] › ..\..\..\production\tests\browser\s06-guards.spec.ts:224:1 › S06 native field context menu remains unprevented and touch hold never opens an object menu from a control (1.2s)
  ok  82 [chromium] › ..\..\..\production\tests\browser\s06-guards.spec.ts:268:1 › S06 Personal late insertion and refresh results cannot close or overwrite a reopened dialog (469ms)
  ok  83 [chromium] › ..\..\..\production\tests\browser\s06-guards.spec.ts:354:1 › S06 competing touch cancels a primary node drag without a committed History entry (1.1s)
  ok  84 [chromium] › ..\..\..\production\tests\browser\s06-help.spec.ts:68:3 › S06 Help natural outside-to-inside gesture preserves document and History (1.0s)
  ok  85 [chromium] › ..\..\..\production\tests\browser\s06-help.spec.ts:68:3 › S06 Help natural inside-to-outside gesture preserves document and History (981ms)
  ok  86 [chromium] › ..\..\..\production\tests\browser\s06-help.spec.ts:68:3 › S06 Help natural outside-to-outside gesture preserves document and History (1.0s)
  ok  87 [chromium] › ..\..\..\production\tests\browser\s06-help.spec.ts:103:3 › S06 Help pointercancel disarms incomplete backdrop gesture and allows a new click (584ms)
  ok  88 [chromium] › ..\..\..\production\tests\browser\s06-help.spec.ts:103:3 › S06 Help blur disarms incomplete backdrop gesture and allows a new click (569ms)
  ok  89 [chromium] › ..\..\..\production\tests\browser\s06-help.spec.ts:127:1 › S06 Help Escape Close and reopen consume old gestures and restore usable focus (654ms)
  ok  90 [chromium] › ..\..\..\production\tests\browser\s06-help.spec.ts:152:1 › S06 Help keyboard menu returns focus to Canvas and remains independent across two Canvas contexts (443ms)
  ok  91 [chromium] › ..\..\..\production\tests\browser\s06-help.spec.ts:190:1 › S06 Help readonly interaction and remounted document retain scoped lifetime (708ms)
  ok  92 [chromium] › ..\..\..\production\tests\browser\s06-status-pointer.spec.ts:34:34 › S06 complete persistent loss details have a keyboard read path at 620 (2.4s)
  ok  93 [chromium] › ..\..\..\production\tests\browser\s06-status-pointer.spec.ts:34:34 › S06 complete persistent loss details have a keyboard read path at 1440 (2.3s)
  ok  94 [chromium] › ..\..\..\production\tests\browser\s06-status-pointer.spec.ts:91:1 › S06 bottom application error summary opens complete current text without clearing or History (1.3s)
  ok  95 [chromium] › ..\..\..\production\tests\browser\s06-status-pointer.spec.ts:118:1 › S06 synthetic outside pointercancel is pointer-specific; click pending survives unpressed motion (864ms)
  ok  96 [chromium] › ..\..\..\production\tests\browser\s06-status-pointer.spec.ts:133:1 › S06 delayed matching storage recovery retires open error details with usable focus (513ms)
  ok  97 [chromium] › ..\..\..\production\tests\browser\s06-status-pointer.spec.ts:164:1 › S06 actual 3px uncaptured port release across Canvas Inspector retires wire and ring (1.2s)
  ok  98 [chromium] › ..\..\..\production\tests\browser\s06-status-pointer.spec.ts:182:39 › S06 trusted Enter socket activation waits for real pointer and preserves keyboard connection (1.4s)
  ok  99 [chromium] › ..\..\..\production\tests\browser\s06-status-pointer.spec.ts:182:39 › S06 trusted Space socket activation waits for real pointer and preserves keyboard connection (1.4s)
  ok 100 [chromium] › ..\..\..\production\tests\browser\s06-status-pointer.spec.ts:204:1 › S06 selection changes no body content field socket or wire geometry across pan and zoom (17.1s)
  ok 101 [chromium] › ..\..\..\production\tests\browser\s06-workspace.spec.ts:19:1 › S06 catalog literal normalized search, source/type filters, inspect and native text do not edit (657ms)
  ok 102 [chromium] › ..\..\..\production\tests\browser\s06-workspace.spec.ts:65:1 › S06 blank double-click and Tab create previews; movement is independent, cancel and stage change add no History (910ms)
  ok 103 [chromium] › ..\..\..\production\tests\browser\s06-workspace.spec.ts:103:1 › S06 wired creation is preview-only until snap placement and one Undo restores occupied input (1.3s)
  ok 104 [chromium] › ..\..\..\production\tests\browser\s06-workspace.spec.ts:160:1 › S06 help and context menu keyboard, readonly browsing and responsive original actions (1.1s)
  ok 105 [chromium] › ..\..\..\production\tests\browser\s06-workspace.spec.ts:218:1 › S06 compile error survives unrelated successful Save and clears on matching successful Generate (526ms)


  1) [chromium] › ..\..\..\production\tests\browser\s06-brand-info.spec.ts:5:3 › S06 brand identity and updates stay in one header at 620 

    Error: expect(locator).toHaveCount(expected) failed

    Locator:  locator('header')
    Expected: 1
    Received: 2
    Timeout:  5000ms

    Call log:
      - Expect "toHaveCount" with timeout 5000ms
      - waiting for locator('header')
        14 × locator resolved to 2 elements
           - unexpected value "2"


      10 |     const brand = page.locator("header .brand"),
      11 |       button = brand.getByRole("button", { name: "本輪更新", exact: true });
    > 12 |     await expect(page.locator("header")).toHaveCount(1);
         |                                          ^
      13 |     await expect(button).toBeVisible();
      14 |     const identity = await brand.locator(".build-identity").innerText();
      15 |     expect(identity).toMatch(
        at C:\Users\user\source\Grape\production\tests\browser\s06-brand-info.spec.ts:12:42

    attachment #1: screenshot (image/png) ──────────────────────────────────────────────────────────
    ..\..\..\production\evidence\s06\debug-hover-01\source-public-01\test-results\s06-brand-info-S06-brand-i-31dbe-s-stay-in-one-header-at-620-chromium\test-failed-1.png
    ────────────────────────────────────────────────────────────────────────────────────────────────

    Error Context: ..\..\..\production\evidence\s06\debug-hover-01\source-public-01\test-results\s06-brand-info-S06-brand-i-31dbe-s-stay-in-one-header-at-620-chromium\error-context.md

    attachment #3: trace (application/zip) ─────────────────────────────────────────────────────────
    ..\..\..\production\evidence\s06\debug-hover-01\source-public-01\test-results\s06-brand-info-S06-brand-i-31dbe-s-stay-in-one-header-at-620-chromium\trace.zip
    Usage:

        npx playwright show-trace ..\..\..\production\evidence\s06\debug-hover-01\source-public-01\test-results\s06-brand-info-S06-brand-i-31dbe-s-stay-in-one-header-at-620-chromium\trace.zip

    ────────────────────────────────────────────────────────────────────────────────────────────────

  2) [chromium] › ..\..\..\production\tests\browser\s06-brand-info.spec.ts:5:3 › S06 brand identity and updates stay in one header at 1440 

    Error: expect(locator).toHaveCount(expected) failed

    Locator:  locator('header')
    Expected: 1
    Received: 2
    Timeout:  5000ms

    Call log:
      - Expect "toHaveCount" with timeout 5000ms
      - waiting for locator('header')
        14 × locator resolved to 2 elements
           - unexpected value "2"


      10 |     const brand = page.locator("header .brand"),
      11 |       button = brand.getByRole("button", { name: "本輪更新", exact: true });
    > 12 |     await expect(page.locator("header")).toHaveCount(1);
         |                                          ^
      13 |     await expect(button).toBeVisible();
      14 |     const identity = await brand.locator(".build-identity").innerText();
      15 |     expect(identity).toMatch(
        at C:\Users\user\source\Grape\production\tests\browser\s06-brand-info.spec.ts:12:42

    attachment #1: screenshot (image/png) ──────────────────────────────────────────────────────────
    ..\..\..\production\evidence\s06\debug-hover-01\source-public-01\test-results\s06-brand-info-S06-brand-i-2ab58--stay-in-one-header-at-1440-chromium\test-failed-1.png
    ────────────────────────────────────────────────────────────────────────────────────────────────

    Error Context: ..\..\..\production\evidence\s06\debug-hover-01\source-public-01\test-results\s06-brand-info-S06-brand-i-2ab58--stay-in-one-header-at-1440-chromium\error-context.md

    attachment #3: trace (application/zip) ─────────────────────────────────────────────────────────
    ..\..\..\production\evidence\s06\debug-hover-01\source-public-01\test-results\s06-brand-info-S06-brand-i-2ab58--stay-in-one-header-at-1440-chromium\trace.zip
    Usage:

        npx playwright show-trace ..\..\..\production\evidence\s06\debug-hover-01\source-public-01\test-results\s06-brand-info-S06-brand-i-2ab58--stay-in-one-header-at-1440-chromium\trace.zip

    ────────────────────────────────────────────────────────────────────────────────────────────────

  2 failed
    [chromium] › ..\..\..\production\tests\browser\s06-brand-info.spec.ts:5:3 › S06 brand identity and updates stay in one header at 620 
    [chromium] › ..\..\..\production\tests\browser\s06-brand-info.spec.ts:5:3 › S06 brand identity and updates stay in one header at 1440 
  103 passed (2.6m)
