
Running 62 tests using 1 worker

  ok  1 [chromium] › tests\browser\s01.spec.ts:30:1 › AT-S01-01 browser: user creates connected shader, edits and sees generated GLSL (973ms)
  ok  2 [chromium] › tests\browser\s01.spec.ts:56:1 › AT-S01-03 browser: dynamic shape errors are visible, Undo restores and Redo repeats (1.1s)
  ok  3 [chromium] › tests\browser\s01.spec.ts:85:1 › AT-S01-05 browser: IndexedDB ACK save/reopen and independent JSON download/file open (1.2s)
  ok  4 [chromium] › tests\browser\s01.spec.ts:117:1 › AT-S01-02 browser: occupied and incompatible connections preserve wires and revision (898ms)
  ok  5 [chromium] › tests\browser\s01.spec.ts:142:1 › AT-S01-04 browser: draft cancel, IME guard, keyboard commit, pointer gesture Undo and cancel (707ms)
  ok  6 [chromium] › tests\browser\s01.spec.ts:184:1 › AT-S01-06 browser: two Canvas contexts keep independent selections and camera while sharing edits (761ms)
  ok  7 [chromium] › tests\browser\s01.spec.ts:243:1 › AT-S01-07 browser: delayed storage completion cannot clear a newer edit; rejection and export preserve dirty (482ms)
  ok  8 [chromium] › tests\browser\s01.spec.ts:291:1 › recovery browser: future structural document stays read-only and original can be exported (364ms)
  ok  9 [chromium] › tests\browser\s01.spec.ts:318:1 › readonly browser: fields, actions and keyboard cannot edit; unlocking restores the same value (408ms)
  ok 10 [chromium] › tests\browser\s01.spec.ts:340:1 › diagnostics locate the affected node through the active Context without adding History (863ms)
  ok 11 [chromium] › tests\browser\s01.spec.ts:364:1 › invalid UTF-8 recovery retains original bytes; closing recovery and cancelling open preserve the graph (478ms)
  ok 12 [chromium] › tests\browser\s01.spec.ts:390:1 › view failure shows shared retry placeholder and releases the failed mount (409ms)
  ok 13 [chromium] › tests\browser\s01.spec.ts:424:1 › keyboard node selection and connection buttons preserve focus; wires meet sockets after fractional zoom (850ms)
  ok 14 [chromium] › tests\browser\s01.spec.ts:458:1 › error-bearing dynamic document saves and reopens with loss evidence and generation still blocked (1.2s)
  ok 15 [chromium] › tests\browser\s01.spec.ts:499:3 › M1 browser: Float 1e21 commits and generates a valid exponent literal (896ms)
  ok 16 [chromium] › tests\browser\s01.spec.ts:499:3 › M1 browser: Multiply 1e21 commits and generates a valid exponent literal (927ms)
  ok 17 [chromium] › tests\browser\s01.spec.ts:534:1 › N1 browser: middle/right movement cannot edit nodes; primary drag still groups into one Undo (760ms)
  ok 18 [chromium] › tests\browser\s02.spec.ts:25:1 › AT-S02-01 browser: review/cancel, repair proposal and explicit one-Undo atomic acceptance (969ms)
  ok 19 [chromium] › tests\browser\s02.spec.ts:79:1 › AT-S02-01 browser: readonly and intervening edit fence publication (445ms)
  ok 20 [chromium] › tests\browser\s02.spec.ts:100:1 › AT-S02-01 browser: duplicate IDs, unknown structure and future input never expose acceptance (675ms)
  ok 21 [chromium] › tests\browser\s02.spec.ts:125:1 › AT-S02-02 browser: explicit missing-module load, move/rename, save/reopen preserve opaque state and block generation (897ms)
  ok 22 [chromium] › tests\browser\s02.spec.ts:179:1 › AT-S02-03 boundary browser: unmapped legacy remains explicit with provenance and original export (364ms)
  ok 23 [chromium] › tests\browser\s02.spec.ts:202:1 › AT-S02-04 browser: real Canvas PNG preview/export/reimport, malformed CRC and missing metadata (977ms)
  ok 24 [chromium] › tests\browser\s02.spec.ts:257:1 › AT-S02-01 browser: cancel during delayed file read fences the late review (1.2s)
  ok 25 [chromium] › tests\browser\s02.spec.ts:281:1 › M1 browser: boundary missing-module rename rejects save, retains prior ACK, then saves and reopens without opaque loss (1.1s)
  ok 26 [chromium] › tests\browser\s03-repair.spec.ts:12:1 › S03 FR01 real WebGL2 compiles supported Structure arrays and ES300 explicitly rejects admitted nested arrays (145ms)
  ok 27 [chromium] › tests\browser\s03-repair.spec.ts:101:1 › S03 EG01 browser clipboard imports TOP declarations with one slot and shows atomic native path rejection (1.0s)
  ok 28 [chromium] › tests\browser\s03-repair2.spec.ts:10:3 › S03 EG01 round2 browser rejects inline glsl.float array cross-Graph and retains Redo (758ms)
  ok 29 [chromium] › tests\browser\s03-repair2.spec.ts:10:3 › S03 EG01 round2 browser rejects inline glsl.vec2 array cross-Graph and retains Redo (747ms)
  ok 30 [chromium] › tests\browser\s03.spec.ts:50:1 › AT-S03-01/02 real nested Canvas, Inspector, interface reorder/remove and Undo (1.4s)
  ok 31 [chromium] › tests\browser\s03.spec.ts:101:1 › AT-S03-03 browser clipboard success, injected late rejection and Unicode text preserved (1.1s)
  ok 32 [chromium] › tests\browser\s03.spec.ts:149:1 › AT-S03-04 nested IME/cancel/focus and navigation cleanup use the real Inspector (595ms)
  ok 33 [chromium] › tests\browser\s03.spec.ts:190:1 › S03 structure authoring draft cancel, reorder and stale confirmation (463ms)
  ok 34 [chromium] › tests\browser\s03.spec.ts:226:1 › AT-S03-01 two Canvas occurrences share parameters and keep independent navigation (1.6s)
  ok 35 [chromium] › tests\browser\s03.spec.ts:292:1 › AT-S03-01/04 real library first edit, position-only layout, spare output and nested deletion (727ms)
  ok 36 [chromium] › tests\browser\s03.spec.ts:359:3 › G-LU-DATA-004 browser local clipboard UTF-8 budget x (1.1s)
  ok 37 [chromium] › tests\browser\s03.spec.ts:359:3 › G-LU-DATA-004 browser local clipboard UTF-8 budget 中 (1.1s)
  ok 38 [chromium] › tests\browser\s03.spec.ts:359:3 › G-LU-DATA-004 browser local clipboard UTF-8 budget 🍇 (1.2s)
  ok 39 [chromium] › tests\browser\s03.spec.ts:404:1 › AT-S03-04 nested Inspector field removal cancels a focused draft and Undo mounts fresh controls (795ms)
  ok 40 [chromium] › tests\browser\s03.spec.ts:451:1 › AT-S03-03 visible frames move with encapsulation and Undo (1.0s)
  ok 41 [chromium] › tests\browser\s03.spec.ts:481:1 › S03 Make independent and nested interface removal preserve other callers and Undo (1.7s)
  ok 42 [chromium] › tests\browser\s03.spec.ts:534:1 › S03 Structure Help is read-only and composite defaults and Escape retain saved values (1.1s)
  ok 43 [chromium] › tests\browser\s03.spec.ts:602:1 › G-LU-DATA-001 browser bad edge, capacity, stage and source rejection rolls back the complete transaction (1.6s)
  ok 44 [chromium] › tests\browser\s03.spec.ts:672:1 › S03 shared name and matrix defaults update both callers with one Undo (1.3s)
  ok 45 [chromium] › tests\browser\s03.spec.ts:730:1 › S03 clickable breadcrumbs discard stale interface drafts and selected ports (541ms)
  ok 46 [chromium] › tests\browser\s03.spec.ts:763:1 › S03 direction-specific Add16 controls preserve draft and allow output creation (1.1s)
  ok 47 [chromium] › tests\browser\s03.spec.ts:800:1 › S03 Structure description and fixed array controls keep field identity across cancel/reorder (812ms)
  ok 48 [chromium] › tests\browser\s03.spec.ts:859:1 › S03 browser cross-Graph paste imports independent closure and Undo removes it (1.8s)
  ok 49 [chromium] › tests\browser\s04.spec.ts:4:1 › S04 DEC002 all sixteen conversions execute on WebGL2 with correct components (240ms)
  ok 50 [chromium] › tests\browser\s04.spec.ts:86:1 › S04 DEC004 actual Personal literal source input nested shaders compile after export import reopen (523ms)
  ok 51 [chromium] › tests\browser\s04.spec.ts:213:1 › S04 actual IndexedDB collision concurrency relist quotas and failure isolation (268ms)
  ok 52 [chromium] › tests\browser\s04.spec.ts:307:1 › S04 DEC002 actual Canvas four shapes to current ImageOutput and edge identity Undo Redo (2.3s)
  ok 53 [chromium] › tests\browser\s04.spec.ts:357:1 › S04 actual Personal UI saves relists imports downloads and inserts independent Graph snapshots (1.6s)
  ok 54 [chromium] › tests\browser\s04.spec.ts:450:1 › S04 DEC004 browser hash-valid missing dependency scope cycle and module candidates reject atomically (291ms)
  ok 55 [chromium] › tests\browser\s05.spec.ts:22:1 › S05 AT04 AT05 real mode command reports precise loss and Undo restores entire graph; rejected activation leaves UI and history unchanged (1.3s)
  ok 56 [chromium] › tests\browser\s05.spec.ts:95:1 › S05 AT07 legacy mode UI requires explicit owner upgrade preserving original data (638ms)
  ok 57 [chromium] › tests\browser\s05.spec.ts:134:1 › S05 AT03 AT08 WebGL2 fixed shape nominal effects unconsumed nested effects and independent stage helpers (329ms)
  ok 58 [chromium] › tests\browser\s05.spec.ts:198:1 › S05 AT02 AT03 real WebGL2 distinct shared and nested caller values and Uniform parameters (228ms)
  ok 59 [chromium] › tests\browser\s05.spec.ts:283:1 › S05 mode UI persists shared choice and Make independent and Undo through real commands (1.0s)
  ok 60 [chromium] › tests\browser\s05.spec.ts:332:3 › S05 served HTTP 127.0.0.1 boots with secure IDs and exact Personal digest (1.4s)
  ok 61 [chromium] › tests\browser\s05.spec.ts:332:3 › S05 served HTTP 192.168.1.105 boots with secure IDs and exact Personal digest (1.4s)
  ok 62 [chromium] › tests\browser\s05.spec.ts:332:3 › S05 served HTTP 100.83.88.97 boots with secure IDs and exact Personal digest (1.4s)

  62 passed (58.6s)
[WebServer] (node:53444) Warning: The 'NO_COLOR' env is ignored due to the 'FORCE_COLOR' env being set.
[WebServer] (Use `node --trace-warnings ...` to show where the warning was created)
(node:16404) Warning: The 'NO_COLOR' env is ignored due to the 'FORCE_COLOR' env being set.
(Use `node --trace-warnings ...` to show where the warning was created)
