{
  "samples": 12,
  "entries": [
    {
      "file": "shared-expand.grape.json",
      "sha256": "71912170544675c6fe6a4266b9b16905807ce7f920105b0ce6f0ae6b0bb29ff9",
      "bytes": 19018,
      "kind": "document",
      "purpose": "shared-expand",
      "generation": "success",
      "diagnostics": []
    },
    {
      "file": "shared-function.grape.json",
      "sha256": "f4cd1a04fd3a28ad0695ea49d4f99a4c164627a59c2aef1df47f5afef3a5bf7b",
      "bytes": 19020,
      "kind": "document",
      "purpose": "shared-function",
      "generation": "success",
      "diagnostics": []
    },
    {
      "file": "shared-function.personal.json",
      "sha256": "b5c40f599a6015eeb695187342b82d4bf2180ea266ba8b6684319bab95d31438",
      "bytes": 8446,
      "kind": "Personal",
      "contentHash": "d97ccaab907e0a07eef8f88a42f3f2062e964a49eeb915341c5b12795e3f4a27",
      "purpose": "Import through Personal files, select and insert; function mode and exact dependency closure retained."
    },
    {
      "file": "nested-function.grape.json",
      "sha256": "606f16e8de380b5355a8498e73f106a5feb17e933ebc1b394383e9c685f9b48c",
      "bytes": 26428,
      "kind": "document",
      "purpose": "nested-function",
      "generation": "success",
      "diagnostics": []
    },
    {
      "file": "uniform-function.grape.json",
      "sha256": "f32a5e71739a24a03a88fa92e0374d44eb75933523b5da2701a399d1588d7fe9",
      "bytes": 21233,
      "kind": "document",
      "purpose": "uniform-function",
      "generation": "success",
      "diagnostics": []
    },
    {
      "file": "constant-detach.grape.json",
      "sha256": "a056b93e4daa33e22116e3f1753ccd5fe05f58102680f07629bbaa32755be568",
      "bytes": 20676,
      "kind": "document",
      "purpose": "constant-detach",
      "generation": "success",
      "diagnostics": []
    },
    {
      "file": "activation-rejected.grape.json",
      "sha256": "0f565fa91cc91b8bee570487583815b08d6cca94bceb8cb274d0e84e4a3c7617",
      "bytes": 20782,
      "kind": "document",
      "purpose": "activation-rejected",
      "generation": "success",
      "diagnostics": []
    },
    {
      "file": "shape-array.grape.json",
      "sha256": "8d0f2c256f8869d5a9028ffe93a126acc9021916a3999b5571de8fec4b34c7c6",
      "bytes": 15813,
      "kind": "document",
      "purpose": "Fixed shape/nominal function parameter; numeric shader results are in browser evidence.",
      "generation": "success",
      "diagnostics": []
    },
    {
      "file": "shape-nominal.grape.json",
      "sha256": "de45a406976b76166b15a5a58955f7bc0c9add7daf1516d422479d51e007facc",
      "bytes": 12740,
      "kind": "document",
      "purpose": "Fixed shape/nominal function parameter; numeric shader results are in browser evidence.",
      "generation": "success",
      "diagnostics": []
    },
    {
      "file": "pixel-effects.grape.json",
      "sha256": "5834c1cf55a5b30534f7e0fa0a72e106f05daff600e0e59342cd60b2fbade6f0",
      "bytes": 19381,
      "kind": "document",
      "purpose": "Two outputs, one depth/discard evaluation per caller.",
      "generation": "success",
      "diagnostics": []
    },
    {
      "file": "vertex-pixel.grape.json",
      "sha256": "5c8f3a4e8b3be373422c7975926b5f251a6df5f365ff3d2c10f5031b33b2f644",
      "bytes": 15442,
      "kind": "document",
      "purpose": "Same function definition in independent vertex and pixel shaders.",
      "generation": "success",
      "diagnostics": []
    },
    {
      "file": "legacy-owner.grape.json",
      "sha256": "9acc5011baa073918d7e7bfdf2577de5ed545cabe991d2359eb1994321fdd485",
      "bytes": 9692,
      "kind": "document",
      "purpose": "Use explicit Upgrade subgraph owners; no silent old owner migration.",
      "generation": "failed",
      "diagnostics": [
        {
          "code": "INPUT_REQUIRED",
          "message": "Connect the required input.",
          "severity": "error",
          "messageRef": {
            "owner": {
              "moduleId": "grape.core",
              "version": "0.1.0",
              "fingerprint": "core-s01-v1",
              "namespace": "grape.core",
              "catalogVersion": 1
            },
            "key": "INPUT_REQUIRED",
            "fallback": "Connect the required input."
          },
          "subject": {
            "graphId": "id-8",
            "stageId": "id-13",
            "nodeId": "id-12",
            "portKey": "color"
          }
        }
      ]
    }
  ]
}
(node:51732) ExperimentalWarning: Transform Types is an experimental feature and might change at any time
(Use `node --trace-warnings ...` to show where the warning was created)
