✔ production ownership manifest covers every source and rejects mutation/platform/extension violations (1067.6678ms)
✔ S02 conformance: replacement uses one public Graph batch, isolates observers and retains two Context identities (12.7449ms)
✔ S02 conformance: direct replacement rejects model Error without modifying document/history (2.5627ms)
✔ M2: direct replacement atomically rejects malformed position component before publication (1.8248ms)
✔ M2: direct replacement atomically rejects malformed position length before publication (1.5945ms)
✔ M2: direct replacement atomically rejects duplicate recovery IDs before publication (1.7149ms)
✔ M2: direct replacement atomically rejects unknown envelope field before publication (1.5382ms)
✔ M2: direct replacement atomically rejects unknown node field before publication (1.4833ms)
✔ M2: direct replacement atomically rejects unknown endpoint field before publication (1.6637ms)
✔ M2: catching invalid replacement cannot publish earlier edits in the same batch (1.5438ms)
✔ M2: valid detached replacement publishes once and retains exact Undo/Redo content (3.397ms)
✔ L10N exact owner, parent/default/inline fallback and plain interpolation leave model/history/generation unchanged (1.6623ms)
✔ L10N atomic duplicate/malformed rejection, revision CAS and immutable detached catalogs (0.3541ms)
✔ L10N observer errors/reentry are isolated, cleanup cancels later delivery, disposed service rejects (0.1674ms)
✔ PC authority: declaration is not grant; render/async/outside event denied, same mounted event succeeds (6.5986ms)
✔ PC gesture: origin guard, one operation, cross-Panel lease rejection and latest lease required (3.5571ms)
✔ PC move/hide cancel pointer gesture and drain new leases before workspace action returns (6.9326ms)
✔ PC render failure cancels only unfinished operation after publication, with no reentrant mutation (2.3311ms)
✔ PC same ID reuse and old scope registrations remain revoked (1.4947ms)
✔ VM resources: cleanup in reverse order, failure isolation, stale async tickets, no render reentrancy (0.2617ms)
✔ two independently registered Panels and two Widget view shapes share lifecycle without feature dispatch (0.8104ms)
✔ VM mount/capture/update reentrancy revokes scope and preserves placeholder; explicit retry recovers (0.3232ms)
✔ VM subscription failure releases acquired subscriptions and cannot pretend to mount (0.1089ms)
✔ PC application denies every editing command while readonly or history busy; field binding invalidates (3.7232ms)
✔ AT-S01-01: Float × Multiply → Compose emits pinned host-free GLSL without mutation (2.7485ms)
✔ AT-S01-02: direction, cross-network, occupied input, cycle and type failures are atomic (1.9757ms)
✔ AT-S01-03: mode change captures complete prior ports, edge plans and loss; undo/redo and reload (4.9838ms)
✔ AT-S01-04: multi-batch operation, cancel/no-op redo, expired draft and async draft (4.4451ms)
✔ AT-S01-08: projection before observers, reentrant writes reject and throwing observer does not roll back (1.7895ms)
✔ AT-S01-06: contexts share model and clean selection before external observation (2.4603ms)
✔ scoped field token rejects value ABA, busy, connected and dead targets; unrelated movement preserves token (3.7947ms)
✔ all model errors including unused nodes block generation; fixed definitions and boundaries remain protected (1.7674ms)
✔ generation rejects missing/extra declared boundary output even when a module emits an incomplete map (1.7566ms)
✔ shared type environment rejects unknown identity and permits explicitly registered nominal types without changing core dispatch (0.4532ms)
✔ AT-S01-02: endpoints in two real Stage networks cannot be cross-connected (1.942ms)
✔ unknown Stage slots block generation; duplicate slot identities reject before hydration (3.493ms)
✔ M1 reviewer counterexample: float 1e21 generates a valid GLSL floating constant (1.9277ms)
✔ M1 reviewer counterexample: multiply 1e21 generates a valid GLSL floating constant (2.5528ms)
✔ M1 literal grammar and value roundtrip cover integers, decimals, signs and exponent-form values (0.2316ms)
✔ M1 all finite float32 exponent bins and representative mantissas have legal value-preserving literals (1.7365ms)
✔ M1 admitted boundary/representative values remain editable and compile through both production literal paths (24.5866ms)
✔ AT-S01-05: document identity, complete content, new lifetime/empty history and semantic regeneration (2.3093ms)
✔ AT-S01-07: ACK of A never marks B saved, rejection and SAVE_BUSY retain baseline; download is separate (3.9515ms)
✔ old saved handle cannot attach to same persistent IDs after reload (2.4286ms)
✔ wire unknown structure, unsupported version/operation/tag, malformed known data precedence and original retention (1.9731ms)
✔ writer refuses executable/hidden values, sparse arrays, nonfinite numbers and altered prototypes without invoking getters (1.7825ms)
✔ missing exact module preserves opaque state and last port policy; loss payload is never activated (2.9553ms)
✔ forged stored conversion remains saveable but cannot generate (1.9714ms)
✔ prototype-named unknown structural keys and non-JSON whitespace are not silently accepted (1.8923ms)
✔ unrelated edits preserve forged connection evidence rather than silently repairing it (2.2255ms)
✔ pending storage open cannot replace a newer edit or document lifetime (2.1429ms)
✔ unrelated edits retain explicit invalid-edge evidence even when its stored plan is structurally valid (2.206ms)
✔ AT-S02-04 PNG: CRC oracle, roundtrip, repeated wrapping and unowned chunks preserve bytes (7.6575ms)
✔ AT-S02-04 PNG: malformed CRC, missing metadata, duplicate metadata, compression and malformed envelope are named rejections (3.8548ms)
✔ AT-S02-04 PNG: structural boundaries, file/chunk/metadata limits and invalid UTF-8 never decode pixels or compressed text (88.5538ms)
✔ AT-S02-04 PNG: ASCII/CJK/non-BMP budgets match text intake and preserve canonical graph (138.779ms)
✔ AT-S02-01: detached inspection/cancel/raw retention and one atomic replacement with Context continuity and Undo/Redo (6.3231ms)
✔ AT-S02-01: base revision, content, lifetime, readonly, busy and fabricated review fences (17.3467ms)
✔ AT-S02-01: invalid/future/duplicate IDs/unknown structure have explicit outcomes and never publish (6.593ms)
✔ AT-S02-01: only explicit layout repair yields a candidate; unknown endpoints/references are never guessed (14.1776ms)
✔ AT-S02-01: mismatched exact pins cannot replace the destination; failed replacement is atomic (3.764ms)
✔ AT-S02-02: missing exact module survives move/rename/save/reopen; exact restoration invokes codec and never substitutes latest (7.7101ms)
✔ AT-S02-03 boundary: foreign/legacy input is retained with explicit unresolved Gate, never implicit conversion or archive execution (0.6951ms)
✔ AT-S02-04: ASCII/CJK/non-BMP UTF-8 exact byte budget produces deterministic results without truncation (24.767ms)
✔ AT-S02-04: network budgets, duplicate JSON keys, unknown nested structure and opaque fields are independently checked (16.8204ms)
✔ S03 Group17 retains a draft, compilation rejects per-direction limit, Undo restores original (52.1931ms)
✔ S03 64-definition destination rejects independence and imported 65th atomically (1130.3586ms)
✔ S03 nested nodes overflow rejects before paste publication (18.8773ms)
✔ S03 nested edges overflow rejects before paste publication (19.3062ms)
✔ S03 symbolic extents require int/uint sources, only outer dimension and pure compilation (4.9146ms)
✔ S03 New may retain a 257-node draft; generation and save reject it without losing the draft (105.3969ms)
✔ S03 partial frames stay outside clipboard; pasted relative positions retain a common offset (4.3235ms)
✔ S03 persisted nested source is preserved while new nested source admission remains rejected (5.0223ms)
✔ S03 scalar/vector/matrix sources transfer; composite source reuses only within its source lifetime (21.5755ms)
✔ S03 FR01 admitted nested Structure arrays fail ES300 profile without artifacts; one dimension succeeds (5.6754ms)
✔ S03 FR02 independence remaps mixed parent and shared child owner references with Undo/Redo (41.3088ms)
✔ S03 FR02 independence remaps mixed parent and cloned child owner references with Undo/Redo (43.0484ms)
✔ S03 FR02 incomplete shared-child node address rejects independence atomically (9.4033ms)
✔ S03 FR03 editing inner Structure validates dependent depth16 and preserves Redo on depth17 rejection (15.5372ms)
✔ S03 FR03 affected dependent expansion and vector component budgets reject atomically (3.3109ms)
✔ S03 EG01 native array constructor2048, clipboard2048 boundary and same-load reuse (4.8879ms)
✔ S03 EG01 native array constructor2049, clipboard2048 boundary and same-load reuse (5.3592ms)
✔ S03 EG01 native array constructor4096, clipboard2048 boundary and same-load reuse (5.5195ms)
✔ S03 EG01 native array constructor4097 rejects atomically (2.3357ms)
✔ S03 EG01 sampler clipboard path2048 admission (3.2387ms)
✔ S03 EG01 sampler clipboard path2049 admission (3.0929ms)
✔ S03 EG01 native arrays admit float/vec2/vec3/vec4 and remap symbolic length closure (19.3091ms)
✔ S03 EG01 native arrays reject matrix/nested/expressions and invalid length owner types (8.2487ms)
✔ S03 EG01 TOP declarations clone while source+origin slots reuse, defaults persist, and Undo/Redo/save preserve identity (13.4464ms)
✔ S03 EG01 specialization import allocates minimal vacant ID0,2 ->1 (4.3032ms)
✔ S03 EG01 unsupported target, unavailable owner and throwing owner reject without publication (6.0927ms)
✔ S03 EG01 numeric uniform scalar/vector/matrix transfer remains independent and generation is explicit unavailable (15.8842ms)
✔ S03 FR03 registered resource types cannot become Structure fields (1.8742ms)
✔ S03 EG01 exact provider/target ownership and imported descriptor failures stay atomic (3.9657ms)
✔ S03 EG01 round2 implicit constant array@["glsl.float",2] preserves same-load reuse and rejects real cross-Graph and fresh-load publication (9.1225ms)
✔ S03 EG01 round2 constant array@["glsl.float",2] preserves same-load reuse and rejects real cross-Graph and fresh-load publication (8.9858ms)
✔ S03 EG01 round2 uniform array@["glsl.float",2] preserves same-load reuse and rejects real cross-Graph and fresh-load publication (9.4242ms)
✔ S03 EG01 round2 implicit constant array@["glsl.vec2",2] preserves same-load reuse and rejects real cross-Graph and fresh-load publication (9.4477ms)
✔ S03 EG01 round2 constant array@["glsl.vec2",2] preserves same-load reuse and rejects real cross-Graph and fresh-load publication (8.7124ms)
✔ S03 EG01 round2 uniform array@["glsl.vec2",2] preserves same-load reuse and rejects real cross-Graph and fresh-load publication (10.2078ms)
✔ S03 EG01 round2 scalar/vector/matrix constants and uniforms still cross actual Graph and fresh load (48.0278ms)
✔ S03 custom declared/state closure same-Graph remaps identities only and Undo/Redo (6.9834ms)
✔ S03 custom declared/state closure cross-Graph remaps identities only and Undo/Redo (7.0127ms)
✔ S03 grouping an existing caller preserves child-owned frame node addresses (10.4921ms)
✔ S03 owner collect/remap throws and escaping/incomplete references reject atomically with Redo preserved (7.4603ms)
✔ S03 custom resources follow encapsulation and direct independence, ordinary dependencies remain shared (15.5253ms)
✔ S03 encapsulation deduplicates crossing interfaces, shared generation is pure, Undo restores all references (6.4038ms)
✔ S03 interface rename/reorder/type/removal reconciles every caller once and Undo restores values/invalid edges/loss (9.1996ms)
✔ S03 nested resource callers including unused ancestors reconcile child interface (10.3583ms)
✔ S03 library position keeps identity, semantic edit forks target and library ancestors and local refs atomically (21.0322ms)
✔ S03 direct make independent clones direct definition, shares dependencies and remaps own boundary (16.1642ms)
✔ S03 same-load clipboard reuses current source; cross-graph remaps resources and preserves text (6.0806ms)
✔ S03 clipboard typed native symbolic array closure remaps only semantic references (5.2644ms)
✔ S03 late bad edge, escaping refs, forbidden source and missing closure reject without nodes/resources/history/notifications (5.5296ms)
✔ S03 source selection stays outside encapsulation; boundary-only grouping is no-op and preserves redo (3.6034ms)
✔ S03 structure drafts retain stable fields, reject recursion and block deletion while referenced (1.9538ms)
✔ S03 contexts distinguish occurrences; nested scoped targets never revive after navigation and Undo (11.345ms)
✔ S03 library snapshot position edit retains origin, first semantic edit forks and old source remains immutable (6.826ms)
✔ S03 nested delete and required boundary protection use the canonical Graph (4.4908ms)
✔ S03 library ancestor traversal crosses local parents (27.8873ms)
✔ S03 spare-port creation and first edge are one Undo entry with stable keys (6.8056ms)
✔ S03 whole frames travel through grouping and cross-Graph clipboard with fresh identities (9.0297ms)
✔ S03 vector/matrix reshape retains override components and defaults follow interface defaults (5.2987ms)
✔ S03 malformed resource envelopes, missing boundaries and nominal conflicts reject atomically (6.4816ms)
✔ S03 source admission cannot be bypassed by nested add, grouping or pasted nodes (4.193ms)
✔ S03 layout proposal rejects navigation ABA, semantic fork and Undo (8.1939ms)
✔ S03 clipboard rejects forged hydrated plans and invalid edge evidence (2.9052ms)
✔ S03 empty library paste preserves origin, selection-independent History and Redo (6.9517ms)
✔ S03 packet-wide network identity collisions and malformed reused resource envelopes reject (4.7862ms)
✔ S03 source transfer uses actual load identity and reopened documents cannot forge same-load reuse (2.8297ms)
✔ S03 structure emission is read-only, nominally declared once, field deletion preserves invalid edges and Undo (5.6213ms)
✔ S03 accepted paste requires a valid destination and direct whole frames survive clipboard (3.9357ms)
✔ S03 scoped parameters and proposals from identical persistent IDs expire across a new load (7.4246ms)
✔ S03 library grouping resolves the forked canonical network (5.976ms)
✔ S03 local child semantic edit forks its library ancestor (17.7153ms)
✔ S03 explicit override equal to default survives interface defaults and save/reload (11.13ms)
✔ S03 direct independence preserves nonowned state, declared references and typed frame resources (11.4377ms)
✔ S03 encapsulation rejects cross-scope node references despite matching local IDs (1.7063ms)
✔ S03 New creates Value vec4 passthrough; shared rename retains instance names and no-op keeps library identity (11.7323ms)
✔ S03 explicit interface Add stops at16 per direction without erasing preserved oversized draft (13.1272ms)
✔ S03 structure authoring validates count, names, description, nested fixed arrays, recursion/depth and expansion (422.7077ms)
✔ S03 large external array declarations survive metadata edits; materialization remains bounded (3.3246ms)
✔ S03 type tokens retain eight dimensions and reject extra tuple fields (1.8203ms)
✔ S03 disconnected output boundary follows shared output defaults (7.3066ms)
✔ S03 inline array construction and same-load reuse allow2049 elements; cross-Graph clipboard rejects composites (19.7656ms)
✔ S03 nested input link ABA invalidates old edit tokens without changing History on rejection (16.0875ms)
✔ S03 shared same-key type changes reject stale caller tokens and removed handles never revive (10.0585ms)
✔ S03 cross-Graph nominal closure remaps nested structures and Undo removes the full insertion (6.7991ms)
✔ S03 reusable definition cycles reject atomically including unused dependencies (11.4095ms)
✔ S04 Personal complete owner payload and typed references survive reuse fork and absent Library source (50.5856ms)
✔ S04 DEC004 same-name destination sources retain distinct identity and changed imported bindings regenerate (461.6965ms)
✔ S04 Personal malformed envelope checksum and unsupported owner reject before provider writes; list deduplicates renamed files (32.4709ms)
✔ S04 DEC002 one-source fanout does not mutate source or existing conversions and pad failures agree (20.7097ms)
✔ S04 Personal root owner remap and input-bound Independent retain complete typed scope (82.438ms)
✔ S04 stored inherited v2 and pad plans retain complete extensions through Personal shared import and reopen (28.5417ms)
✔ S04 shipped basic Library snapshot compiles after semantic fork and Personal roundtrip (12.5967ms)
✔ S04 Personal canonical package preserves snapshots, same-version reuse, independent and collision-safe filenames (32.5404ms)
✔ S04 DEC002 all16 default float plans, version fences and current ImageOutput compile (2.1433ms)
✔ S04 AC001 additive envelope upgrade retains exact pins and inactive evidence, fences v2 under2.0 (1.859ms)
✔ S04 DEC004 literal Personal typed closure survives canonical export import save reopen generation (36.2138ms)
✔ S04 DEC004 source Personal typed closure survives canonical export import save reopen generation (82.3049ms)
✔ S04 DEC004 direct-source Personal typed closure survives canonical export import save reopen generation (37.7011ms)
✔ S04 DEC004 input Personal typed closure survives canonical export import save reopen generation (84.2891ms)
✔ S04 DEC004 input-bound length uses caller override and rejects conflicting caller sources (21.9396ms)
✔ S04 DEC004 nested shared input bindings remap through Personal and remain independent after semantic fork and reinsert (411.3855ms)
✔ S04 AC001 inactive owner network resources and unknown wrapper versions preserve the version fence (5.3694ms)
✔ S04 DEC004 rejected literal/source/input/nested candidates are atomic through Application with valid checksums (213.4876ms)
✔ S04 Personal Library per-file isolation, safe names, duplicate-at-capacity and provider failures leave existing assets unchanged (34.7621ms)
✔ S04 AC001 unchanged accepted reader and exact old/new definition boundaries (2.7909ms)
✔ S04 inherited v2 plans preserve extensions across hydration move clipboard nested and Personal (16.0144ms)
✔ S04 current exact source owner supports new image descriptors without retargeting legacy owner (1.0045ms)
✔ S04 DEC004 required int length input qualifies with an actual constant supply and changed caller defaults regenerate (113.585ms)
✔ S05 drag repair root reads one fresh snapshot and retains immutable earlier projections (3.0537ms)
✔ S05 drag repair nested reads one fresh snapshot and retains immutable earlier projections (9.4539ms)
✔ S05 drag repair preserves readonly and busy notification values while movement keeps field token (3.2529ms)
✔ S05 replacement eligibility keeps source validity separate and exact mismatch refusal atomic (11.9573ms)
✔ S05 matching replacement preserves Graph load and Context identity with one full-content Undo Redo (13.0973ms)
✔ S05 replacement eligibility and command retain stale cancelled invalid readonly and fabricated guards (30.6673ms)
✔ S05 model preflight and publication share exact kind and ordered-pin refusal without History (4.9247ms)
✔ S05-FR-001 complete program preserves distinct and reversed shared Uniform identity in all emission modes (547.6544ms)
✔ S05-FR-001 same-stage same resource type conflict fails without artifacts or Graph changes (14.7127ms)
✔ S05-FR-001 same-stage same resource default conflict fails without artifacts or Graph changes (13.6145ms)
✔ S05-FR-001 cross-stage same resource type conflict fails without artifacts or Graph changes (13.815ms)
✔ S05-FR-001 cross-stage same resource default conflict fails without artifacts or Graph changes (16.9814ms)
✔ S05 fixed float: literals inside Function stay constant while formal and result are runtime (35.3655ms)
✔ S05 fixed float: defaults fixed schema every stage and mode with pure generation and roundtrip (239.0458ms)
✔ S05 fixed float: bad payloads unused errors atomic commands fixed source and constant distinction (3.8101ms)
✔ S05 fixed float: scoped two-context edits one Undo and stale token preserve History (6.4063ms)
✔ S05 fixed float: shared Function and Personal owner closure retain exact values (19.2519ms)
✔ S05 fixed vec2: literals inside Function stay constant while formal and result are runtime (33.1156ms)
✔ S05 fixed vec2: defaults fixed schema every stage and mode with pure generation and roundtrip (243.9171ms)
✔ S05 fixed vec2: bad payloads unused errors atomic commands fixed source and constant distinction (4.6825ms)
✔ S05 fixed vec2: scoped two-context edits one Undo and stale token preserve History (6.445ms)
✔ S05 fixed vec2: shared Function and Personal owner closure retain exact values (20.5693ms)
✔ S05 fixed vec3: literals inside Function stay constant while formal and result are runtime (33.1009ms)
✔ S05 fixed vec3: defaults fixed schema every stage and mode with pure generation and roundtrip (270.9507ms)
✔ S05 fixed vec3: bad payloads unused errors atomic commands fixed source and constant distinction (4.1826ms)
✔ S05 fixed vec3: scoped two-context edits one Undo and stale token preserve History (6.4773ms)
✔ S05 fixed vec3: shared Function and Personal owner closure retain exact values (21.5832ms)
✔ S05 fixed color: literals inside Function stay constant while formal and result are runtime (38.7239ms)
✔ S05 fixed color: defaults fixed schema every stage and mode with pure generation and roundtrip (261.2795ms)
✔ S05 fixed color: bad payloads unused errors atomic commands fixed source and constant distinction (4.9201ms)
✔ S05 fixed color: scoped two-context edits one Undo and stale token preserve History (6.9606ms)
✔ S05 fixed color: shared Function and Personal owner closure retain exact values (22.8824ms)
✔ S05 AT03 source/literal shape extents stay fixed; input-bound scalar extent cannot specialize a function (84.6389ms)
✔ S05 AT04 pre-existing malformed constant edge and authored losses are preserved (17.5823ms)
✔ S05 AT04 AT05 unused shared dependent definitions localize and detach atomically with Redo exact (63.1749ms)
✔ S05 AT08 multioutput and unconsumed nested effects have one evaluation per occurrence and stage-local helpers (40.5028ms)
✔ S05 AT08 two live depth writer occurrences reject even when one helper body is deduplicated (18.8989ms)
✔ S05 AT01 definition default shared mode independent and no-op History (27.3702ms)
✔ S05 AT02 one helper per definition and distinct caller arguments; nested helpers are dependency ordered (32.2839ms)
✔ S05 AT03 ordinary inputs are runtime even when all callers pass constants; dead constant uses reject atomically (25.2586ms)
✔ S05 AT03 Uniform parameter binding is runtime; ordinary connection rejects constant receiver without publication (15.4595ms)
✔ S05 AT04 AT05 transitive newly-invalid consumer edges detach once with losses, Undo/Redo and required error (26.8449ms)
✔ S05 AT06 function Personal roundtrip reuses mode, localizes once and preserves source bytes (64.1777ms)
✔ S05 AT06 DEC004 upgraded literal source input and nested Personal retain selected eligible modes through exchange (528.3212ms)
✔ S05 AT07 explicit owner upgrade preserves old pins/body/origin and unknown mode never defaults (8.5402ms)
✔ S05 AT09 later invalid edit and load retain function mode; diagnostic names shared definition and related calls (20.3816ms)
✔ S05 AT10 body/mode/profile changes create fresh artifacts and old snapshot is immutable (56.121ms)
✔ S05 HTTP provider SHA256 canonical bytes known vectors and secure UUIDv4 fail-closed (42.6702ms)
✔ S06 catalog is a detached read over exact document pins and current occurrence stage (3.5392ms)
✔ S06 source/name/category literal rank uses NFKC, aliases and all terms without regular expressions (2.8016ms)
✔ S06 stale creation proposals reject revision, navigation ABA, load and readonly without model or History writes (11.9162ms)
✔ S06 connected creation replaces an occupied exact input atomically and Undo restores it (22.9835ms)
✔ S06 query disposable IDs do not collide with admitted persistent IDs and consume no canonical identity (5.9895ms)
✔ S06 forged reference and mismatched matching-port proposals reject before any model publication (41.6163ms)
✔ S06 reference catalog excludes nested source admission without publishing query changes (22.4075ms)
✔ S06 configured Compose preview and published schema/edge agree in one transaction and one Undo/Redo (63.9706ms)
✔ S06 configured creation rejects invalid missing and non-choice parameters atomically preserving Redo and expired Draft (3.3802ms)
✔ S06 configured creation preserves library fork/reference atomicity and rolls back a rejected choice (6.6954ms)
✔ S06 configured creation keeps initializer descriptor, owner codec and reference validation before publication (2.4144ms)
✔ S06 configured creation followed by failed connection rolls back the full batch (0.5881ms)
✔ M1: missing-module boundary x rename rejects save before ACK without data loss (16.9542ms)
✔ M1: missing-module boundary 中 rename rejects save before ACK without data loss (13.9001ms)
✔ M1: missing-module boundary 🍇 rename rejects save before ACK without data loss (18.7093ms)
✔ M1: compact fallback validates actual emitted bytes at and beyond the budget (10.1841ms)
✔ M1: nodes at/beyond network limit obey save/reopen invariant (20.2917ms)
✔ M1: edges at/beyond network limit obey save/reopen invariant (39.2448ms)
✔ M1: editing beyond network capacity cannot acknowledge a save or erase the previous saved document (87.2261ms)
ℹ tests 239
ℹ suites 0
ℹ pass 239
ℹ fail 0
ℹ cancelled 0
ℹ skipped 0
ℹ todo 0
ℹ duration_ms 9542.7129
(node:45596) ExperimentalWarning: Transform Types is an experimental feature and might change at any time
(Use `node --trace-warnings ...` to show where the warning was created)
