✔ production ownership manifest covers every source and rejects mutation/platform/extension violations (1087.8796ms)
✔ S02 conformance: replacement uses one public Graph batch, isolates observers and retains two Context identities (13.1701ms)
✔ S02 conformance: direct replacement rejects model Error without modifying document/history (2.6721ms)
✔ M2: direct replacement atomically rejects malformed position component before publication (2.0607ms)
✔ M2: direct replacement atomically rejects malformed position length before publication (1.5435ms)
✔ M2: direct replacement atomically rejects duplicate recovery IDs before publication (1.6877ms)
✔ M2: direct replacement atomically rejects unknown envelope field before publication (1.6371ms)
✔ M2: direct replacement atomically rejects unknown node field before publication (1.6824ms)
✔ M2: direct replacement atomically rejects unknown endpoint field before publication (1.6476ms)
✔ M2: catching invalid replacement cannot publish earlier edits in the same batch (1.6052ms)
✔ M2: valid detached replacement publishes once and retains exact Undo/Redo content (3.9436ms)
✔ L10N exact owner, parent/default/inline fallback and plain interpolation leave model/history/generation unchanged (1.9273ms)
✔ L10N atomic duplicate/malformed rejection, revision CAS and immutable detached catalogs (0.4354ms)
✔ L10N observer errors/reentry are isolated, cleanup cancels later delivery, disposed service rejects (0.1861ms)
✔ PC authority: declaration is not grant; render/async/outside event denied, same mounted event succeeds (3.582ms)
✔ PC gesture: origin guard, one operation, cross-Panel lease rejection and latest lease required (3.6305ms)
✔ PC move/hide cancel pointer gesture and drain new leases before workspace action returns (11.6395ms)
✔ PC render failure cancels only unfinished operation after publication, with no reentrant mutation (2.8789ms)
✔ PC same ID reuse and old scope registrations remain revoked (1.7383ms)
✔ VM resources: cleanup in reverse order, failure isolation, stale async tickets, no render reentrancy (0.2685ms)
✔ two independently registered Panels and two Widget view shapes share lifecycle without feature dispatch (0.9455ms)
✔ VM mount/capture/update reentrancy revokes scope and preserves placeholder; explicit retry recovers (0.237ms)
✔ VM subscription failure releases acquired subscriptions and cannot pretend to mount (0.1727ms)
✔ PC application denies every editing command while readonly or history busy; field binding invalidates (3.9335ms)
✔ AT-S01-01: Float × Multiply → Compose emits pinned host-free GLSL without mutation (2.8737ms)
✔ AT-S01-02: direction, cross-network, occupied input, cycle and type failures are atomic (2.0591ms)
✔ AT-S01-03: mode change captures complete prior ports, edge plans and loss; undo/redo and reload (7.2757ms)
✔ AT-S01-04: multi-batch operation, cancel/no-op redo, expired draft and async draft (5.6791ms)
✔ AT-S01-08: projection before observers, reentrant writes reject and throwing observer does not roll back (1.8776ms)
✔ AT-S01-06: contexts share model and clean selection before external observation (2.8105ms)
✔ scoped field token rejects value ABA, busy, connected and dead targets; unrelated movement preserves token (5.6599ms)
✔ all model errors including unused nodes block generation; fixed definitions and boundaries remain protected (2.2474ms)
✔ generation rejects missing/extra declared boundary output even when a module emits an incomplete map (2.6397ms)
✔ shared type environment rejects unknown identity and permits explicitly registered nominal types without changing core dispatch (0.5158ms)
✔ AT-S01-02: endpoints in two real Stage networks cannot be cross-connected (2.6064ms)
✔ unknown Stage slots block generation; duplicate slot identities reject before hydration (4.9359ms)
✔ M1 reviewer counterexample: float 1e21 generates a valid GLSL floating constant (2.1374ms)
✔ M1 reviewer counterexample: multiply 1e21 generates a valid GLSL floating constant (2.515ms)
✔ M1 literal grammar and value roundtrip cover integers, decimals, signs and exponent-form values (0.2905ms)
✔ M1 all finite float32 exponent bins and representative mantissas have legal value-preserving literals (2.3717ms)
✔ M1 admitted boundary/representative values remain editable and compile through both production literal paths (33.4857ms)
✔ AT-S01-05: document identity, complete content, new lifetime/empty history and semantic regeneration (2.8081ms)
✔ AT-S01-07: ACK of A never marks B saved, rejection and SAVE_BUSY retain baseline; download is separate (5.083ms)
✔ old saved handle cannot attach to same persistent IDs after reload (3.1233ms)
✔ wire unknown structure, unsupported version/operation/tag, malformed known data precedence and original retention (2.778ms)
✔ writer refuses executable/hidden values, sparse arrays, nonfinite numbers and altered prototypes without invoking getters (1.7137ms)
✔ missing exact module preserves opaque state and last port policy; loss payload is never activated (3.0865ms)
✔ forged stored conversion remains saveable but cannot generate (3.0442ms)
✔ prototype-named unknown structural keys and non-JSON whitespace are not silently accepted (2.9126ms)
✔ unrelated edits preserve forged connection evidence rather than silently repairing it (3.1585ms)
✔ pending storage open cannot replace a newer edit or document lifetime (2.4745ms)
✔ unrelated edits retain explicit invalid-edge evidence even when its stored plan is structurally valid (3.0382ms)
✔ AT-S02-04 PNG: CRC oracle, roundtrip, repeated wrapping and unowned chunks preserve bytes (8.569ms)
✔ AT-S02-04 PNG: malformed CRC, missing metadata, duplicate metadata, compression and malformed envelope are named rejections (3.9446ms)
✔ AT-S02-04 PNG: structural boundaries, file/chunk/metadata limits and invalid UTF-8 never decode pixels or compressed text (108.5086ms)
✔ AT-S02-04 PNG: ASCII/CJK/non-BMP budgets match text intake and preserve canonical graph (151.168ms)
✔ AT-S02-01: detached inspection/cancel/raw retention and one atomic replacement with Context continuity and Undo/Redo (7.3218ms)
✔ AT-S02-01: base revision, content, lifetime, readonly, busy and fabricated review fences (21.609ms)
✔ AT-S02-01: invalid/future/duplicate IDs/unknown structure have explicit outcomes and never publish (13.3008ms)
✔ AT-S02-01: only explicit layout repair yields a candidate; unknown endpoints/references are never guessed (14.9712ms)
✔ AT-S02-01: mismatched exact pins cannot replace the destination; failed replacement is atomic (3.0003ms)
✔ AT-S02-02: missing exact module survives move/rename/save/reopen; exact restoration invokes codec and never substitutes latest (9.5906ms)
✔ AT-S02-03 boundary: foreign/legacy input is retained with explicit unresolved Gate, never implicit conversion or archive execution (0.6796ms)
✔ AT-S02-04: ASCII/CJK/non-BMP UTF-8 exact byte budget produces deterministic results without truncation (28.9844ms)
✔ AT-S02-04: network budgets, duplicate JSON keys, unknown nested structure and opaque fields are independently checked (14.8309ms)
✔ S03 Group17 retains a draft, compilation rejects per-direction limit, Undo restores original (65.9923ms)
✔ S03 64-definition destination rejects independence and imported 65th atomically (1377.2042ms)
✔ S03 nested nodes overflow rejects before paste publication (23.8498ms)
✔ S03 nested edges overflow rejects before paste publication (29.8205ms)
✔ S03 symbolic extents require int/uint sources, only outer dimension and pure compilation (5.0412ms)
✔ S03 New may retain a 257-node draft; generation and save reject it without losing the draft (152.4844ms)
✔ S03 partial frames stay outside clipboard; pasted relative positions retain a common offset (5.8682ms)
✔ S03 persisted nested source is preserved while new nested source admission remains rejected (6.9319ms)
✔ S03 scalar/vector/matrix sources transfer; composite source reuses only within its source lifetime (31.5095ms)
✔ S03 FR01 admitted nested Structure arrays fail ES300 profile without artifacts; one dimension succeeds (8.9563ms)
✔ S03 FR02 independence remaps mixed parent and shared child owner references with Undo/Redo (60.5428ms)
✔ S03 FR02 independence remaps mixed parent and cloned child owner references with Undo/Redo (52.2921ms)
✔ S03 FR02 incomplete shared-child node address rejects independence atomically (12.8473ms)
✔ S03 FR03 editing inner Structure validates dependent depth16 and preserves Redo on depth17 rejection (21.8709ms)
✔ S03 FR03 affected dependent expansion and vector component budgets reject atomically (4.815ms)
✔ S03 EG01 native array constructor2048, clipboard2048 boundary and same-load reuse (6.6077ms)
✔ S03 EG01 native array constructor2049, clipboard2048 boundary and same-load reuse (7.5364ms)
✔ S03 EG01 native array constructor4096, clipboard2048 boundary and same-load reuse (7.7925ms)
✔ S03 EG01 native array constructor4097 rejects atomically (2.6428ms)
✔ S03 EG01 sampler clipboard path2048 admission (4.0932ms)
✔ S03 EG01 sampler clipboard path2049 admission (4.7215ms)
✔ S03 EG01 native arrays admit float/vec2/vec3/vec4 and remap symbolic length closure (25.8176ms)
✔ S03 EG01 native arrays reject matrix/nested/expressions and invalid length owner types (11.2571ms)
✔ S03 EG01 TOP declarations clone while source+origin slots reuse, defaults persist, and Undo/Redo/save preserve identity (17.0301ms)
✔ S03 EG01 specialization import allocates minimal vacant ID0,2 ->1 (4.8812ms)
✔ S03 EG01 unsupported target, unavailable owner and throwing owner reject without publication (7.9926ms)
✔ S03 EG01 numeric uniform scalar/vector/matrix transfer remains independent and generation is explicit unavailable (16.3519ms)
✔ S03 FR03 registered resource types cannot become Structure fields (2.2595ms)
✔ S03 EG01 exact provider/target ownership and imported descriptor failures stay atomic (5.4898ms)
✔ S03 EG01 round2 implicit constant array@["glsl.float",2] preserves same-load reuse and rejects real cross-Graph and fresh-load publication (9.9276ms)
✔ S03 EG01 round2 constant array@["glsl.float",2] preserves same-load reuse and rejects real cross-Graph and fresh-load publication (9.2505ms)
✔ S03 EG01 round2 uniform array@["glsl.float",2] preserves same-load reuse and rejects real cross-Graph and fresh-load publication (11.0598ms)
✔ S03 EG01 round2 implicit constant array@["glsl.vec2",2] preserves same-load reuse and rejects real cross-Graph and fresh-load publication (12.1819ms)
✔ S03 EG01 round2 constant array@["glsl.vec2",2] preserves same-load reuse and rejects real cross-Graph and fresh-load publication (12.7251ms)
✔ S03 EG01 round2 uniform array@["glsl.vec2",2] preserves same-load reuse and rejects real cross-Graph and fresh-load publication (12.5228ms)
✔ S03 EG01 round2 scalar/vector/matrix constants and uniforms still cross actual Graph and fresh load (63.922ms)
✔ S03 custom declared/state closure same-Graph remaps identities only and Undo/Redo (9.1416ms)
✔ S03 custom declared/state closure cross-Graph remaps identities only and Undo/Redo (8.0331ms)
✔ S03 grouping an existing caller preserves child-owned frame node addresses (11.9991ms)
✔ S03 owner collect/remap throws and escaping/incomplete references reject atomically with Redo preserved (7.542ms)
✔ S03 custom resources follow encapsulation and direct independence, ordinary dependencies remain shared (17.132ms)
✔ S03 encapsulation deduplicates crossing interfaces, shared generation is pure, Undo restores all references (6.2914ms)
✔ S03 interface rename/reorder/type/removal reconciles every caller once and Undo restores values/invalid edges/loss (10.2472ms)
✔ S03 nested resource callers including unused ancestors reconcile child interface (14.9588ms)
✔ S03 library position keeps identity, semantic edit forks target and library ancestors and local refs atomically (28.5507ms)
✔ S03 direct make independent clones direct definition, shares dependencies and remaps own boundary (21.0972ms)
✔ S03 same-load clipboard reuses current source; cross-graph remaps resources and preserves text (8.1245ms)
✔ S03 clipboard typed native symbolic array closure remaps only semantic references (6.9017ms)
✔ S03 late bad edge, escaping refs, forbidden source and missing closure reject without nodes/resources/history/notifications (5.8113ms)
✔ S03 source selection stays outside encapsulation; boundary-only grouping is no-op and preserves redo (4.2267ms)
✔ S03 structure drafts retain stable fields, reject recursion and block deletion while referenced (2.9269ms)
✔ S03 contexts distinguish occurrences; nested scoped targets never revive after navigation and Undo (16.9248ms)
✔ S03 library snapshot position edit retains origin, first semantic edit forks and old source remains immutable (9.3458ms)
✔ S03 nested delete and required boundary protection use the canonical Graph (5.3226ms)
✔ S03 library ancestor traversal crosses local parents (30.0097ms)
✔ S03 spare-port creation and first edge are one Undo entry with stable keys (7.724ms)
✔ S03 whole frames travel through grouping and cross-Graph clipboard with fresh identities (8.8994ms)
✔ S03 vector/matrix reshape retains override components and defaults follow interface defaults (6.1466ms)
✔ S03 malformed resource envelopes, missing boundaries and nominal conflicts reject atomically (8.4476ms)
✔ S03 source admission cannot be bypassed by nested add, grouping or pasted nodes (5.4111ms)
✔ S03 layout proposal rejects navigation ABA, semantic fork and Undo (8.2784ms)
✔ S03 clipboard rejects forged hydrated plans and invalid edge evidence (3.9978ms)
✔ S03 empty library paste preserves origin, selection-independent History and Redo (6.9484ms)
✔ S03 packet-wide network identity collisions and malformed reused resource envelopes reject (6.3448ms)
✔ S03 source transfer uses actual load identity and reopened documents cannot forge same-load reuse (2.8041ms)
✔ S03 structure emission is read-only, nominally declared once, field deletion preserves invalid edges and Undo (5.6554ms)
✔ S03 accepted paste requires a valid destination and direct whole frames survive clipboard (4.8096ms)
✔ S03 scoped parameters and proposals from identical persistent IDs expire across a new load (8.9986ms)
✔ S03 library grouping resolves the forked canonical network (8.3352ms)
✔ S03 local child semantic edit forks its library ancestor (20.0851ms)
✔ S03 explicit override equal to default survives interface defaults and save/reload (12.7713ms)
✔ S03 direct independence preserves nonowned state, declared references and typed frame resources (11.6471ms)
✔ S03 encapsulation rejects cross-scope node references despite matching local IDs (1.7296ms)
✔ S03 New creates Value vec4 passthrough; shared rename retains instance names and no-op keeps library identity (14.6309ms)
✔ S03 explicit interface Add stops at16 per direction without erasing preserved oversized draft (13.356ms)
✔ S03 structure authoring validates count, names, description, nested fixed arrays, recursion/depth and expansion (495.7111ms)
✔ S03 large external array declarations survive metadata edits; materialization remains bounded (4.0146ms)
✔ S03 type tokens retain eight dimensions and reject extra tuple fields (1.6655ms)
✔ S03 disconnected output boundary follows shared output defaults (7.1653ms)
✔ S03 inline array construction and same-load reuse allow2049 elements; cross-Graph clipboard rejects composites (23.5647ms)
✔ S03 nested input link ABA invalidates old edit tokens without changing History on rejection (18.0355ms)
✔ S03 shared same-key type changes reject stale caller tokens and removed handles never revive (11.4077ms)
✔ S03 cross-Graph nominal closure remaps nested structures and Undo removes the full insertion (6.5474ms)
✔ S03 reusable definition cycles reject atomically including unused dependencies (13.5595ms)
✔ S04 Personal complete owner payload and typed references survive reuse fork and absent Library source (66.1167ms)
✔ S04 DEC004 same-name destination sources retain distinct identity and changed imported bindings regenerate (588.9755ms)
✔ S04 Personal malformed envelope checksum and unsupported owner reject before provider writes; list deduplicates renamed files (39.1562ms)
✔ S04 DEC002 one-source fanout does not mutate source or existing conversions and pad failures agree (26.1051ms)
✔ S04 Personal root owner remap and input-bound Independent retain complete typed scope (112.9283ms)
✔ S04 stored inherited v2 and pad plans retain complete extensions through Personal shared import and reopen (34.6576ms)
✔ S04 shipped basic Library snapshot compiles after semantic fork and Personal roundtrip (11.1974ms)
✔ S04 Personal canonical package preserves snapshots, same-version reuse, independent and collision-safe filenames (31.8118ms)
✔ S04 DEC002 all16 default float plans, version fences and current ImageOutput compile (1.4499ms)
✔ S04 AC001 additive envelope upgrade retains exact pins and inactive evidence, fences v2 under2.0 (1.4431ms)
✔ S04 DEC004 literal Personal typed closure survives canonical export import save reopen generation (39.4611ms)
✔ S04 DEC004 source Personal typed closure survives canonical export import save reopen generation (102.7413ms)
✔ S04 DEC004 direct-source Personal typed closure survives canonical export import save reopen generation (47.0988ms)
✔ S04 DEC004 input Personal typed closure survives canonical export import save reopen generation (81.8401ms)
✔ S04 DEC004 input-bound length uses caller override and rejects conflicting caller sources (24.1819ms)
✔ S04 DEC004 nested shared input bindings remap through Personal and remain independent after semantic fork and reinsert (377.0001ms)
✔ S04 AC001 inactive owner network resources and unknown wrapper versions preserve the version fence (6.8779ms)
✔ S04 DEC004 rejected literal/source/input/nested candidates are atomic through Application with valid checksums (219.2242ms)
✔ S04 Personal Library per-file isolation, safe names, duplicate-at-capacity and provider failures leave existing assets unchanged (40.2445ms)
✔ S04 AC001 unchanged accepted reader and exact old/new definition boundaries (3.2674ms)
✔ S04 inherited v2 plans preserve extensions across hydration move clipboard nested and Personal (15.504ms)
✔ S04 current exact source owner supports new image descriptors without retargeting legacy owner (0.9919ms)
✔ S04 DEC004 required int length input qualifies with an actual constant supply and changed caller defaults regenerate (111.5011ms)
✔ S05 drag repair root reads one fresh snapshot and retains immutable earlier projections (2.7837ms)
✔ S05 drag repair nested reads one fresh snapshot and retains immutable earlier projections (10.4396ms)
✔ S05 drag repair preserves readonly and busy notification values while movement keeps field token (3.8238ms)
✔ S05 replacement eligibility keeps source validity separate and exact mismatch refusal atomic (14.8659ms)
✔ S05 matching replacement preserves Graph load and Context identity with one full-content Undo Redo (14.0059ms)
✔ S05 replacement eligibility and command retain stale cancelled invalid readonly and fabricated guards (38.0031ms)
✔ S05 model preflight and publication share exact kind and ordered-pin refusal without History (4.591ms)
✔ S05-FR-001 complete program preserves distinct and reversed shared Uniform identity in all emission modes (551.6598ms)
✔ S05-FR-001 same-stage same resource type conflict fails without artifacts or Graph changes (17.5149ms)
✔ S05-FR-001 same-stage same resource default conflict fails without artifacts or Graph changes (14.8403ms)
✔ S05-FR-001 cross-stage same resource type conflict fails without artifacts or Graph changes (14.5663ms)
✔ S05-FR-001 cross-stage same resource default conflict fails without artifacts or Graph changes (13.7092ms)
✔ S05 fixed float: literals inside Function stay constant while formal and result are runtime (34.8357ms)
✔ S05 fixed float: defaults fixed schema every stage and mode with pure generation and roundtrip (240.2652ms)
✔ S05 fixed float: bad payloads unused errors atomic commands fixed source and constant distinction (3.6544ms)
✔ S05 fixed float: scoped two-context edits one Undo and stale token preserve History (6.3836ms)
✔ S05 fixed float: shared Function and Personal owner closure retain exact values (19.2551ms)
✔ S05 fixed vec2: literals inside Function stay constant while formal and result are runtime (32.086ms)
✔ S05 fixed vec2: defaults fixed schema every stage and mode with pure generation and roundtrip (251.9085ms)
✔ S05 fixed vec2: bad payloads unused errors atomic commands fixed source and constant distinction (6.0226ms)
✔ S05 fixed vec2: scoped two-context edits one Undo and stale token preserve History (9.3046ms)
✔ S05 fixed vec2: shared Function and Personal owner closure retain exact values (27.3456ms)
✔ S05 fixed vec3: literals inside Function stay constant while formal and result are runtime (42.633ms)
✔ S05 fixed vec3: defaults fixed schema every stage and mode with pure generation and roundtrip (272.2971ms)
✔ S05 fixed vec3: bad payloads unused errors atomic commands fixed source and constant distinction (4.4119ms)
✔ S05 fixed vec3: scoped two-context edits one Undo and stale token preserve History (6.8776ms)
✔ S05 fixed vec3: shared Function and Personal owner closure retain exact values (19.9773ms)
✔ S05 fixed color: literals inside Function stay constant while formal and result are runtime (34.9808ms)
✔ S05 fixed color: defaults fixed schema every stage and mode with pure generation and roundtrip (250.5249ms)
✔ S05 fixed color: bad payloads unused errors atomic commands fixed source and constant distinction (4.1794ms)
✔ S05 fixed color: scoped two-context edits one Undo and stale token preserve History (6.6937ms)
✔ S05 fixed color: shared Function and Personal owner closure retain exact values (19.5939ms)
✔ S05 AT03 source/literal shape extents stay fixed; input-bound scalar extent cannot specialize a function (78.461ms)
✔ S05 AT04 pre-existing malformed constant edge and authored losses are preserved (15.1414ms)
✔ S05 AT04 AT05 unused shared dependent definitions localize and detach atomically with Redo exact (58.6888ms)
✔ S05 AT08 multioutput and unconsumed nested effects have one evaluation per occurrence and stage-local helpers (38.6488ms)
✔ S05 AT08 two live depth writer occurrences reject even when one helper body is deduplicated (17.6598ms)
✔ S05 AT01 definition default shared mode independent and no-op History (27.1545ms)
✔ S05 AT02 one helper per definition and distinct caller arguments; nested helpers are dependency ordered (30.4376ms)
✔ S05 AT03 ordinary inputs are runtime even when all callers pass constants; dead constant uses reject atomically (24.114ms)
✔ S05 AT03 Uniform parameter binding is runtime; ordinary connection rejects constant receiver without publication (16.219ms)
✔ S05 AT04 AT05 transitive newly-invalid consumer edges detach once with losses, Undo/Redo and required error (29.2627ms)
✔ S05 AT06 function Personal roundtrip reuses mode, localizes once and preserves source bytes (66.306ms)
✔ S05 AT06 DEC004 upgraded literal source input and nested Personal retain selected eligible modes through exchange (539.6018ms)
✔ S05 AT07 explicit owner upgrade preserves old pins/body/origin and unknown mode never defaults (7.9818ms)
✔ S05 AT09 later invalid edit and load retain function mode; diagnostic names shared definition and related calls (21.3283ms)
✔ S05 AT10 body/mode/profile changes create fresh artifacts and old snapshot is immutable (50.7782ms)
✔ S05 HTTP provider SHA256 canonical bytes known vectors and secure UUIDv4 fail-closed (36.9678ms)
✔ S06 catalog is a detached read over exact document pins and current occurrence stage (3.3444ms)
✔ S06 source/name/category literal rank uses NFKC, aliases and all terms without regular expressions (2.5799ms)
✔ S06 stale creation proposals reject revision, navigation ABA, load and readonly without model or History writes (10.0672ms)
✔ S06 connected creation replaces an occupied exact input atomically and Undo restores it (27.1702ms)
✔ S06 query disposable IDs do not collide with admitted persistent IDs and consume no canonical identity (4.2045ms)
✔ S06 forged reference and mismatched matching-port proposals reject before any model publication (50.2821ms)
✔ S06 reference catalog excludes nested source admission without publishing query changes (19.2586ms)
✔ M1: missing-module boundary x rename rejects save before ACK without data loss (13.7763ms)
✔ M1: missing-module boundary 中 rename rejects save before ACK without data loss (12.9607ms)
✔ M1: missing-module boundary 🍇 rename rejects save before ACK without data loss (19.5026ms)
✔ M1: compact fallback validates actual emitted bytes at and beyond the budget (9.9554ms)
✔ M1: nodes at/beyond network limit obey save/reopen invariant (19.8083ms)
✔ M1: edges at/beyond network limit obey save/reopen invariant (38.2358ms)
✔ M1: editing beyond network capacity cannot acknowledge a save or erase the previous saved document (84.886ms)
ℹ tests 234
ℹ suites 0
ℹ pass 234
ℹ fail 0
ℹ cancelled 0
ℹ skipped 0
ℹ todo 0
ℹ duration_ms 10346.5332
(node:50212) ExperimentalWarning: Transform Types is an experimental feature and might change at any time
(Use `node --trace-warnings ...` to show where the warning was created)
