✔ production ownership manifest covers every source and rejects mutation/platform/extension violations (1045.098ms)
✔ S02 conformance: replacement uses one public Graph batch, isolates observers and retains two Context identities (16.0732ms)
✔ S02 conformance: direct replacement rejects model Error without modifying document/history (2.4604ms)
✔ M2: direct replacement atomically rejects malformed position component before publication (1.7942ms)
✔ M2: direct replacement atomically rejects malformed position length before publication (1.6187ms)
✔ M2: direct replacement atomically rejects duplicate recovery IDs before publication (1.6412ms)
✔ M2: direct replacement atomically rejects unknown envelope field before publication (1.5273ms)
✔ M2: direct replacement atomically rejects unknown node field before publication (1.4986ms)
✔ M2: direct replacement atomically rejects unknown endpoint field before publication (1.6039ms)
✔ M2: catching invalid replacement cannot publish earlier edits in the same batch (1.5964ms)
✔ M2: valid detached replacement publishes once and retains exact Undo/Redo content (3.0131ms)
✔ L10N exact owner, parent/default/inline fallback and plain interpolation leave model/history/generation unchanged (1.4841ms)
✔ L10N atomic duplicate/malformed rejection, revision CAS and immutable detached catalogs (0.3811ms)
✔ L10N observer errors/reentry are isolated, cleanup cancels later delivery, disposed service rejects (0.1572ms)
✔ PC authority: declaration is not grant; render/async/outside event denied, same mounted event succeeds (3.464ms)
✔ PC gesture: origin guard, one operation, cross-Panel lease rejection and latest lease required (3.7297ms)
✔ PC move/hide cancel pointer gesture and drain new leases before workspace action returns (8.0479ms)
✔ PC render failure cancels only unfinished operation after publication, with no reentrant mutation (2.3609ms)
✔ PC same ID reuse and old scope registrations remain revoked (1.4966ms)
✔ VM resources: cleanup in reverse order, failure isolation, stale async tickets, no render reentrancy (0.29ms)
✔ two independently registered Panels and two Widget view shapes share lifecycle without feature dispatch (0.9811ms)
✔ VM mount/capture/update reentrancy revokes scope and preserves placeholder; explicit retry recovers (0.2397ms)
✔ VM subscription failure releases acquired subscriptions and cannot pretend to mount (0.1713ms)
✔ PC application denies every editing command while readonly or history busy; field binding invalidates (3.9893ms)
✔ S06 hover preference defaults false and changes only its explicit isolated key (0.1508ms)
✔ S06 malformed hover preference is honest default without rewriting any key (0.0893ms)
✔ S06 inaccessible or refused hover preference falls back to normal hints without clearing storage (0.0794ms)
✔ AT-S01-01: Float × Multiply → Compose emits pinned host-free GLSL without mutation (2.7467ms)
✔ AT-S01-02: direction, cross-network, occupied input, cycle and type failures are atomic (1.8936ms)
✔ AT-S01-03: mode change captures complete prior ports, edge plans and loss; undo/redo and reload (5.1867ms)
✔ AT-S01-04: multi-batch operation, cancel/no-op redo, expired draft and async draft (3.9876ms)
✔ AT-S01-08: projection before observers, reentrant writes reject and throwing observer does not roll back (1.7103ms)
✔ AT-S01-06: contexts share model and clean selection before external observation (2.5158ms)
✔ scoped field token rejects value ABA, busy, connected and dead targets; unrelated movement preserves token (3.9687ms)
✔ all model errors including unused nodes block generation; fixed definitions and boundaries remain protected (2.3701ms)
✔ generation rejects missing/extra declared boundary output even when a module emits an incomplete map (3.0304ms)
✔ shared type environment rejects unknown identity and permits explicitly registered nominal types without changing core dispatch (0.5637ms)
✔ AT-S01-02: endpoints in two real Stage networks cannot be cross-connected (2.2159ms)
✔ unknown Stage slots block generation; duplicate slot identities reject before hydration (4.5247ms)
✔ M1 reviewer counterexample: float 1e21 generates a valid GLSL floating constant (2.0243ms)
✔ M1 reviewer counterexample: multiply 1e21 generates a valid GLSL floating constant (1.8795ms)
✔ M1 literal grammar and value roundtrip cover integers, decimals, signs and exponent-form values (0.2827ms)
✔ M1 all finite float32 exponent bins and representative mantissas have legal value-preserving literals (1.9235ms)
✔ M1 admitted boundary/representative values remain editable and compile through both production literal paths (28.5393ms)
✔ AT-S01-05: document identity, complete content, new lifetime/empty history and semantic regeneration (2.5446ms)
✔ AT-S01-07: ACK of A never marks B saved, rejection and SAVE_BUSY retain baseline; download is separate (3.6822ms)
✔ old saved handle cannot attach to same persistent IDs after reload (2.3112ms)
✔ wire unknown structure, unsupported version/operation/tag, malformed known data precedence and original retention (1.9398ms)
✔ writer refuses executable/hidden values, sparse arrays, nonfinite numbers and altered prototypes without invoking getters (1.709ms)
✔ missing exact module preserves opaque state and last port policy; loss payload is never activated (3.0512ms)
✔ forged stored conversion remains saveable but cannot generate (2.1286ms)
✔ prototype-named unknown structural keys and non-JSON whitespace are not silently accepted (1.869ms)
✔ unrelated edits preserve forged connection evidence rather than silently repairing it (2.0908ms)
✔ pending storage open cannot replace a newer edit or document lifetime (1.8355ms)
✔ unrelated edits retain explicit invalid-edge evidence even when its stored plan is structurally valid (2.8591ms)
✔ AT-S02-04 PNG: CRC oracle, roundtrip, repeated wrapping and unowned chunks preserve bytes (7.6706ms)
✔ AT-S02-04 PNG: malformed CRC, missing metadata, duplicate metadata, compression and malformed envelope are named rejections (4.6036ms)
✔ AT-S02-04 PNG: structural boundaries, file/chunk/metadata limits and invalid UTF-8 never decode pixels or compressed text (94.5785ms)
✔ AT-S02-04 PNG: ASCII/CJK/non-BMP budgets match text intake and preserve canonical graph (129.4158ms)
✔ AT-S02-01: detached inspection/cancel/raw retention and one atomic replacement with Context continuity and Undo/Redo (6.1913ms)
✔ AT-S02-01: base revision, content, lifetime, readonly, busy and fabricated review fences (16.6432ms)
✔ AT-S02-01: invalid/future/duplicate IDs/unknown structure have explicit outcomes and never publish (9.3694ms)
✔ AT-S02-01: only explicit layout repair yields a candidate; unknown endpoints/references are never guessed (8.8552ms)
✔ AT-S02-01: mismatched exact pins cannot replace the destination; failed replacement is atomic (2.3787ms)
✔ AT-S02-02: missing exact module survives move/rename/save/reopen; exact restoration invokes codec and never substitutes latest (7.3563ms)
✔ AT-S02-03 boundary: foreign/legacy input is retained with explicit unresolved Gate, never implicit conversion or archive execution (0.6312ms)
✔ AT-S02-04: ASCII/CJK/non-BMP UTF-8 exact byte budget produces deterministic results without truncation (24.2012ms)
✔ AT-S02-04: network budgets, duplicate JSON keys, unknown nested structure and opaque fields are independently checked (12.5576ms)
✔ S03 Group17 retains a draft, compilation rejects per-direction limit, Undo restores original (49.7964ms)
✔ S03 64-definition destination rejects independence and imported 65th atomically (1099.8148ms)
✔ S03 nested nodes overflow rejects before paste publication (17.785ms)
✔ S03 nested edges overflow rejects before paste publication (19.4514ms)
✔ S03 symbolic extents require int/uint sources, only outer dimension and pure compilation (5.4398ms)
✔ S03 New may retain a 257-node draft; generation and save reject it without losing the draft (109.7181ms)
✔ S03 partial frames stay outside clipboard; pasted relative positions retain a common offset (4.7745ms)
✔ S03 persisted nested source is preserved while new nested source admission remains rejected (5.405ms)
✔ S03 scalar/vector/matrix sources transfer; composite source reuses only within its source lifetime (24.7739ms)
✔ S03 FR01 admitted nested Structure arrays fail ES300 profile without artifacts; one dimension succeeds (6.8619ms)
✔ S03 FR02 independence remaps mixed parent and shared child owner references with Undo/Redo (42.3075ms)
✔ S03 FR02 independence remaps mixed parent and cloned child owner references with Undo/Redo (48.4506ms)
✔ S03 FR02 incomplete shared-child node address rejects independence atomically (9.5245ms)
✔ S03 FR03 editing inner Structure validates dependent depth16 and preserves Redo on depth17 rejection (17.1091ms)
✔ S03 FR03 affected dependent expansion and vector component budgets reject atomically (3.4765ms)
✔ S03 EG01 native array constructor2048, clipboard2048 boundary and same-load reuse (5.3346ms)
✔ S03 EG01 native array constructor2049, clipboard2048 boundary and same-load reuse (5.8429ms)
✔ S03 EG01 native array constructor4096, clipboard2048 boundary and same-load reuse (6.5976ms)
✔ S03 EG01 native array constructor4097 rejects atomically (2.0686ms)
✔ S03 EG01 sampler clipboard path2048 admission (3.321ms)
✔ S03 EG01 sampler clipboard path2049 admission (3.4166ms)
✔ S03 EG01 native arrays admit float/vec2/vec3/vec4 and remap symbolic length closure (19.187ms)
✔ S03 EG01 native arrays reject matrix/nested/expressions and invalid length owner types (9.4001ms)
✔ S03 EG01 TOP declarations clone while source+origin slots reuse, defaults persist, and Undo/Redo/save preserve identity (14.832ms)
✔ S03 EG01 specialization import allocates minimal vacant ID0,2 ->1 (4.9932ms)
✔ S03 EG01 unsupported target, unavailable owner and throwing owner reject without publication (5.6779ms)
✔ S03 EG01 numeric uniform scalar/vector/matrix transfer remains independent and generation is explicit unavailable (15.126ms)
✔ S03 FR03 registered resource types cannot become Structure fields (2.5137ms)
✔ S03 EG01 exact provider/target ownership and imported descriptor failures stay atomic (4.0107ms)
✔ S03 EG01 round2 implicit constant array@["glsl.float",2] preserves same-load reuse and rejects real cross-Graph and fresh-load publication (9.6494ms)
✔ S03 EG01 round2 constant array@["glsl.float",2] preserves same-load reuse and rejects real cross-Graph and fresh-load publication (9.9056ms)
✔ S03 EG01 round2 uniform array@["glsl.float",2] preserves same-load reuse and rejects real cross-Graph and fresh-load publication (9.901ms)
✔ S03 EG01 round2 implicit constant array@["glsl.vec2",2] preserves same-load reuse and rejects real cross-Graph and fresh-load publication (10.1216ms)
✔ S03 EG01 round2 constant array@["glsl.vec2",2] preserves same-load reuse and rejects real cross-Graph and fresh-load publication (10.1911ms)
✔ S03 EG01 round2 uniform array@["glsl.vec2",2] preserves same-load reuse and rejects real cross-Graph and fresh-load publication (9.5769ms)
✔ S03 EG01 round2 scalar/vector/matrix constants and uniforms still cross actual Graph and fresh load (54.1672ms)
✔ S03 custom declared/state closure same-Graph remaps identities only and Undo/Redo (8.3071ms)
✔ S03 custom declared/state closure cross-Graph remaps identities only and Undo/Redo (7.5505ms)
✔ S03 grouping an existing caller preserves child-owned frame node addresses (12.0552ms)
✔ S03 owner collect/remap throws and escaping/incomplete references reject atomically with Redo preserved (10.7265ms)
✔ S03 custom resources follow encapsulation and direct independence, ordinary dependencies remain shared (18.0833ms)
✔ S03 encapsulation deduplicates crossing interfaces, shared generation is pure, Undo restores all references (7.1727ms)
✔ S03 interface rename/reorder/type/removal reconciles every caller once and Undo restores values/invalid edges/loss (12.2865ms)
✔ S03 nested resource callers including unused ancestors reconcile child interface (11.9457ms)
✔ S03 library position keeps identity, semantic edit forks target and library ancestors and local refs atomically (19.5591ms)
✔ S03 direct make independent clones direct definition, shares dependencies and remaps own boundary (15.9418ms)
✔ S03 same-load clipboard reuses current source; cross-graph remaps resources and preserves text (6.9186ms)
✔ S03 clipboard typed native symbolic array closure remaps only semantic references (5.4892ms)
✔ S03 late bad edge, escaping refs, forbidden source and missing closure reject without nodes/resources/history/notifications (5.4601ms)
✔ S03 source selection stays outside encapsulation; boundary-only grouping is no-op and preserves redo (3.4785ms)
✔ S03 structure drafts retain stable fields, reject recursion and block deletion while referenced (1.9915ms)
✔ S03 contexts distinguish occurrences; nested scoped targets never revive after navigation and Undo (11.7364ms)
✔ S03 library snapshot position edit retains origin, first semantic edit forks and old source remains immutable (7.0961ms)
✔ S03 nested delete and required boundary protection use the canonical Graph (4.6059ms)
✔ S03 library ancestor traversal crosses local parents (28.5286ms)
✔ S03 spare-port creation and first edge are one Undo entry with stable keys (6.5036ms)
✔ S03 whole frames travel through grouping and cross-Graph clipboard with fresh identities (10.2555ms)
✔ S03 vector/matrix reshape retains override components and defaults follow interface defaults (6.7421ms)
✔ S03 malformed resource envelopes, missing boundaries and nominal conflicts reject atomically (9.5126ms)
✔ S03 source admission cannot be bypassed by nested add, grouping or pasted nodes (4.9808ms)
✔ S03 layout proposal rejects navigation ABA, semantic fork and Undo (9.2897ms)
✔ S03 clipboard rejects forged hydrated plans and invalid edge evidence (4.4742ms)
✔ S03 empty library paste preserves origin, selection-independent History and Redo (9.0227ms)
✔ S03 packet-wide network identity collisions and malformed reused resource envelopes reject (6.3514ms)
✔ S03 source transfer uses actual load identity and reopened documents cannot forge same-load reuse (3.3092ms)
✔ S03 structure emission is read-only, nominally declared once, field deletion preserves invalid edges and Undo (6.809ms)
✔ S03 accepted paste requires a valid destination and direct whole frames survive clipboard (5.7237ms)
✔ S03 scoped parameters and proposals from identical persistent IDs expire across a new load (10.2903ms)
✔ S03 library grouping resolves the forked canonical network (8.5072ms)
✔ S03 local child semantic edit forks its library ancestor (22.02ms)
✔ S03 explicit override equal to default survives interface defaults and save/reload (13.6203ms)
✔ S03 direct independence preserves nonowned state, declared references and typed frame resources (15.024ms)
✔ S03 encapsulation rejects cross-scope node references despite matching local IDs (2.3638ms)
✔ S03 New creates Value vec4 passthrough; shared rename retains instance names and no-op keeps library identity (16.0983ms)
✔ S03 explicit interface Add stops at16 per direction without erasing preserved oversized draft (15.5855ms)
✔ S03 structure authoring validates count, names, description, nested fixed arrays, recursion/depth and expansion (439.7246ms)
✔ S03 large external array declarations survive metadata edits; materialization remains bounded (3.2702ms)
✔ S03 type tokens retain eight dimensions and reject extra tuple fields (1.6492ms)
✔ S03 disconnected output boundary follows shared output defaults (7.1445ms)
✔ S03 inline array construction and same-load reuse allow2049 elements; cross-Graph clipboard rejects composites (18.0539ms)
✔ S03 nested input link ABA invalidates old edit tokens without changing History on rejection (15.2061ms)
✔ S03 shared same-key type changes reject stale caller tokens and removed handles never revive (10.6494ms)
✔ S03 cross-Graph nominal closure remaps nested structures and Undo removes the full insertion (5.2956ms)
✔ S03 reusable definition cycles reject atomically including unused dependencies (11.1787ms)
✔ S04 Personal complete owner payload and typed references survive reuse fork and absent Library source (56.2584ms)
✔ S04 DEC004 same-name destination sources retain distinct identity and changed imported bindings regenerate (464.0067ms)
✔ S04 Personal malformed envelope checksum and unsupported owner reject before provider writes; list deduplicates renamed files (40.8286ms)
✔ S04 DEC002 one-source fanout does not mutate source or existing conversions and pad failures agree (19.261ms)
✔ S04 Personal root owner remap and input-bound Independent retain complete typed scope (100.663ms)
✔ S04 stored inherited v2 and pad plans retain complete extensions through Personal shared import and reopen (26.8691ms)
✔ S04 shipped basic Library snapshot compiles after semantic fork and Personal roundtrip (11.0795ms)
✔ S04 Personal canonical package preserves snapshots, same-version reuse, independent and collision-safe filenames (29.5052ms)
✔ S04 DEC002 all16 default float plans, version fences and current ImageOutput compile (1.5114ms)
✔ S04 AC001 additive envelope upgrade retains exact pins and inactive evidence, fences v2 under2.0 (1.2627ms)
✔ S04 DEC004 literal Personal typed closure survives canonical export import save reopen generation (29.7945ms)
✔ S04 DEC004 source Personal typed closure survives canonical export import save reopen generation (78.198ms)
✔ S04 DEC004 direct-source Personal typed closure survives canonical export import save reopen generation (44.8276ms)
✔ S04 DEC004 input Personal typed closure survives canonical export import save reopen generation (92.9882ms)
✔ S04 DEC004 input-bound length uses caller override and rejects conflicting caller sources (29.2043ms)
✔ S04 DEC004 nested shared input bindings remap through Personal and remain independent after semantic fork and reinsert (385.0995ms)
✔ S04 AC001 inactive owner network resources and unknown wrapper versions preserve the version fence (5.0534ms)
✔ S04 DEC004 rejected literal/source/input/nested candidates are atomic through Application with valid checksums (233.4579ms)
✔ S04 Personal Library per-file isolation, safe names, duplicate-at-capacity and provider failures leave existing assets unchanged (40.5796ms)
✔ S04 AC001 unchanged accepted reader and exact old/new definition boundaries (3.4703ms)
✔ S04 inherited v2 plans preserve extensions across hydration move clipboard nested and Personal (16.3722ms)
✔ S04 current exact source owner supports new image descriptors without retargeting legacy owner (1.1193ms)
✔ S04 DEC004 required int length input qualifies with an actual constant supply and changed caller defaults regenerate (115.3521ms)
✔ S05 drag repair root reads one fresh snapshot and retains immutable earlier projections (3.7528ms)
✔ S05 drag repair nested reads one fresh snapshot and retains immutable earlier projections (10.8701ms)
✔ S05 drag repair preserves readonly and busy notification values while movement keeps field token (4.9305ms)
✔ S05 replacement eligibility keeps source validity separate and exact mismatch refusal atomic (13.9868ms)
✔ S05 matching replacement preserves Graph load and Context identity with one full-content Undo Redo (12.2862ms)
✔ S05 replacement eligibility and command retain stale cancelled invalid readonly and fabricated guards (28.0067ms)
✔ S05 model preflight and publication share exact kind and ordered-pin refusal without History (3.8142ms)
✔ S05-FR-001 complete program preserves distinct and reversed shared Uniform identity in all emission modes (512.3764ms)
✔ S05-FR-001 same-stage same resource type conflict fails without artifacts or Graph changes (14.503ms)
✔ S05-FR-001 same-stage same resource default conflict fails without artifacts or Graph changes (14.2898ms)
✔ S05-FR-001 cross-stage same resource type conflict fails without artifacts or Graph changes (13.9486ms)
✔ S05-FR-001 cross-stage same resource default conflict fails without artifacts or Graph changes (13.4059ms)
✔ S05 fixed float: literals inside Function stay constant while formal and result are runtime (33.275ms)
✔ S05 fixed float: defaults fixed schema every stage and mode with pure generation and roundtrip (270.1463ms)
✔ S05 fixed float: bad payloads unused errors atomic commands fixed source and constant distinction (4.0532ms)
✔ S05 fixed float: scoped two-context edits one Undo and stale token preserve History (6.2443ms)
✔ S05 fixed float: shared Function and Personal owner closure retain exact values (18.7449ms)
✔ S05 fixed vec2: literals inside Function stay constant while formal and result are runtime (33.0996ms)
✔ S05 fixed vec2: defaults fixed schema every stage and mode with pure generation and roundtrip (285.743ms)
✔ S05 fixed vec2: bad payloads unused errors atomic commands fixed source and constant distinction (4.7899ms)
✔ S05 fixed vec2: scoped two-context edits one Undo and stale token preserve History (6.456ms)
✔ S05 fixed vec2: shared Function and Personal owner closure retain exact values (21.3867ms)
✔ S05 fixed vec3: literals inside Function stay constant while formal and result are runtime (32.243ms)
✔ S05 fixed vec3: defaults fixed schema every stage and mode with pure generation and roundtrip (252.7153ms)
✔ S05 fixed vec3: bad payloads unused errors atomic commands fixed source and constant distinction (4.5937ms)
✔ S05 fixed vec3: scoped two-context edits one Undo and stale token preserve History (6.2862ms)
✔ S05 fixed vec3: shared Function and Personal owner closure retain exact values (18.9437ms)
✔ S05 fixed color: literals inside Function stay constant while formal and result are runtime (31.4412ms)
✔ S05 fixed color: defaults fixed schema every stage and mode with pure generation and roundtrip (280.4159ms)
✔ S05 fixed color: bad payloads unused errors atomic commands fixed source and constant distinction (4.4718ms)
✔ S05 fixed color: scoped two-context edits one Undo and stale token preserve History (7.3068ms)
✔ S05 fixed color: shared Function and Personal owner closure retain exact values (20.4511ms)
✔ S05 AT03 source/literal shape extents stay fixed; input-bound scalar extent cannot specialize a function (87.2471ms)
✔ S05 AT04 pre-existing malformed constant edge and authored losses are preserved (16.9767ms)
✔ S05 AT04 AT05 unused shared dependent definitions localize and detach atomically with Redo exact (63.4187ms)
✔ S05 AT08 multioutput and unconsumed nested effects have one evaluation per occurrence and stage-local helpers (46.4094ms)
✔ S05 AT08 two live depth writer occurrences reject even when one helper body is deduplicated (23.834ms)
✔ S05 AT01 definition default shared mode independent and no-op History (34.9257ms)
✔ S05 AT02 one helper per definition and distinct caller arguments; nested helpers are dependency ordered (39.6354ms)
✔ S05 AT03 ordinary inputs are runtime even when all callers pass constants; dead constant uses reject atomically (33.9491ms)
✔ S05 AT03 Uniform parameter binding is runtime; ordinary connection rejects constant receiver without publication (19.818ms)
✔ S05 AT04 AT05 transitive newly-invalid consumer edges detach once with losses, Undo/Redo and required error (32.9259ms)
✔ S05 AT06 function Personal roundtrip reuses mode, localizes once and preserves source bytes (76.7168ms)
✔ S05 AT06 DEC004 upgraded literal source input and nested Personal retain selected eligible modes through exchange (528.3298ms)
✔ S05 AT07 explicit owner upgrade preserves old pins/body/origin and unknown mode never defaults (9.1175ms)
✔ S05 AT09 later invalid edit and load retain function mode; diagnostic names shared definition and related calls (20.1048ms)
✔ S05 AT10 body/mode/profile changes create fresh artifacts and old snapshot is immutable (49.1132ms)
✔ S05 HTTP provider SHA256 canonical bytes known vectors and secure UUIDv4 fail-closed (35.8987ms)
✔ S06 catalog is a detached read over exact document pins and current occurrence stage (3.2972ms)
✔ S06 source/name/category literal rank uses NFKC, aliases and all terms without regular expressions (2.6833ms)
✔ S06 stale creation proposals reject revision, navigation ABA, load and readonly without model or History writes (10.16ms)
✔ S06 connected creation replaces an occupied exact input atomically and Undo restores it (20.4719ms)
✔ S06 query disposable IDs do not collide with admitted persistent IDs and consume no canonical identity (6.3194ms)
✔ S06 forged reference and mismatched matching-port proposals reject before any model publication (45.472ms)
✔ S06 reference catalog excludes nested source admission without publishing query changes (20.0796ms)
✔ S06 configured Compose preview and published schema/edge agree in one transaction and one Undo/Redo (65.469ms)
✔ S06 configured creation rejects invalid missing and non-choice parameters atomically preserving Redo and expired Draft (2.7937ms)
✔ S06 configured creation preserves library fork/reference atomicity and rolls back a rejected choice (7.2867ms)
✔ S06 configured creation keeps initializer descriptor, owner codec and reference validation before publication (3.5058ms)
✔ S06 configured creation followed by failed connection rolls back the full batch (0.9445ms)
✔ M1: missing-module boundary x rename rejects save before ACK without data loss (20.1477ms)
✔ M1: missing-module boundary 中 rename rejects save before ACK without data loss (14.6552ms)
✔ M1: missing-module boundary 🍇 rename rejects save before ACK without data loss (20.772ms)
✔ M1: compact fallback validates actual emitted bytes at and beyond the budget (10.1793ms)
✔ M1: nodes at/beyond network limit obey save/reopen invariant (21.6633ms)
✔ M1: edges at/beyond network limit obey save/reopen invariant (43.2958ms)
✔ M1: editing beyond network capacity cannot acknowledge a save or erase the previous saved document (115.2167ms)
ℹ tests 242
ℹ suites 0
ℹ pass 242
ℹ fail 0
ℹ cancelled 0
ℹ skipped 0
ℹ todo 0
ℹ duration_ms 9707.2337
(node:3376) ExperimentalWarning: Transform Types is an experimental feature and might change at any time
(Use `node --trace-warnings ...` to show where the warning was created)
