
Running 88 tests using 1 worker

(node:60612) Warning: The 'NO_COLOR' env is ignored due to the 'FORCE_COLOR' env being set.
(Use `node --trace-warnings ...` to show where the warning was created)
  ok  1 [chromium] › ..\..\..\production\tests\browser\s05-escape-focus.spec.ts:8:5 › S05 natural Escape cancels direct without Export drag with no History entry (1.5s)
  ok  2 [chromium] › ..\..\..\production\tests\browser\s05-escape-focus.spec.ts:8:5 › S05 natural Escape cancels direct after Export drag with no History entry (1.7s)
  ok  3 [chromium] › ..\..\..\production\tests\browser\s05-escape-focus.spec.ts:8:5 › S05 natural Escape cancels wrapper without Export drag with no History entry (1.3s)
  ok  4 [chromium] › ..\..\..\production\tests\browser\s05-escape-focus.spec.ts:8:5 › S05 natural Escape cancels wrapper after Export drag with no History entry (1.9s)
  ok  5 [chromium] › ..\..\..\production\tests\browser\s06-brand-info.spec.ts:5:3 › S06 brand identity and updates stay in one header at 620 (341ms)
  ok  6 [chromium] › ..\..\..\production\tests\browser\s06-brand-info.spec.ts:5:3 › S06 brand identity and updates stay in one header at 1440 (338ms)
  ok  7 [chromium] › ..\..\..\production\tests\browser\s06-connection-view.spec.ts:62:3 › S06 connection notice compact geometry 1280 and successful inverse routes one Undo (1.4s)
  ok  8 [chromium] › ..\..\..\production\tests\browser\s06-connection-view.spec.ts:62:3 › S06 connection notice compact geometry 1440 and successful inverse routes one Undo (1.3s)
  ok  9 [chromium] › ..\..\..\production\tests\browser\s06-connection-view.spec.ts:62:3 › S06 connection notice compact geometry 620 and successful inverse routes one Undo (1.3s)
  ok 10 [chromium] › ..\..\..\production\tests\browser\s06-connection-view.spec.ts:104:3 › S06 selection geometry remains fixed at zoom 1 (876ms)
  ok 11 [chromium] › ..\..\..\production\tests\browser\s06-connection-view.spec.ts:104:3 › S06 selection geometry remains fixed at zoom 1.2 (910ms)
  ok 12 [chromium] › ..\..\..\production\tests\browser\s06-connection-view.spec.ts:136:1 › S06 PORT_TARGET and same-direction refusal remain visible until matching recovery; compiler error stays (1.4s)
  ok 13 [chromium] › ..\..\..\production\tests\browser\s06-connection-view.spec.ts:174:3 › S06 temporary output wire follows pointer and zoom without touching real edges (1.0s)
  ok 14 [chromium] › ..\..\..\production\tests\browser\s06-connection-view.spec.ts:174:3 › S06 temporary input wire follows pointer and zoom without touching real edges (1.0s)
  ok 15 [chromium] › ..\..\..\production\tests\browser\s06-connection-view.spec.ts:233:1 › S06 connection cancellation stale scope readonly and two Canvas status stay independent (2.5s)
  ok 16 [chromium] › ..\..\..\production\tests\browser\s06-connection-view.spec.ts:290:1 › S06 catalog pointer hover follows row while keyboard selection and Browse inspect remain view only (701ms)
  ok 17 [chromium] › ..\..\..\production\tests\browser\s06-connection-view.spec.ts:318:1 › S06 public port drag both directions commits once and cancelled held release adds no History (2.5s)
  ok 18 [chromium] › ..\..\..\production\tests\browser\s06-connection-view.spec.ts:363:1 › S06 pending connection expires on shared revision and new load without stale endpoint reuse (1.1s)
  ok 19 [chromium] › ..\..\..\production\tests\browser\s06-connection-view.spec.ts:393:1 › S06 subthreshold port release outside the button leaves no orphan wire or History (729ms)
  ok 20 [chromium] › ..\..\..\production\tests\browser\s06-debug-hover-lifetime.spec.ts:5:1 › S06 diagnostic mount revoke hide move update and late callback cannot revive old object data (311ms)
  ok 21 [chromium] › ..\..\..\production\tests\browser\s06-debug-hover.spec.ts:53:1 › S06 F2-only all built-in readonly kinds and ordinary hints preserve document selection History Redo (2.3s)
  ok 22 [chromium] › ..\..\..\production\tests\browser\s06-debug-hover.spec.ts:109:3 › S06 F2 ignores obsolete preference true (463ms)
  ok 23 [chromium] › ..\..\..\production\tests\browser\s06-debug-hover.spec.ts:109:3 › S06 F2 ignores obsolete preference false (496ms)
  ok 24 [chromium] › ..\..\..\production\tests\browser\s06-debug-hover.spec.ts:109:3 › S06 F2 ignores obsolete preference {broken} (473ms)
  ok 25 [chromium] › ..\..\..\production\tests\browser\s06-debug-hover.spec.ts:109:3 › S06 F2 ignores obsolete preference denied (480ms)
  ok 26 [chromium] › ..\..\..\production\tests\browser\s06-debug-hover.spec.ts:147:1 › S06 F2 scalar vector draft and multifield IME guards preserve current text (975ms)
  ok 27 [chromium] › ..\..\..\production\tests\browser\s06-debug-hover.spec.ts:185:1 › S06 F2 stage deletion Undo same-ID document reopen discards old target (1.4s)
  ok 28 [chromium] › ..\..\..\production\tests\browser\s06-debug-hover.spec.ts:225:1 › S06 F2 pending wire held drag readonly and natural Escape remain guarded (1.4s)
  ok 29 [chromium] › ..\..\..\production\tests\browser\s06-debug-hover.spec.ts:258:1 › S06 F2 no inspection serialization or clone during 80 trusted pointer moves or focus navigation (2.0s)
  ok 30 [chromium] › ..\..\..\production\tests\browser\s06-debug-hover.spec.ts:295:1 › S06 F2 complete long data narrow keyboard close and unchanged geometry (936ms)
  ok 31 [chromium] › ..\..\..\production\tests\browser\s06-debug-hover.spec.ts:326:1 › S06 F2 busy Save acknowledgement does not intercept or corrupt save (721ms)
  ok 32 [chromium] › ..\..\..\production\tests\browser\s06-debug-hover.spec.ts:362:1 › S06 debug target follows nested occurrence and independent Canvas navigation (2.9s)
  ok 33 [chromium] › ..\..\..\production\tests\browser\s06-f2-isolation.spec.ts:13:3 › S06 optional inspection absent preserves normal public editing save ACK generation Undo Redo (1.0s)
  ok 34 [chromium] › ..\..\..\production\tests\browser\s06-f2-isolation.spec.ts:13:3 › S06 optional inspection disposed preserves normal public editing save ACK generation Undo Redo (973ms)
  ok 35 [chromium] › ..\..\..\production\tests\browser\s06-f2-isolation.spec.ts:13:3 › S06 optional inspection failed-construction preserves normal public editing save ACK generation Undo Redo (971ms)
  ok 36 [chromium] › ..\..\..\production\tests\browser\s06-f2-isolation.spec.ts:13:3 › S06 optional inspection consumed-key preserves normal public editing save ACK generation Undo Redo (940ms)
  ok 37 [chromium] › ..\..\..\production\tests\browser\s06-f2-isolation.spec.ts:110:1 › S06 readonly owner fault registration serialization invalidation and multi-instance disposal stay local (184ms)
  ok 38 [chromium] › ..\..\..\production\tests\browser\s06-floating.spec.ts:5:1 › S06 shared floating consumers bound alignments focus semantics and disposal independently (475ms)
  ok 39 [chromium] › ..\..\..\production\tests\browser\s06-floating.spec.ts:143:1 › S06 scoped floating presentation is revoked independently across remounts (161ms)
  ok 40 [chromium] › ..\..\..\production\tests\browser\s06-guards.spec.ts:14:1 › S06 advertised view and edit shortcuts preserve gesture, draft and History boundaries (1.8s)
  ok 41 [chromium] › ..\..\..\production\tests\browser\s06-guards.spec.ts:58:1 › S06 Canvas connection failure persists across movement and unrelated successful actions until matching recovery (1.0s)
  ok 42 [chromium] › ..\..\..\production\tests\browser\s06-guards.spec.ts:79:1 › S06 category collapse survives query changes and whitespace uses the tree without a Graph edit (530ms)
  ok 43 [chromium] › ..\..\..\production\tests\browser\s06-guards.spec.ts:101:1 › S06 Personal search and inspect are readonly, malformed import survives unrelated success, and insert restores one Undo (1.9s)
  ok 44 [chromium] › ..\..\..\production\tests\browser\s06-guards.spec.ts:169:1 › S06 pending touch menu cancels on blur and second touch, while a completed blank hold is view only (2.7s)
  ok 45 [chromium] › ..\..\..\production\tests\browser\s06-guards.spec.ts:224:1 › S06 native field context menu remains unprevented and touch hold never opens an object menu from a control (1.1s)
  ok 46 [chromium] › ..\..\..\production\tests\browser\s06-guards.spec.ts:268:1 › S06 Personal late insertion and refresh results cannot close or overwrite a reopened dialog (445ms)
  ok 47 [chromium] › ..\..\..\production\tests\browser\s06-guards.spec.ts:354:1 › S06 competing touch cancels a primary node drag without a committed History entry (958ms)
  ok 48 [chromium] › ..\..\..\production\tests\browser\s06-help.spec.ts:69:3 › S06 Help natural outside-to-inside gesture preserves document and History (900ms)
  ok 49 [chromium] › ..\..\..\production\tests\browser\s06-help.spec.ts:69:3 › S06 Help natural inside-to-outside gesture preserves document and History (936ms)
  ok 50 [chromium] › ..\..\..\production\tests\browser\s06-help.spec.ts:69:3 › S06 Help natural outside-to-outside gesture preserves document and History (967ms)
  ok 51 [chromium] › ..\..\..\production\tests\browser\s06-help.spec.ts:104:3 › S06 Help pointercancel disarms incomplete backdrop gesture and allows a new click (519ms)
  ok 52 [chromium] › ..\..\..\production\tests\browser\s06-help.spec.ts:104:3 › S06 Help blur disarms incomplete backdrop gesture and allows a new click (517ms)
  ok 53 [chromium] › ..\..\..\production\tests\browser\s06-help.spec.ts:128:1 › S06 Help Escape Close and reopen consume old gestures and restore usable focus (591ms)
  ok 54 [chromium] › ..\..\..\production\tests\browser\s06-help.spec.ts:153:1 › S06 Help keyboard menu returns focus to Canvas and remains independent across two Canvas contexts (356ms)
  ok 55 [chromium] › ..\..\..\production\tests\browser\s06-help.spec.ts:189:1 › S06 Help readonly interaction and remounted document retain scoped lifetime (796ms)
  ok 56 [chromium] › ..\..\..\production\tests\browser\s06-hover-repair.spec.ts:36:5 › S06 repair F2 focused control versus hovered node (492ms)
  ok 57 [chromium] › ..\..\..\production\tests\browser\s06-hover-repair.spec.ts:36:5 › S06 repair F2 focused control versus hovered panel (473ms)
  ok 58 [chromium] › ..\..\..\production\tests\browser\s06-hover-repair.spec.ts:36:5 › S06 repair F2 focused control versus hovered control (480ms)
  ok 59 [chromium] › ..\..\..\production\tests\browser\s06-hover-repair.spec.ts:36:5 › S06 repair F2 focused node versus hovered node (694ms)
  ok 60 [chromium] › ..\..\..\production\tests\browser\s06-hover-repair.spec.ts:36:5 › S06 repair F2 focused node versus hovered panel (699ms)
  ok 61 [chromium] › ..\..\..\production\tests\browser\s06-hover-repair.spec.ts:36:5 › S06 repair F2 focused node versus hovered control (659ms)
  ok 62 [chromium] › ..\..\..\production\tests\browser\s06-hover-repair.spec.ts:36:5 › S06 repair F2 focused port versus hovered node (676ms)
  ok 63 [chromium] › ..\..\..\production\tests\browser\s06-hover-repair.spec.ts:36:5 › S06 repair F2 focused port versus hovered panel (699ms)
  ok 64 [chromium] › ..\..\..\production\tests\browser\s06-hover-repair.spec.ts:36:5 › S06 repair F2 focused port versus hovered control (726ms)
  ok 65 [chromium] › ..\..\..\production\tests\browser\s06-hover-repair.spec.ts:83:1 › S06 repair compact disclosures share presentation without model changes (677ms)
  ok 66 [chromium] › ..\..\..\production\tests\browser\s06-hover-repair.spec.ts:114:1 › S06 grouped project actions preserve nested Personal and saved-dialog focus (612ms)
  ok 67 [chromium] › ..\..\..\production\tests\browser\s06-hover-repair.spec.ts:166:1 › S06 output diagnostics locate current nodes and reject stale detached actions (675ms)
  ok 68 [chromium] › ..\..\..\production\tests\browser\s06-socket-bottom.spec.ts:37:3 › S06 circle-only type-colored socket states preserve geometry at 0.65 (3.3s)
  ok 69 [chromium] › ..\..\..\production\tests\browser\s06-socket-bottom.spec.ts:37:3 › S06 circle-only type-colored socket states preserve geometry at 1 (3.3s)
  ok 70 [chromium] › ..\..\..\production\tests\browser\s06-socket-bottom.spec.ts:37:3 › S06 circle-only type-colored socket states preserve geometry at 1.25 (3.3s)
  ok 71 [chromium] › ..\..\..\production\tests\browser\s06-socket-bottom.spec.ts:177:3 › S06 compact bottom actions and complete output are reachable 1920x1000 (752ms)
  ok 72 [chromium] › ..\..\..\production\tests\browser\s06-socket-bottom.spec.ts:177:3 › S06 compact bottom actions and complete output are reachable 1440x1000 (741ms)
  ok 73 [chromium] › ..\..\..\production\tests\browser\s06-socket-bottom.spec.ts:177:3 › S06 compact bottom actions and complete output are reachable 620x800 (692ms)
  ok 74 [chromium] › ..\..\..\production\tests\browser\s06-socket-bottom.spec.ts:177:3 › S06 compact bottom actions and complete output are reachable 620x380 (667ms)
  ok 75 [chromium] › ..\..\..\production\tests\browser\s06-status-pointer.spec.ts:34:34 › S06 complete persistent loss details have a keyboard read path at 620 (2.0s)
  ok 76 [chromium] › ..\..\..\production\tests\browser\s06-status-pointer.spec.ts:34:34 › S06 complete persistent loss details have a keyboard read path at 1440 (2.0s)
  ok 77 [chromium] › ..\..\..\production\tests\browser\s06-status-pointer.spec.ts:91:1 › S06 bottom application error summary opens complete current text without clearing or History (1.1s)
  ok 78 [chromium] › ..\..\..\production\tests\browser\s06-status-pointer.spec.ts:118:1 › S06 synthetic outside pointercancel is pointer-specific; click pending survives unpressed motion (760ms)
  ok 79 [chromium] › ..\..\..\production\tests\browser\s06-status-pointer.spec.ts:133:1 › S06 delayed matching storage recovery retires open error details with usable focus (533ms)
  ok 80 [chromium] › ..\..\..\production\tests\browser\s06-status-pointer.spec.ts:164:1 › S06 actual 3px uncaptured port release across Canvas Inspector retires wire and ring (1.2s)
  ok 81 [chromium] › ..\..\..\production\tests\browser\s06-status-pointer.spec.ts:182:39 › S06 trusted Enter socket activation waits for real pointer and preserves keyboard connection (1.4s)
  ok 82 [chromium] › ..\..\..\production\tests\browser\s06-status-pointer.spec.ts:182:39 › S06 trusted Space socket activation waits for real pointer and preserves keyboard connection (1.4s)
  ok 83 [chromium] › ..\..\..\production\tests\browser\s06-status-pointer.spec.ts:204:1 › S06 selection changes no body content field socket or wire geometry across pan and zoom (14.0s)
  ok 84 [chromium] › ..\..\..\production\tests\browser\s06-workspace.spec.ts:20:1 › S06 catalog literal normalized search, source/type filters, inspect and native text do not edit (621ms)
  ok 85 [chromium] › ..\..\..\production\tests\browser\s06-workspace.spec.ts:66:1 › S06 blank double-click and Tab create previews; movement is independent, cancel and stage change add no History (836ms)
  ok 86 [chromium] › ..\..\..\production\tests\browser\s06-workspace.spec.ts:104:1 › S06 wired creation is preview-only until snap placement and one Undo restores occupied input (1.2s)
  ok 87 [chromium] › ..\..\..\production\tests\browser\s06-workspace.spec.ts:160:1 › S06 help and context menu keyboard, readonly browsing and responsive original actions (1.1s)
  ok 88 [chromium] › ..\..\..\production\tests\browser\s06-workspace.spec.ts:220:1 › S06 compile error survives unrelated successful Save and clears on matching successful Generate (591ms)

  88 passed (1.8m)
