✔ production ownership manifest covers every source and rejects mutation/platform/extension violations (1074.257ms)
✔ S02 conformance: replacement uses one public Graph batch, isolates observers and retains two Context identities (13.3873ms)
✔ S02 conformance: direct replacement rejects model Error without modifying document/history (2.6407ms)
✔ M2: direct replacement atomically rejects malformed position component before publication (1.9351ms)
✔ M2: direct replacement atomically rejects malformed position length before publication (1.6047ms)
✔ M2: direct replacement atomically rejects duplicate recovery IDs before publication (1.7079ms)
✔ M2: direct replacement atomically rejects unknown envelope field before publication (1.7534ms)
✔ M2: direct replacement atomically rejects unknown node field before publication (1.5977ms)
✔ M2: direct replacement atomically rejects unknown endpoint field before publication (4.8219ms)
✔ M2: catching invalid replacement cannot publish earlier edits in the same batch (1.7267ms)
✔ M2: valid detached replacement publishes once and retains exact Undo/Redo content (3.1275ms)
✔ L10N exact owner, parent/default/inline fallback and plain interpolation leave model/history/generation unchanged (1.9988ms)
✔ L10N atomic duplicate/malformed rejection, revision CAS and immutable detached catalogs (0.6464ms)
✔ L10N observer errors/reentry are isolated, cleanup cancels later delivery, disposed service rejects (0.2839ms)
✔ PC authority: declaration is not grant; render/async/outside event denied, same mounted event succeeds (3.8185ms)
✔ PC gesture: origin guard, one operation, cross-Panel lease rejection and latest lease required (3.6967ms)
✔ PC move/hide cancel pointer gesture and drain new leases before workspace action returns (7.7903ms)
✔ PC render failure cancels only unfinished operation after publication, with no reentrant mutation (2.5113ms)
✔ PC same ID reuse and old scope registrations remain revoked (1.5602ms)
✔ VM resources: cleanup in reverse order, failure isolation, stale async tickets, no render reentrancy (0.2706ms)
✔ two independently registered Panels and two Widget view shapes share lifecycle without feature dispatch (0.9113ms)
✔ VM mount/capture/update reentrancy revokes scope and preserves placeholder; explicit retry recovers (0.3155ms)
✔ VM subscription failure releases acquired subscriptions and cannot pretend to mount (0.1196ms)
✔ PC application denies every editing command while readonly or history busy; field binding invalidates (3.7814ms)
✔ AT-S01-01: Float × Multiply → Compose emits pinned host-free GLSL without mutation (2.7241ms)
✔ AT-S01-02: direction, cross-network, occupied input, cycle and type failures are atomic (2.0372ms)
✔ AT-S01-03: mode change captures complete prior ports, edge plans and loss; undo/redo and reload (5.4982ms)
✔ AT-S01-04: multi-batch operation, cancel/no-op redo, expired draft and async draft (3.9479ms)
✔ AT-S01-08: projection before observers, reentrant writes reject and throwing observer does not roll back (1.7122ms)
✔ AT-S01-06: contexts share model and clean selection before external observation (2.5385ms)
✔ scoped field token rejects value ABA, busy, connected and dead targets; unrelated movement preserves token (3.9267ms)
✔ all model errors including unused nodes block generation; fixed definitions and boundaries remain protected (1.8087ms)
✔ generation rejects missing/extra declared boundary output even when a module emits an incomplete map (1.9295ms)
✔ shared type environment rejects unknown identity and permits explicitly registered nominal types without changing core dispatch (0.4676ms)
✔ AT-S01-02: endpoints in two real Stage networks cannot be cross-connected (2.2346ms)
✔ unknown Stage slots block generation; duplicate slot identities reject before hydration (3.8009ms)
✔ M1 reviewer counterexample: float 1e21 generates a valid GLSL floating constant (2.1286ms)
✔ M1 reviewer counterexample: multiply 1e21 generates a valid GLSL floating constant (2.2151ms)
✔ M1 literal grammar and value roundtrip cover integers, decimals, signs and exponent-form values (0.2529ms)
✔ M1 all finite float32 exponent bins and representative mantissas have legal value-preserving literals (1.9118ms)
✔ M1 admitted boundary/representative values remain editable and compile through both production literal paths (26.5642ms)
✔ AT-S01-05: document identity, complete content, new lifetime/empty history and semantic regeneration (2.3041ms)
✔ AT-S01-07: ACK of A never marks B saved, rejection and SAVE_BUSY retain baseline; download is separate (3.6044ms)
✔ old saved handle cannot attach to same persistent IDs after reload (2.2549ms)
✔ wire unknown structure, unsupported version/operation/tag, malformed known data precedence and original retention (2.1652ms)
✔ writer refuses executable/hidden values, sparse arrays, nonfinite numbers and altered prototypes without invoking getters (1.6344ms)
✔ missing exact module preserves opaque state and last port policy; loss payload is never activated (2.7675ms)
✔ forged stored conversion remains saveable but cannot generate (2.1614ms)
✔ prototype-named unknown structural keys and non-JSON whitespace are not silently accepted (2.1733ms)
✔ unrelated edits preserve forged connection evidence rather than silently repairing it (2.169ms)
✔ pending storage open cannot replace a newer edit or document lifetime (2.5849ms)
✔ unrelated edits retain explicit invalid-edge evidence even when its stored plan is structurally valid (2.2376ms)
✔ AT-S02-04 PNG: CRC oracle, roundtrip, repeated wrapping and unowned chunks preserve bytes (7.6232ms)
✔ AT-S02-04 PNG: malformed CRC, missing metadata, duplicate metadata, compression and malformed envelope are named rejections (3.8443ms)
✔ AT-S02-04 PNG: structural boundaries, file/chunk/metadata limits and invalid UTF-8 never decode pixels or compressed text (89.3905ms)
✔ AT-S02-04 PNG: ASCII/CJK/non-BMP budgets match text intake and preserve canonical graph (137.1855ms)
✔ AT-S02-01: detached inspection/cancel/raw retention and one atomic replacement with Context continuity and Undo/Redo (6.8906ms)
✔ AT-S02-01: base revision, content, lifetime, readonly, busy and fabricated review fences (18.558ms)
✔ AT-S02-01: invalid/future/duplicate IDs/unknown structure have explicit outcomes and never publish (11.9878ms)
✔ AT-S02-01: only explicit layout repair yields a candidate; unknown endpoints/references are never guessed (10.9843ms)
✔ AT-S02-01: mismatched exact pins cannot replace the destination; failed replacement is atomic (2.4486ms)
✔ AT-S02-02: missing exact module survives move/rename/save/reopen; exact restoration invokes codec and never substitutes latest (8.4815ms)
✔ AT-S02-03 boundary: foreign/legacy input is retained with explicit unresolved Gate, never implicit conversion or archive execution (0.6166ms)
✔ AT-S02-04: ASCII/CJK/non-BMP UTF-8 exact byte budget produces deterministic results without truncation (23.7472ms)
✔ AT-S02-04: network budgets, duplicate JSON keys, unknown nested structure and opaque fields are independently checked (12.6966ms)
✔ S03 Group17 retains a draft, compilation rejects per-direction limit, Undo restores original (50.4832ms)
✔ S03 64-definition destination rejects independence and imported 65th atomically (1075.466ms)
✔ S03 nested nodes overflow rejects before paste publication (15.6504ms)
✔ S03 nested edges overflow rejects before paste publication (18.8641ms)
✔ S03 symbolic extents require int/uint sources, only outer dimension and pure compilation (4.2003ms)
✔ S03 New may retain a 257-node draft; generation and save reject it without losing the draft (98.169ms)
✔ S03 partial frames stay outside clipboard; pasted relative positions retain a common offset (5.271ms)
✔ S03 persisted nested source is preserved while new nested source admission remains rejected (5.2859ms)
✔ S03 scalar/vector/matrix sources transfer; composite source reuses only within its source lifetime (23.3917ms)
✔ S03 FR01 admitted nested Structure arrays fail ES300 profile without artifacts; one dimension succeeds (6.5715ms)
✔ S03 FR02 independence remaps mixed parent and shared child owner references with Undo/Redo (45.4005ms)
✔ S03 FR02 independence remaps mixed parent and cloned child owner references with Undo/Redo (48.6162ms)
✔ S03 FR02 incomplete shared-child node address rejects independence atomically (11.4182ms)
✔ S03 FR03 editing inner Structure validates dependent depth16 and preserves Redo on depth17 rejection (23.6358ms)
✔ S03 FR03 affected dependent expansion and vector component budgets reject atomically (3.4848ms)
✔ S03 EG01 native array constructor2048, clipboard2048 boundary and same-load reuse (5.9756ms)
✔ S03 EG01 native array constructor2049, clipboard2048 boundary and same-load reuse (7.4372ms)
✔ S03 EG01 native array constructor4096, clipboard2048 boundary and same-load reuse (5.9488ms)
✔ S03 EG01 native array constructor4097 rejects atomically (2.1076ms)
✔ S03 EG01 sampler clipboard path2048 admission (3.6005ms)
✔ S03 EG01 sampler clipboard path2049 admission (4.1952ms)
✔ S03 EG01 native arrays admit float/vec2/vec3/vec4 and remap symbolic length closure (21.8652ms)
✔ S03 EG01 native arrays reject matrix/nested/expressions and invalid length owner types (10.0282ms)
✔ S03 EG01 TOP declarations clone while source+origin slots reuse, defaults persist, and Undo/Redo/save preserve identity (18.9594ms)
✔ S03 EG01 specialization import allocates minimal vacant ID0,2 ->1 (6.7417ms)
✔ S03 EG01 unsupported target, unavailable owner and throwing owner reject without publication (7.5583ms)
✔ S03 EG01 numeric uniform scalar/vector/matrix transfer remains independent and generation is explicit unavailable (18.2319ms)
✔ S03 FR03 registered resource types cannot become Structure fields (2.433ms)
✔ S03 EG01 exact provider/target ownership and imported descriptor failures stay atomic (5.8577ms)
✔ S03 EG01 round2 implicit constant array@["glsl.float",2] preserves same-load reuse and rejects real cross-Graph and fresh-load publication (11.8084ms)
✔ S03 EG01 round2 constant array@["glsl.float",2] preserves same-load reuse and rejects real cross-Graph and fresh-load publication (13.5443ms)
✔ S03 EG01 round2 uniform array@["glsl.float",2] preserves same-load reuse and rejects real cross-Graph and fresh-load publication (13.0323ms)
✔ S03 EG01 round2 implicit constant array@["glsl.vec2",2] preserves same-load reuse and rejects real cross-Graph and fresh-load publication (11.431ms)
✔ S03 EG01 round2 constant array@["glsl.vec2",2] preserves same-load reuse and rejects real cross-Graph and fresh-load publication (12.7447ms)
✔ S03 EG01 round2 uniform array@["glsl.vec2",2] preserves same-load reuse and rejects real cross-Graph and fresh-load publication (12.9403ms)
✔ S03 EG01 round2 scalar/vector/matrix constants and uniforms still cross actual Graph and fresh load (63.8645ms)
✔ S03 custom declared/state closure same-Graph remaps identities only and Undo/Redo (7.3071ms)
✔ S03 custom declared/state closure cross-Graph remaps identities only and Undo/Redo (7.4586ms)
✔ S03 grouping an existing caller preserves child-owned frame node addresses (11.2403ms)
✔ S03 owner collect/remap throws and escaping/incomplete references reject atomically with Redo preserved (7.9117ms)
✔ S03 custom resources follow encapsulation and direct independence, ordinary dependencies remain shared (16.4545ms)
✔ S03 encapsulation deduplicates crossing interfaces, shared generation is pure, Undo restores all references (5.8598ms)
✔ S03 interface rename/reorder/type/removal reconciles every caller once and Undo restores values/invalid edges/loss (9.6826ms)
✔ S03 nested resource callers including unused ancestors reconcile child interface (12.1813ms)
✔ S03 library position keeps identity, semantic edit forks target and library ancestors and local refs atomically (23.7201ms)
✔ S03 direct make independent clones direct definition, shares dependencies and remaps own boundary (15.8685ms)
✔ S03 same-load clipboard reuses current source; cross-graph remaps resources and preserves text (8.159ms)
✔ S03 clipboard typed native symbolic array closure remaps only semantic references (4.969ms)
✔ S03 late bad edge, escaping refs, forbidden source and missing closure reject without nodes/resources/history/notifications (5.9544ms)
✔ S03 source selection stays outside encapsulation; boundary-only grouping is no-op and preserves redo (3.6702ms)
✔ S03 structure drafts retain stable fields, reject recursion and block deletion while referenced (2.2605ms)
✔ S03 contexts distinguish occurrences; nested scoped targets never revive after navigation and Undo (11.5601ms)
✔ S03 library snapshot position edit retains origin, first semantic edit forks and old source remains immutable (7.4106ms)
✔ S03 nested delete and required boundary protection use the canonical Graph (5.7194ms)
✔ S03 library ancestor traversal crosses local parents (27.9687ms)
✔ S03 spare-port creation and first edge are one Undo entry with stable keys (7.2344ms)
✔ S03 whole frames travel through grouping and cross-Graph clipboard with fresh identities (8.6741ms)
✔ S03 vector/matrix reshape retains override components and defaults follow interface defaults (5.669ms)
✔ S03 malformed resource envelopes, missing boundaries and nominal conflicts reject atomically (7.4942ms)
✔ S03 source admission cannot be bypassed by nested add, grouping or pasted nodes (4.879ms)
✔ S03 layout proposal rejects navigation ABA, semantic fork and Undo (8.0396ms)
✔ S03 clipboard rejects forged hydrated plans and invalid edge evidence (3.7954ms)
✔ S03 empty library paste preserves origin, selection-independent History and Redo (6.3417ms)
✔ S03 packet-wide network identity collisions and malformed reused resource envelopes reject (4.7685ms)
✔ S03 source transfer uses actual load identity and reopened documents cannot forge same-load reuse (3.0529ms)
✔ S03 structure emission is read-only, nominally declared once, field deletion preserves invalid edges and Undo (5.5835ms)
✔ S03 accepted paste requires a valid destination and direct whole frames survive clipboard (4.1299ms)
✔ S03 scoped parameters and proposals from identical persistent IDs expire across a new load (9.0051ms)
✔ S03 library grouping resolves the forked canonical network (6.2573ms)
✔ S03 local child semantic edit forks its library ancestor (17.4705ms)
✔ S03 explicit override equal to default survives interface defaults and save/reload (11.2945ms)
✔ S03 direct independence preserves nonowned state, declared references and typed frame resources (11.4041ms)
✔ S03 encapsulation rejects cross-scope node references despite matching local IDs (1.7719ms)
✔ S03 New creates Value vec4 passthrough; shared rename retains instance names and no-op keeps library identity (12.2383ms)
✔ S03 explicit interface Add stops at16 per direction without erasing preserved oversized draft (13.2166ms)
✔ S03 structure authoring validates count, names, description, nested fixed arrays, recursion/depth and expansion (402.5476ms)
✔ S03 large external array declarations survive metadata edits; materialization remains bounded (3.3578ms)
✔ S03 type tokens retain eight dimensions and reject extra tuple fields (1.6371ms)
✔ S03 disconnected output boundary follows shared output defaults (6.8658ms)
✔ S03 inline array construction and same-load reuse allow2049 elements; cross-Graph clipboard rejects composites (18.6798ms)
✔ S03 nested input link ABA invalidates old edit tokens without changing History on rejection (16.5713ms)
✔ S03 shared same-key type changes reject stale caller tokens and removed handles never revive (11.389ms)
✔ S03 cross-Graph nominal closure remaps nested structures and Undo removes the full insertion (5.4044ms)
✔ S03 reusable definition cycles reject atomically including unused dependencies (11.8602ms)
✔ S04 Personal complete owner payload and typed references survive reuse fork and absent Library source (58.9103ms)
✔ S04 DEC004 same-name destination sources retain distinct identity and changed imported bindings regenerate (505.107ms)
✔ S04 Personal malformed envelope checksum and unsupported owner reject before provider writes; list deduplicates renamed files (35.435ms)
✔ S04 DEC002 one-source fanout does not mutate source or existing conversions and pad failures agree (18.912ms)
✔ S04 Personal root owner remap and input-bound Independent retain complete typed scope (79.9058ms)
✔ S04 stored inherited v2 and pad plans retain complete extensions through Personal shared import and reopen (27.4486ms)
✔ S04 shipped basic Library snapshot compiles after semantic fork and Personal roundtrip (11.3026ms)
✔ S04 Personal canonical package preserves snapshots, same-version reuse, independent and collision-safe filenames (30.0937ms)
✔ S04 DEC002 all16 default float plans, version fences and current ImageOutput compile (1.3637ms)
✔ S04 AC001 additive envelope upgrade retains exact pins and inactive evidence, fences v2 under2.0 (1.7033ms)
✔ S04 DEC004 literal Personal typed closure survives canonical export import save reopen generation (29.9094ms)
✔ S04 DEC004 source Personal typed closure survives canonical export import save reopen generation (77.7069ms)
✔ S04 DEC004 direct-source Personal typed closure survives canonical export import save reopen generation (38.5983ms)
✔ S04 DEC004 input Personal typed closure survives canonical export import save reopen generation (81.5911ms)
✔ S04 DEC004 input-bound length uses caller override and rejects conflicting caller sources (22.3173ms)
✔ S04 DEC004 nested shared input bindings remap through Personal and remain independent after semantic fork and reinsert (432.4739ms)
✔ S04 AC001 inactive owner network resources and unknown wrapper versions preserve the version fence (5.2086ms)
✔ S04 DEC004 rejected literal/source/input/nested candidates are atomic through Application with valid checksums (213.2512ms)
✔ S04 Personal Library per-file isolation, safe names, duplicate-at-capacity and provider failures leave existing assets unchanged (36.3226ms)
✔ S04 AC001 unchanged accepted reader and exact old/new definition boundaries (3.1533ms)
✔ S04 inherited v2 plans preserve extensions across hydration move clipboard nested and Personal (16.4587ms)
✔ S04 current exact source owner supports new image descriptors without retargeting legacy owner (1.3459ms)
✔ S04 DEC004 required int length input qualifies with an actual constant supply and changed caller defaults regenerate (96.1905ms)
✔ S05 drag repair root reads one fresh snapshot and retains immutable earlier projections (3.5325ms)
✔ S05 drag repair nested reads one fresh snapshot and retains immutable earlier projections (9.486ms)
✔ S05 drag repair preserves readonly and busy notification values while movement keeps field token (3.5599ms)
✔ S05 replacement eligibility keeps source validity separate and exact mismatch refusal atomic (12.5665ms)
✔ S05 matching replacement preserves Graph load and Context identity with one full-content Undo Redo (11.8007ms)
✔ S05 replacement eligibility and command retain stale cancelled invalid readonly and fabricated guards (28.45ms)
✔ S05 model preflight and publication share exact kind and ordered-pin refusal without History (3.6981ms)
✔ S05-FR-001 complete program preserves distinct and reversed shared Uniform identity in all emission modes (544.1522ms)
✔ S05-FR-001 same-stage same resource type conflict fails without artifacts or Graph changes (19.9223ms)
✔ S05-FR-001 same-stage same resource default conflict fails without artifacts or Graph changes (15.9606ms)
✔ S05-FR-001 cross-stage same resource type conflict fails without artifacts or Graph changes (17.0559ms)
✔ S05-FR-001 cross-stage same resource default conflict fails without artifacts or Graph changes (18.772ms)
✔ S05 fixed float: literals inside Function stay constant while formal and result are runtime (46.7329ms)
✔ S05 fixed float: defaults fixed schema every stage and mode with pure generation and roundtrip (246.983ms)
✔ S05 fixed float: bad payloads unused errors atomic commands fixed source and constant distinction (3.6962ms)
✔ S05 fixed float: scoped two-context edits one Undo and stale token preserve History (6.8675ms)
✔ S05 fixed float: shared Function and Personal owner closure retain exact values (19.0412ms)
✔ S05 fixed vec2: literals inside Function stay constant while formal and result are runtime (40.7136ms)
✔ S05 fixed vec2: defaults fixed schema every stage and mode with pure generation and roundtrip (281.0788ms)
✔ S05 fixed vec2: bad payloads unused errors atomic commands fixed source and constant distinction (4.9995ms)
✔ S05 fixed vec2: scoped two-context edits one Undo and stale token preserve History (6.6382ms)
✔ S05 fixed vec2: shared Function and Personal owner closure retain exact values (20.0822ms)
✔ S05 fixed vec3: literals inside Function stay constant while formal and result are runtime (37.1918ms)
✔ S05 fixed vec3: defaults fixed schema every stage and mode with pure generation and roundtrip (248.5708ms)
✔ S05 fixed vec3: bad payloads unused errors atomic commands fixed source and constant distinction (4.3796ms)
✔ S05 fixed vec3: scoped two-context edits one Undo and stale token preserve History (6.1396ms)
✔ S05 fixed vec3: shared Function and Personal owner closure retain exact values (20.7472ms)
✔ S05 fixed color: literals inside Function stay constant while formal and result are runtime (31.7234ms)
✔ S05 fixed color: defaults fixed schema every stage and mode with pure generation and roundtrip (281.5171ms)
✔ S05 fixed color: bad payloads unused errors atomic commands fixed source and constant distinction (4.0007ms)
✔ S05 fixed color: scoped two-context edits one Undo and stale token preserve History (6.7788ms)
✔ S05 fixed color: shared Function and Personal owner closure retain exact values (19.3439ms)
✔ S05 AT03 source/literal shape extents stay fixed; input-bound scalar extent cannot specialize a function (78.191ms)
✔ S05 AT04 pre-existing malformed constant edge and authored losses are preserved (15.5458ms)
✔ S05 AT04 AT05 unused shared dependent definitions localize and detach atomically with Redo exact (59.0064ms)
✔ S05 AT08 multioutput and unconsumed nested effects have one evaluation per occurrence and stage-local helpers (46.2511ms)
✔ S05 AT08 two live depth writer occurrences reject even when one helper body is deduplicated (25.5976ms)
✔ S05 AT01 definition default shared mode independent and no-op History (36.0765ms)
✔ S05 AT02 one helper per definition and distinct caller arguments; nested helpers are dependency ordered (41.4021ms)
✔ S05 AT03 ordinary inputs are runtime even when all callers pass constants; dead constant uses reject atomically (24.8322ms)
✔ S05 AT03 Uniform parameter binding is runtime; ordinary connection rejects constant receiver without publication (15.7219ms)
✔ S05 AT04 AT05 transitive newly-invalid consumer edges detach once with losses, Undo/Redo and required error (27.2547ms)
✔ S05 AT06 function Personal roundtrip reuses mode, localizes once and preserves source bytes (68.8463ms)
✔ S05 AT06 DEC004 upgraded literal source input and nested Personal retain selected eligible modes through exchange (503.3769ms)
✔ S05 AT07 explicit owner upgrade preserves old pins/body/origin and unknown mode never defaults (10.5452ms)
✔ S05 AT09 later invalid edit and load retain function mode; diagnostic names shared definition and related calls (20.5822ms)
✔ S05 AT10 body/mode/profile changes create fresh artifacts and old snapshot is immutable (60.2987ms)
✔ S05 HTTP provider SHA256 canonical bytes known vectors and secure UUIDv4 fail-closed (37.7644ms)
✔ OC01 zero ImageOutput is additive and empty new document compiles and roundtrips (2.5282ms)
✔ OC01 old exact ImageOutput pins retain required inputs and missing definitions never fall forward (1.136ms)
✔ OC01 explicit exact kind upgrade preserves IDs edges plans inactive evidence and makes new lifetime (12.3118ms)
✔ OC01 upgrade missing destination readonly busy malformed source and owner throws reject atomically (1.3182ms)
✔ OC01 new source owner delegates exact image descriptor admission without relaxing old owner (1.3152ms)
✔ OC08 shared wire geometry has horizontal endpoints and distance-aware controls for both directions (0.1795ms)
✔ OC01 new exact source descriptor closure supports TOP sampler native array construction and cross-load transfer (7.1363ms)
✔ OC01 owner migration refuses active gesture and throwing callback; source document remains unchanged (1.374ms)
✔ S06 catalog is a detached read over exact document pins and current occurrence stage (3.1426ms)
✔ S06 source/name/category literal rank uses NFKC, aliases and all terms without regular expressions (2.689ms)
✔ S06 stale creation proposals reject revision, navigation ABA, load and readonly without model or History writes (12.0873ms)
✔ S06 connected creation replaces an occupied exact input atomically and Undo restores it (20.2007ms)
✔ S06 query disposable IDs do not collide with admitted persistent IDs and consume no canonical identity (4.4768ms)
✔ S06 forged reference and mismatched matching-port proposals reject before any model publication (47.2157ms)
✔ S06 reference catalog excludes nested source admission without publishing query changes (26.0392ms)
✔ S06 configured Compose preview and published schema/edge agree in one transaction and one Undo/Redo (77.8494ms)
✔ S06 configured creation rejects invalid missing and non-choice parameters atomically preserving Redo and expired Draft (2.6323ms)
✔ S06 configured creation preserves library fork/reference atomicity and rolls back a rejected choice (6.0777ms)
✔ S06 configured creation keeps initializer descriptor, owner codec and reference validation before publication (3.6346ms)
✔ S06 configured creation followed by failed connection rolls back the full batch (0.9729ms)
✔ M1: missing-module boundary x rename rejects save before ACK without data loss (20.74ms)
✔ M1: missing-module boundary 中 rename rejects save before ACK without data loss (13.4939ms)
✔ M1: missing-module boundary 🍇 rename rejects save before ACK without data loss (19.4374ms)
✔ M1: compact fallback validates actual emitted bytes at and beyond the budget (11.2732ms)
✔ M1: nodes at/beyond network limit obey save/reopen invariant (19.4118ms)
✔ M1: edges at/beyond network limit obey save/reopen invariant (38.2212ms)
✔ M1: editing beyond network capacity cannot acknowledge a save or erase the previous saved document (91.5834ms)
ℹ tests 247
ℹ suites 0
ℹ pass 247
ℹ fail 0
ℹ cancelled 0
ℹ skipped 0
ℹ todo 0
ℹ duration_ms 9691.4412
(node:16340) ExperimentalWarning: Transform Types is an experimental feature and might change at any time
(Use `node --trace-warnings ...` to show where the warning was created)
