✔ production ownership manifest covers every source and rejects mutation/platform/extension violations (1067.2866ms)
✔ S02 conformance: replacement uses one public Graph batch, isolates observers and retains two Context identities (11.4064ms)
✔ S02 conformance: direct replacement rejects model Error without modifying document/history (2.5403ms)
✔ M2: direct replacement atomically rejects malformed position component before publication (1.8372ms)
✔ M2: direct replacement atomically rejects malformed position length before publication (1.4951ms)
✔ M2: direct replacement atomically rejects duplicate recovery IDs before publication (1.5984ms)
✔ M2: direct replacement atomically rejects unknown envelope field before publication (1.4797ms)
✔ M2: direct replacement atomically rejects unknown node field before publication (1.5317ms)
✔ M2: direct replacement atomically rejects unknown endpoint field before publication (3.9916ms)
✔ M2: catching invalid replacement cannot publish earlier edits in the same batch (1.9158ms)
✔ M2: valid detached replacement publishes once and retains exact Undo/Redo content (3.4403ms)
✔ L10N exact owner, parent/default/inline fallback and plain interpolation leave model/history/generation unchanged (1.453ms)
✔ L10N atomic duplicate/malformed rejection, revision CAS and immutable detached catalogs (0.3501ms)
✔ L10N observer errors/reentry are isolated, cleanup cancels later delivery, disposed service rejects (0.2173ms)
✔ PC authority: declaration is not grant; render/async/outside event denied, same mounted event succeeds (4.2456ms)
✔ PC gesture: origin guard, one operation, cross-Panel lease rejection and latest lease required (3.9101ms)
✔ PC move/hide cancel pointer gesture and drain new leases before workspace action returns (7.4153ms)
✔ PC render failure cancels only unfinished operation after publication, with no reentrant mutation (2.5099ms)
✔ PC same ID reuse and old scope registrations remain revoked (1.6166ms)
✔ VM resources: cleanup in reverse order, failure isolation, stale async tickets, no render reentrancy (0.2244ms)
✔ two independently registered Panels and two Widget view shapes share lifecycle without feature dispatch (0.9205ms)
✔ VM mount/capture/update reentrancy revokes scope and preserves placeholder; explicit retry recovers (0.2262ms)
✔ VM subscription failure releases acquired subscriptions and cannot pretend to mount (0.1013ms)
✔ PC application denies every editing command while readonly or history busy; field binding invalidates (4.041ms)
✔ B01 same-pane movement revokes old scope before placement publication and retains contribution (1.4258ms)
✔ B01 PanelRenderer subscription failure rebuilds contribution on explicit retry (0.7243ms)
✔ B01 group0, positive groups and fixed Canvas routes distinguish activation, hide and close (3.0901ms)
✔ B01 direct Context changes and revision update routed targets, unchanged placement does not repeat receive (2.4329ms)
✔ B01 close and retarget veto keep logical instances and placement intact (1.5965ms)
✔ B01 provider borrowing guards direct disposal; closing releases borrow without deleting Context (0.7711ms)
✔ B01 move, float, collapse, hide/show preserve Panel and exported draft; upper slot returns prior owner to dock (1.0597ms)
✔ B01 save/restore mints Context and leases, preserves inert identities and no runtime activation (2.7392ms)
✔ B01 application restore resolves exact graph/stage/occurrence, never names or first stage (0.8991ms)
✔ B01 missing type/version and unresolved target retain opaque data with retry using one registry (1.661ms)
✔ B01 full layout validation refuses malformed candidates before any factory or live mutation (2.5308ms)
✔ B01 invalid open/move route does not call factory or change tabs; reentry rejected in factory (0.9324ms)
✔ B01 export callback failure is whole-save failure without graph/history changes (0.6832ms)
✔ B01 same-ID close/reopen rejects old services and restores detached state only (0.9764ms)
✔ B01 tab and group ordering revokes placement while preserving live Panel identity (0.8805ms)
✔ B01 restored owned Context survives same-target retarget and receive retry then closes (1.5254ms)
✔ AT-S01-01: Float × Multiply → Compose emits pinned host-free GLSL without mutation (2.5229ms)
✔ AT-S01-02: direction, cross-network, occupied input, cycle and type failures are atomic (1.8624ms)
✔ AT-S01-03: mode change captures complete prior ports, edge plans and loss; undo/redo and reload (4.9081ms)
✔ AT-S01-04: multi-batch operation, cancel/no-op redo, expired draft and async draft (3.8109ms)
✔ AT-S01-08: projection before observers, reentrant writes reject and throwing observer does not roll back (1.6522ms)
✔ AT-S01-06: contexts share model and clean selection before external observation (2.2074ms)
✔ scoped field token rejects value ABA, busy, connected and dead targets; unrelated movement preserves token (3.7878ms)
✔ all model errors including unused nodes block generation; fixed definitions and boundaries remain protected (2.5551ms)
✔ generation rejects missing/extra declared boundary output even when a module emits an incomplete map (1.9289ms)
✔ shared type environment rejects unknown identity and permits explicitly registered nominal types without changing core dispatch (0.4437ms)
✔ AT-S01-02: endpoints in two real Stage networks cannot be cross-connected (1.8804ms)
✔ unknown Stage slots block generation; duplicate slot identities reject before hydration (3.673ms)
✔ M1 reviewer counterexample: float 1e21 generates a valid GLSL floating constant (1.8992ms)
✔ M1 reviewer counterexample: multiply 1e21 generates a valid GLSL floating constant (1.7714ms)
✔ M1 literal grammar and value roundtrip cover integers, decimals, signs and exponent-form values (0.2259ms)
✔ M1 all finite float32 exponent bins and representative mantissas have legal value-preserving literals (1.6814ms)
✔ M1 admitted boundary/representative values remain editable and compile through both production literal paths (26.0453ms)
✔ AT-S01-05: document identity, complete content, new lifetime/empty history and semantic regeneration (2.1764ms)
✔ AT-S01-07: ACK of A never marks B saved, rejection and SAVE_BUSY retain baseline; download is separate (4.67ms)
✔ old saved handle cannot attach to same persistent IDs after reload (2.5041ms)
✔ wire unknown structure, unsupported version/operation/tag, malformed known data precedence and original retention (1.9036ms)
✔ writer refuses executable/hidden values, sparse arrays, nonfinite numbers and altered prototypes without invoking getters (1.4218ms)
✔ missing exact module preserves opaque state and last port policy; loss payload is never activated (2.6436ms)
✔ forged stored conversion remains saveable but cannot generate (2.1149ms)
✔ prototype-named unknown structural keys and non-JSON whitespace are not silently accepted (2.5212ms)
✔ unrelated edits preserve forged connection evidence rather than silently repairing it (2.0799ms)
✔ pending storage open cannot replace a newer edit or document lifetime (1.9684ms)
✔ unrelated edits retain explicit invalid-edge evidence even when its stored plan is structurally valid (2.0676ms)
✔ AT-S02-04 PNG: CRC oracle, roundtrip, repeated wrapping and unowned chunks preserve bytes (7.7282ms)
✔ AT-S02-04 PNG: malformed CRC, missing metadata, duplicate metadata, compression and malformed envelope are named rejections (3.5577ms)
✔ AT-S02-04 PNG: structural boundaries, file/chunk/metadata limits and invalid UTF-8 never decode pixels or compressed text (85.5621ms)
✔ AT-S02-04 PNG: ASCII/CJK/non-BMP budgets match text intake and preserve canonical graph (127.3022ms)
✔ AT-S02-01: detached inspection/cancel/raw retention and one atomic replacement with Context continuity and Undo/Redo (6.5128ms)
✔ AT-S02-01: base revision, content, lifetime, readonly, busy and fabricated review fences (23.544ms)
✔ AT-S02-01: invalid/future/duplicate IDs/unknown structure have explicit outcomes and never publish (6.2146ms)
✔ AT-S02-01: only explicit layout repair yields a candidate; unknown endpoints/references are never guessed (9.1447ms)
✔ AT-S02-01: mismatched exact pins cannot replace the destination; failed replacement is atomic (2.7425ms)
✔ AT-S02-02: missing exact module survives move/rename/save/reopen; exact restoration invokes codec and never substitutes latest (7.8623ms)
✔ AT-S02-03 boundary: foreign/legacy input is retained with explicit unresolved Gate, never implicit conversion or archive execution (0.6889ms)
✔ AT-S02-04: ASCII/CJK/non-BMP UTF-8 exact byte budget produces deterministic results without truncation (25.1197ms)
✔ AT-S02-04: network budgets, duplicate JSON keys, unknown nested structure and opaque fields are independently checked (14.5699ms)
✔ S03 Group17 retains a draft, compilation rejects per-direction limit, Undo restores original (48.2088ms)
✔ S03 64-definition destination rejects independence and imported 65th atomically (1063.6678ms)
✔ S03 nested nodes overflow rejects before paste publication (20.0638ms)
✔ S03 nested edges overflow rejects before paste publication (18.4881ms)
✔ S03 symbolic extents require int/uint sources, only outer dimension and pure compilation (4.4944ms)
✔ S03 New may retain a 257-node draft; generation and save reject it without losing the draft (96.5475ms)
✔ S03 partial frames stay outside clipboard; pasted relative positions retain a common offset (4.6714ms)
✔ S03 persisted nested source is preserved while new nested source admission remains rejected (5.0986ms)
✔ S03 scalar/vector/matrix sources transfer; composite source reuses only within its source lifetime (21.2626ms)
✔ S03 FR01 admitted nested Structure arrays fail ES300 profile without artifacts; one dimension succeeds (5.946ms)
✔ S03 FR02 independence remaps mixed parent and shared child owner references with Undo/Redo (39.4783ms)
✔ S03 FR02 independence remaps mixed parent and cloned child owner references with Undo/Redo (44.6632ms)
✔ S03 FR02 incomplete shared-child node address rejects independence atomically (10.4368ms)
✔ S03 FR03 editing inner Structure validates dependent depth16 and preserves Redo on depth17 rejection (17.0305ms)
✔ S03 FR03 affected dependent expansion and vector component budgets reject atomically (3.5063ms)
✔ S03 EG01 native array constructor2048, clipboard2048 boundary and same-load reuse (4.975ms)
✔ S03 EG01 native array constructor2049, clipboard2048 boundary and same-load reuse (6.4083ms)
✔ S03 EG01 native array constructor4096, clipboard2048 boundary and same-load reuse (5.8833ms)
✔ S03 EG01 native array constructor4097 rejects atomically (1.9972ms)
✔ S03 EG01 sampler clipboard path2048 admission (5.8057ms)
✔ S03 EG01 sampler clipboard path2049 admission (3.746ms)
✔ S03 EG01 native arrays admit float/vec2/vec3/vec4 and remap symbolic length closure (20.7043ms)
✔ S03 EG01 native arrays reject matrix/nested/expressions and invalid length owner types (7.923ms)
✔ S03 EG01 TOP declarations clone while source+origin slots reuse, defaults persist, and Undo/Redo/save preserve identity (14.2134ms)
✔ S03 EG01 specialization import allocates minimal vacant ID0,2 ->1 (4.5553ms)
✔ S03 EG01 unsupported target, unavailable owner and throwing owner reject without publication (5.8408ms)
✔ S03 EG01 numeric uniform scalar/vector/matrix transfer remains independent and generation is explicit unavailable (13.0849ms)
✔ S03 FR03 registered resource types cannot become Structure fields (2.4343ms)
✔ S03 EG01 exact provider/target ownership and imported descriptor failures stay atomic (4.4007ms)
✔ S03 EG01 round2 implicit constant array@["glsl.float",2] preserves same-load reuse and rejects real cross-Graph and fresh-load publication (9.5665ms)
✔ S03 EG01 round2 constant array@["glsl.float",2] preserves same-load reuse and rejects real cross-Graph and fresh-load publication (8.9756ms)
✔ S03 EG01 round2 uniform array@["glsl.float",2] preserves same-load reuse and rejects real cross-Graph and fresh-load publication (9.1956ms)
✔ S03 EG01 round2 implicit constant array@["glsl.vec2",2] preserves same-load reuse and rejects real cross-Graph and fresh-load publication (9.1094ms)
✔ S03 EG01 round2 constant array@["glsl.vec2",2] preserves same-load reuse and rejects real cross-Graph and fresh-load publication (9.1494ms)
✔ S03 EG01 round2 uniform array@["glsl.vec2",2] preserves same-load reuse and rejects real cross-Graph and fresh-load publication (9.2941ms)
✔ S03 EG01 round2 scalar/vector/matrix constants and uniforms still cross actual Graph and fresh load (48.6519ms)
✔ S03 custom declared/state closure same-Graph remaps identities only and Undo/Redo (7.561ms)
✔ S03 custom declared/state closure cross-Graph remaps identities only and Undo/Redo (8.6218ms)
✔ S03 grouping an existing caller preserves child-owned frame node addresses (10.1973ms)
✔ S03 owner collect/remap throws and escaping/incomplete references reject atomically with Redo preserved (7.542ms)
✔ S03 custom resources follow encapsulation and direct independence, ordinary dependencies remain shared (14.9024ms)
✔ S03 encapsulation deduplicates crossing interfaces, shared generation is pure, Undo restores all references (5.7117ms)
✔ S03 interface rename/reorder/type/removal reconciles every caller once and Undo restores values/invalid edges/loss (8.8875ms)
✔ S03 nested resource callers including unused ancestors reconcile child interface (10.2436ms)
✔ S03 library position keeps identity, semantic edit forks target and library ancestors and local refs atomically (21.2604ms)
✔ S03 direct make independent clones direct definition, shares dependencies and remaps own boundary (17.328ms)
✔ S03 same-load clipboard reuses current source; cross-graph remaps resources and preserves text (6.0832ms)
✔ S03 clipboard typed native symbolic array closure remaps only semantic references (4.5384ms)
✔ S03 late bad edge, escaping refs, forbidden source and missing closure reject without nodes/resources/history/notifications (5.0904ms)
✔ S03 source selection stays outside encapsulation; boundary-only grouping is no-op and preserves redo (3.5677ms)
✔ S03 structure drafts retain stable fields, reject recursion and block deletion while referenced (2.0212ms)
✔ S03 contexts distinguish occurrences; nested scoped targets never revive after navigation and Undo (12.0006ms)
✔ S03 library snapshot position edit retains origin, first semantic edit forks and old source remains immutable (7.8355ms)
✔ S03 nested delete and required boundary protection use the canonical Graph (4.5015ms)
✔ S03 library ancestor traversal crosses local parents (25.9549ms)
✔ S03 spare-port creation and first edge are one Undo entry with stable keys (7.0432ms)
✔ S03 whole frames travel through grouping and cross-Graph clipboard with fresh identities (8.35ms)
✔ S03 vector/matrix reshape retains override components and defaults follow interface defaults (5.7216ms)
✔ S03 malformed resource envelopes, missing boundaries and nominal conflicts reject atomically (7.6223ms)
✔ S03 source admission cannot be bypassed by nested add, grouping or pasted nodes (3.9039ms)
✔ S03 layout proposal rejects navigation ABA, semantic fork and Undo (7.5872ms)
✔ S03 clipboard rejects forged hydrated plans and invalid edge evidence (3.4993ms)
✔ S03 empty library paste preserves origin, selection-independent History and Redo (6.616ms)
✔ S03 packet-wide network identity collisions and malformed reused resource envelopes reject (4.8614ms)
✔ S03 source transfer uses actual load identity and reopened documents cannot forge same-load reuse (2.6711ms)
✔ S03 structure emission is read-only, nominally declared once, field deletion preserves invalid edges and Undo (5.1993ms)
✔ S03 accepted paste requires a valid destination and direct whole frames survive clipboard (4.4674ms)
✔ S03 scoped parameters and proposals from identical persistent IDs expire across a new load (7.1711ms)
✔ S03 library grouping resolves the forked canonical network (6.611ms)
✔ S03 local child semantic edit forks its library ancestor (16.6597ms)
✔ S03 explicit override equal to default survives interface defaults and save/reload (11.5132ms)
✔ S03 direct independence preserves nonowned state, declared references and typed frame resources (10.2443ms)
✔ S03 encapsulation rejects cross-scope node references despite matching local IDs (1.602ms)
✔ S03 New creates Value vec4 passthrough; shared rename retains instance names and no-op keeps library identity (11.1814ms)
✔ S03 explicit interface Add stops at16 per direction without erasing preserved oversized draft (11.8215ms)
✔ S03 structure authoring validates count, names, description, nested fixed arrays, recursion/depth and expansion (378.4924ms)
✔ S03 large external array declarations survive metadata edits; materialization remains bounded (3.2548ms)
✔ S03 type tokens retain eight dimensions and reject extra tuple fields (1.6218ms)
✔ S03 disconnected output boundary follows shared output defaults (6.6562ms)
✔ S03 inline array construction and same-load reuse allow2049 elements; cross-Graph clipboard rejects composites (17.9143ms)
✔ S03 nested input link ABA invalidates old edit tokens without changing History on rejection (16.1085ms)
✔ S03 shared same-key type changes reject stale caller tokens and removed handles never revive (9.5661ms)
✔ S03 cross-Graph nominal closure remaps nested structures and Undo removes the full insertion (5.1875ms)
✔ S03 reusable definition cycles reject atomically including unused dependencies (10.1965ms)
✔ S04 Personal complete owner payload and typed references survive reuse fork and absent Library source (47.192ms)
✔ S04 DEC004 same-name destination sources retain distinct identity and changed imported bindings regenerate (423.6376ms)
✔ S04 Personal malformed envelope checksum and unsupported owner reject before provider writes; list deduplicates renamed files (30.58ms)
✔ S04 DEC002 one-source fanout does not mutate source or existing conversions and pad failures agree (17.3664ms)
✔ S04 Personal root owner remap and input-bound Independent retain complete typed scope (74.3023ms)
✔ S04 stored inherited v2 and pad plans retain complete extensions through Personal shared import and reopen (25.1806ms)
✔ S04 shipped basic Library snapshot compiles after semantic fork and Personal roundtrip (10.664ms)
✔ S04 Personal canonical package preserves snapshots, same-version reuse, independent and collision-safe filenames (27.458ms)
✔ S04 DEC002 all16 default float plans, version fences and current ImageOutput compile (1.202ms)
✔ S04 AC001 additive envelope upgrade retains exact pins and inactive evidence, fences v2 under2.0 (1.17ms)
✔ S04 DEC004 literal Personal typed closure survives canonical export import save reopen generation (29.6269ms)
✔ S04 DEC004 source Personal typed closure survives canonical export import save reopen generation (75.7019ms)
✔ S04 DEC004 direct-source Personal typed closure survives canonical export import save reopen generation (35.2384ms)
✔ S04 DEC004 input Personal typed closure survives canonical export import save reopen generation (77.2232ms)
✔ S04 DEC004 input-bound length uses caller override and rejects conflicting caller sources (20.6157ms)
✔ S04 DEC004 nested shared input bindings remap through Personal and remain independent after semantic fork and reinsert (363.3638ms)
✔ S04 AC001 inactive owner network resources and unknown wrapper versions preserve the version fence (5.2211ms)
✔ S04 DEC004 rejected literal/source/input/nested candidates are atomic through Application with valid checksums (197.3329ms)
✔ S04 Personal Library per-file isolation, safe names, duplicate-at-capacity and provider failures leave existing assets unchanged (35.4275ms)
✔ S04 AC001 unchanged accepted reader and exact old/new definition boundaries (2.8732ms)
✔ S04 inherited v2 plans preserve extensions across hydration move clipboard nested and Personal (13.068ms)
✔ S04 current exact source owner supports new image descriptors without retargeting legacy owner (0.879ms)
✔ S04 DEC004 required int length input qualifies with an actual constant supply and changed caller defaults regenerate (91.2284ms)
✔ S05 drag repair root reads one fresh snapshot and retains immutable earlier projections (2.4167ms)
✔ S05 drag repair nested reads one fresh snapshot and retains immutable earlier projections (8.8828ms)
✔ S05 drag repair preserves readonly and busy notification values while movement keeps field token (3.19ms)
✔ S05 replacement eligibility keeps source validity separate and exact mismatch refusal atomic (11.9721ms)
✔ S05 matching replacement preserves Graph load and Context identity with one full-content Undo Redo (11.3225ms)
✔ S05 replacement eligibility and command retain stale cancelled invalid readonly and fabricated guards (26.5846ms)
✔ S05 model preflight and publication share exact kind and ordered-pin refusal without History (3.8552ms)
✔ S05-FR-001 complete program preserves distinct and reversed shared Uniform identity in all emission modes (522.6693ms)
✔ S05-FR-001 same-stage same resource type conflict fails without artifacts or Graph changes (14.3761ms)
✔ S05-FR-001 same-stage same resource default conflict fails without artifacts or Graph changes (13.6899ms)
✔ S05-FR-001 cross-stage same resource type conflict fails without artifacts or Graph changes (12.8267ms)
✔ S05-FR-001 cross-stage same resource default conflict fails without artifacts or Graph changes (13.5747ms)
✔ S05 fixed float: literals inside Function stay constant while formal and result are runtime (33.2ms)
✔ S05 fixed float: defaults fixed schema every stage and mode with pure generation and roundtrip (225.7585ms)
✔ S05 fixed float: bad payloads unused errors atomic commands fixed source and constant distinction (3.4371ms)
✔ S05 fixed float: scoped two-context edits one Undo and stale token preserve History (6.2069ms)
✔ S05 fixed float: shared Function and Personal owner closure retain exact values (19.3588ms)
✔ S05 fixed vec2: literals inside Function stay constant while formal and result are runtime (31.3818ms)
✔ S05 fixed vec2: defaults fixed schema every stage and mode with pure generation and roundtrip (229.9136ms)
✔ S05 fixed vec2: bad payloads unused errors atomic commands fixed source and constant distinction (4.4088ms)
✔ S05 fixed vec2: scoped two-context edits one Undo and stale token preserve History (6.2137ms)
✔ S05 fixed vec2: shared Function and Personal owner closure retain exact values (19.6103ms)
✔ S05 fixed vec3: literals inside Function stay constant while formal and result are runtime (32.5904ms)
✔ S05 fixed vec3: defaults fixed schema every stage and mode with pure generation and roundtrip (228.6833ms)
✔ S05 fixed vec3: bad payloads unused errors atomic commands fixed source and constant distinction (4.3048ms)
✔ S05 fixed vec3: scoped two-context edits one Undo and stale token preserve History (5.9962ms)
✔ S05 fixed vec3: shared Function and Personal owner closure retain exact values (19.4228ms)
✔ S05 fixed color: literals inside Function stay constant while formal and result are runtime (30.7738ms)
✔ S05 fixed color: defaults fixed schema every stage and mode with pure generation and roundtrip (231.6286ms)
✔ S05 fixed color: bad payloads unused errors atomic commands fixed source and constant distinction (4.0728ms)
✔ S05 fixed color: scoped two-context edits one Undo and stale token preserve History (5.9459ms)
✔ S05 fixed color: shared Function and Personal owner closure retain exact values (20.0931ms)
✔ S05 AT03 source/literal shape extents stay fixed; input-bound scalar extent cannot specialize a function (75.5546ms)
✔ S05 AT04 pre-existing malformed constant edge and authored losses are preserved (14.9709ms)
✔ S05 AT04 AT05 unused shared dependent definitions localize and detach atomically with Redo exact (56.4755ms)
✔ S05 AT08 multioutput and unconsumed nested effects have one evaluation per occurrence and stage-local helpers (37.9433ms)
✔ S05 AT08 two live depth writer occurrences reject even when one helper body is deduplicated (16.2943ms)
✔ S05 AT01 definition default shared mode independent and no-op History (24.7949ms)
✔ S05 AT02 one helper per definition and distinct caller arguments; nested helpers are dependency ordered (30.1784ms)
✔ S05 AT03 ordinary inputs are runtime even when all callers pass constants; dead constant uses reject atomically (22.7147ms)
✔ S05 AT03 Uniform parameter binding is runtime; ordinary connection rejects constant receiver without publication (15.4358ms)
✔ S05 AT04 AT05 transitive newly-invalid consumer edges detach once with losses, Undo/Redo and required error (26.8852ms)
✔ S05 AT06 function Personal roundtrip reuses mode, localizes once and preserves source bytes (62.7897ms)
✔ S05 AT06 DEC004 upgraded literal source input and nested Personal retain selected eligible modes through exchange (463.891ms)
✔ S05 AT07 explicit owner upgrade preserves old pins/body/origin and unknown mode never defaults (7.3018ms)
✔ S05 AT09 later invalid edit and load retain function mode; diagnostic names shared definition and related calls (16.4034ms)
✔ S05 AT10 body/mode/profile changes create fresh artifacts and old snapshot is immutable (44.1623ms)
✔ S05 HTTP provider SHA256 canonical bytes known vectors and secure UUIDv4 fail-closed (32.8429ms)
✔ OC01 zero ImageOutput is additive and empty new document compiles and roundtrips (1.936ms)
✔ OC01 old exact ImageOutput pins retain required inputs and missing definitions never fall forward (1.219ms)
✔ OC01 explicit exact kind upgrade preserves IDs edges plans inactive evidence and makes new lifetime (12.135ms)
✔ OC01 upgrade missing destination readonly busy malformed source and owner throws reject atomically (1.3219ms)
✔ OC01 new source owner delegates exact image descriptor admission without relaxing old owner (1.2086ms)
✔ OC08 shared wire geometry has horizontal endpoints and distance-aware controls for both directions (0.1754ms)
✔ OC01 new exact source descriptor closure supports TOP sampler native array construction and cross-load transfer (6.4518ms)
✔ OC01 owner migration refuses active gesture and throwing callback; source document remains unchanged (1.3181ms)
✔ S06 catalog is a detached read over exact document pins and current occurrence stage (2.957ms)
✔ S06 source/name/category literal rank uses NFKC, aliases and all terms without regular expressions (2.3428ms)
✔ S06 stale creation proposals reject revision, navigation ABA, load and readonly without model or History writes (10.0442ms)
✔ S06 connected creation replaces an occupied exact input atomically and Undo restores it (19.6061ms)
✔ S06 query disposable IDs do not collide with admitted persistent IDs and consume no canonical identity (4.2989ms)
✔ S06 forged reference and mismatched matching-port proposals reject before any model publication (40.9584ms)
✔ S06 reference catalog excludes nested source admission without publishing query changes (19.1996ms)
✔ S06 configured Compose preview and published schema/edge agree in one transaction and one Undo/Redo (60.9529ms)
✔ S06 configured creation rejects invalid missing and non-choice parameters atomically preserving Redo and expired Draft (2.2025ms)
✔ S06 configured creation preserves library fork/reference atomicity and rolls back a rejected choice (6.1071ms)
✔ S06 configured creation keeps initializer descriptor, owner codec and reference validation before publication (2.8924ms)
✔ S06 configured creation followed by failed connection rolls back the full batch (0.8035ms)
✔ M1: missing-module boundary x rename rejects save before ACK without data loss (15.9952ms)
✔ M1: missing-module boundary 中 rename rejects save before ACK without data loss (12.6442ms)
✔ M1: missing-module boundary 🍇 rename rejects save before ACK without data loss (16.8904ms)
✔ M1: compact fallback validates actual emitted bytes at and beyond the budget (9.1524ms)
✔ M1: nodes at/beyond network limit obey save/reopen invariant (18.5545ms)
✔ M1: edges at/beyond network limit obey save/reopen invariant (35.0926ms)
✔ M1: editing beyond network capacity cannot acknowledge a save or erase the previous saved document (80.6994ms)
ℹ tests 263
ℹ suites 0
ℹ pass 263
ℹ fail 0
ℹ cancelled 0
ℹ skipped 0
ℹ todo 0
ℹ duration_ms 8988.754
(node:56756) ExperimentalWarning: Transform Types is an experimental feature and might change at any time
(Use `node --trace-warnings ...` to show where the warning was created)
