
> grape-s01@0.1.0 test:browser
> node tools/runtime.mjs && playwright test


Running 14 tests using 1 worker

  ✓   1 [chromium] › tests/browser/s01.spec.ts:28:1 › AT-S01-01 browser: user creates connected shader, edits and sees generated GLSL (923ms)
  ✓   2 [chromium] › tests/browser/s01.spec.ts:51:1 › AT-S01-03 browser: dynamic shape errors are visible, Undo restores and Redo repeats (904ms)
  ✓   3 [chromium] › tests/browser/s01.spec.ts:80:1 › AT-S01-05 browser: IndexedDB ACK save/reopen and independent JSON download/file open (899ms)
  ✓   4 [chromium] › tests/browser/s01.spec.ts:107:1 › AT-S01-02 browser: occupied and incompatible connections preserve wires and revision (773ms)
  ✓   5 [chromium] › tests/browser/s01.spec.ts:132:1 › AT-S01-04 browser: draft cancel, IME guard, keyboard commit, pointer gesture Undo and cancel (686ms)
  ✓   6 [chromium] › tests/browser/s01.spec.ts:174:1 › AT-S01-06 browser: two Canvas contexts keep independent selections and camera while sharing edits (728ms)
  ✓   7 [chromium] › tests/browser/s01.spec.ts:233:1 › AT-S01-07 browser: delayed storage completion cannot clear a newer edit; rejection and export preserve dirty (439ms)
  ✓   8 [chromium] › tests/browser/s01.spec.ts:281:1 › recovery browser: future structural document stays read-only and original can be exported (243ms)
  ✓   9 [chromium] › tests/browser/s01.spec.ts:308:1 › readonly browser: fields, actions and keyboard cannot edit; unlocking restores the same value (355ms)
  ✓  10 [chromium] › tests/browser/s01.spec.ts:330:1 › diagnostics locate the affected node through the active Context without adding History (697ms)
  ✓  11 [chromium] › tests/browser/s01.spec.ts:354:1 › invalid UTF-8 recovery retains original bytes; closing recovery and cancelling open preserve the graph (394ms)
  ✓  12 [chromium] › tests/browser/s01.spec.ts:380:1 › view failure shows shared retry placeholder and releases the failed mount (335ms)
  ✓  13 [chromium] › tests/browser/s01.spec.ts:414:1 › keyboard node selection and connection buttons preserve focus; wires meet sockets after fractional zoom (742ms)
  ✓  14 [chromium] › tests/browser/s01.spec.ts:448:1 › error-bearing dynamic document saves and reopens with loss evidence and generation still blocked (980ms)

  14 passed (10.2s)
[WebServer] (node:7277) Warning: The 'NO_COLOR' env is ignored due to the 'FORCE_COLOR' env being set.
[WebServer] (Use `node --trace-warnings ...` to show where the warning was created)
[WebServer] (node:7297) Warning: The 'NO_COLOR' env is ignored due to the 'FORCE_COLOR' env being set.
[WebServer] (Use `node --trace-warnings ...` to show where the warning was created)
(node:7315) Warning: The 'NO_COLOR' env is ignored due to the 'FORCE_COLOR' env being set.
(Use `node --trace-warnings ...` to show where the warning was created)
npm notice
npm notice New minor version of npm available! 11.8.0 -> 11.21.0
npm notice Changelog: https://github.com/npm/cli/releases/tag/v11.21.0
npm notice To update run: npm install -g npm@11.21.0
npm notice
