{
  "file": "/workspace/Grape/implementation-state.json",
  "status": "CURRENT_RECORD_VALID",
  "errors": [],
  "inheritedGates": [
    {
      "gateId": "G-LU-DATA-001",
      "baselineStatus": "unresolved",
      "scopedDecisions": []
    },
    {
      "gateId": "G-LU-DATA-002",
      "baselineStatus": "unresolved",
      "scopedDecisions": []
    },
    {
      "gateId": "G-LU-DATA-003",
      "baselineStatus": "unresolved",
      "scopedDecisions": []
    },
    {
      "gateId": "G-LU-DATA-004",
      "baselineStatus": "unresolved",
      "scopedDecisions": []
    },
    {
      "gateId": "G-LU-DATA-005",
      "baselineStatus": "unresolved",
      "scopedDecisions": []
    },
    {
      "gateId": "G-LU-DATA-006",
      "baselineStatus": "unresolved",
      "scopedDecisions": []
    },
    {
      "gateId": "G-LU-DATA-007",
      "baselineStatus": "unresolved",
      "scopedDecisions": []
    },
    {
      "gateId": "G-LU-NODE-001",
      "baselineStatus": "unresolved",
      "scopedDecisions": []
    },
    {
      "gateId": "G-LU-NODE-002",
      "baselineStatus": "unresolved",
      "scopedDecisions": []
    },
    {
      "gateId": "G-LU-NODE-003",
      "baselineStatus": "unresolved",
      "scopedDecisions": []
    },
    {
      "gateId": "G-LU-NODE-004",
      "baselineStatus": "unresolved",
      "scopedDecisions": []
    },
    {
      "gateId": "G-LU-NODE-005",
      "baselineStatus": "unresolved",
      "scopedDecisions": []
    },
    {
      "gateId": "G-LU-NODE-006",
      "baselineStatus": "unresolved",
      "scopedDecisions": []
    },
    {
      "gateId": "G-LU-UI-001",
      "baselineStatus": "unresolved",
      "scopedDecisions": []
    },
    {
      "gateId": "G-LU-UI-002",
      "baselineStatus": "unresolved",
      "scopedDecisions": []
    },
    {
      "gateId": "G-LU-UI-003",
      "baselineStatus": "unresolved",
      "scopedDecisions": []
    },
    {
      "gateId": "G-LU-UI-004",
      "baselineStatus": "unresolved",
      "scopedDecisions": []
    },
    {
      "gateId": "G-LU-UI-005",
      "baselineStatus": "unresolved",
      "scopedDecisions": []
    },
    {
      "gateId": "G-LU-UI-006",
      "baselineStatus": "unresolved",
      "scopedDecisions": []
    },
    {
      "gateId": "G-LU-UI-007",
      "baselineStatus": "unresolved",
      "scopedDecisions": []
    },
    {
      "gateId": "G-LU-UI-008",
      "baselineStatus": "unresolved",
      "scopedDecisions": []
    },
    {
      "gateId": "G-LU-UI-009",
      "baselineStatus": "unresolved",
      "scopedDecisions": []
    },
    {
      "gateId": "G-LU-HOST-001",
      "baselineStatus": "unresolved",
      "scopedDecisions": []
    },
    {
      "gateId": "G-LU-HOST-002",
      "baselineStatus": "unresolved",
      "scopedDecisions": []
    },
    {
      "gateId": "G-LU-HOST-003",
      "baselineStatus": "unresolved",
      "scopedDecisions": []
    },
    {
      "gateId": "G-LU-HOST-004",
      "baselineStatus": "unresolved",
      "scopedDecisions": []
    },
    {
      "gateId": "G-LU-HOST-005",
      "baselineStatus": "unresolved",
      "scopedDecisions": []
    },
    {
      "gateId": "G-LU-HOST-006",
      "baselineStatus": "unresolved",
      "scopedDecisions": []
    },
    {
      "gateId": "G-LU-HOST-007",
      "baselineStatus": "unresolved",
      "scopedDecisions": []
    },
    {
      "gateId": "G-LU-HOST-008",
      "baselineStatus": "unresolved",
      "scopedDecisions": []
    },
    {
      "gateId": "G-LU-AUDIT-001",
      "baselineStatus": "unresolved",
      "scopedDecisions": []
    },
    {
      "gateId": "G-LU-AUDIT-002",
      "baselineStatus": "unresolved",
      "scopedDecisions": []
    },
    {
      "gateId": "G-LU-AUDIT-003",
      "baselineStatus": "unresolved",
      "scopedDecisions": []
    },
    {
      "gateId": "G-PD-1",
      "baselineStatus": "unresolved",
      "scopedDecisions": []
    },
    {
      "gateId": "G-PD-2",
      "baselineStatus": "unresolved",
      "scopedDecisions": []
    },
    {
      "gateId": "G-PD-3",
      "baselineStatus": "unresolved",
      "scopedDecisions": []
    },
    {
      "gateId": "G-PD-4A",
      "baselineStatus": "unresolved",
      "scopedDecisions": []
    },
    {
      "gateId": "G-PD-4B",
      "baselineStatus": "unresolved",
      "scopedDecisions": []
    },
    {
      "gateId": "G-VERSION-COMPAT",
      "baselineStatus": "unresolved",
      "scopedDecisions": []
    },
    {
      "gateId": "G-MIXED-HISTORY",
      "baselineStatus": "DEFERRED_BY_PRODUCT_DECISION",
      "scopedDecisions": []
    },
    {
      "gateId": "G-UI-CONFORMANCE",
      "baselineStatus": "unresolved",
      "scopedDecisions": []
    },
    {
      "gateId": "G-DEPLOYMENT-CONFORMANCE",
      "baselineStatus": "unresolved",
      "scopedDecisions": []
    },
    {
      "gateId": "G-EXTENSION-PANEL",
      "baselineStatus": "contract-qualified-runtime-unverified",
      "scopedDecisions": []
    },
    {
      "gateId": "G-EXTENSION-WIDGET-SCOPE",
      "baselineStatus": "contract-qualified-runtime-unverified",
      "scopedDecisions": []
    },
    {
      "gateId": "G-HANDOFF-CQ-OWNERSHIP",
      "baselineStatus": "unresolved-source-wording-quarantined",
      "scopedDecisions": []
    },
    {
      "gateId": "G-DOCUMENT-STABILITY-COMMITMENT",
      "baselineStatus": "unresolved",
      "scopedDecisions": []
    }
  ],
  "limits": [
    "Structural validation and evidence digests do not authenticate human approval, evidence adequacy, product readiness, or semantic Gate resolution.",
    "Scoped decisions never overwrite frozen Gate/qualification records. Omitted decisions inherit the baseline status."
  ]
}
