✖ M1 reviewer counterexample: float 1e21 generates a valid GLSL floating constant (14.558984ms)
✖ M1 reviewer counterexample: multiply 1e21 generates a valid GLSL floating constant (7.21249ms)
(node:8765) ExperimentalWarning: Transform Types is an experimental feature and might change at any time
(Use `node --trace-warnings ...` to show where the warning was created)
ℹ tests 2
ℹ suites 0
ℹ pass 0
ℹ fail 2
ℹ cancelled 0
ℹ skipped 0
ℹ todo 0
ℹ duration_ms 131.281156

✖ failing tests:

test at tests/unit/numeric-literals.test.ts:10:3
✖ M1 reviewer counterexample: float 1e21 generates a valid GLSL floating constant (14.558984ms)
  AssertionError [ERR_ASSERTION]: The input did not match the regular expression /^-?(?:(?:[0-9]+\.[0-9]*|\.[0-9]+)(?:[eE][+-]?[0-9]+)?|[0-9]+[eE][+-]?[0-9]+)$/. Input:
  
  '1e+21.0'
  
      at TestContext.<anonymous> (/workspace/Grape/production/tests/unit/numeric-literals.test.ts:19:12)
      at Test.runInAsyncScope (node:async_hooks:212:14)
      at Test.run (node:internal/test_runner/test:1109:25)
      at Test.start (node:internal/test_runner/test:1006:17)
      at startSubtestAfterBootstrap (node:internal/test_runner/harness:358:17) {
    generatedMessage: true,
    code: 'ERR_ASSERTION',
    actual: '1e+21.0',
    expected: /^-?(?:(?:[0-9]+\.[0-9]*|\.[0-9]+)(?:[eE][+-]?[0-9]+)?|[0-9]+[eE][+-]?[0-9]+)$/,
    operator: 'match',
    diff: 'simple'
  }

test at tests/unit/numeric-literals.test.ts:10:3
✖ M1 reviewer counterexample: multiply 1e21 generates a valid GLSL floating constant (7.21249ms)
  AssertionError [ERR_ASSERTION]: The input did not match the regular expression /^-?(?:(?:[0-9]+\.[0-9]*|\.[0-9]+)(?:[eE][+-]?[0-9]+)?|[0-9]+[eE][+-]?[0-9]+)$/. Input:
  
  '1e+21.0'
  
      at TestContext.<anonymous> (/workspace/Grape/production/tests/unit/numeric-literals.test.ts:19:12)
      at Test.runInAsyncScope (node:async_hooks:212:14)
      at Test.run (node:internal/test_runner/test:1109:25)
      at Test.processPendingSubtests (node:internal/test_runner/test:786:18)
      at Test.postRun (node:internal/test_runner/test:1238:19)
      at Test.run (node:internal/test_runner/test:1166:12)
      at async startSubtestAfterBootstrap (node:internal/test_runner/harness:358:3) {
    generatedMessage: true,
    code: 'ERR_ASSERTION',
    actual: '1e+21.0',
    expected: /^-?(?:(?:[0-9]+\.[0-9]*|\.[0-9]+)(?:[eE][+-]?[0-9]+)?|[0-9]+[eE][+-]?[0-9]+)$/,
    operator: 'match',
    diff: 'simple'
  }
