
> grape-s01@0.1.0 test
> node tools/runtime.mjs && node --experimental-transform-types --test --test-isolation=none tests/unit/*.test.ts tests/conformance/*.test.ts

✔ production ownership manifest covers every source and rejects mutation/platform/extension violations (944.330783ms)
✔ L10N exact owner, parent/default/inline fallback and plain interpolation leave model/history/generation unchanged (7.511005ms)
✔ L10N atomic duplicate/malformed rejection, revision CAS and immutable detached catalogs (1.279165ms)
✔ L10N observer errors/reentry are isolated, cleanup cancels later delivery, disposed service rejects (0.445024ms)
✔ PC authority: declaration is not grant; render/async/outside event denied, same mounted event succeeds (6.103425ms)
✔ PC gesture: origin guard, one operation, cross-Panel lease rejection and latest lease required (5.82939ms)
✔ PC move/hide cancel pointer gesture and drain new leases before workspace action returns (10.034494ms)
✔ PC render failure cancels only unfinished operation after publication, with no reentrant mutation (3.345632ms)
✔ PC same ID reuse and old scope registrations remain revoked (3.239852ms)
✔ VM resources: cleanup in reverse order, failure isolation, stale async tickets, no render reentrancy (0.459966ms)
✔ two independently registered Panels and two Widget view shapes share lifecycle without feature dispatch (1.329351ms)
✔ VM mount/capture/update reentrancy revokes scope and preserves placeholder; explicit retry recovers (0.375749ms)
✔ VM subscription failure releases acquired subscriptions and cannot pretend to mount (0.17211ms)
✔ PC application denies every editing command while readonly or history busy; field binding invalidates (11.617729ms)
✔ AT-S01-01: Float × Multiply → Compose emits pinned host-free GLSL without mutation (3.78735ms)
✔ AT-S01-02: direction, cross-network, occupied input, cycle and type failures are atomic (7.06519ms)
✔ AT-S01-03: mode change captures complete prior ports, edge plans and loss; undo/redo and reload (6.898909ms)
✔ AT-S01-04: multi-batch operation, cancel/no-op redo, expired draft and async draft (5.664751ms)
✔ AT-S01-08: projection before observers, reentrant writes reject and throwing observer does not roll back (1.560852ms)
✔ AT-S01-06: contexts share model and clean selection before external observation (3.538595ms)
✔ scoped field token rejects value ABA, busy, connected and dead targets; unrelated movement preserves token (4.874035ms)
✔ all model errors including unused nodes block generation; fixed definitions and boundaries remain protected (1.619231ms)
✔ generation rejects missing/extra declared boundary output even when a module emits an incomplete map (1.988388ms)
✔ shared type environment rejects unknown identity and permits explicitly registered nominal types without changing core dispatch (0.520368ms)
✔ AT-S01-02: endpoints in two real Stage networks cannot be cross-connected (2.177184ms)
✔ unknown Stage slots block generation; duplicate slot identities reject before hydration (5.555536ms)
✔ AT-S01-05: document identity, complete content, new lifetime/empty history and semantic regeneration (2.787548ms)
✔ AT-S01-07: ACK of A never marks B saved, rejection and SAVE_BUSY retain baseline; download is separate (4.700712ms)
✔ old saved handle cannot attach to same persistent IDs after reload (2.581286ms)
✔ wire unknown structure, unsupported version/operation/tag, malformed known data precedence and original retention (2.741839ms)
✔ writer refuses executable/hidden values, sparse arrays, nonfinite numbers and altered prototypes without invoking getters (1.749357ms)
✔ missing exact module preserves opaque state and last port policy; loss payload is never activated (3.009884ms)
✔ forged stored conversion remains saveable but cannot generate (2.506092ms)
✔ prototype-named unknown structural keys and non-JSON whitespace are not silently accepted (2.598723ms)
✔ unrelated edits preserve forged connection evidence rather than silently repairing it (2.065145ms)
✔ pending storage open cannot replace a newer edit or document lifetime (2.606153ms)
✔ unrelated edits retain explicit invalid-edge evidence even when its stored plan is structurally valid (2.256705ms)
ℹ tests 37
ℹ suites 0
ℹ pass 37
ℹ fail 0
ℹ cancelled 0
ℹ skipped 0
ℹ todo 0
ℹ duration_ms 1220.897253
(node:7203) ExperimentalWarning: Transform Types is an experimental feature and might change at any time
(Use `node --trace-warnings ...` to show where the warning was created)
npm notice
npm notice New minor version of npm available! 11.8.0 -> 11.21.0
npm notice Changelog: https://github.com/npm/cli/releases/tag/v11.21.0
npm notice To update run: npm install -g npm@11.21.0
npm notice
