
> grape-s01@0.1.0 test:browser
> node tools/runtime.mjs && playwright test --output=evidence/s03/candidate-browser-01/artifacts

[WebServer] (node:68168) Warning: The 'NO_COLOR' env is ignored due to the 'FORCE_COLOR' env being set.
[WebServer] (Use `node --trace-warnings ...` to show where the warning was created)

Running 44 tests using 1 worker

(node:41764) Warning: The 'NO_COLOR' env is ignored due to the 'FORCE_COLOR' env being set.
(Use `node --trace-warnings ...` to show where the warning was created)
  ok  1 [chromium] › tests\browser\s01.spec.ts:28:1 › AT-S01-01 browser: user creates connected shader, edits and sees generated GLSL (962ms)
  ok  2 [chromium] › tests\browser\s01.spec.ts:54:1 › AT-S01-03 browser: dynamic shape errors are visible, Undo restores and Redo repeats (1.0s)
  ok  3 [chromium] › tests\browser\s01.spec.ts:83:1 › AT-S01-05 browser: IndexedDB ACK save/reopen and independent JSON download/file open (1.2s)
  ok  4 [chromium] › tests\browser\s01.spec.ts:113:1 › AT-S01-02 browser: occupied and incompatible connections preserve wires and revision (826ms)
  ok  5 [chromium] › tests\browser\s01.spec.ts:138:1 › AT-S01-04 browser: draft cancel, IME guard, keyboard commit, pointer gesture Undo and cancel (610ms)
  ok  6 [chromium] › tests\browser\s01.spec.ts:180:1 › AT-S01-06 browser: two Canvas contexts keep independent selections and camera while sharing edits (659ms)
  ok  7 [chromium] › tests\browser\s01.spec.ts:239:1 › AT-S01-07 browser: delayed storage completion cannot clear a newer edit; rejection and export preserve dirty (413ms)
  ok  8 [chromium] › tests\browser\s01.spec.ts:287:1 › recovery browser: future structural document stays read-only and original can be exported (285ms)
  ok  9 [chromium] › tests\browser\s01.spec.ts:314:1 › readonly browser: fields, actions and keyboard cannot edit; unlocking restores the same value (317ms)
  ok 10 [chromium] › tests\browser\s01.spec.ts:336:1 › diagnostics locate the affected node through the active Context without adding History (795ms)
  ok 11 [chromium] › tests\browser\s01.spec.ts:360:1 › invalid UTF-8 recovery retains original bytes; closing recovery and cancelling open preserve the graph (378ms)
  ok 12 [chromium] › tests\browser\s01.spec.ts:386:1 › view failure shows shared retry placeholder and releases the failed mount (344ms)
  ok 13 [chromium] › tests\browser\s01.spec.ts:420:1 › keyboard node selection and connection buttons preserve focus; wires meet sockets after fractional zoom (774ms)
  ok 14 [chromium] › tests\browser\s01.spec.ts:454:1 › error-bearing dynamic document saves and reopens with loss evidence and generation still blocked (1.4s)
  ok 15 [chromium] › tests\browser\s01.spec.ts:495:3 › M1 browser: Float 1e21 commits and generates a valid exponent literal (1.0s)
  ok 16 [chromium] › tests\browser\s01.spec.ts:495:3 › M1 browser: Multiply 1e21 commits and generates a valid exponent literal (914ms)
  ok 17 [chromium] › tests\browser\s01.spec.ts:530:1 › N1 browser: middle/right movement cannot edit nodes; primary drag still groups into one Undo (701ms)
  ok 18 [chromium] › tests\browser\s02.spec.ts:25:1 › AT-S02-01 browser: review/cancel, repair proposal and explicit one-Undo atomic acceptance (1.1s)
  ok 19 [chromium] › tests\browser\s02.spec.ts:79:1 › AT-S02-01 browser: readonly and intervening edit fence publication (392ms)
  ok 20 [chromium] › tests\browser\s02.spec.ts:100:1 › AT-S02-01 browser: duplicate IDs, unknown structure and future input never expose acceptance (672ms)
  ok 21 [chromium] › tests\browser\s02.spec.ts:125:1 › AT-S02-02 browser: explicit missing-module load, move/rename, save/reopen preserve opaque state and block generation (896ms)
  ok 22 [chromium] › tests\browser\s02.spec.ts:179:1 › AT-S02-03 boundary browser: unmapped legacy remains explicit with provenance and original export (294ms)
  ok 23 [chromium] › tests\browser\s02.spec.ts:202:1 › AT-S02-04 browser: real Canvas PNG preview/export/reimport, malformed CRC and missing metadata (942ms)
  ok 24 [chromium] › tests\browser\s02.spec.ts:261:1 › AT-S02-01 browser: cancel during delayed file read fences the late review (1.2s)
  ok 25 [chromium] › tests\browser\s02.spec.ts:287:1 › M1 browser: boundary missing-module rename rejects save, retains prior ACK, then saves and reopens without opaque loss (1.1s)
  ok 26 [chromium] › tests\browser\s03.spec.ts:50:1 › AT-S03-01/02 real nested Canvas, Inspector, interface reorder/remove and Undo (1.5s)
  ok 27 [chromium] › tests\browser\s03.spec.ts:101:1 › AT-S03-03 browser clipboard success, injected late rejection and Unicode text preserved (1.2s)
  ok 28 [chromium] › tests\browser\s03.spec.ts:149:1 › AT-S03-04 nested IME/cancel/focus and navigation cleanup use the real Inspector (645ms)
  ok 29 [chromium] › tests\browser\s03.spec.ts:190:1 › S03 structure authoring draft cancel, reorder and stale confirmation (545ms)
  ok 30 [chromium] › tests\browser\s03.spec.ts:226:1 › AT-S03-01 two Canvas occurrences share parameters and keep independent navigation (1.8s)
  ok 31 [chromium] › tests\browser\s03.spec.ts:292:1 › AT-S03-01/04 real library first edit, position-only layout, spare output and nested deletion (828ms)
  ok 32 [chromium] › tests\browser\s03.spec.ts:359:3 › G-LU-DATA-004 browser local clipboard UTF-8 budget x (1.2s)
  ok 33 [chromium] › tests\browser\s03.spec.ts:359:3 › G-LU-DATA-004 browser local clipboard UTF-8 budget 中 (1.2s)
  ok 34 [chromium] › tests\browser\s03.spec.ts:359:3 › G-LU-DATA-004 browser local clipboard UTF-8 budget 🍇 (1.3s)
  ok 35 [chromium] › tests\browser\s03.spec.ts:404:1 › AT-S03-04 nested Inspector field removal cancels a focused draft and Undo mounts fresh controls (924ms)
  ok 36 [chromium] › tests\browser\s03.spec.ts:451:1 › AT-S03-03 visible frames move with encapsulation and Undo (1.1s)
  ok 37 [chromium] › tests\browser\s03.spec.ts:481:1 › S03 Make independent and nested interface removal preserve other callers and Undo (2.0s)
  ok 38 [chromium] › tests\browser\s03.spec.ts:534:1 › S03 Structure Help is read-only and composite defaults and Escape retain saved values (1.4s)
  ok 39 [chromium] › tests\browser\s03.spec.ts:602:1 › G-LU-DATA-001 browser bad edge, capacity, stage and source rejection rolls back the complete transaction (1.9s)
  ok 40 [chromium] › tests\browser\s03.spec.ts:672:1 › S03 shared name and matrix defaults update both callers with one Undo (1.5s)
  ok 41 [chromium] › tests\browser\s03.spec.ts:730:1 › S03 clickable breadcrumbs discard stale interface drafts and selected ports (711ms)
  ok 42 [chromium] › tests\browser\s03.spec.ts:763:1 › S03 direction-specific Add16 controls preserve draft and allow output creation (1.3s)
  ok 43 [chromium] › tests\browser\s03.spec.ts:800:1 › S03 Structure description and fixed array controls keep field identity across cancel/reorder (914ms)
  ok 44 [chromium] › tests\browser\s03.spec.ts:859:1 › S03 browser cross-Graph paste imports independent closure and Undo removes it (2.0s)

  44 passed (44.8s)
