
> grape-s01@0.1.0 test
> node tools/runtime.mjs && node --experimental-transform-types --test --test-isolation=none tests/unit/*.test.ts tests/conformance/*.test.ts

✔ production ownership manifest covers every source and rejects mutation/platform/extension violations (1045.265ms)
✔ S02 conformance: replacement uses one public Graph batch, isolates observers and retains two Context identities (14.1273ms)
✔ S02 conformance: direct replacement rejects model Error without modifying document/history (2.9901ms)
✔ M2: direct replacement atomically rejects malformed position component before publication (1.8372ms)
✔ M2: direct replacement atomically rejects malformed position length before publication (2.0966ms)
✔ M2: direct replacement atomically rejects duplicate recovery IDs before publication (2.028ms)
✔ M2: direct replacement atomically rejects unknown envelope field before publication (1.4974ms)
✔ M2: direct replacement atomically rejects unknown node field before publication (1.4975ms)
✔ M2: direct replacement atomically rejects unknown endpoint field before publication (1.702ms)
✔ M2: catching invalid replacement cannot publish earlier edits in the same batch (1.6556ms)
✔ M2: valid detached replacement publishes once and retains exact Undo/Redo content (3.1464ms)
✔ L10N exact owner, parent/default/inline fallback and plain interpolation leave model/history/generation unchanged (1.6873ms)
✔ L10N atomic duplicate/malformed rejection, revision CAS and immutable detached catalogs (0.3673ms)
✔ L10N observer errors/reentry are isolated, cleanup cancels later delivery, disposed service rejects (0.1538ms)
✔ PC authority: declaration is not grant; render/async/outside event denied, same mounted event succeeds (5.8554ms)
✔ PC gesture: origin guard, one operation, cross-Panel lease rejection and latest lease required (10.9383ms)
✔ PC move/hide cancel pointer gesture and drain new leases before workspace action returns (15.4889ms)
✔ PC render failure cancels only unfinished operation after publication, with no reentrant mutation (5.0414ms)
✔ PC same ID reuse and old scope registrations remain revoked (2.6237ms)
✔ VM resources: cleanup in reverse order, failure isolation, stale async tickets, no render reentrancy (0.2563ms)
✔ two independently registered Panels and two Widget view shapes share lifecycle without feature dispatch (0.7919ms)
✔ VM mount/capture/update reentrancy revokes scope and preserves placeholder; explicit retry recovers (0.2712ms)
✔ VM subscription failure releases acquired subscriptions and cannot pretend to mount (0.1259ms)
✔ PC application denies every editing command while readonly or history busy; field binding invalidates (13.5997ms)
✔ AT-S01-01: Float × Multiply → Compose emits pinned host-free GLSL without mutation (2.4615ms)
✔ AT-S01-02: direction, cross-network, occupied input, cycle and type failures are atomic (1.9504ms)
✔ AT-S01-03: mode change captures complete prior ports, edge plans and loss; undo/redo and reload (5.6642ms)
✔ AT-S01-04: multi-batch operation, cancel/no-op redo, expired draft and async draft (4.5979ms)
✔ AT-S01-08: projection before observers, reentrant writes reject and throwing observer does not roll back (1.4775ms)
✔ AT-S01-06: contexts share model and clean selection before external observation (5.2106ms)
✔ scoped field token rejects value ABA, busy, connected and dead targets; unrelated movement preserves token (11.8514ms)
✔ all model errors including unused nodes block generation; fixed definitions and boundaries remain protected (2.0208ms)
✔ generation rejects missing/extra declared boundary output even when a module emits an incomplete map (2.5594ms)
✔ shared type environment rejects unknown identity and permits explicitly registered nominal types without changing core dispatch (0.6398ms)
✔ AT-S01-02: endpoints in two real Stage networks cannot be cross-connected (2.51ms)
✔ unknown Stage slots block generation; duplicate slot identities reject before hydration (4.4093ms)
✔ M1 reviewer counterexample: float 1e21 generates a valid GLSL floating constant (2.8268ms)
✔ M1 reviewer counterexample: multiply 1e21 generates a valid GLSL floating constant (3.1863ms)
✔ M1 literal grammar and value roundtrip cover integers, decimals, signs and exponent-form values (0.2451ms)
✔ M1 all finite float32 exponent bins and representative mantissas have legal value-preserving literals (1.8197ms)
✔ M1 admitted boundary/representative values remain editable and compile through both production literal paths (28.0533ms)
✔ AT-S01-05: document identity, complete content, new lifetime/empty history and semantic regeneration (2.927ms)
✔ AT-S01-07: ACK of A never marks B saved, rejection and SAVE_BUSY retain baseline; download is separate (9.6687ms)
✔ old saved handle cannot attach to same persistent IDs after reload (4.9556ms)
✔ wire unknown structure, unsupported version/operation/tag, malformed known data precedence and original retention (1.9757ms)
✔ writer refuses executable/hidden values, sparse arrays, nonfinite numbers and altered prototypes without invoking getters (1.914ms)
✔ missing exact module preserves opaque state and last port policy; loss payload is never activated (3.6464ms)
✔ forged stored conversion remains saveable but cannot generate (2.9032ms)
✔ prototype-named unknown structural keys and non-JSON whitespace are not silently accepted (2.5837ms)
✔ unrelated edits preserve forged connection evidence rather than silently repairing it (2.0836ms)
✔ pending storage open cannot replace a newer edit or document lifetime (2.6792ms)
✔ unrelated edits retain explicit invalid-edge evidence even when its stored plan is structurally valid (2.0677ms)
✔ AT-S02-04 PNG: CRC oracle, roundtrip, repeated wrapping and unowned chunks preserve bytes (8.5695ms)
✔ AT-S02-04 PNG: malformed CRC, missing metadata, duplicate metadata, compression and malformed envelope are named rejections (4.9999ms)
✔ AT-S02-04 PNG: structural boundaries, file/chunk/metadata limits and invalid UTF-8 never decode pixels or compressed text (92.6265ms)
✔ AT-S02-04 PNG: ASCII/CJK/non-BMP budgets match text intake and preserve canonical graph (134.6305ms)
✔ AT-S02-01: detached inspection/cancel/raw retention and one atomic replacement with Context continuity and Undo/Redo (7.6333ms)
✔ AT-S02-01: base revision, content, lifetime, readonly, busy and fabricated review fences (18.4621ms)
✔ AT-S02-01: invalid/future/duplicate IDs/unknown structure have explicit outcomes and never publish (6.9661ms)
✔ AT-S02-01: only explicit layout repair yields a candidate; unknown endpoints/references are never guessed (12.5428ms)
✔ AT-S02-01: mismatched exact pins cannot replace the destination; failed replacement is atomic (2.4428ms)
✔ AT-S02-02: missing exact module survives move/rename/save/reopen; exact restoration invokes codec and never substitutes latest (7.798ms)
✔ AT-S02-03 boundary: foreign/legacy input is retained with explicit unresolved Gate, never implicit conversion or archive execution (0.8967ms)
✔ AT-S02-04: ASCII/CJK/non-BMP UTF-8 exact byte budget produces deterministic results without truncation (22.6197ms)
✔ AT-S02-04: network budgets, duplicate JSON keys, unknown nested structure and opaque fields are independently checked (12.4346ms)
✔ S03 Group17 retains a draft, compilation rejects per-direction limit, Undo restores original (42.3835ms)
✔ S03 64-definition destination rejects independence and imported 65th atomically (841.0225ms)
✔ S03 nested nodes overflow rejects before paste publication (14.9733ms)
✔ S03 nested edges overflow rejects before paste publication (18.5848ms)
✔ S03 symbolic extents require int/uint sources, only outer dimension and pure compilation (3.372ms)
✔ S03 New may retain a 257-node draft; generation and save reject it without losing the draft (80.0741ms)
✔ S03 partial frames stay outside clipboard; pasted relative positions retain a common offset (3.9112ms)
✔ S03 persisted nested source is preserved while new nested source admission remains rejected (4.7875ms)
✔ S03 scalar/vector/matrix sources transfer; composite source reuses only within its source lifetime (18.8001ms)
✔ S03 custom declared/state closure same-Graph remaps identities only and Undo/Redo (7.5652ms)
✔ S03 custom declared/state closure cross-Graph remaps identities only and Undo/Redo (6.6949ms)
✔ S03 grouping an existing caller preserves child-owned frame node addresses (9.1669ms)
✔ S03 owner collect/remap throws and escaping/incomplete references reject atomically with Redo preserved (6.7489ms)
✔ S03 custom resources follow encapsulation and direct independence, ordinary dependencies remain shared (12.3918ms)
✔ S03 encapsulation deduplicates crossing interfaces, shared generation is pure, Undo restores all references (5.5074ms)
✔ S03 interface rename/reorder/type/removal reconciles every caller once and Undo restores values/invalid edges/loss (8.1955ms)
✔ S03 nested resource callers including unused ancestors reconcile child interface (8.994ms)
✔ S03 library position keeps identity, semantic edit forks target and library ancestors and local refs atomically (18.1863ms)
✔ S03 direct make independent clones direct definition, shares dependencies and remaps own boundary (13.0957ms)
✔ S03 same-load clipboard reuses current source; cross-graph remaps resources and preserves text (6.1622ms)
✔ S03 clipboard typed nominal and symbolic array closure remaps only semantic references (4.5762ms)
✔ S03 late bad edge, escaping refs, forbidden source and missing closure reject without nodes/resources/history/notifications (4.7492ms)
✔ S03 source selection stays outside encapsulation; boundary-only grouping is no-op and preserves redo (3.1519ms)
✔ S03 structure drafts retain stable fields, reject recursion and block deletion while referenced (2.101ms)
✔ S03 contexts distinguish occurrences; nested scoped targets never revive after navigation and Undo (29.3834ms)
✔ S03 library snapshot position edit retains origin, first semantic edit forks and old source remains immutable (9.6307ms)
✔ S03 nested delete and required boundary protection use the canonical Graph (5.8141ms)
✔ S03 library ancestor traversal crosses local parents (25.7772ms)
✔ S03 spare-port creation and first edge are one Undo entry with stable keys (7.1609ms)
✔ S03 whole frames travel through grouping and cross-Graph clipboard with fresh identities (9.8578ms)
✔ S03 vector/matrix reshape retains override components and defaults follow interface defaults (7.003ms)
✔ S03 malformed resource envelopes, missing boundaries and nominal conflicts reject atomically (8.3812ms)
✔ S03 source admission cannot be bypassed by nested add, grouping or pasted nodes (4.5983ms)
✔ S03 layout proposal rejects navigation ABA, semantic fork and Undo (20.6416ms)
✔ S03 clipboard rejects forged hydrated plans and invalid edge evidence (2.9361ms)
✔ S03 empty library paste preserves origin, selection-independent History and Redo (6.3606ms)
✔ S03 packet-wide network identity collisions and malformed reused resource envelopes reject (4.5585ms)
✔ S03 source transfer uses actual load identity and reopened documents cannot forge same-load reuse (3.1316ms)
✔ S03 structure emission is read-only, nominally declared once, field deletion preserves invalid edges and Undo (4.9761ms)
✔ S03 accepted paste requires a valid destination and direct whole frames survive clipboard (4.2154ms)
✔ S03 scoped parameters and proposals from identical persistent IDs expire across a new load (15.5946ms)
✔ S03 library grouping resolves the forked canonical network (8.4499ms)
✔ S03 local child semantic edit forks its library ancestor (17.3462ms)
✔ S03 explicit override equal to default survives interface defaults and save/reload (12.092ms)
✔ S03 direct independence preserves nonowned state, declared references and typed frame resources (10.8817ms)
✔ S03 encapsulation rejects cross-scope node references despite matching local IDs (1.7832ms)
✔ S03 New creates Value vec4 passthrough; shared rename retains instance names and no-op keeps library identity (11.0695ms)
✔ S03 explicit interface Add stops at16 per direction without erasing preserved oversized draft (11.5559ms)
✔ S03 structure authoring validates count, names, description, nested fixed arrays, recursion/depth and expansion (311.7219ms)
✔ S03 large external array declarations survive metadata edits; materialization remains bounded (4.2597ms)
✔ S03 type tokens retain eight dimensions and reject extra tuple fields (2.2023ms)
✔ S03 disconnected output boundary follows shared output defaults (7.0179ms)
✔ S03 inline numeric source arrays do not inherit native path-length limits (15.6393ms)
✔ S03 nested input link ABA invalidates old edit tokens without changing History on rejection (40.6018ms)
✔ S03 shared same-key type changes reject stale caller tokens and removed handles never revive (25.3383ms)
✔ S03 cross-Graph nominal closure remaps nested structures and Undo removes the full insertion (6.5331ms)
✔ S03 reusable definition cycles reject atomically including unused dependencies (9.8279ms)
✔ M1: missing-module boundary x rename rejects save before ACK without data loss (21.2609ms)
✔ M1: missing-module boundary 中 rename rejects save before ACK without data loss (18.6802ms)
✔ M1: missing-module boundary 🍇 rename rejects save before ACK without data loss (32.1702ms)
✔ M1: compact fallback validates actual emitted bytes at and beyond the budget (5.5252ms)
✔ M1: nodes at/beyond network limit obey save/reopen invariant (23.5098ms)
✔ M1: edges at/beyond network limit obey save/reopen invariant (47.1017ms)
✔ M1: editing beyond network capacity cannot acknowledge a save or erase the previous saved document (93.8549ms)
(node:72120) ExperimentalWarning: Transform Types is an experimental feature and might change at any time
(Use `node --trace-warnings ...` to show where the warning was created)
ℹ tests 129
ℹ suites 0
ℹ pass 129
ℹ fail 0
ℹ cancelled 0
ℹ skipped 0
ℹ todo 0
ℹ duration_ms 3870.7415
npm notice
npm notice New minor version of npm available! 11.8.0 -> 11.21.0
npm notice Changelog: https://github.com/npm/cli/releases/tag/v11.21.0
npm notice To update run: npm install -g npm@11.21.0
npm notice
