✔ production ownership manifest covers every source and rejects mutation/platform/extension violations (1083.2278ms)
✔ S02 conformance: replacement uses one public Graph batch, isolates observers and retains two Context identities (16.1864ms)
✔ S02 conformance: direct replacement rejects model Error without modifying document/history (2.541ms)
✔ M2: direct replacement atomically rejects malformed position component before publication (1.9649ms)
✔ M2: direct replacement atomically rejects malformed position length before publication (1.6277ms)
✔ M2: direct replacement atomically rejects duplicate recovery IDs before publication (2.1456ms)
✔ M2: direct replacement atomically rejects unknown envelope field before publication (1.8849ms)
✔ M2: direct replacement atomically rejects unknown node field before publication (1.6612ms)
✔ M2: direct replacement atomically rejects unknown endpoint field before publication (1.7265ms)
✔ M2: catching invalid replacement cannot publish earlier edits in the same batch (1.7695ms)
✔ M2: valid detached replacement publishes once and retains exact Undo/Redo content (3.1934ms)
✔ L10N exact owner, parent/default/inline fallback and plain interpolation leave model/history/generation unchanged (1.5833ms)
✔ L10N atomic duplicate/malformed rejection, revision CAS and immutable detached catalogs (0.4784ms)
✔ L10N observer errors/reentry are isolated, cleanup cancels later delivery, disposed service rejects (0.1529ms)
✔ PC authority: declaration is not grant; render/async/outside event denied, same mounted event succeeds (3.5858ms)
✔ PC gesture: origin guard, one operation, cross-Panel lease rejection and latest lease required (3.6941ms)
✔ PC move/hide cancel pointer gesture and drain new leases before workspace action returns (7.2577ms)
✔ PC render failure cancels only unfinished operation after publication, with no reentrant mutation (3.0362ms)
✔ PC same ID reuse and old scope registrations remain revoked (1.5107ms)
✔ VM resources: cleanup in reverse order, failure isolation, stale async tickets, no render reentrancy (0.2864ms)
✔ two independently registered Panels and two Widget view shapes share lifecycle without feature dispatch (2.0875ms)
✔ VM mount/capture/update reentrancy revokes scope and preserves placeholder; explicit retry recovers (0.325ms)
✔ VM subscription failure releases acquired subscriptions and cannot pretend to mount (0.1154ms)
✔ PC application denies every editing command while readonly or history busy; field binding invalidates (4.3443ms)
✔ S06 hover preference defaults false and changes only its explicit isolated key (0.2096ms)
✔ S06 malformed hover preference is honest default without rewriting any key (0.0934ms)
✔ S06 inaccessible or refused hover preference falls back to normal hints without clearing storage (0.0839ms)
✔ AT-S01-01: Float × Multiply → Compose emits pinned host-free GLSL without mutation (2.9075ms)
✔ AT-S01-02: direction, cross-network, occupied input, cycle and type failures are atomic (2.1517ms)
✔ AT-S01-03: mode change captures complete prior ports, edge plans and loss; undo/redo and reload (5.3475ms)
✔ AT-S01-04: multi-batch operation, cancel/no-op redo, expired draft and async draft (4.2717ms)
✔ AT-S01-08: projection before observers, reentrant writes reject and throwing observer does not roll back (2.2287ms)
✔ AT-S01-06: contexts share model and clean selection before external observation (2.3816ms)
✔ scoped field token rejects value ABA, busy, connected and dead targets; unrelated movement preserves token (6.0281ms)
✔ all model errors including unused nodes block generation; fixed definitions and boundaries remain protected (2.8024ms)
✔ generation rejects missing/extra declared boundary output even when a module emits an incomplete map (2.0518ms)
✔ shared type environment rejects unknown identity and permits explicitly registered nominal types without changing core dispatch (0.5064ms)
✔ AT-S01-02: endpoints in two real Stage networks cannot be cross-connected (2.6127ms)
✔ unknown Stage slots block generation; duplicate slot identities reject before hydration (5.013ms)
✔ M1 reviewer counterexample: float 1e21 generates a valid GLSL floating constant (1.9124ms)
✔ M1 reviewer counterexample: multiply 1e21 generates a valid GLSL floating constant (1.9361ms)
✔ M1 literal grammar and value roundtrip cover integers, decimals, signs and exponent-form values (0.2293ms)
✔ M1 all finite float32 exponent bins and representative mantissas have legal value-preserving literals (1.7104ms)
✔ M1 admitted boundary/representative values remain editable and compile through both production literal paths (26.6046ms)
✔ AT-S01-05: document identity, complete content, new lifetime/empty history and semantic regeneration (2.3177ms)
✔ AT-S01-07: ACK of A never marks B saved, rejection and SAVE_BUSY retain baseline; download is separate (3.7561ms)
✔ old saved handle cannot attach to same persistent IDs after reload (2.3577ms)
✔ wire unknown structure, unsupported version/operation/tag, malformed known data precedence and original retention (2.2014ms)
✔ writer refuses executable/hidden values, sparse arrays, nonfinite numbers and altered prototypes without invoking getters (1.7851ms)
✔ missing exact module preserves opaque state and last port policy; loss payload is never activated (3.1525ms)
✔ forged stored conversion remains saveable but cannot generate (2.203ms)
✔ prototype-named unknown structural keys and non-JSON whitespace are not silently accepted (2.0239ms)
✔ unrelated edits preserve forged connection evidence rather than silently repairing it (2.1241ms)
✔ pending storage open cannot replace a newer edit or document lifetime (1.9789ms)
✔ unrelated edits retain explicit invalid-edge evidence even when its stored plan is structurally valid (2.7377ms)
✔ AT-S02-04 PNG: CRC oracle, roundtrip, repeated wrapping and unowned chunks preserve bytes (8.0249ms)
✔ AT-S02-04 PNG: malformed CRC, missing metadata, duplicate metadata, compression and malformed envelope are named rejections (3.5663ms)
✔ AT-S02-04 PNG: structural boundaries, file/chunk/metadata limits and invalid UTF-8 never decode pixels or compressed text (89.1863ms)
✔ AT-S02-04 PNG: ASCII/CJK/non-BMP budgets match text intake and preserve canonical graph (139.0285ms)
✔ AT-S02-01: detached inspection/cancel/raw retention and one atomic replacement with Context continuity and Undo/Redo (6.4765ms)
✔ AT-S02-01: base revision, content, lifetime, readonly, busy and fabricated review fences (22.3856ms)
✔ AT-S02-01: invalid/future/duplicate IDs/unknown structure have explicit outcomes and never publish (10.4273ms)
✔ AT-S02-01: only explicit layout repair yields a candidate; unknown endpoints/references are never guessed (9.6638ms)
✔ AT-S02-01: mismatched exact pins cannot replace the destination; failed replacement is atomic (3.24ms)
✔ AT-S02-02: missing exact module survives move/rename/save/reopen; exact restoration invokes codec and never substitutes latest (8.173ms)
✔ AT-S02-03 boundary: foreign/legacy input is retained with explicit unresolved Gate, never implicit conversion or archive execution (0.7194ms)
✔ AT-S02-04: ASCII/CJK/non-BMP UTF-8 exact byte budget produces deterministic results without truncation (26.495ms)
✔ AT-S02-04: network budgets, duplicate JSON keys, unknown nested structure and opaque fields are independently checked (13.331ms)
✔ S03 Group17 retains a draft, compilation rejects per-direction limit, Undo restores original (57.2453ms)
✔ S03 64-definition destination rejects independence and imported 65th atomically (1084.9458ms)
✔ S03 nested nodes overflow rejects before paste publication (17.7456ms)
✔ S03 nested edges overflow rejects before paste publication (27.6963ms)
✔ S03 symbolic extents require int/uint sources, only outer dimension and pure compilation (5.7243ms)
✔ S03 New may retain a 257-node draft; generation and save reject it without losing the draft (134.5659ms)
✔ S03 partial frames stay outside clipboard; pasted relative positions retain a common offset (6.5396ms)
✔ S03 persisted nested source is preserved while new nested source admission remains rejected (7.1855ms)
✔ S03 scalar/vector/matrix sources transfer; composite source reuses only within its source lifetime (32.9894ms)
✔ S03 FR01 admitted nested Structure arrays fail ES300 profile without artifacts; one dimension succeeds (9.9877ms)
✔ S03 FR02 independence remaps mixed parent and shared child owner references with Undo/Redo (50.0821ms)
✔ S03 FR02 independence remaps mixed parent and cloned child owner references with Undo/Redo (53.1451ms)
✔ S03 FR02 incomplete shared-child node address rejects independence atomically (10.6037ms)
✔ S03 FR03 editing inner Structure validates dependent depth16 and preserves Redo on depth17 rejection (18.6037ms)
✔ S03 FR03 affected dependent expansion and vector component budgets reject atomically (3.6606ms)
✔ S03 EG01 native array constructor2048, clipboard2048 boundary and same-load reuse (5.7421ms)
✔ S03 EG01 native array constructor2049, clipboard2048 boundary and same-load reuse (6.1501ms)
✔ S03 EG01 native array constructor4096, clipboard2048 boundary and same-load reuse (6.5885ms)
✔ S03 EG01 native array constructor4097 rejects atomically (2.1695ms)
✔ S03 EG01 sampler clipboard path2048 admission (3.5256ms)
✔ S03 EG01 sampler clipboard path2049 admission (3.608ms)
✔ S03 EG01 native arrays admit float/vec2/vec3/vec4 and remap symbolic length closure (20.3231ms)
✔ S03 EG01 native arrays reject matrix/nested/expressions and invalid length owner types (9.1497ms)
✔ S03 EG01 TOP declarations clone while source+origin slots reuse, defaults persist, and Undo/Redo/save preserve identity (16.9691ms)
✔ S03 EG01 specialization import allocates minimal vacant ID0,2 ->1 (5.3663ms)
✔ S03 EG01 unsupported target, unavailable owner and throwing owner reject without publication (6.3145ms)
✔ S03 EG01 numeric uniform scalar/vector/matrix transfer remains independent and generation is explicit unavailable (16.6983ms)
✔ S03 FR03 registered resource types cannot become Structure fields (2.609ms)
✔ S03 EG01 exact provider/target ownership and imported descriptor failures stay atomic (4.3701ms)
✔ S03 EG01 round2 implicit constant array@["glsl.float",2] preserves same-load reuse and rejects real cross-Graph and fresh-load publication (9.6253ms)
✔ S03 EG01 round2 constant array@["glsl.float",2] preserves same-load reuse and rejects real cross-Graph and fresh-load publication (10.5241ms)
✔ S03 EG01 round2 uniform array@["glsl.float",2] preserves same-load reuse and rejects real cross-Graph and fresh-load publication (9.4623ms)
✔ S03 EG01 round2 implicit constant array@["glsl.vec2",2] preserves same-load reuse and rejects real cross-Graph and fresh-load publication (10.3409ms)
✔ S03 EG01 round2 constant array@["glsl.vec2",2] preserves same-load reuse and rejects real cross-Graph and fresh-load publication (9.8828ms)
✔ S03 EG01 round2 uniform array@["glsl.vec2",2] preserves same-load reuse and rejects real cross-Graph and fresh-load publication (9.734ms)
✔ S03 EG01 round2 scalar/vector/matrix constants and uniforms still cross actual Graph and fresh load (57.14ms)
✔ S03 custom declared/state closure same-Graph remaps identities only and Undo/Redo (7.4837ms)
✔ S03 custom declared/state closure cross-Graph remaps identities only and Undo/Redo (7.5216ms)
✔ S03 grouping an existing caller preserves child-owned frame node addresses (12.5602ms)
✔ S03 owner collect/remap throws and escaping/incomplete references reject atomically with Redo preserved (8.4895ms)
✔ S03 custom resources follow encapsulation and direct independence, ordinary dependencies remain shared (16.6735ms)
✔ S03 encapsulation deduplicates crossing interfaces, shared generation is pure, Undo restores all references (5.7186ms)
✔ S03 interface rename/reorder/type/removal reconciles every caller once and Undo restores values/invalid edges/loss (9.212ms)
✔ S03 nested resource callers including unused ancestors reconcile child interface (10.5088ms)
✔ S03 library position keeps identity, semantic edit forks target and library ancestors and local refs atomically (19.5873ms)
✔ S03 direct make independent clones direct definition, shares dependencies and remaps own boundary (16.8953ms)
✔ S03 same-load clipboard reuses current source; cross-graph remaps resources and preserves text (8.99ms)
✔ S03 clipboard typed native symbolic array closure remaps only semantic references (5.4291ms)
✔ S03 late bad edge, escaping refs, forbidden source and missing closure reject without nodes/resources/history/notifications (6.7333ms)
✔ S03 source selection stays outside encapsulation; boundary-only grouping is no-op and preserves redo (4.7762ms)
✔ S03 structure drafts retain stable fields, reject recursion and block deletion while referenced (2.4033ms)
✔ S03 contexts distinguish occurrences; nested scoped targets never revive after navigation and Undo (13.4431ms)
✔ S03 library snapshot position edit retains origin, first semantic edit forks and old source remains immutable (9.8938ms)
✔ S03 nested delete and required boundary protection use the canonical Graph (6.5846ms)
✔ S03 library ancestor traversal crosses local parents (27.9183ms)
✔ S03 spare-port creation and first edge are one Undo entry with stable keys (8.78ms)
✔ S03 whole frames travel through grouping and cross-Graph clipboard with fresh identities (10.3386ms)
✔ S03 vector/matrix reshape retains override components and defaults follow interface defaults (7.3806ms)
✔ S03 malformed resource envelopes, missing boundaries and nominal conflicts reject atomically (7.702ms)
✔ S03 source admission cannot be bypassed by nested add, grouping or pasted nodes (5.6578ms)
✔ S03 layout proposal rejects navigation ABA, semantic fork and Undo (11.1362ms)
✔ S03 clipboard rejects forged hydrated plans and invalid edge evidence (4.217ms)
✔ S03 empty library paste preserves origin, selection-independent History and Redo (9.6946ms)
✔ S03 packet-wide network identity collisions and malformed reused resource envelopes reject (7.3269ms)
✔ S03 source transfer uses actual load identity and reopened documents cannot forge same-load reuse (3.4695ms)
✔ S03 structure emission is read-only, nominally declared once, field deletion preserves invalid edges and Undo (5.8245ms)
✔ S03 accepted paste requires a valid destination and direct whole frames survive clipboard (4.8566ms)
✔ S03 scoped parameters and proposals from identical persistent IDs expire across a new load (7.6363ms)
✔ S03 library grouping resolves the forked canonical network (8.2581ms)
✔ S03 local child semantic edit forks its library ancestor (22.0746ms)
✔ S03 explicit override equal to default survives interface defaults and save/reload (14.1954ms)
✔ S03 direct independence preserves nonowned state, declared references and typed frame resources (11.8906ms)
✔ S03 encapsulation rejects cross-scope node references despite matching local IDs (1.7159ms)
✔ S03 New creates Value vec4 passthrough; shared rename retains instance names and no-op keeps library identity (13.2475ms)
✔ S03 explicit interface Add stops at16 per direction without erasing preserved oversized draft (18.1803ms)
✔ S03 structure authoring validates count, names, description, nested fixed arrays, recursion/depth and expansion (458.9249ms)
✔ S03 large external array declarations survive metadata edits; materialization remains bounded (3.4549ms)
✔ S03 type tokens retain eight dimensions and reject extra tuple fields (1.6643ms)
✔ S03 disconnected output boundary follows shared output defaults (7.0061ms)
✔ S03 inline array construction and same-load reuse allow2049 elements; cross-Graph clipboard rejects composites (18.6189ms)
✔ S03 nested input link ABA invalidates old edit tokens without changing History on rejection (16.2639ms)
✔ S03 shared same-key type changes reject stale caller tokens and removed handles never revive (10.6434ms)
✔ S03 cross-Graph nominal closure remaps nested structures and Undo removes the full insertion (5.3375ms)
✔ S03 reusable definition cycles reject atomically including unused dependencies (11.8379ms)
✔ S04 Personal complete owner payload and typed references survive reuse fork and absent Library source (57.2307ms)
✔ S04 DEC004 same-name destination sources retain distinct identity and changed imported bindings regenerate (523.773ms)
✔ S04 Personal malformed envelope checksum and unsupported owner reject before provider writes; list deduplicates renamed files (43.1732ms)
✔ S04 DEC002 one-source fanout does not mutate source or existing conversions and pad failures agree (18.8412ms)
✔ S04 Personal root owner remap and input-bound Independent retain complete typed scope (84.6984ms)
✔ S04 stored inherited v2 and pad plans retain complete extensions through Personal shared import and reopen (27.1489ms)
✔ S04 shipped basic Library snapshot compiles after semantic fork and Personal roundtrip (10.8746ms)
✔ S04 Personal canonical package preserves snapshots, same-version reuse, independent and collision-safe filenames (29.4998ms)
✔ S04 DEC002 all16 default float plans, version fences and current ImageOutput compile (1.6883ms)
✔ S04 AC001 additive envelope upgrade retains exact pins and inactive evidence, fences v2 under2.0 (1.4034ms)
✔ S04 DEC004 literal Personal typed closure survives canonical export import save reopen generation (30.0763ms)
✔ S04 DEC004 source Personal typed closure survives canonical export import save reopen generation (78.6683ms)
✔ S04 DEC004 direct-source Personal typed closure survives canonical export import save reopen generation (38.1746ms)
✔ S04 DEC004 input Personal typed closure survives canonical export import save reopen generation (84.4831ms)
✔ S04 DEC004 input-bound length uses caller override and rejects conflicting caller sources (25.5912ms)
✔ S04 DEC004 nested shared input bindings remap through Personal and remain independent after semantic fork and reinsert (366.8219ms)
✔ S04 AC001 inactive owner network resources and unknown wrapper versions preserve the version fence (4.9667ms)
✔ S04 DEC004 rejected literal/source/input/nested candidates are atomic through Application with valid checksums (242.7082ms)
✔ S04 Personal Library per-file isolation, safe names, duplicate-at-capacity and provider failures leave existing assets unchanged (45.6892ms)
✔ S04 AC001 unchanged accepted reader and exact old/new definition boundaries (3.269ms)
✔ S04 inherited v2 plans preserve extensions across hydration move clipboard nested and Personal (17.1017ms)
✔ S04 current exact source owner supports new image descriptors without retargeting legacy owner (0.8021ms)
✔ S04 DEC004 required int length input qualifies with an actual constant supply and changed caller defaults regenerate (97.7442ms)
✔ S05 drag repair root reads one fresh snapshot and retains immutable earlier projections (3.5823ms)
✔ S05 drag repair nested reads one fresh snapshot and retains immutable earlier projections (11.026ms)
✔ S05 drag repair preserves readonly and busy notification values while movement keeps field token (4.4638ms)
✔ S05 replacement eligibility keeps source validity separate and exact mismatch refusal atomic (12.152ms)
✔ S05 matching replacement preserves Graph load and Context identity with one full-content Undo Redo (11.6885ms)
✔ S05 replacement eligibility and command retain stale cancelled invalid readonly and fabricated guards (26.7811ms)
✔ S05 model preflight and publication share exact kind and ordered-pin refusal without History (3.5384ms)
✔ S05-FR-001 complete program preserves distinct and reversed shared Uniform identity in all emission modes (509.5649ms)
✔ S05-FR-001 same-stage same resource type conflict fails without artifacts or Graph changes (14.3725ms)
✔ S05-FR-001 same-stage same resource default conflict fails without artifacts or Graph changes (13.935ms)
✔ S05-FR-001 cross-stage same resource type conflict fails without artifacts or Graph changes (14.056ms)
✔ S05-FR-001 cross-stage same resource default conflict fails without artifacts or Graph changes (13.2892ms)
✔ S05 fixed float: literals inside Function stay constant while formal and result are runtime (38.8275ms)
✔ S05 fixed float: defaults fixed schema every stage and mode with pure generation and roundtrip (288.2132ms)
✔ S05 fixed float: bad payloads unused errors atomic commands fixed source and constant distinction (4.3101ms)
✔ S05 fixed float: scoped two-context edits one Undo and stale token preserve History (7.8345ms)
✔ S05 fixed float: shared Function and Personal owner closure retain exact values (24.7432ms)
✔ S05 fixed vec2: literals inside Function stay constant while formal and result are runtime (39.3645ms)
✔ S05 fixed vec2: defaults fixed schema every stage and mode with pure generation and roundtrip (239.8184ms)
✔ S05 fixed vec2: bad payloads unused errors atomic commands fixed source and constant distinction (4.5285ms)
✔ S05 fixed vec2: scoped two-context edits one Undo and stale token preserve History (6.4281ms)
✔ S05 fixed vec2: shared Function and Personal owner closure retain exact values (20.394ms)
✔ S05 fixed vec3: literals inside Function stay constant while formal and result are runtime (32.2214ms)
✔ S05 fixed vec3: defaults fixed schema every stage and mode with pure generation and roundtrip (246.0054ms)
✔ S05 fixed vec3: bad payloads unused errors atomic commands fixed source and constant distinction (4.7689ms)
✔ S05 fixed vec3: scoped two-context edits one Undo and stale token preserve History (6.6865ms)
✔ S05 fixed vec3: shared Function and Personal owner closure retain exact values (20.1281ms)
✔ S05 fixed color: literals inside Function stay constant while formal and result are runtime (31.3742ms)
✔ S05 fixed color: defaults fixed schema every stage and mode with pure generation and roundtrip (281.0796ms)
✔ S05 fixed color: bad payloads unused errors atomic commands fixed source and constant distinction (4.1396ms)
✔ S05 fixed color: scoped two-context edits one Undo and stale token preserve History (6.5939ms)
✔ S05 fixed color: shared Function and Personal owner closure retain exact values (19.3356ms)
✔ S05 AT03 source/literal shape extents stay fixed; input-bound scalar extent cannot specialize a function (79.3935ms)
✔ S05 AT04 pre-existing malformed constant edge and authored losses are preserved (17.0838ms)
✔ S05 AT04 AT05 unused shared dependent definitions localize and detach atomically with Redo exact (82.5305ms)
✔ S05 AT08 multioutput and unconsumed nested effects have one evaluation per occurrence and stage-local helpers (49.0521ms)
✔ S05 AT08 two live depth writer occurrences reject even when one helper body is deduplicated (18.1411ms)
✔ S05 AT01 definition default shared mode independent and no-op History (29.1191ms)
✔ S05 AT02 one helper per definition and distinct caller arguments; nested helpers are dependency ordered (35.559ms)
✔ S05 AT03 ordinary inputs are runtime even when all callers pass constants; dead constant uses reject atomically (24.2088ms)
✔ S05 AT03 Uniform parameter binding is runtime; ordinary connection rejects constant receiver without publication (15.6802ms)
✔ S05 AT04 AT05 transitive newly-invalid consumer edges detach once with losses, Undo/Redo and required error (27.1093ms)
✔ S05 AT06 function Personal roundtrip reuses mode, localizes once and preserves source bytes (65.6929ms)
✔ S05 AT06 DEC004 upgraded literal source input and nested Personal retain selected eligible modes through exchange (521.3734ms)
✔ S05 AT07 explicit owner upgrade preserves old pins/body/origin and unknown mode never defaults (8.5969ms)
✔ S05 AT09 later invalid edit and load retain function mode; diagnostic names shared definition and related calls (20.4525ms)
✔ S05 AT10 body/mode/profile changes create fresh artifacts and old snapshot is immutable (47.1466ms)
✔ S05 HTTP provider SHA256 canonical bytes known vectors and secure UUIDv4 fail-closed (34.9854ms)
✔ S06 catalog is a detached read over exact document pins and current occurrence stage (3.5084ms)
✔ S06 source/name/category literal rank uses NFKC, aliases and all terms without regular expressions (3.025ms)
✔ S06 stale creation proposals reject revision, navigation ABA, load and readonly without model or History writes (12.3879ms)
✔ S06 connected creation replaces an occupied exact input atomically and Undo restores it (21.392ms)
✔ S06 query disposable IDs do not collide with admitted persistent IDs and consume no canonical identity (3.9454ms)
✔ S06 forged reference and mismatched matching-port proposals reject before any model publication (40.672ms)
✔ S06 reference catalog excludes nested source admission without publishing query changes (19.9568ms)
✔ S06 configured Compose preview and published schema/edge agree in one transaction and one Undo/Redo (65.4479ms)
✔ S06 configured creation rejects invalid missing and non-choice parameters atomically preserving Redo and expired Draft (3.129ms)
✔ S06 configured creation preserves library fork/reference atomicity and rolls back a rejected choice (6.5502ms)
✔ S06 configured creation keeps initializer descriptor, owner codec and reference validation before publication (3.5485ms)
✔ S06 configured creation followed by failed connection rolls back the full batch (0.9653ms)
✔ M1: missing-module boundary x rename rejects save before ACK without data loss (19.2486ms)
✔ M1: missing-module boundary 中 rename rejects save before ACK without data loss (15.5336ms)
✔ M1: missing-module boundary 🍇 rename rejects save before ACK without data loss (26.5875ms)
✔ M1: compact fallback validates actual emitted bytes at and beyond the budget (11.7563ms)
✔ M1: nodes at/beyond network limit obey save/reopen invariant (23.2357ms)
✔ M1: edges at/beyond network limit obey save/reopen invariant (48.1767ms)
✔ M1: editing beyond network capacity cannot acknowledge a save or erase the previous saved document (89.1648ms)
ℹ tests 242
ℹ suites 0
ℹ pass 242
ℹ fail 0
ℹ cancelled 0
ℹ skipped 0
ℹ todo 0
ℹ duration_ms 9792.3224
(node:50768) ExperimentalWarning: Transform Types is an experimental feature and might change at any time
(Use `node --trace-warnings ...` to show where the warning was created)
