
Running 55 tests using 1 worker

(node:49220) Warning: The 'NO_COLOR' env is ignored due to the 'FORCE_COLOR' env being set.
(Use `node --trace-warnings ...` to show where the warning was created)
  ok  1 [chromium] › ..\..\..\production\tests\browser\s06-brand-info.spec.ts:5:3 › S06 brand identity and updates stay in one header at 620 (461ms)
  ok  2 [chromium] › ..\..\..\production\tests\browser\s06-brand-info.spec.ts:5:3 › S06 brand identity and updates stay in one header at 1440 (336ms)
  ok  3 [chromium] › ..\..\..\production\tests\browser\s06-debug-hover-lifetime.spec.ts:5:1 › S06 diagnostic mount revoke hide move update and late callback cannot revive old object data (1.1s)
  ok  4 [chromium] › ..\..\..\production\tests\browser\s06-debug-hover.spec.ts:59:1 › S06 normal debug normal checkbox preserves graph history selection and covers built-in objects (4.2s)
  ok  5 [chromium] › ..\..\..\production\tests\browser\s06-debug-hover.spec.ts:117:1 › S06 scalar and vector committed values stay distinct from unfinished drafts and IME guards (1.8s)
  ok  6 [chromium] › ..\..\..\production\tests\browser\s06-debug-hover.spec.ts:170:1 › S06 hover detail invalidation follows selection stage deletion Undo and same-ID reopen (1.7s)
  ok  7 [chromium] › ..\..\..\production\tests\browser\s06-debug-hover.spec.ts:215:1 › S06 pending connection and held gesture reject preference changes while readonly inspection remains (2.0s)
  ok  8 [chromium] › ..\..\..\production\tests\browser\s06-debug-hover.spec.ts:258:3 › S06 preference malformed visibly falls back without touching other keys (259ms)
  ok  9 [chromium] › ..\..\..\production\tests\browser\s06-debug-hover.spec.ts:258:3 › S06 preference denied visibly falls back without touching other keys (281ms)
  ok 10 [chromium] › ..\..\..\production\tests\browser\s06-debug-hover.spec.ts:258:3 › S06 preference read-denied visibly falls back without touching other keys (258ms)
  ok 11 [chromium] › ..\..\..\production\tests\browser\s06-debug-hover.spec.ts:313:1 › S06 diagnostic preference persists separately and rapid hover performs no per-move capture or serialization (2.3s)
  ok 12 [chromium] › ..\..\..\production\tests\browser\s06-debug-hover.spec.ts:356:1 › S06 keyboard details and bounded long owner data are readable without selection layout changes (1.1s)
  ok 13 [chromium] › ..\..\..\production\tests\browser\s06-debug-hover.spec.ts:406:1 › S06 another field draft cannot mask active composition when reading details (512ms)
  ok 14 [chromium] › ..\..\..\production\tests\browser\s06-debug-hover.spec.ts:441:1 › S06 saving blocks preference changes without discarding current document (939ms)
  x  15 [chromium] › ..\..\..\production\tests\browser\s06-debug-hover.spec.ts:482:1 › S06 debug target follows nested occurrence and independent Canvas navigation (30.2s)
(node:47224) Warning: The 'NO_COLOR' env is ignored due to the 'FORCE_COLOR' env being set.
(Use `node --trace-warnings ...` to show where the warning was created)
  ok 16 [chromium] › ..\..\..\production\tests\browser\s06-floating.spec.ts:5:1 › S06 shared floating consumers bound alignments focus semantics and disposal independently (507ms)
  ok 17 [chromium] › ..\..\..\production\tests\browser\s06-floating.spec.ts:135:1 › S06 scoped floating presentation is revoked independently across remounts (174ms)
  ok 18 [chromium] › ..\..\..\production\tests\browser\s06-help.spec.ts:69:3 › S06 Help natural outside-to-inside gesture preserves document and History (1.1s)
  ok 19 [chromium] › ..\..\..\production\tests\browser\s06-help.spec.ts:69:3 › S06 Help natural inside-to-outside gesture preserves document and History (1.1s)
  ok 20 [chromium] › ..\..\..\production\tests\browser\s06-help.spec.ts:69:3 › S06 Help natural outside-to-outside gesture preserves document and History (1.1s)
  ok 21 [chromium] › ..\..\..\production\tests\browser\s06-help.spec.ts:104:3 › S06 Help pointercancel disarms incomplete backdrop gesture and allows a new click (595ms)
  ok 22 [chromium] › ..\..\..\production\tests\browser\s06-help.spec.ts:104:3 › S06 Help blur disarms incomplete backdrop gesture and allows a new click (642ms)
  ok 23 [chromium] › ..\..\..\production\tests\browser\s06-help.spec.ts:128:1 › S06 Help Escape Close and reopen consume old gestures and restore usable focus (632ms)
  ok 24 [chromium] › ..\..\..\production\tests\browser\s06-help.spec.ts:153:1 › S06 Help keyboard menu returns focus to Canvas and remains independent across two Canvas contexts (392ms)
  x  25 [chromium] › ..\..\..\production\tests\browser\s06-help.spec.ts:189:1 › S06 Help readonly interaction and remounted document retain scoped lifetime (30.1s)
(node:60728) Warning: The 'NO_COLOR' env is ignored due to the 'FORCE_COLOR' env being set.
(Use `node --trace-warnings ...` to show where the warning was created)
  ok 26 [chromium] › ..\..\..\production\tests\browser\s06-hover-repair.spec.ts:46:5 › S06 repair continuous 80-step Node details 1440 (2.5s)
  ok 27 [chromium] › ..\..\..\production\tests\browser\s06-hover-repair.spec.ts:46:5 › S06 repair continuous 80-step Port details 1440 (2.5s)
  ok 28 [chromium] › ..\..\..\production\tests\browser\s06-hover-repair.spec.ts:46:5 › S06 repair continuous 80-step Parameter Widget details 1440 (2.4s)
  ok 29 [chromium] › ..\..\..\production\tests\browser\s06-hover-repair.spec.ts:46:5 › S06 repair continuous 80-step Node details 1920 (2.4s)
  ok 30 [chromium] › ..\..\..\production\tests\browser\s06-hover-repair.spec.ts:46:5 › S06 repair continuous 80-step Port details 1920 (2.4s)
  ok 31 [chromium] › ..\..\..\production\tests\browser\s06-hover-repair.spec.ts:46:5 › S06 repair continuous 80-step Parameter Widget details 1920 (2.4s)
  ok 32 [chromium] › ..\..\..\production\tests\browser\s06-hover-repair.spec.ts:119:5 › S06 repair F2 focused control versus hovered node (808ms)
  ok 33 [chromium] › ..\..\..\production\tests\browser\s06-hover-repair.spec.ts:119:5 › S06 repair F2 focused control versus hovered panel (809ms)
  ok 34 [chromium] › ..\..\..\production\tests\browser\s06-hover-repair.spec.ts:119:5 › S06 repair F2 focused control versus hovered control (794ms)
  ok 35 [chromium] › ..\..\..\production\tests\browser\s06-hover-repair.spec.ts:119:5 › S06 repair F2 focused node versus hovered node (679ms)
  ok 36 [chromium] › ..\..\..\production\tests\browser\s06-hover-repair.spec.ts:119:5 › S06 repair F2 focused node versus hovered panel (679ms)
  ok 37 [chromium] › ..\..\..\production\tests\browser\s06-hover-repair.spec.ts:119:5 › S06 repair F2 focused node versus hovered control (695ms)
  ok 38 [chromium] › ..\..\..\production\tests\browser\s06-hover-repair.spec.ts:119:5 › S06 repair F2 focused port versus hovered node (694ms)
  ok 39 [chromium] › ..\..\..\production\tests\browser\s06-hover-repair.spec.ts:119:5 › S06 repair F2 focused port versus hovered panel (710ms)
  ok 40 [chromium] › ..\..\..\production\tests\browser\s06-hover-repair.spec.ts:119:5 › S06 repair F2 focused port versus hovered control (695ms)
  ok 41 [chromium] › ..\..\..\production\tests\browser\s06-hover-repair.spec.ts:167:1 › S06 repair compact disclosures share presentation without model changes (801ms)
  ok 42 [chromium] › ..\..\..\production\tests\browser\s06-hover-repair.spec.ts:203:1 › S06 grouped project actions preserve nested Personal and saved-dialog focus (476ms)
  ok 43 [chromium] › ..\..\..\production\tests\browser\s06-hover-repair.spec.ts:244:1 › S06 output diagnostics locate current nodes and reject stale detached actions (776ms)
  ok 44 [chromium] › ..\..\..\production\tests\browser\s06-socket-bottom.spec.ts:37:3 › S06 circle-only type-colored socket states preserve geometry at 0.65 (3.3s)
  ok 45 [chromium] › ..\..\..\production\tests\browser\s06-socket-bottom.spec.ts:37:3 › S06 circle-only type-colored socket states preserve geometry at 1 (3.2s)
  ok 46 [chromium] › ..\..\..\production\tests\browser\s06-socket-bottom.spec.ts:37:3 › S06 circle-only type-colored socket states preserve geometry at 1.25 (3.3s)
  ok 47 [chromium] › ..\..\..\production\tests\browser\s06-socket-bottom.spec.ts:179:3 › S06 compact bottom actions and complete output are reachable 1920x1000 (909ms)
  ok 48 [chromium] › ..\..\..\production\tests\browser\s06-socket-bottom.spec.ts:179:3 › S06 compact bottom actions and complete output are reachable 1440x1000 (872ms)
  ok 49 [chromium] › ..\..\..\production\tests\browser\s06-socket-bottom.spec.ts:179:3 › S06 compact bottom actions and complete output are reachable 620x800 (818ms)
  ok 50 [chromium] › ..\..\..\production\tests\browser\s06-socket-bottom.spec.ts:179:3 › S06 compact bottom actions and complete output are reachable 620x380 (824ms)
  ok 51 [chromium] › ..\..\..\production\tests\browser\s06-workspace.spec.ts:20:1 › S06 catalog literal normalized search, source/type filters, inspect and native text do not edit (688ms)
  ok 52 [chromium] › ..\..\..\production\tests\browser\s06-workspace.spec.ts:66:1 › S06 blank double-click and Tab create previews; movement is independent, cancel and stage change add no History (982ms)
  x  53 [chromium] › ..\..\..\production\tests\browser\s06-workspace.spec.ts:104:1 › S06 wired creation is preview-only until snap placement and one Undo restores occupied input (30.1s)
(node:44252) Warning: The 'NO_COLOR' env is ignored due to the 'FORCE_COLOR' env being set.
(Use `node --trace-warnings ...` to show where the warning was created)
  ok 54 [chromium] › ..\..\..\production\tests\browser\s06-workspace.spec.ts:161:1 › S06 help and context menu keyboard, readonly browsing and responsive original actions (1.2s)
  ok 55 [chromium] › ..\..\..\production\tests\browser\s06-workspace.spec.ts:221:1 › S06 compile error survives unrelated successful Save and clears on matching successful Generate (540ms)


  1) [chromium] › ..\..\..\production\tests\browser\s06-debug-hover.spec.ts:482:1 › S06 debug target follows nested occurrence and independent Canvas navigation 

    Test timeout of 30000ms exceeded.

    Error: locator.click: Test timeout of 30000ms exceeded.
    Call log:
      - waiting for getByRole('button', { name: 'Image output input color', exact: true })
        - locator resolved to <button class="port" type="button" data-port="color" data-direction="input" aria-label="Image output input color" data-node-id="6d979997-7547-4ef4-a730-f3bd388810fd">…</button>
      - attempting click action
        2 × waiting for element to be visible, enabled and stable
          - element is visible, enabled and stable
          - scrolling into view if needed
          - done scrolling
          - <span class="node-value" title="Current local value; edit in Inspector">1</span> from <article tabindex="0" role="group" aria-label="Compose" class="node selected" data-role="operation" aria-description="Selected" data-node="49875345-1b13-4d87-8ed8-95958559f10c">…</article> subtree intercepts pointer events
        - retrying click action
        - waiting 20ms
        2 × waiting for element to be visible, enabled and stable
          - element is visible, enabled and stable
          - scrolling into view if needed
          - done scrolling
          - <span class="node-value" title="Current local value; edit in Inspector">1</span> from <article tabindex="0" role="group" aria-label="Compose" class="node selected" data-role="operation" aria-description="Selected" data-node="49875345-1b13-4d87-8ed8-95958559f10c">…</article> subtree intercepts pointer events
        - retrying click action
          - waiting 100ms
        57 × waiting for element to be visible, enabled and stable
           - element is visible, enabled and stable
           - scrolling into view if needed
           - done scrolling
           - <span class="node-value" title="Current local value; edit in Inspector">1</span> from <article tabindex="0" role="group" aria-label="Compose" class="node selected" data-role="operation" aria-description="Selected" data-node="49875345-1b13-4d87-8ed8-95958559f10c">…</article> subtree intercepts pointer events
         - retrying click action
           - waiting 500ms


      492 |   ]) {
      493 |     await page.getByRole("button", { name: a, exact: true }).click();
    > 494 |     await page.getByRole("button", { name: b, exact: true }).click();
          |                                                              ^
      495 |   }
      496 |   const first = page.locator(".canvas").first();
      497 |   await first.getByRole("heading", { name: "Multiply", exact: true }).click();
        at C:\Users\user\source\Grape\production\tests\browser\s06-debug-hover.spec.ts:494:62

    attachment #1: screenshot (image/png) ──────────────────────────────────────────────────────────
    ..\..\..\production\evidence\s06\debug-hover-repair-01\final-focused-01\test-results\s06-debug-hover-S06-debug--05057-dependent-Canvas-navigation-chromium\test-failed-1.png
    ────────────────────────────────────────────────────────────────────────────────────────────────

    Error Context: ..\..\..\production\evidence\s06\debug-hover-repair-01\final-focused-01\test-results\s06-debug-hover-S06-debug--05057-dependent-Canvas-navigation-chromium\error-context.md

    attachment #3: trace (application/zip) ─────────────────────────────────────────────────────────
    ..\..\..\production\evidence\s06\debug-hover-repair-01\final-focused-01\test-results\s06-debug-hover-S06-debug--05057-dependent-Canvas-navigation-chromium\trace.zip
    Usage:

        npx playwright show-trace ..\..\..\production\evidence\s06\debug-hover-repair-01\final-focused-01\test-results\s06-debug-hover-S06-debug--05057-dependent-Canvas-navigation-chromium\trace.zip

    ────────────────────────────────────────────────────────────────────────────────────────────────

  2) [chromium] › ..\..\..\production\tests\browser\s06-help.spec.ts:189:1 › S06 Help readonly interaction and remounted document retain scoped lifetime 

    Test timeout of 30000ms exceeded.

    Error: locator.click: Test timeout of 30000ms exceeded.
    Call log:
      - waiting for getByRole('button', { name: 'New document', exact: true })


      198 |   await clickAction(page, "Lock editing");
      199 |   page.once("dialog", (dialog) => dialog.accept());
    > 200 |   await page.getByRole("button", { name: "New document", exact: true }).click();
          |                                                                         ^
      201 |   expect(await old!.evaluate((e) => e.isConnected)).toBe(false);
      202 |   await page.getByRole("button", { name: "Shortcuts", exact: true }).click();
      203 |   await old!.evaluate((e) => {
        at C:\Users\user\source\Grape\production\tests\browser\s06-help.spec.ts:200:73

    attachment #1: screenshot (image/png) ──────────────────────────────────────────────────────────
    ..\..\..\production\evidence\s06\debug-hover-repair-01\final-focused-01\test-results\s06-help-S06-Help-readonly-4aec2-ment-retain-scoped-lifetime-chromium\test-failed-1.png
    ────────────────────────────────────────────────────────────────────────────────────────────────

    Error Context: ..\..\..\production\evidence\s06\debug-hover-repair-01\final-focused-01\test-results\s06-help-S06-Help-readonly-4aec2-ment-retain-scoped-lifetime-chromium\error-context.md

    attachment #3: trace (application/zip) ─────────────────────────────────────────────────────────
    ..\..\..\production\evidence\s06\debug-hover-repair-01\final-focused-01\test-results\s06-help-S06-Help-readonly-4aec2-ment-retain-scoped-lifetime-chromium\trace.zip
    Usage:

        npx playwright show-trace ..\..\..\production\evidence\s06\debug-hover-repair-01\final-focused-01\test-results\s06-help-S06-Help-readonly-4aec2-ment-retain-scoped-lifetime-chromium\trace.zip

    ────────────────────────────────────────────────────────────────────────────────────────────────

  3) [chromium] › ..\..\..\production\tests\browser\s06-workspace.spec.ts:104:1 › S06 wired creation is preview-only until snap placement and one Undo restores occupied input 

    Test timeout of 30000ms exceeded.

    Error: locator.click: Test timeout of 30000ms exceeded.
    Call log:
      - waiting for locator('.nodes [data-direction=input]').filter({ hasText: 'color' }).first()


      124 |     .first();
      125 |   await source.click();
    > 126 |   await destination.click();
          |                     ^
      127 |   const before = await documentOf(page),
      128 |     canvas = page.locator(".canvas"),
      129 |     r = (await canvas.boundingBox())!,
        at C:\Users\user\source\Grape\production\tests\browser\s06-workspace.spec.ts:126:21

    attachment #1: screenshot (image/png) ──────────────────────────────────────────────────────────
    ..\..\..\production\evidence\s06\debug-hover-repair-01\final-focused-01\test-results\s06-workspace-S06-wired-cr-aa8fd-ndo-restores-occupied-input-chromium\test-failed-1.png
    ────────────────────────────────────────────────────────────────────────────────────────────────

    Error Context: ..\..\..\production\evidence\s06\debug-hover-repair-01\final-focused-01\test-results\s06-workspace-S06-wired-cr-aa8fd-ndo-restores-occupied-input-chromium\error-context.md

    attachment #3: trace (application/zip) ─────────────────────────────────────────────────────────
    ..\..\..\production\evidence\s06\debug-hover-repair-01\final-focused-01\test-results\s06-workspace-S06-wired-cr-aa8fd-ndo-restores-occupied-input-chromium\trace.zip
    Usage:

        npx playwright show-trace ..\..\..\production\evidence\s06\debug-hover-repair-01\final-focused-01\test-results\s06-workspace-S06-wired-cr-aa8fd-ndo-restores-occupied-input-chromium\trace.zip

    ────────────────────────────────────────────────────────────────────────────────────────────────

  3 failed
    [chromium] › ..\..\..\production\tests\browser\s06-debug-hover.spec.ts:482:1 › S06 debug target follows nested occurrence and independent Canvas navigation 
    [chromium] › ..\..\..\production\tests\browser\s06-help.spec.ts:189:1 › S06 Help readonly interaction and remounted document retain scoped lifetime 
    [chromium] › ..\..\..\production\tests\browser\s06-workspace.spec.ts:104:1 › S06 wired creation is preview-only until snap placement and one Undo restores occupied input 
  52 passed (2.6m)
