
> grape-s01@0.1.0 test
> node tools/runtime.mjs && node --experimental-transform-types --test --test-isolation=none tests/unit/*.test.ts tests/conformance/*.test.ts

✔ production ownership manifest covers every source and rejects mutation/platform/extension violations (820.6197ms)
✔ S02 conformance: replacement uses one public Graph batch, isolates observers and retains two Context identities (10.1187ms)
✔ S02 conformance: direct replacement rejects model Error without modifying document/history (2.5472ms)
✔ M2: direct replacement atomically rejects malformed position component before publication (1.8588ms)
✔ M2: direct replacement atomically rejects malformed position length before publication (1.5772ms)
✔ M2: direct replacement atomically rejects duplicate recovery IDs before publication (1.5742ms)
✔ M2: direct replacement atomically rejects unknown envelope field before publication (1.5717ms)
✔ M2: direct replacement atomically rejects unknown node field before publication (1.4023ms)
✔ M2: direct replacement atomically rejects unknown endpoint field before publication (1.4117ms)
✔ M2: catching invalid replacement cannot publish earlier edits in the same batch (1.4377ms)
✔ M2: valid detached replacement publishes once and retains exact Undo/Redo content (2.8261ms)
✔ L10N exact owner, parent/default/inline fallback and plain interpolation leave model/history/generation unchanged (1.5306ms)
✔ L10N atomic duplicate/malformed rejection, revision CAS and immutable detached catalogs (0.3448ms)
✔ L10N observer errors/reentry are isolated, cleanup cancels later delivery, disposed service rejects (0.1587ms)
✔ PC authority: declaration is not grant; render/async/outside event denied, same mounted event succeeds (5.276ms)
✔ PC gesture: origin guard, one operation, cross-Panel lease rejection and latest lease required (10.2337ms)
✔ PC move/hide cancel pointer gesture and drain new leases before workspace action returns (14.7918ms)
✔ PC render failure cancels only unfinished operation after publication, with no reentrant mutation (4.6462ms)
✔ PC same ID reuse and old scope registrations remain revoked (2.5246ms)
✔ VM resources: cleanup in reverse order, failure isolation, stale async tickets, no render reentrancy (0.2801ms)
✔ two independently registered Panels and two Widget view shapes share lifecycle without feature dispatch (0.8134ms)
✔ VM mount/capture/update reentrancy revokes scope and preserves placeholder; explicit retry recovers (0.2576ms)
✔ VM subscription failure releases acquired subscriptions and cannot pretend to mount (0.1ms)
✔ PC application denies every editing command while readonly or history busy; field binding invalidates (11.977ms)
✔ AT-S01-01: Float × Multiply → Compose emits pinned host-free GLSL without mutation (2.4988ms)
✔ AT-S01-02: direction, cross-network, occupied input, cycle and type failures are atomic (1.8411ms)
✔ AT-S01-03: mode change captures complete prior ports, edge plans and loss; undo/redo and reload (4.9038ms)
✔ AT-S01-04: multi-batch operation, cancel/no-op redo, expired draft and async draft (3.5958ms)
✔ AT-S01-08: projection before observers, reentrant writes reject and throwing observer does not roll back (1.4301ms)
✔ AT-S01-06: contexts share model and clean selection before external observation (5.156ms)
✔ scoped field token rejects value ABA, busy, connected and dead targets; unrelated movement preserves token (10.9969ms)
✔ all model errors including unused nodes block generation; fixed definitions and boundaries remain protected (1.8652ms)
✔ generation rejects missing/extra declared boundary output even when a module emits an incomplete map (1.7348ms)
✔ shared type environment rejects unknown identity and permits explicitly registered nominal types without changing core dispatch (0.49ms)
✔ AT-S01-02: endpoints in two real Stage networks cannot be cross-connected (1.915ms)
✔ unknown Stage slots block generation; duplicate slot identities reject before hydration (3.8076ms)
✔ M1 reviewer counterexample: float 1e21 generates a valid GLSL floating constant (1.875ms)
✔ M1 reviewer counterexample: multiply 1e21 generates a valid GLSL floating constant (2.3019ms)
✔ M1 literal grammar and value roundtrip cover integers, decimals, signs and exponent-form values (0.293ms)
✔ M1 all finite float32 exponent bins and representative mantissas have legal value-preserving literals (1.7863ms)
✔ M1 admitted boundary/representative values remain editable and compile through both production literal paths (22.0045ms)
✔ AT-S01-05: document identity, complete content, new lifetime/empty history and semantic regeneration (1.9993ms)
✔ AT-S01-07: ACK of A never marks B saved, rejection and SAVE_BUSY retain baseline; download is separate (7.4725ms)
✔ old saved handle cannot attach to same persistent IDs after reload (3.7829ms)
✔ wire unknown structure, unsupported version/operation/tag, malformed known data precedence and original retention (1.8259ms)
✔ writer refuses executable/hidden values, sparse arrays, nonfinite numbers and altered prototypes without invoking getters (1.3268ms)
✔ missing exact module preserves opaque state and last port policy; loss payload is never activated (2.4505ms)
✔ forged stored conversion remains saveable but cannot generate (1.8934ms)
✔ prototype-named unknown structural keys and non-JSON whitespace are not silently accepted (1.8685ms)
✔ unrelated edits preserve forged connection evidence rather than silently repairing it (1.9355ms)
✔ pending storage open cannot replace a newer edit or document lifetime (2.4265ms)
✔ unrelated edits retain explicit invalid-edge evidence even when its stored plan is structurally valid (1.8413ms)
✔ AT-S02-04 PNG: CRC oracle, roundtrip, repeated wrapping and unowned chunks preserve bytes (7.8126ms)
✔ AT-S02-04 PNG: malformed CRC, missing metadata, duplicate metadata, compression and malformed envelope are named rejections (3.5702ms)
✔ AT-S02-04 PNG: structural boundaries, file/chunk/metadata limits and invalid UTF-8 never decode pixels or compressed text (84.6371ms)
✔ AT-S02-04 PNG: ASCII/CJK/non-BMP budgets match text intake and preserve canonical graph (125.125ms)
✔ AT-S02-01: detached inspection/cancel/raw retention and one atomic replacement with Context continuity and Undo/Redo (7.5623ms)
✔ AT-S02-01: base revision, content, lifetime, readonly, busy and fabricated review fences (19.986ms)
✔ AT-S02-01: invalid/future/duplicate IDs/unknown structure have explicit outcomes and never publish (6.6051ms)
✔ AT-S02-01: only explicit layout repair yields a candidate; unknown endpoints/references are never guessed (11.8572ms)
✔ AT-S02-01: mismatched exact pins cannot replace the destination; failed replacement is atomic (2.8216ms)
✔ AT-S02-02: missing exact module survives move/rename/save/reopen; exact restoration invokes codec and never substitutes latest (7.2823ms)
✔ AT-S02-03 boundary: foreign/legacy input is retained with explicit unresolved Gate, never implicit conversion or archive execution (0.62ms)
✔ AT-S02-04: ASCII/CJK/non-BMP UTF-8 exact byte budget produces deterministic results without truncation (22.2813ms)
✔ AT-S02-04: network budgets, duplicate JSON keys, unknown nested structure and opaque fields are independently checked (12.2831ms)
✔ S03 Group17 retains a draft, compilation rejects per-direction limit, Undo restores original (37.6647ms)
✔ S03 64-definition destination rejects independence and imported 65th atomically (839.8778ms)
✔ S03 nested nodes overflow rejects before paste publication (14.8306ms)
✔ S03 nested edges overflow rejects before paste publication (18.871ms)
✔ S03 symbolic extents require int/uint sources, only outer dimension and pure compilation (4.1063ms)
✔ S03 New may retain a 257-node draft; generation and save reject it without losing the draft (79.5073ms)
✔ S03 partial frames stay outside clipboard; pasted relative positions retain a common offset (3.8406ms)
✔ S03 persisted nested source is preserved while new nested source admission remains rejected (4.7216ms)
✔ S03 scalar/vector/matrix sources transfer; composite source reuses only within its source lifetime (17.8109ms)
✔ S03 FR01 admitted nested Structure arrays fail ES300 profile without artifacts; one dimension succeeds (5.266ms)
✔ S03 FR02 independence remaps mixed parent and shared child owner references with Undo/Redo (30.0318ms)
✔ S03 FR02 independence remaps mixed parent and cloned child owner references with Undo/Redo (32.5907ms)
✔ S03 FR02 incomplete shared-child node address rejects independence atomically (7.2627ms)
✔ S03 FR03 editing inner Structure validates dependent depth16 and preserves Redo on depth17 rejection (12.4168ms)
✔ S03 FR03 affected dependent expansion and vector component budgets reject atomically (2.9105ms)
✔ S03 EG01 native array constructor2048, clipboard2048 boundary and same-load reuse (4.3058ms)
✔ S03 EG01 native array constructor2049, clipboard2048 boundary and same-load reuse (4.8657ms)
✔ S03 EG01 native array constructor4096, clipboard2048 boundary and same-load reuse (5.7851ms)
✔ S03 EG01 native array constructor4097 rejects atomically (2.8411ms)
✔ S03 EG01 sampler clipboard path2048 admission (3.0622ms)
✔ S03 EG01 sampler clipboard path2049 admission (2.8051ms)
✔ S03 EG01 native arrays admit float/vec2/vec3/vec4 and remap symbolic length closure (16.3274ms)
✔ S03 EG01 native arrays reject matrix/nested/expressions and invalid length owner types (7.8287ms)
✔ S03 EG01 TOP declarations clone while source+origin slots reuse, defaults persist, and Undo/Redo/save preserve identity (11.0691ms)
✔ S03 EG01 specialization import allocates minimal vacant ID0,2 ->1 (3.9464ms)
✔ S03 EG01 unsupported target, unavailable owner and throwing owner reject without publication (4.762ms)
✔ S03 EG01 numeric uniform scalar/vector/matrix transfer remains independent and generation is explicit unavailable (11.5675ms)
✔ S03 FR03 registered resource types cannot become Structure fields (1.6345ms)
✔ S03 EG01 exact provider/target ownership and imported descriptor failures stay atomic (3.4183ms)
✔ S03 custom declared/state closure same-Graph remaps identities only and Undo/Redo (6.3573ms)
✔ S03 custom declared/state closure cross-Graph remaps identities only and Undo/Redo (6.1097ms)
✔ S03 grouping an existing caller preserves child-owned frame node addresses (8.8785ms)
✔ S03 owner collect/remap throws and escaping/incomplete references reject atomically with Redo preserved (6.5918ms)
✔ S03 custom resources follow encapsulation and direct independence, ordinary dependencies remain shared (12.576ms)
✔ S03 encapsulation deduplicates crossing interfaces, shared generation is pure, Undo restores all references (4.762ms)
✔ S03 interface rename/reorder/type/removal reconciles every caller once and Undo restores values/invalid edges/loss (8.1225ms)
✔ S03 nested resource callers including unused ancestors reconcile child interface (8.7259ms)
✔ S03 library position keeps identity, semantic edit forks target and library ancestors and local refs atomically (15.6028ms)
✔ S03 direct make independent clones direct definition, shares dependencies and remaps own boundary (12.8766ms)
✔ S03 same-load clipboard reuses current source; cross-graph remaps resources and preserves text (5.8845ms)
✔ S03 clipboard typed nominal and symbolic array closure remaps only semantic references (4.0443ms)
✔ S03 late bad edge, escaping refs, forbidden source and missing closure reject without nodes/resources/history/notifications (4.8126ms)
✔ S03 source selection stays outside encapsulation; boundary-only grouping is no-op and preserves redo (3.8506ms)
✔ S03 structure drafts retain stable fields, reject recursion and block deletion while referenced (1.8984ms)
✔ S03 contexts distinguish occurrences; nested scoped targets never revive after navigation and Undo (27.5063ms)
✔ S03 library snapshot position edit retains origin, first semantic edit forks and old source remains immutable (6.4161ms)
✔ S03 nested delete and required boundary protection use the canonical Graph (5.9873ms)
✔ S03 library ancestor traversal crosses local parents (21.113ms)
✔ S03 spare-port creation and first edge are one Undo entry with stable keys (5.298ms)
✔ S03 whole frames travel through grouping and cross-Graph clipboard with fresh identities (7.4053ms)
✔ S03 vector/matrix reshape retains override components and defaults follow interface defaults (4.6571ms)
✔ S03 malformed resource envelopes, missing boundaries and nominal conflicts reject atomically (7.1034ms)
✔ S03 source admission cannot be bypassed by nested add, grouping or pasted nodes (3.5313ms)
✔ S03 layout proposal rejects navigation ABA, semantic fork and Undo (17.9809ms)
✔ S03 clipboard rejects forged hydrated plans and invalid edge evidence (2.589ms)
✔ S03 empty library paste preserves origin, selection-independent History and Redo (5.3949ms)
✔ S03 packet-wide network identity collisions and malformed reused resource envelopes reject (4.1893ms)
✔ S03 source transfer uses actual load identity and reopened documents cannot forge same-load reuse (2.5046ms)
✔ S03 structure emission is read-only, nominally declared once, field deletion preserves invalid edges and Undo (4.1848ms)
✔ S03 accepted paste requires a valid destination and direct whole frames survive clipboard (3.7106ms)
✔ S03 scoped parameters and proposals from identical persistent IDs expire across a new load (13.1411ms)
✔ S03 library grouping resolves the forked canonical network (5.2185ms)
✔ S03 local child semantic edit forks its library ancestor (13.5907ms)
✔ S03 explicit override equal to default survives interface defaults and save/reload (10.188ms)
✔ S03 direct independence preserves nonowned state, declared references and typed frame resources (9.3274ms)
✔ S03 encapsulation rejects cross-scope node references despite matching local IDs (1.8563ms)
✔ S03 New creates Value vec4 passthrough; shared rename retains instance names and no-op keeps library identity (10.0791ms)
✔ S03 explicit interface Add stops at16 per direction without erasing preserved oversized draft (10.9148ms)
✔ S03 structure authoring validates count, names, description, nested fixed arrays, recursion/depth and expansion (300.8563ms)
✔ S03 large external array declarations survive metadata edits; materialization remains bounded (4.1056ms)
✔ S03 type tokens retain eight dimensions and reject extra tuple fields (2.2442ms)
✔ S03 disconnected output boundary follows shared output defaults (7.9172ms)
✔ S03 inline numeric source arrays do not inherit native path-length limits (23.0986ms)
✔ S03 nested input link ABA invalidates old edit tokens without changing History on rejection (44.5398ms)
✔ S03 shared same-key type changes reject stale caller tokens and removed handles never revive (26.3036ms)
✔ S03 cross-Graph nominal closure remaps nested structures and Undo removes the full insertion (6.8412ms)
✔ S03 reusable definition cycles reject atomically including unused dependencies (11.9711ms)
✔ M1: missing-module boundary x rename rejects save before ACK without data loss (20.792ms)
✔ M1: missing-module boundary 中 rename rejects save before ACK without data loss (19.4995ms)
✔ M1: missing-module boundary 🍇 rename rejects save before ACK without data loss (25.0096ms)
✔ M1: compact fallback validates actual emitted bytes at and beyond the budget (5.1302ms)
✔ M1: nodes at/beyond network limit obey save/reopen invariant (19.7387ms)
✔ M1: edges at/beyond network limit obey save/reopen invariant (38.5606ms)
✔ M1: editing beyond network capacity cannot acknowledge a save or erase the previous saved document (92.2269ms)
(node:60312) ExperimentalWarning: Transform Types is an experimental feature and might change at any time
(Use `node --trace-warnings ...` to show where the warning was created)
ℹ tests 149
ℹ suites 0
ℹ pass 149
ℹ fail 0
ℹ cancelled 0
ℹ skipped 0
ℹ todo 0
ℹ duration_ms 3631.8433
npm notice
npm notice New minor version of npm available! 11.8.0 -> 11.21.0
npm notice Changelog: https://github.com/npm/cli/releases/tag/v11.21.0
npm notice To update run: npm install -g npm@11.21.0
npm notice
