
> grape-s01@0.1.0 test
> node tools/runtime.mjs && node --experimental-transform-types --test --test-isolation=none tests/unit/*.test.ts tests/conformance/*.test.ts

✖ production ownership manifest covers every source and rejects mutation/platform/extension violations (434.4929ms)
✔ S02 conformance: replacement uses one public Graph batch, isolates observers and retains two Context identities (11.6088ms)
✔ S02 conformance: direct replacement rejects model Error without modifying document/history (2.8006ms)
✔ M2: direct replacement atomically rejects malformed position component before publication (2.2424ms)
✔ M2: direct replacement atomically rejects malformed position length before publication (1.7456ms)
✔ M2: direct replacement atomically rejects duplicate recovery IDs before publication (2.0167ms)
✔ M2: direct replacement atomically rejects unknown envelope field before publication (1.9941ms)
✔ M2: direct replacement atomically rejects unknown node field before publication (1.7805ms)
✔ M2: direct replacement atomically rejects unknown endpoint field before publication (1.7744ms)
✔ M2: catching invalid replacement cannot publish earlier edits in the same batch (1.835ms)
✔ M2: valid detached replacement publishes once and retains exact Undo/Redo content (3.7376ms)
✔ L10N exact owner, parent/default/inline fallback and plain interpolation leave model/history/generation unchanged (1.7518ms)
✔ L10N atomic duplicate/malformed rejection, revision CAS and immutable detached catalogs (0.387ms)
✔ L10N observer errors/reentry are isolated, cleanup cancels later delivery, disposed service rejects (0.1594ms)
✔ PC authority: declaration is not grant; render/async/outside event denied, same mounted event succeeds (5.7869ms)
✔ PC gesture: origin guard, one operation, cross-Panel lease rejection and latest lease required (8.5442ms)
✔ PC move/hide cancel pointer gesture and drain new leases before workspace action returns (14.7149ms)
✔ PC render failure cancels only unfinished operation after publication, with no reentrant mutation (4.8786ms)
✔ PC same ID reuse and old scope registrations remain revoked (2.7638ms)
✔ VM resources: cleanup in reverse order, failure isolation, stale async tickets, no render reentrancy (0.2852ms)
✔ two independently registered Panels and two Widget view shapes share lifecycle without feature dispatch (0.9447ms)
✔ VM mount/capture/update reentrancy revokes scope and preserves placeholder; explicit retry recovers (0.352ms)
✔ VM subscription failure releases acquired subscriptions and cannot pretend to mount (0.1109ms)
✔ PC application denies every editing command while readonly or history busy; field binding invalidates (11.559ms)
✔ AT-S01-01: Float × Multiply → Compose emits pinned host-free GLSL without mutation (2.3251ms)
✔ AT-S01-02: direction, cross-network, occupied input, cycle and type failures are atomic (2.4218ms)
✔ AT-S01-03: mode change captures complete prior ports, edge plans and loss; undo/redo and reload (5.3583ms)
✔ AT-S01-04: multi-batch operation, cancel/no-op redo, expired draft and async draft (3.5747ms)
✔ AT-S01-08: projection before observers, reentrant writes reject and throwing observer does not roll back (1.6076ms)
✔ AT-S01-06: contexts share model and clean selection before external observation (5.6989ms)
✔ scoped field token rejects value ABA, busy, connected and dead targets; unrelated movement preserves token (11.1964ms)
✔ all model errors including unused nodes block generation; fixed definitions and boundaries remain protected (1.5295ms)
✔ generation rejects missing/extra declared boundary output even when a module emits an incomplete map (1.7487ms)
✔ shared type environment rejects unknown identity and permits explicitly registered nominal types without changing core dispatch (0.4866ms)
✔ AT-S01-02: endpoints in two real Stage networks cannot be cross-connected (2.0912ms)
✔ unknown Stage slots block generation; duplicate slot identities reject before hydration (3.5638ms)
✔ M1 reviewer counterexample: float 1e21 generates a valid GLSL floating constant (1.7996ms)
✔ M1 reviewer counterexample: multiply 1e21 generates a valid GLSL floating constant (2.1024ms)
✔ M1 literal grammar and value roundtrip cover integers, decimals, signs and exponent-form values (0.2486ms)
✔ M1 all finite float32 exponent bins and representative mantissas have legal value-preserving literals (1.7569ms)
✔ M1 admitted boundary/representative values remain editable and compile through both production literal paths (23.8392ms)
✔ AT-S01-05: document identity, complete content, new lifetime/empty history and semantic regeneration (2.1161ms)
✔ AT-S01-07: ACK of A never marks B saved, rejection and SAVE_BUSY retain baseline; download is separate (8.601ms)
✔ old saved handle cannot attach to same persistent IDs after reload (4.0788ms)
✔ wire unknown structure, unsupported version/operation/tag, malformed known data precedence and original retention (2.2606ms)
✔ writer refuses executable/hidden values, sparse arrays, nonfinite numbers and altered prototypes without invoking getters (1.4098ms)
✔ missing exact module preserves opaque state and last port policy; loss payload is never activated (2.4986ms)
✔ forged stored conversion remains saveable but cannot generate (1.8433ms)
✔ prototype-named unknown structural keys and non-JSON whitespace are not silently accepted (1.7997ms)
✔ unrelated edits preserve forged connection evidence rather than silently repairing it (1.8102ms)
✔ pending storage open cannot replace a newer edit or document lifetime (2.4158ms)
✔ unrelated edits retain explicit invalid-edge evidence even when its stored plan is structurally valid (1.9566ms)
✔ AT-S02-04 PNG: CRC oracle, roundtrip, repeated wrapping and unowned chunks preserve bytes (7.4256ms)
✔ AT-S02-04 PNG: malformed CRC, missing metadata, duplicate metadata, compression and malformed envelope are named rejections (3.6118ms)
✔ AT-S02-04 PNG: structural boundaries, file/chunk/metadata limits and invalid UTF-8 never decode pixels or compressed text (93.2225ms)
✔ AT-S02-04 PNG: ASCII/CJK/non-BMP budgets match text intake and preserve canonical graph (124.6987ms)
✔ AT-S02-01: detached inspection/cancel/raw retention and one atomic replacement with Context continuity and Undo/Redo (7.8833ms)
✔ AT-S02-01: base revision, content, lifetime, readonly, busy and fabricated review fences (21.4182ms)
✔ AT-S02-01: invalid/future/duplicate IDs/unknown structure have explicit outcomes and never publish (12.2437ms)
✔ AT-S02-01: only explicit layout repair yields a candidate; unknown endpoints/references are never guessed (8.9108ms)
✔ AT-S02-01: mismatched exact pins cannot replace the destination; failed replacement is atomic (2.5574ms)
✔ AT-S02-02: missing exact module survives move/rename/save/reopen; exact restoration invokes codec and never substitutes latest (6.7093ms)
✔ AT-S02-03 boundary: foreign/legacy input is retained with explicit unresolved Gate, never implicit conversion or archive execution (0.6234ms)
✔ AT-S02-04: ASCII/CJK/non-BMP UTF-8 exact byte budget produces deterministic results without truncation (21.5009ms)
✔ AT-S02-04: network budgets, duplicate JSON keys, unknown nested structure and opaque fields are independently checked (11.5313ms)
✔ S03 Group17 retains a draft, compilation rejects per-direction limit, Undo restores original (37.532ms)
✔ S03 64-definition destination rejects independence and imported 65th atomically (844.2964ms)
✔ S03 nested nodes overflow rejects before paste publication (15.9766ms)
✔ S03 nested edges overflow rejects before paste publication (18.8734ms)
✔ S03 symbolic extents require int/uint sources, only outer dimension and pure compilation (3.8998ms)
✔ S03 New may retain a 257-node draft; generation and save reject it without losing the draft (81.2857ms)
✔ S03 partial frames stay outside clipboard; pasted relative positions retain a common offset (3.9342ms)
✔ S03 persisted nested source is preserved while new nested source admission remains rejected (4.4096ms)
✔ S03 scalar/vector/matrix sources transfer; composite source reuses only within its source lifetime (18.2652ms)
✔ S03 FR01 admitted nested Structure arrays fail ES300 profile without artifacts; one dimension succeeds (5.2446ms)
✔ S03 FR02 independence remaps mixed parent and shared child owner references with Undo/Redo (31.6937ms)
✔ S03 FR02 independence remaps mixed parent and cloned child owner references with Undo/Redo (32.828ms)
✔ S03 FR02 incomplete shared-child node address rejects independence atomically (6.9734ms)
✔ S03 FR03 editing inner Structure validates dependent depth16 and preserves Redo on depth17 rejection (12.4348ms)
✔ S03 FR03 affected dependent expansion and vector component budgets reject atomically (3.1412ms)
✔ S03 EG01 native array constructor2048, clipboard2048 boundary and same-load reuse (4.3613ms)
✔ S03 EG01 native array constructor2049, clipboard2048 boundary and same-load reuse (5.1672ms)
✔ S03 EG01 native array constructor4096, clipboard2048 boundary and same-load reuse (4.678ms)
✔ S03 EG01 native array constructor4097 rejects atomically (1.6989ms)
✔ S03 EG01 sampler clipboard path2048 admission (2.8434ms)
✔ S03 EG01 sampler clipboard path2049 admission (2.8997ms)
✔ S03 EG01 native arrays admit float/vec2/vec3/vec4 and remap symbolic length closure (16.3263ms)
✔ S03 EG01 native arrays reject matrix/nested/expressions and invalid length owner types (7.4917ms)
✔ S03 EG01 TOP declarations clone while source+origin slots reuse, defaults persist, and Undo/Redo/save preserve identity (11.2759ms)
✔ S03 EG01 specialization import allocates minimal vacant ID0,2 ->1 (4.3517ms)
✔ S03 EG01 unsupported target, unavailable owner and throwing owner reject without publication (4.6596ms)
✔ S03 EG01 numeric uniform scalar/vector/matrix transfer remains independent and generation is explicit unavailable (10.7537ms)
✔ S03 custom declared/state closure same-Graph remaps identities only and Undo/Redo (6.1174ms)
✔ S03 custom declared/state closure cross-Graph remaps identities only and Undo/Redo (6.0623ms)
✔ S03 grouping an existing caller preserves child-owned frame node addresses (8.6095ms)
✔ S03 owner collect/remap throws and escaping/incomplete references reject atomically with Redo preserved (6.5479ms)
✔ S03 custom resources follow encapsulation and direct independence, ordinary dependencies remain shared (12.3104ms)
✔ S03 encapsulation deduplicates crossing interfaces, shared generation is pure, Undo restores all references (4.6981ms)
✔ S03 interface rename/reorder/type/removal reconciles every caller once and Undo restores values/invalid edges/loss (8.0222ms)
✔ S03 nested resource callers including unused ancestors reconcile child interface (8.4572ms)
✔ S03 library position keeps identity, semantic edit forks target and library ancestors and local refs atomically (15.9341ms)
✔ S03 direct make independent clones direct definition, shares dependencies and remaps own boundary (12.4828ms)
✔ S03 same-load clipboard reuses current source; cross-graph remaps resources and preserves text (5.6445ms)
✔ S03 clipboard typed nominal and symbolic array closure remaps only semantic references (3.9614ms)
✔ S03 late bad edge, escaping refs, forbidden source and missing closure reject without nodes/resources/history/notifications (4.5541ms)
✔ S03 source selection stays outside encapsulation; boundary-only grouping is no-op and preserves redo (2.8597ms)
✔ S03 structure drafts retain stable fields, reject recursion and block deletion while referenced (1.9373ms)
✔ S03 contexts distinguish occurrences; nested scoped targets never revive after navigation and Undo (27.7106ms)
✔ S03 library snapshot position edit retains origin, first semantic edit forks and old source remains immutable (6.373ms)
✔ S03 nested delete and required boundary protection use the canonical Graph (4.109ms)
✔ S03 library ancestor traversal crosses local parents (19.5464ms)
✔ S03 spare-port creation and first edge are one Undo entry with stable keys (5.3778ms)
✔ S03 whole frames travel through grouping and cross-Graph clipboard with fresh identities (7.4766ms)
✔ S03 vector/matrix reshape retains override components and defaults follow interface defaults (4.5895ms)
✔ S03 malformed resource envelopes, missing boundaries and nominal conflicts reject atomically (6.0391ms)
✔ S03 source admission cannot be bypassed by nested add, grouping or pasted nodes (4.3107ms)
✔ S03 layout proposal rejects navigation ABA, semantic fork and Undo (17.575ms)
✔ S03 clipboard rejects forged hydrated plans and invalid edge evidence (2.4797ms)
✔ S03 empty library paste preserves origin, selection-independent History and Redo (5.6439ms)
✔ S03 packet-wide network identity collisions and malformed reused resource envelopes reject (4.1508ms)
✔ S03 source transfer uses actual load identity and reopened documents cannot forge same-load reuse (2.5433ms)
✔ S03 structure emission is read-only, nominally declared once, field deletion preserves invalid edges and Undo (4.0398ms)
✔ S03 accepted paste requires a valid destination and direct whole frames survive clipboard (3.7226ms)
(node:13412) ExperimentalWarning: Transform Types is an experimental feature and might change at any time
(Use `node --trace-warnings ...` to show where the warning was created)
✔ S03 scoped parameters and proposals from identical persistent IDs expire across a new load (13.316ms)
✔ S03 library grouping resolves the forked canonical network (5.3078ms)
✔ S03 local child semantic edit forks its library ancestor (15.4489ms)
✔ S03 explicit override equal to default survives interface defaults and save/reload (9.3972ms)
✔ S03 direct independence preserves nonowned state, declared references and typed frame resources (9.1883ms)
✔ S03 encapsulation rejects cross-scope node references despite matching local IDs (1.5833ms)
✔ S03 New creates Value vec4 passthrough; shared rename retains instance names and no-op keeps library identity (9.8253ms)
✔ S03 explicit interface Add stops at16 per direction without erasing preserved oversized draft (10.4714ms)
✔ S03 structure authoring validates count, names, description, nested fixed arrays, recursion/depth and expansion (275.5984ms)
✔ S03 large external array declarations survive metadata edits; materialization remains bounded (3.0162ms)
✔ S03 type tokens retain eight dimensions and reject extra tuple fields (1.7619ms)
✔ S03 disconnected output boundary follows shared output defaults (5.7104ms)
✔ S03 inline numeric source arrays do not inherit native path-length limits (15.5308ms)
✔ S03 nested input link ABA invalidates old edit tokens without changing History on rejection (33.0536ms)
✔ S03 shared same-key type changes reject stale caller tokens and removed handles never revive (19.6052ms)
✔ S03 cross-Graph nominal closure remaps nested structures and Undo removes the full insertion (4.9001ms)
✔ S03 reusable definition cycles reject atomically including unused dependencies (10.9679ms)
✔ M1: missing-module boundary x rename rejects save before ACK without data loss (19.6118ms)
✔ M1: missing-module boundary 中 rename rejects save before ACK without data loss (17.4185ms)
✔ M1: missing-module boundary 🍇 rename rejects save before ACK without data loss (24.2695ms)
✔ M1: compact fallback validates actual emitted bytes at and beyond the budget (5.1021ms)
✔ M1: nodes at/beyond network limit obey save/reopen invariant (21.2376ms)
✔ M1: edges at/beyond network limit obey save/reopen invariant (37.7647ms)
✔ M1: editing beyond network capacity cannot acknowledge a save or erase the previous saved document (107.2949ms)
ℹ tests 147
ℹ suites 0
ℹ pass 146
ℹ fail 1
ℹ cancelled 0
ℹ skipped 0
ℹ todo 0
ℹ duration_ms 3221.9874

✖ failing tests:

test at tests\conformance\boundaries.test.ts:5:1
✖ production ownership manifest covers every source and rejects mutation/platform/extension violations (434.4929ms)
  AssertionError [ERR_ASSERTION]: Expected values to be strictly equal:
  
  'FAIL' !== 'PASS'
  
      at TestContext.<anonymous> (C:\Users\user\source\Grape\production\tests\conformance\boundaries.test.ts:15:12)
      at async Test.run (node:internal/test_runner/test:1116:7)
      at async startSubtestAfterBootstrap (node:internal/test_runner/harness:358:3) {
    generatedMessage: true,
    code: 'ERR_ASSERTION',
    actual: 'FAIL',
    expected: 'PASS',
    operator: 'strictEqual',
    diff: 'simple'
  }
npm notice
npm notice New minor version of npm available! 11.8.0 -> 11.21.0
npm notice Changelog: https://github.com/npm/cli/releases/tag/v11.21.0
npm notice To update run: npm install -g npm@11.21.0
npm notice
