
Running 1 test using 1 worker

(node:53028) Warning: The 'NO_COLOR' env is ignored due to the 'FORCE_COLOR' env being set.
(Use `node --trace-warnings ...` to show where the warning was created)
  x  1 [chromium] › ..\..\..\production\tests\browser\s06-connection-view.spec.ts:393:1 › S06 subthreshold port release outside the button leaves no orphan wire or History (5.7s)


  1) [chromium] › ..\..\..\production\tests\browser\s06-connection-view.spec.ts:393:1 › S06 subthreshold port release outside the button leaves no orphan wire or History 

    Error: expect(locator).toHaveCount(expected) failed

    Locator:  locator('.canvas').last().locator('.connection-preview path')
    Expected: 0
    Received: 1
    Timeout:  5000ms

    Call log:
      - Expect "toHaveCount" with timeout 5000ms
      - waiting for locator('.canvas').last().locator('.connection-preview path')
        14 × locator resolved to 1 element
           - unexpected value "1"


      400 |   await expect(c.locator(".connection-preview path")).toHaveCount(1);
      401 |   await page.mouse.up();
    > 402 |   await expect(c.locator(".connection-preview path")).toHaveCount(0);
          |                                                       ^
      403 |   await expect(c.locator(".canvas-notice")).toBeEmpty();
      404 |   expect(await doc(page)).toEqual(before);
      405 |   await clickAction(page, "Undo");
        at C:\Users\user\source\Grape\production\tests\browser\s06-connection-view.spec.ts:402:55

    attachment #1: screenshot (image/png) ──────────────────────────────────────────────────────────
    ..\..\..\production\evidence\s06\workspace-repair-02\subthreshold-before-01\test-results\s06-connection-view-S06-su-a3f2f-s-no-orphan-wire-or-History-chromium\test-failed-1.png
    ────────────────────────────────────────────────────────────────────────────────────────────────

    Error Context: ..\..\..\production\evidence\s06\workspace-repair-02\subthreshold-before-01\test-results\s06-connection-view-S06-su-a3f2f-s-no-orphan-wire-or-History-chromium\error-context.md

    attachment #3: trace (application/zip) ─────────────────────────────────────────────────────────
    ..\..\..\production\evidence\s06\workspace-repair-02\subthreshold-before-01\test-results\s06-connection-view-S06-su-a3f2f-s-no-orphan-wire-or-History-chromium\trace.zip
    Usage:

        npx playwright show-trace ..\..\..\production\evidence\s06\workspace-repair-02\subthreshold-before-01\test-results\s06-connection-view-S06-su-a3f2f-s-no-orphan-wire-or-History-chromium\trace.zip

    ────────────────────────────────────────────────────────────────────────────────────────────────

  1 failed
    [chromium] › ..\..\..\production\tests\browser\s06-connection-view.spec.ts:393:1 › S06 subthreshold port release outside the button leaves no orphan wire or History 
