
Running 25 tests using 1 worker

(node:54204) Warning: The 'NO_COLOR' env is ignored due to the 'FORCE_COLOR' env being set.
(Use `node --trace-warnings ...` to show where the warning was created)
  ok  1 [chromium] › ..\..\..\production\tests\browser\s06-floating.spec.ts:5:1 › S06 shared floating consumers bound alignments focus semantics and disposal independently (548ms)
  ok  2 [chromium] › ..\..\..\production\tests\browser\s06-hover-repair.spec.ts:31:3 › S06 repair continuous 80-step Node details 1440 (2.5s)
  ok  3 [chromium] › ..\..\..\production\tests\browser\s06-hover-repair.spec.ts:31:3 › S06 repair continuous 80-step Port details 1440 (2.4s)
  ok  4 [chromium] › ..\..\..\production\tests\browser\s06-hover-repair.spec.ts:31:3 › S06 repair continuous 80-step Parameter Widget details 1440 (2.4s)
  ok  5 [chromium] › ..\..\..\production\tests\browser\s06-hover-repair.spec.ts:31:3 › S06 repair continuous 80-step Node details 1920 (2.5s)
  ok  6 [chromium] › ..\..\..\production\tests\browser\s06-hover-repair.spec.ts:31:3 › S06 repair continuous 80-step Port details 1920 (2.4s)
  ok  7 [chromium] › ..\..\..\production\tests\browser\s06-hover-repair.spec.ts:31:3 › S06 repair continuous 80-step Parameter Widget details 1920 (2.4s)
  ok  8 [chromium] › ..\..\..\production\tests\browser\s06-hover-repair.spec.ts:59:3 › S06 repair F2 focused control versus hovered node (831ms)
  ok  9 [chromium] › ..\..\..\production\tests\browser\s06-hover-repair.spec.ts:59:3 › S06 repair F2 focused control versus hovered panel (796ms)
  ok 10 [chromium] › ..\..\..\production\tests\browser\s06-hover-repair.spec.ts:59:3 › S06 repair F2 focused control versus hovered control (832ms)
  ok 11 [chromium] › ..\..\..\production\tests\browser\s06-hover-repair.spec.ts:59:3 › S06 repair F2 focused node versus hovered node (758ms)
  ok 12 [chromium] › ..\..\..\production\tests\browser\s06-hover-repair.spec.ts:59:3 › S06 repair F2 focused node versus hovered panel (728ms)
  ok 13 [chromium] › ..\..\..\production\tests\browser\s06-hover-repair.spec.ts:59:3 › S06 repair F2 focused node versus hovered control (796ms)
  ok 14 [chromium] › ..\..\..\production\tests\browser\s06-hover-repair.spec.ts:59:3 › S06 repair F2 focused port versus hovered node (783ms)
  ok 15 [chromium] › ..\..\..\production\tests\browser\s06-hover-repair.spec.ts:59:3 › S06 repair F2 focused port versus hovered panel (702ms)
  ok 16 [chromium] › ..\..\..\production\tests\browser\s06-hover-repair.spec.ts:59:3 › S06 repair F2 focused port versus hovered control (801ms)
  x  17 [chromium] › ..\..\..\production\tests\browser\s06-hover-repair.spec.ts:77:1 › S06 repair compact disclosures share presentation without model changes (5.4s)
(node:56608) Warning: The 'NO_COLOR' env is ignored due to the 'FORCE_COLOR' env being set.
(Use `node --trace-warnings ...` to show where the warning was created)
  x  18 [chromium] › ..\..\..\production\tests\browser\s06-hover-repair.spec.ts:93:1 › S06 grouped project actions preserve nested Personal and saved-dialog focus (30.1s)
(node:10884) Warning: The 'NO_COLOR' env is ignored due to the 'FORCE_COLOR' env being set.
(Use `node --trace-warnings ...` to show where the warning was created)
  x  19 [chromium] › ..\..\..\production\tests\browser\s06-socket-bottom.spec.ts:14:35 › S06 circle-only type-colored socket states preserve geometry at 0.65 (1.5s)
(node:12324) Warning: The 'NO_COLOR' env is ignored due to the 'FORCE_COLOR' env being set.
(Use `node --trace-warnings ...` to show where the warning was created)
  x  20 [chromium] › ..\..\..\production\tests\browser\s06-socket-bottom.spec.ts:14:35 › S06 circle-only type-colored socket states preserve geometry at 1 (1.5s)
(node:3748) Warning: The 'NO_COLOR' env is ignored due to the 'FORCE_COLOR' env being set.
(Use `node --trace-warnings ...` to show where the warning was created)
  x  21 [chromium] › ..\..\..\production\tests\browser\s06-socket-bottom.spec.ts:14:35 › S06 circle-only type-colored socket states preserve geometry at 1.25 (1.6s)
(node:35920) Warning: The 'NO_COLOR' env is ignored due to the 'FORCE_COLOR' env being set.
(Use `node --trace-warnings ...` to show where the warning was created)
  x  22 [chromium] › ..\..\..\production\tests\browser\s06-socket-bottom.spec.ts:45:76 › S06 compact bottom actions and complete output are reachable 1920x1000 (5.5s)
(node:48552) Warning: The 'NO_COLOR' env is ignored due to the 'FORCE_COLOR' env being set.
(Use `node --trace-warnings ...` to show where the warning was created)
  ok 23 [chromium] › ..\..\..\production\tests\browser\s06-socket-bottom.spec.ts:45:76 › S06 compact bottom actions and complete output are reachable 1440x1000 (994ms)
  ok 24 [chromium] › ..\..\..\production\tests\browser\s06-socket-bottom.spec.ts:45:76 › S06 compact bottom actions and complete output are reachable 620x800 (831ms)
  ok 25 [chromium] › ..\..\..\production\tests\browser\s06-socket-bottom.spec.ts:45:76 › S06 compact bottom actions and complete output are reachable 620x380 (828ms)


  1) [chromium] › ..\..\..\production\tests\browser\s06-hover-repair.spec.ts:77:1 › S06 repair compact disclosures share presentation without model changes 

    Error: expect(locator).toHaveAttribute(expected) failed

    Locator:  getByRole('button', { name: 'Project actions', exact: true })
    Expected: "true"
    Received: "false"
    Timeout:  5000ms

    Call log:
      - Expect "toHaveAttribute" with timeout 5000ms
      - waiting for getByRole('button', { name: 'Project actions', exact: true })
        14 × locator resolved to <button type="button" aria-haspopup="menu" aria-expanded="false" class="project-actions">Project actions</button>
           - unexpected value "false"


      80 |   for (const name of ["Project actions", "Shader output", "Hints", "Experimental features"]) {
      81 |     const button = page.getByRole("button", {name,exact:true}); await button.click();
    > 82 |     await expect(button).toHaveAttribute("aria-expanded","true");
         |                          ^
      83 |     await page.keyboard.press("Escape"); await expect(button).toBeFocused();
      84 |     await expect(button).toHaveAttribute("aria-expanded","false");
      85 |   }
        at C:\Users\user\source\Grape\production\tests\browser\s06-hover-repair.spec.ts:82:26

    attachment #1: screenshot (image/png) ──────────────────────────────────────────────────────────
    ..\..\..\production\evidence\s06\debug-hover-repair-01\presentation-03\test-results\s06-hover-repair-S06-repai-d60f2-ation-without-model-changes-chromium\test-failed-1.png
    ────────────────────────────────────────────────────────────────────────────────────────────────

    Error Context: ..\..\..\production\evidence\s06\debug-hover-repair-01\presentation-03\test-results\s06-hover-repair-S06-repai-d60f2-ation-without-model-changes-chromium\error-context.md

    attachment #3: trace (application/zip) ─────────────────────────────────────────────────────────
    ..\..\..\production\evidence\s06\debug-hover-repair-01\presentation-03\test-results\s06-hover-repair-S06-repai-d60f2-ation-without-model-changes-chromium\trace.zip
    Usage:

        npx playwright show-trace ..\..\..\production\evidence\s06\debug-hover-repair-01\presentation-03\test-results\s06-hover-repair-S06-repai-d60f2-ation-without-model-changes-chromium\trace.zip

    ────────────────────────────────────────────────────────────────────────────────────────────────

  2) [chromium] › ..\..\..\production\tests\browser\s06-hover-repair.spec.ts:93:1 › S06 grouped project actions preserve nested Personal and saved-dialog focus 

    Test timeout of 30000ms exceeded.

    Error: locator.fill: Test timeout of 30000ms exceeded.
    Call log:
      - waiting for getByRole('dialog', { name: 'Personal Library', exact: true }).getByRole('searchbox')


      101 |   const personal=page.getByRole("menuitem",{name:"Personal Library",exact:true});
      102 |   await personal.click(); const dialog=page.getByRole("dialog",{name:"Personal Library",exact:true});
    > 103 |   await dialog.getByRole("searchbox").fill("unavailable-entry");
          |                                       ^
      104 |   await dialog.getByRole("button",{name:"Close",exact:true}).click();
      105 |   await expect(personal).toBeVisible();await expect(personal).toBeFocused();
      106 |   await page.keyboard.press("Escape");await expect(trigger).toBeFocused();
        at C:\Users\user\source\Grape\production\tests\browser\s06-hover-repair.spec.ts:103:39

    attachment #1: screenshot (image/png) ──────────────────────────────────────────────────────────
    ..\..\..\production\evidence\s06\debug-hover-repair-01\presentation-03\test-results\s06-hover-repair-S06-group-eb455-onal-and-saved-dialog-focus-chromium\test-failed-1.png
    ────────────────────────────────────────────────────────────────────────────────────────────────

    Error Context: ..\..\..\production\evidence\s06\debug-hover-repair-01\presentation-03\test-results\s06-hover-repair-S06-group-eb455-onal-and-saved-dialog-focus-chromium\error-context.md

    attachment #3: trace (application/zip) ─────────────────────────────────────────────────────────
    ..\..\..\production\evidence\s06\debug-hover-repair-01\presentation-03\test-results\s06-hover-repair-S06-group-eb455-onal-and-saved-dialog-focus-chromium\trace.zip
    Usage:

        npx playwright show-trace ..\..\..\production\evidence\s06\debug-hover-repair-01\presentation-03\test-results\s06-hover-repair-S06-group-eb455-onal-and-saved-dialog-focus-chromium\trace.zip

    ────────────────────────────────────────────────────────────────────────────────────────────────

  3) [chromium] › ..\..\..\production\tests\browser\s06-socket-bottom.spec.ts:14:35 › S06 circle-only type-colored socket states preserve geometry at 0.65 

    Error: expect(received).toEqual(expected) // deep equality

    - Expected  - 2
    + Received  + 2

    @@ -4,11 +4,11 @@
            448.6,
            216.1,
            123.5,
            51.35,
          ],
    -     "class": "node",
    +     "class": "node selected",
          "tag": "ARTICLE",
        },
        Object {
          "box": Array [
            449.25,
    @@ -254,11 +254,11 @@
            197.7,
            301.9,
            123.5,
            89.05,
          ],
    -     "class": "node selected",
    +     "class": "node",
          "tag": "ARTICLE",
        },
        Object {
          "box": Array [
            198.35,

      27 |     const label=n.locator(".port-label").first(); expect(await port.evaluate(e=>e.textContent)).toBe("");
      28 |     await label.click();await expect(c.locator(".connection-preview path")).toHaveCount(0);
    > 29 |     expect(await geometry(c)).toEqual(idle);
         |                               ^
      30 |     records.push({name:await n.getAttribute("aria-label"),style,point});
      31 |   }
      32 |   const start=c.getByRole("button",{name:"Color RGBA output out",exact:true}),end=c.getByRole("button",{name:"Image output input color",exact:true});
        at C:\Users\user\source\Grape\production\tests\browser\s06-socket-bottom.spec.ts:29:31

    attachment #1: screenshot (image/png) ──────────────────────────────────────────────────────────
    ..\..\..\production\evidence\s06\debug-hover-repair-01\presentation-03\test-results\s06-socket-bottom-S06-circ-65b08-s-preserve-geometry-at-0-65-chromium\test-failed-1.png
    ────────────────────────────────────────────────────────────────────────────────────────────────

    Error Context: ..\..\..\production\evidence\s06\debug-hover-repair-01\presentation-03\test-results\s06-socket-bottom-S06-circ-65b08-s-preserve-geometry-at-0-65-chromium\error-context.md

    attachment #3: trace (application/zip) ─────────────────────────────────────────────────────────
    ..\..\..\production\evidence\s06\debug-hover-repair-01\presentation-03\test-results\s06-socket-bottom-S06-circ-65b08-s-preserve-geometry-at-0-65-chromium\trace.zip
    Usage:

        npx playwright show-trace ..\..\..\production\evidence\s06\debug-hover-repair-01\presentation-03\test-results\s06-socket-bottom-S06-circ-65b08-s-preserve-geometry-at-0-65-chromium\trace.zip

    ────────────────────────────────────────────────────────────────────────────────────────────────

  4) [chromium] › ..\..\..\production\tests\browser\s06-socket-bottom.spec.ts:14:35 › S06 circle-only type-colored socket states preserve geometry at 1 

    Error: expect(received).toEqual(expected) // deep equality

    - Expected  - 2
    + Received  + 2

    @@ -4,11 +4,11 @@
            674,
            284,
            190,
            79,
          ],
    -     "class": "node",
    +     "class": "node selected",
          "tag": "ARTICLE",
        },
        Object {
          "box": Array [
            675,
    @@ -254,11 +254,11 @@
            288,
            416,
            190,
            137,
          ],
    -     "class": "node selected",
    +     "class": "node",
          "tag": "ARTICLE",
        },
        Object {
          "box": Array [
            289,

      27 |     const label=n.locator(".port-label").first(); expect(await port.evaluate(e=>e.textContent)).toBe("");
      28 |     await label.click();await expect(c.locator(".connection-preview path")).toHaveCount(0);
    > 29 |     expect(await geometry(c)).toEqual(idle);
         |                               ^
      30 |     records.push({name:await n.getAttribute("aria-label"),style,point});
      31 |   }
      32 |   const start=c.getByRole("button",{name:"Color RGBA output out",exact:true}),end=c.getByRole("button",{name:"Image output input color",exact:true});
        at C:\Users\user\source\Grape\production\tests\browser\s06-socket-bottom.spec.ts:29:31

    attachment #1: screenshot (image/png) ──────────────────────────────────────────────────────────
    ..\..\..\production\evidence\s06\debug-hover-repair-01\presentation-03\test-results\s06-socket-bottom-S06-circ-7be5b-ates-preserve-geometry-at-1-chromium\test-failed-1.png
    ────────────────────────────────────────────────────────────────────────────────────────────────

    Error Context: ..\..\..\production\evidence\s06\debug-hover-repair-01\presentation-03\test-results\s06-socket-bottom-S06-circ-7be5b-ates-preserve-geometry-at-1-chromium\error-context.md

    attachment #3: trace (application/zip) ─────────────────────────────────────────────────────────
    ..\..\..\production\evidence\s06\debug-hover-repair-01\presentation-03\test-results\s06-socket-bottom-S06-circ-7be5b-ates-preserve-geometry-at-1-chromium\trace.zip
    Usage:

        npx playwright show-trace ..\..\..\production\evidence\s06\debug-hover-repair-01\presentation-03\test-results\s06-socket-bottom-S06-circ-7be5b-ates-preserve-geometry-at-1-chromium\trace.zip

    ────────────────────────────────────────────────────────────────────────────────────────────────

  5) [chromium] › ..\..\..\production\tests\browser\s06-socket-bottom.spec.ts:14:35 › S06 circle-only type-colored socket states preserve geometry at 1.25 

    Error: expect(received).toEqual(expected) // deep equality

    - Expected  - 76
    + Received  + 76

    @@ -1,380 +1,380 @@
      Array [
        Object {
          "box": Array [
    -       835,
    -       332.5,
    +       406,
    +       78.5,
            237.5,
            98.75,
          ],
          "class": "node",
          "tag": "ARTICLE",
        },
        Object {
          "box": Array [
    -       836.25,
    -       333.75,
    +       407.25,
    +       79.75,
            235,
            51.25,
          ],
          "class": "",
          "tag": "H3",
        },
        Object {
          "box": Array [
    -       829.38,
    -       405,
    +       400.38,
    +       151,
            13.75,
            13.75,
          ],
          "class": "socket",
          "tag": "SPAN",
        },
        Object {
          "box": Array [
    -       852.5,
    -       403.13,
    +       423.5,
    +       149.13,
            32.46,
            17.5,
          ],
          "class": "port-label",
          "tag": "SPAN",
        },
        Object {
          "box": Array [
    -       892.46,
    -       405,
    +       463.46,
    +       151,
            26.11,
            13.75,
          ],
          "class": "",
          "tag": "SMALL",
        },
        Object {
          "box": Array [
    -       82.5,
    -       227.5,
    +       -346.5,
    +       -26.5,
            237.5,
            98.75,
          ],
          "class": "node",
          "tag": "ARTICLE",
        },
        Object {
          "box": Array [
    -       83.75,
    -       228.75,
    +       -345.25,
    +       -25.25,
            235,
            51.25,
          ],
          "class": "",
          "tag": "H3",
        },
        Object {
          "box": Array [
    -       311.88,
    -       300,
    +       -117.12,
    +       46,
            13.75,
            13.75,
          ],
          "class": "socket",
          "tag": "SPAN",
        },
        Object {
          "box": Array [
    -       251.17,
    -       298.13,
    +       -177.83,
    +       44.13,
            21.19,
            17.5,
          ],
          "class": "port-label",
          "tag": "SPAN",
        },
        Object {
          "box": Array [
    -       279.86,
    -       300,
    +       -149.14,
    +       46,
            23.89,
            13.75,
          ],
          "class": "",
          "tag": "SMALL",
        },
        Object {
          "box": Array [
    -       352.5,
    -       227.5,
    +       -76.5,
    +       -26.5,
            237.5,
            98.75,
          ],
          "class": "node",
          "tag": "ARTICLE",
        },
        Object {
          "box": Array [
    -       353.75,
    -       228.75,
    +       -75.25,
    +       -25.25,
            235,
            51.25,
          ],
          "class": "",
          "tag": "H3",
        },
        Object {
          "box": Array [
    -       581.88,
    -       300,
    +       152.88,
    +       46,
            13.75,
            13.75,
          ],
          "class": "socket",
          "tag": "SPAN",
        },
        Object {
          "box": Array [
    -       519.38,
    -       298.13,
    +       90.38,
    +       44.13,
            21.19,
            17.5,
          ],
          "class": "port-label",
          "tag": "SPAN",
        },
        Object {
          "box": Array [
    -       548.07,
    -       300,
    +       119.07,
    +       46,
            25.68,
            13.75,
          ],
          "class": "",
          "tag": "SMALL",
        },
        Object {
          "box": Array [
    -       652.5,
    -       227.5,
    +       223.5,
    +       -26.5,
            237.5,
            98.75,
          ],
          "class": "node",
          "tag": "ARTICLE",
        },
        Object {
          "box": Array [
    -       653.75,
    -       228.75,
    +       224.75,
    +       -25.25,
            235,
            51.25,
          ],
          "class": "",
          "tag": "H3",
        },
        Object {
          "box": Array [
    -       881.88,
    -       300,
    +       452.88,
    +       46,
            13.75,
            13.75,
          ],
          "class": "socket",
          "tag": "SPAN",
        },
        Object {
          "box": Array [
    -       819.02,
    -       298.13,
    +       390.02,
    +       44.13,
            21.19,
            17.5,
          ],
          "class": "port-label",
          "tag": "SPAN",
        },
        Object {
          "box": Array [
    -       847.71,
    -       300,
    +       418.71,
    +       46,
            26.04,
            13.75,
          ],
          "class": "",
          "tag": "SMALL",
        },
        Object {
          "box": Array [
    -       82.5,
    -       497.5,
    +       -346.5,
    +       243.5,
            237.5,
            98.75,
          ],
          "class": "node",
          "tag": "ARTICLE",
        },
        Object {
          "box": Array [
    -       83.75,
    -       498.75,
    +       -345.25,
    +       244.75,
            235,
            51.25,
          ],
          "class": "",
          "tag": "H3",
        },
        Object {
          "box": Array [
    -       311.88,
    -       570,
    +       -117.12,
    +       316,
            13.75,
            13.75,
          ],
          "class": "socket",
          "tag": "SPAN",
        },
        Object {
          "box": Array [
    -       248.95,
    -       568.13,
    +       -180.05,
    +       314.13,
            21.19,
            17.5,
          ],
          "class": "port-label",
          "tag": "SPAN",
        },
        Object {
          "box": Array [
    -       277.64,
    -       570,
    +       -151.36,
    +       316,
            26.11,
            13.75,
          ],
          "class": "",
          "tag": "SMALL",
        },
        Object {
          "box": Array [
    -       352.5,
    -       497.5,
    +       -76.5,
    +       243.5,
            237.5,
            171.25,
          ],
          "class": "node selected",
          "tag": "ARTICLE",
        },
        Object {
          "box": Array [
    -       353.75,
    -       498.75,
    +       -75.25,
    +       244.75,
            235,
            51.25,
          ],
          "class": "",
          "tag": "H3",
        },
        Object {
          "box": Array [
    -       346.88,
    -       570,
    +       -82.12,
    +       316,
            13.75,
            13.75,
          ],
          "class": "socket",
          "tag": "SPAN",
        },
        Object {
          "box": Array [
    -       370,
    -       568.13,
    +       -59,
    +       314.13,
            7.75,
            17.5,
          ],
          "class": "port-label",
          "tag": "SPAN",
        },
        Object {
          "box": Array [
    -       385.25,
    -       570,
    +       -43.75,
    +       316,
            23.89,
            13.75,
          ],
          "class": "",
          "tag": "SMALL",
        },
        Object {
          "box": Array [
    -       416.64,
    -       561.88,
    +       -12.36,
    +       307.88,
            157.11,
            30,
          ],
          "class": "node-value",
          "tag": "SPAN",
        },
        Object {
          "box": Array [
    -       346.88,
    -       606.25,
    +       -82.12,
    +       352.25,
            13.75,
            13.75,
          ],
          "class": "socket",
          "tag": "SPAN",
        },
        Object {
          "box": Array [
    -       370,
    -       604.38,
    +       -59,
    +       350.38,
            8.54,
            17.5,
          ],
          "class": "port-label",
          "tag": "SPAN",
        },
        Object {
          "box": Array [
    -       386.04,
    -       606.25,
    +       -42.96,
    +       352.25,
            23.89,
            13.75,
          ],
          "class": "",
          "tag": "SMALL",
        },
        Object {
          "box": Array [
    -       417.42,
    -       598.13,
    +       -11.58,
    +       344.13,
            156.33,
            30,
          ],
          "class": "node-value",
          "tag": "SPAN",
        },
        Object {
          "box": Array [
    -       581.88,
    -       642.5,
    +       152.88,
    +       388.5,
            13.75,
            13.75,
          ],
          "class": "socket",
          "tag": "SPAN",
        },
        Object {
          "box": Array [
    -       506.04,
    -       640.63,
    +       77.04,
    +       386.63,
            36.33,
            17.5,
          ],
          "class": "port-label",
          "tag": "SPAN",
        },
        Object {
          "box": Array [
    -       549.86,
    -       642.5,
    +       120.86,
    +       388.5,
            23.89,
            13.75,
          ],
          "class": "",
          "tag": "SMALL",

      22 |     const idle=await geometry(c); await port.hover();
      23 |     const style=await socket.evaluate(e=>{const s=getComputedStyle(e);return {fill:s.backgroundColor,border:s.borderColor,shadow:s.boxShadow};});
    > 24 |     expect(style.fill).toBe(style.border); expect(await geometry(c)).toEqual(idle);
         |                                                                      ^
      25 |     const point=await center(port);await page.mouse.down();
      26 |     expect(await geometry(c)).toEqual(idle);await page.mouse.up();await page.keyboard.press("Escape");
      27 |     const label=n.locator(".port-label").first(); expect(await port.evaluate(e=>e.textContent)).toBe("");
        at C:\Users\user\source\Grape\production\tests\browser\s06-socket-bottom.spec.ts:24:70

    attachment #1: screenshot (image/png) ──────────────────────────────────────────────────────────
    ..\..\..\production\evidence\s06\debug-hover-repair-01\presentation-03\test-results\s06-socket-bottom-S06-circ-19f04-s-preserve-geometry-at-1-25-chromium\test-failed-1.png
    ────────────────────────────────────────────────────────────────────────────────────────────────

    Error Context: ..\..\..\production\evidence\s06\debug-hover-repair-01\presentation-03\test-results\s06-socket-bottom-S06-circ-19f04-s-preserve-geometry-at-1-25-chromium\error-context.md

    attachment #3: trace (application/zip) ─────────────────────────────────────────────────────────
    ..\..\..\production\evidence\s06\debug-hover-repair-01\presentation-03\test-results\s06-socket-bottom-S06-circ-19f04-s-preserve-geometry-at-1-25-chromium\trace.zip
    Usage:

        npx playwright show-trace ..\..\..\production\evidence\s06\debug-hover-repair-01\presentation-03\test-results\s06-socket-bottom-S06-circ-19f04-s-preserve-geometry-at-1-25-chromium\trace.zip

    ────────────────────────────────────────────────────────────────────────────────────────────────

  6) [chromium] › ..\..\..\production\tests\browser\s06-socket-bottom.spec.ts:45:76 › S06 compact bottom actions and complete output are reachable 1920x1000 

    Error: expect(locator).toBeVisible() failed

    Locator: locator('.floating-surface[open]').last()
    Expected: visible
    Timeout: 5000ms
    Error: element(s) not found

    Call log:
      - Expect "toBeVisible" with timeout 5000ms
      - waiting for locator('.floating-surface[open]').last()


      49 |   for(const name of ["Project actions","Shader output","Hints","Experimental features"]) {
      50 |     const trigger=page.getByRole("button",{name,exact:true});await trigger.click();
    > 51 |     const popup=page.locator(".floating-surface[open]").last();await expect(popup).toBeVisible();
         |                                                                                    ^
      52 |     const b=(await popup.boundingBox())!;expect(b.x).toBeGreaterThanOrEqual(0);expect(b.y).toBeGreaterThanOrEqual(0);expect(b.x+b.width).toBeLessThanOrEqual(width!);expect(b.y+b.height).toBeLessThanOrEqual(height!);
      53 |     await page.screenshot({path:path.join(out,`bottom-${width}-${height}-${name.replaceAll(" ","-")}.png`)});
      54 |     await page.keyboard.press("Escape");await expect(trigger).toBeFocused();records.push({name,b});
        at C:\Users\user\source\Grape\production\tests\browser\s06-socket-bottom.spec.ts:51:84

    attachment #1: screenshot (image/png) ──────────────────────────────────────────────────────────
    ..\..\..\production\evidence\s06\debug-hover-repair-01\presentation-03\test-results\s06-socket-bottom-S06-comp-92e11-put-are-reachable-1920x1000-chromium\test-failed-1.png
    ────────────────────────────────────────────────────────────────────────────────────────────────

    Error Context: ..\..\..\production\evidence\s06\debug-hover-repair-01\presentation-03\test-results\s06-socket-bottom-S06-comp-92e11-put-are-reachable-1920x1000-chromium\error-context.md

    attachment #3: trace (application/zip) ─────────────────────────────────────────────────────────
    ..\..\..\production\evidence\s06\debug-hover-repair-01\presentation-03\test-results\s06-socket-bottom-S06-comp-92e11-put-are-reachable-1920x1000-chromium\trace.zip
    Usage:

        npx playwright show-trace ..\..\..\production\evidence\s06\debug-hover-repair-01\presentation-03\test-results\s06-socket-bottom-S06-comp-92e11-put-are-reachable-1920x1000-chromium\trace.zip

    ────────────────────────────────────────────────────────────────────────────────────────────────

  6 failed
    [chromium] › ..\..\..\production\tests\browser\s06-hover-repair.spec.ts:77:1 › S06 repair compact disclosures share presentation without model changes 
    [chromium] › ..\..\..\production\tests\browser\s06-hover-repair.spec.ts:93:1 › S06 grouped project actions preserve nested Personal and saved-dialog focus 
    [chromium] › ..\..\..\production\tests\browser\s06-socket-bottom.spec.ts:14:35 › S06 circle-only type-colored socket states preserve geometry at 0.65 
    [chromium] › ..\..\..\production\tests\browser\s06-socket-bottom.spec.ts:14:35 › S06 circle-only type-colored socket states preserve geometry at 1 
    [chromium] › ..\..\..\production\tests\browser\s06-socket-bottom.spec.ts:14:35 › S06 circle-only type-colored socket states preserve geometry at 1.25 
    [chromium] › ..\..\..\production\tests\browser\s06-socket-bottom.spec.ts:45:76 › S06 compact bottom actions and complete output are reachable 1920x1000 
  19 passed (1.3m)
