
Running 109 tests using 1 worker

(node:49900) Warning: The 'NO_COLOR' env is ignored due to the 'FORCE_COLOR' env being set.
(Use `node --trace-warnings ...` to show where the warning was created)
  ok   1 [chromium] › tests\browser\s05-escape-focus.spec.ts:8:5 › S05 natural Escape cancels direct without Export drag with no History entry (1.5s)
  ok   2 [chromium] › tests\browser\s05-escape-focus.spec.ts:8:5 › S05 natural Escape cancels direct after Export drag with no History entry (1.7s)
  ok   3 [chromium] › tests\browser\s05-escape-focus.spec.ts:8:5 › S05 natural Escape cancels wrapper without Export drag with no History entry (1.3s)
  ok   4 [chromium] › tests\browser\s05-escape-focus.spec.ts:8:5 › S05 natural Escape cancels wrapper after Export drag with no History entry (1.8s)
  ok   5 [chromium] › tests\browser\s06-brand-info.spec.ts:5:3 › S06 brand identity and updates stay in one header at 620 (332ms)
  ok   6 [chromium] › tests\browser\s06-brand-info.spec.ts:5:3 › S06 brand identity and updates stay in one header at 1440 (333ms)
  ok   7 [chromium] › tests\browser\s06-connection-view.spec.ts:63:3 › S06 connection notice compact geometry 1280 and successful inverse routes one Undo (1.3s)
  ok   8 [chromium] › tests\browser\s06-connection-view.spec.ts:63:3 › S06 connection notice compact geometry 1440 and successful inverse routes one Undo (1.4s)
  ok   9 [chromium] › tests\browser\s06-connection-view.spec.ts:63:3 › S06 connection notice compact geometry 620 and successful inverse routes one Undo (1.3s)
  ok  10 [chromium] › tests\browser\s06-connection-view.spec.ts:105:3 › S06 selection geometry remains fixed at zoom 1 (851ms)
  ok  11 [chromium] › tests\browser\s06-connection-view.spec.ts:105:3 › S06 selection geometry remains fixed at zoom 1.2 (872ms)
  ok  12 [chromium] › tests\browser\s06-connection-view.spec.ts:137:1 › S06 PORT_TARGET and same-direction refusal remain visible until matching recovery; compiler error stays (1.5s)
  ok  13 [chromium] › tests\browser\s06-connection-view.spec.ts:176:3 › S06 temporary output wire follows pointer and zoom without touching real edges (967ms)
  ok  14 [chromium] › tests\browser\s06-connection-view.spec.ts:176:3 › S06 temporary input wire follows pointer and zoom without touching real edges (992ms)
  ok  15 [chromium] › tests\browser\s06-connection-view.spec.ts:235:1 › S06 connection cancellation stale scope readonly and two Canvas status stay independent (2.5s)
  ok  16 [chromium] › tests\browser\s06-connection-view.spec.ts:292:1 › S06 catalog pointer hover follows row while keyboard selection and Browse inspect remain view only (663ms)
  ok  17 [chromium] › tests\browser\s06-connection-view.spec.ts:320:1 › S06 public port drag both directions commits once and cancelled held release adds no History (2.3s)
  ok  18 [chromium] › tests\browser\s06-connection-view.spec.ts:365:1 › S06 pending connection expires on shared revision and new load without stale endpoint reuse (1.0s)
  ok  19 [chromium] › tests\browser\s06-connection-view.spec.ts:395:1 › S06 subthreshold port release outside the button leaves no orphan wire or History (696ms)
  ok  20 [chromium] › tests\browser\s06-creation.spec.ts:29:1 › S06 public wired Compose vec2 preview matches actual schema and identity edge with one Undo/Redo (1.3s)
  ok  21 [chromium] › tests\browser\s06-creation.spec.ts:98:3 › S06 port context preview uses same-key direction and actual socket geometry at zoom 1 (1.2s)
  ok  22 [chromium] › tests\browser\s06-creation.spec.ts:98:3 › S06 port context preview uses same-key direction and actual socket geometry at zoom 1.2 (1.2s)
  ok  23 [chromium] › tests\browser\s06-creation.spec.ts:190:1 › S06 source and Project subgraph catalog reuse owner references with one History operation (1.7s)
  ok  24 [chromium] › tests\browser\s06-creation.spec.ts:237:1 › S06 row drag accepts blank canvas once, rejects controls and other Canvas; browse double-click has one Undo (1.3s)
  ok  25 [chromium] › tests\browser\s06-creation.spec.ts:275:1 › S06 creator move threshold, clamping, creation point and cancellations are view only (1.5s)
  ok  26 [chromium] › tests\browser\s06-creation.spec.ts:320:1 › S06 keyboard and popup guards preserve field drafts, IME and contextual cancellation (668ms)
  ok  27 [chromium] › tests\browser\s06-creation.spec.ts:349:1 › S06 touch emulation: blank double-tap, row inspect and plus drag insert once without a trailing click (1.2s)
  ok  28 [chromium] › tests\browser\s06-creation.spec.ts:464:1 › S06 cross-Canvas drop and intervening shared revision cancel captured palette without mutation (1.2s)
  ok  29 [chromium] › tests\browser\s06-debug-hover-lifetime.spec.ts:5:1 › S06 diagnostic mount revoke hide move update and late callback cannot revive old object data (304ms)
  ok  30 [chromium] › tests\browser\s06-debug-hover.spec.ts:53:1 › S06 F2-only all built-in readonly kinds and ordinary hints preserve document selection History Redo (2.1s)
  ok  31 [chromium] › tests\browser\s06-debug-hover.spec.ts:109:3 › S06 F2 ignores obsolete preference true (452ms)
  ok  32 [chromium] › tests\browser\s06-debug-hover.spec.ts:109:3 › S06 F2 ignores obsolete preference false (442ms)
  ok  33 [chromium] › tests\browser\s06-debug-hover.spec.ts:109:3 › S06 F2 ignores obsolete preference {broken} (443ms)
  ok  34 [chromium] › tests\browser\s06-debug-hover.spec.ts:109:3 › S06 F2 ignores obsolete preference denied (462ms)
  ok  35 [chromium] › tests\browser\s06-debug-hover.spec.ts:147:1 › S06 F2 scalar vector draft and multifield IME guards preserve current text (978ms)
  ok  36 [chromium] › tests\browser\s06-debug-hover.spec.ts:185:1 › S06 F2 stage deletion Undo same-ID document reopen discards old target (1.3s)
  ok  37 [chromium] › tests\browser\s06-debug-hover.spec.ts:225:1 › S06 F2 pending wire held drag readonly and natural Escape remain guarded (1.3s)
  ok  38 [chromium] › tests\browser\s06-debug-hover.spec.ts:258:1 › S06 F2 no inspection serialization or clone during 80 trusted pointer moves or focus navigation (2.0s)
  ok  39 [chromium] › tests\browser\s06-debug-hover.spec.ts:295:1 › S06 F2 complete long data narrow keyboard close and unchanged geometry (925ms)
  ok  40 [chromium] › tests\browser\s06-debug-hover.spec.ts:326:1 › S06 F2 busy Save acknowledgement does not intercept or corrupt save (720ms)
  ok  41 [chromium] › tests\browser\s06-debug-hover.spec.ts:362:1 › S06 debug target follows nested occurrence and independent Canvas navigation (2.9s)
  ok  42 [chromium] › tests\browser\s06-f2-isolation.spec.ts:13:3 › S06 optional inspection absent preserves normal public editing save ACK generation Undo Redo (988ms)
  ok  43 [chromium] › tests\browser\s06-f2-isolation.spec.ts:13:3 › S06 optional inspection disposed preserves normal public editing save ACK generation Undo Redo (984ms)
  ok  44 [chromium] › tests\browser\s06-f2-isolation.spec.ts:13:3 › S06 optional inspection failed-construction preserves normal public editing save ACK generation Undo Redo (1.1s)
  ok  45 [chromium] › tests\browser\s06-f2-isolation.spec.ts:13:3 › S06 optional inspection consumed-key preserves normal public editing save ACK generation Undo Redo (995ms)
  ok  46 [chromium] › tests\browser\s06-f2-isolation.spec.ts:110:1 › S06 readonly owner fault registration serialization invalidation and multi-instance disposal stay local (188ms)
  ok  47 [chromium] › tests\browser\s06-floating.spec.ts:5:1 › S06 shared floating consumers bound alignments focus semantics and disposal independently (575ms)
  ok  48 [chromium] › tests\browser\s06-floating.spec.ts:143:1 › S06 scoped floating presentation is revoked independently across remounts (171ms)
  ok  49 [chromium] › tests\browser\s06-guards.spec.ts:14:1 › S06 advertised view and edit shortcuts preserve gesture, draft and History boundaries (1.6s)
  ok  50 [chromium] › tests\browser\s06-guards.spec.ts:58:1 › S06 Canvas connection failure persists across movement and unrelated successful actions until matching recovery (1.0s)
  ok  51 [chromium] › tests\browser\s06-guards.spec.ts:79:1 › S06 category collapse survives query changes and whitespace uses the tree without a Graph edit (583ms)
  ok  52 [chromium] › tests\browser\s06-guards.spec.ts:101:1 › S06 Personal search and inspect are readonly, malformed import survives unrelated success, and insert restores one Undo (2.0s)
  ok  53 [chromium] › tests\browser\s06-guards.spec.ts:169:1 › S06 pending touch menu cancels on blur and second touch, while a completed blank hold is view only (2.8s)
  ok  54 [chromium] › tests\browser\s06-guards.spec.ts:224:1 › S06 native field context menu remains unprevented and touch hold never opens an object menu from a control (1.1s)
  ok  55 [chromium] › tests\browser\s06-guards.spec.ts:268:1 › S06 Personal late insertion and refresh results cannot close or overwrite a reopened dialog (446ms)
  ok  56 [chromium] › tests\browser\s06-guards.spec.ts:354:1 › S06 competing touch cancels a primary node drag without a committed History entry (970ms)
  ok  57 [chromium] › tests\browser\s06-help.spec.ts:69:3 › S06 Help natural outside-to-inside gesture preserves document and History (924ms)
  ok  58 [chromium] › tests\browser\s06-help.spec.ts:69:3 › S06 Help natural inside-to-outside gesture preserves document and History (975ms)
  ok  59 [chromium] › tests\browser\s06-help.spec.ts:69:3 › S06 Help natural outside-to-outside gesture preserves document and History (976ms)
  ok  60 [chromium] › tests\browser\s06-help.spec.ts:104:3 › S06 Help pointercancel disarms incomplete backdrop gesture and allows a new click (546ms)
  ok  61 [chromium] › tests\browser\s06-help.spec.ts:104:3 › S06 Help blur disarms incomplete backdrop gesture and allows a new click (474ms)
  ok  62 [chromium] › tests\browser\s06-help.spec.ts:128:1 › S06 Help Escape Close and reopen consume old gestures and restore usable focus (495ms)
  ok  63 [chromium] › tests\browser\s06-help.spec.ts:153:1 › S06 Help keyboard menu returns focus to Canvas and remains independent across two Canvas contexts (377ms)
  ok  64 [chromium] › tests\browser\s06-help.spec.ts:189:1 › S06 Help readonly interaction and remounted document retain scoped lifetime (724ms)
  ok  65 [chromium] › tests\browser\s06-hover-repair.spec.ts:37:5 › S06 repair F2 focused control versus hovered node (508ms)
  ok  66 [chromium] › tests\browser\s06-hover-repair.spec.ts:37:5 › S06 repair F2 focused control versus hovered panel (493ms)
  ok  67 [chromium] › tests\browser\s06-hover-repair.spec.ts:37:5 › S06 repair F2 focused control versus hovered control (497ms)
  ok  68 [chromium] › tests\browser\s06-hover-repair.spec.ts:37:5 › S06 repair F2 focused node versus hovered node (426ms)
  ok  69 [chromium] › tests\browser\s06-hover-repair.spec.ts:37:5 › S06 repair F2 focused node versus hovered panel (431ms)
  ok  70 [chromium] › tests\browser\s06-hover-repair.spec.ts:37:5 › S06 repair F2 focused node versus hovered control (444ms)
  ok  71 [chromium] › tests\browser\s06-hover-repair.spec.ts:37:5 › S06 repair F2 focused port versus hovered node (706ms)
  ok  72 [chromium] › tests\browser\s06-hover-repair.spec.ts:37:5 › S06 repair F2 focused port versus hovered panel (696ms)
  ok  73 [chromium] › tests\browser\s06-hover-repair.spec.ts:37:5 › S06 repair F2 focused port versus hovered control (693ms)
  ok  74 [chromium] › tests\browser\s06-hover-repair.spec.ts:84:1 › S06 repair compact disclosures share presentation without model changes (806ms)
  ok  75 [chromium] › tests\browser\s06-hover-repair.spec.ts:116:1 › S06 grouped project actions preserve nested Personal and saved-dialog focus (620ms)
  ok  76 [chromium] › tests\browser\s06-hover-repair.spec.ts:168:1 › S06 output diagnostics locate current nodes and reject stale detached actions (806ms)
  ok  77 [chromium] › tests\browser\s06-owner-config.spec.ts:6:1 › OC05 host composition config false rejects existing edge without model or History changes (1.2s)
  ok  78 [chromium] › tests\browser\s06-owner-corrections-baseline.spec.ts:5:1 › OC10 natural Node click transfers focus and captures identity before modal (507ms)
  ok  79 [chromium] › tests\browser\s06-owner-corrections.spec.ts:95:1 › OC01 new empty zero-alpha shader and old exact public import explicit upgrade save reopen (1.2s)
  ok  80 [chromium] › tests\browser\s06-owner-corrections.spec.ts:123:1 › OC03 physical output drop single click commits captured graph coordinate under pan zoom and moved menu (2.0s)
  ok  81 [chromium] › tests\browser\s06-owner-corrections.spec.ts:172:1 › OC04 connected input empty release disconnects once; Escape outside readonly and cancel preserve (3.9s)
  ok  82 [chromium] › tests\browser\s06-owner-corrections.spec.ts:214:1 › OC05 default replaces without Shift; ordinary hover purple and target feedback share geometry (1.7s)
  ok  83 [chromium] › tests\browser\s06-owner-corrections.spec.ts:256:3 › OC02 footer fills viewport 620 and disclosures preserve graph (562ms)
  ok  84 [chromium] › tests\browser\s06-owner-corrections.spec.ts:256:3 › OC02 footer fills viewport 1440 and disclosures preserve graph (580ms)
  ok  85 [chromium] › tests\browser\s06-owner-corrections.spec.ts:256:3 › OC02 footer fills viewport 1920 and disclosures preserve graph (620ms)
  ok  86 [chromium] › tests\browser\s06-owner-corrections.spec.ts:289:1 › OC10 F2 captures once before modal with live keyboard focus over different hovered target (1.9s)
  ok  87 [chromium] › tests\browser\s06-owner-corrections.spec.ts:324:1 › OC01 new exact output connected float vector2 vector3 RGBA render numerical conversion results (2.2s)
  ok  88 [chromium] › tests\browser\s06-owner-corrections.spec.ts:365:1 › OC03 cancelled catalog stale revision and readonly wired route leave no partial content (2.8s)
  ok  89 [chromium] › tests\browser\s06-socket-bottom.spec.ts:37:3 › S06 circle-only type-colored socket states preserve geometry at 0.65 (2.9s)
  ok  90 [chromium] › tests\browser\s06-socket-bottom.spec.ts:37:3 › S06 circle-only type-colored socket states preserve geometry at 1 (2.9s)
  ok  91 [chromium] › tests\browser\s06-socket-bottom.spec.ts:37:3 › S06 circle-only type-colored socket states preserve geometry at 1.25 (3.1s)
  ok  92 [chromium] › tests\browser\s06-socket-bottom.spec.ts:177:3 › S06 compact bottom actions and complete output are reachable 1920x1000 (758ms)
  ok  93 [chromium] › tests\browser\s06-socket-bottom.spec.ts:177:3 › S06 compact bottom actions and complete output are reachable 1440x1000 (719ms)
  ok  94 [chromium] › tests\browser\s06-socket-bottom.spec.ts:177:3 › S06 compact bottom actions and complete output are reachable 620x800 (665ms)
  ok  95 [chromium] › tests\browser\s06-socket-bottom.spec.ts:177:3 › S06 compact bottom actions and complete output are reachable 620x380 (644ms)
  ok  96 [chromium] › tests\browser\s06-status-pointer.spec.ts:84:3 › S06 complete persistent loss details have a keyboard read path at 620 (1.8s)
  ok  97 [chromium] › tests\browser\s06-status-pointer.spec.ts:84:3 › S06 complete persistent loss details have a keyboard read path at 1440 (1.9s)
  ok  98 [chromium] › tests\browser\s06-status-pointer.spec.ts:206:1 › S06 bottom application error summary opens complete current text without clearing or History (1.2s)
  ok  99 [chromium] › tests\browser\s06-status-pointer.spec.ts:268:1 › S06 synthetic outside pointercancel is pointer-specific; click pending survives unpressed motion (743ms)
  ok 100 [chromium] › tests\browser\s06-status-pointer.spec.ts:319:1 › S06 delayed matching storage recovery retires open error details with usable focus (493ms)
  ok 101 [chromium] › tests\browser\s06-status-pointer.spec.ts:384:1 › S06 actual 3px uncaptured port release across Canvas Inspector retires wire and ring (1.1s)
  ok 102 [chromium] › tests\browser\s06-status-pointer.spec.ts:431:3 › S06 trusted Enter socket activation waits for real pointer and preserves keyboard connection (1.3s)
  ok 103 [chromium] › tests\browser\s06-status-pointer.spec.ts:431:3 › S06 trusted Space socket activation waits for real pointer and preserves keyboard connection (1.3s)
  ok 104 [chromium] › tests\browser\s06-status-pointer.spec.ts:473:1 › S06 selection changes no body content field socket or wire geometry across pan and zoom (10.8s)
  ok 105 [chromium] › tests\browser\s06-workspace.spec.ts:21:1 › S06 catalog literal normalized search, source/type filters, inspect and native text do not edit (678ms)
  ok 106 [chromium] › tests\browser\s06-workspace.spec.ts:67:1 › S06 blank double-click and Tab create previews; movement is independent, cancel and stage change add no History (891ms)
  ok 107 [chromium] › tests\browser\s06-workspace.spec.ts:105:1 › S06 connected input blank drop disconnects once and Undo restores occupied input (1.2s)
  ok 108 [chromium] › tests\browser\s06-workspace.spec.ts:144:1 › S06 help and context menu keyboard, readonly browsing and responsive original actions (1.1s)
  ok 109 [chromium] › tests\browser\s06-workspace.spec.ts:204:1 › S06 compile error survives unrelated successful Save and clears on matching successful Generate (679ms)

  109 passed (2.2m)
