(node:52156) ExperimentalWarning: Transform Types is an experimental feature and might change at any time
(Use `node --trace-warnings ...` to show where the warning was created)
{"delivered":"shared-expand.grape.json","status":"PASS"}
{"delivered":"shared-function.grape.json","status":"PASS"}
{"delivered":"shared-function.personal.json","status":"PASS"}
{"delivered":"nested-function.grape.json","status":"PASS"}
{"delivered":"uniform-function.grape.json","status":"PASS"}
{"delivered":"constant-detach.grape.json","status":"PASS"}
{"delivered":"activation-rejected.grape.json","status":"PASS"}
{"delivered":"shape-array.grape.json","status":"PASS"}
{"delivered":"shape-nominal.grape.json","status":"PASS"}
{"delivered":"pixel-effects.grape.json","status":"PASS"}
{"delivered":"vertex-pixel.grape.json","status":"PASS"}
{"delivered":"legacy-owner.grape.json","status":"PASS"}
{"delivered":"cross-stage-uniform-distinct.grape.json","status":"PASS"}
{"delivered":"cross-stage-uniform-shared-reversed.grape.json","status":"PASS"}
{"independent":"old-exact-error-draft","status":"PASS"}
{"independent":"new-exact-positive-legacy","status":"PASS"}
{"negative":"duplicate-pin","status":"PASS"}
{"negative":"undeclared-pin","status":"PASS"}
{"negative":"missing-owner","status":"PASS"}
{"negative":"missing-mode","status":"PASS"}
{"negative":"unknown-mode","status":"PASS"}
{"negative":"missing-dependency","status":"PASS"}
