production/evidence/coordinator/s05/owner-review-legacy-import-01/dispatch-parent-intent-01.json:1: trailing whitespace.
+{
production/evidence/coordinator/s05/owner-review-legacy-import-01/dispatch-parent-intent-01.json:2: trailing whitespace.
+  "packetType": "PARENT_OWNER_DEFECT_REPAIR_DISPATCH_INTENT",
production/evidence/coordinator/s05/owner-review-legacy-import-01/dispatch-parent-intent-01.json:3: trailing whitespace.
+  "recordedAt": "2026-10-04T03:59:31.0711827Z",
production/evidence/coordinator/s05/owner-review-legacy-import-01/dispatch-parent-intent-01.json:4: trailing whitespace.
+  "actionKey": "yeataro/Grape:S05:repair:legacy-import:7590935:01",
production/evidence/coordinator/s05/owner-review-legacy-import-01/dispatch-parent-intent-01.json:5: trailing whitespace.
+  "attempt": 1,
production/evidence/coordinator/s05/owner-review-legacy-import-01/dispatch-parent-intent-01.json:6: trailing whitespace.
+  "retriesUsed": 0,
production/evidence/coordinator/s05/owner-review-legacy-import-01/dispatch-parent-intent-01.json:7: trailing whitespace.
+  "transport": "collaboration.followup_task",
production/evidence/coordinator/s05/owner-review-legacy-import-01/dispatch-parent-intent-01.json:8: trailing whitespace.
+  "targetAgent": "/root/s03_implementer_resume",
production/evidence/coordinator/s05/owner-review-legacy-import-01/dispatch-parent-intent-01.json:9: trailing whitespace.
+  "targetThreadId": "01a0fd8c-081e-7492-8f59-55159462e301",
production/evidence/coordinator/s05/owner-review-legacy-import-01/dispatch-parent-intent-01.json:10: trailing whitespace.
+  "targetDisplayTitle": "Grape S05 實作與維護",
production/evidence/coordinator/s05/owner-review-legacy-import-01/dispatch-parent-intent-01.json:11: trailing whitespace.
+  "observedStatus": "idle via read_thread and exact P STOP_WRITING result received",
production/evidence/coordinator/s05/owner-review-legacy-import-01/dispatch-parent-intent-01.json:12: trailing whitespace.
+  "packetFile": "production/evidence/coordinator/s05/owner-review-legacy-import-01/implementer-packet-01.json",
production/evidence/coordinator/s05/owner-review-legacy-import-01/dispatch-parent-intent-01.json:13: trailing whitespace.
+  "packetSha256": "b1d2e06e400f3e07c4e98cf1dc4e37e96a8d695c15b263042f566d6072ef080e",
production/evidence/coordinator/s05/owner-review-legacy-import-01/dispatch-parent-intent-01.json:14: trailing whitespace.
+  "currentExpectedHead": "7590935c0b11f351561c832adb19f03248c0517e",
production/evidence/coordinator/s05/owner-review-legacy-import-01/dispatch-parent-intent-01.json:15: trailing whitespace.
+  "priorI": "9230f9652c2affd4c20a7dda1033baaa0d61f7e1",
production/evidence/coordinator/s05/owner-review-legacy-import-01/dispatch-parent-intent-01.json:16: trailing whitespace.
+  "priorR": "4df5492d4283c2fac7005fc583760ebe143f13bd",
production/evidence/coordinator/s05/owner-review-legacy-import-01/dispatch-parent-intent-01.json:17: trailing whitespace.
+  "inputHashesVerified": 14,
production/evidence/coordinator/s05/owner-review-legacy-import-01/dispatch-parent-intent-01.json:18: trailing whitespace.
+  "existingActionRecords": [
production/evidence/coordinator/s05/owner-review-legacy-import-01/dispatch-parent-intent-01.json:19: trailing whitespace.
+    "production/evidence/coordinator/s05\\owner-review-legacy-import-01\\implementer-packet-01.json",
production/evidence/coordinator/s05/owner-review-legacy-import-01/dispatch-parent-intent-01.json:20: trailing whitespace.
+    "production/evidence/coordinator/s05\\owner-review-legacy-import-01\\dispatch-intent-01.json"
production/evidence/coordinator/s05/owner-review-legacy-import-01/dispatch-parent-intent-01.json:21: trailing whitespace.
+  ],
production/evidence/coordinator/s05/owner-review-legacy-import-01/dispatch-parent-intent-01.json:22: trailing whitespace.
+  "duplicateDisposition": "Only prepared Coordinator intent and packet; no execution result or repair output",
production/evidence/coordinator/s05/owner-review-legacy-import-01/dispatch-parent-intent-01.json:23: trailing whitespace.
+  "findingGroup": "S05-FG-LEGACY-IMPORT-01",
production/evidence/coordinator/s05/owner-review-legacy-import-01/dispatch-parent-intent-01.json:24: trailing whitespace.
+  "findingIds": [
production/evidence/coordinator/s05/owner-review-legacy-import-01/dispatch-parent-intent-01.json:25: trailing whitespace.
+    "S05-OWNER-001"
production/evidence/coordinator/s05/owner-review-legacy-import-01/dispatch-parent-intent-01.json:26: trailing whitespace.
+  ],
production/evidence/coordinator/s05/owner-review-legacy-import-01/dispatch-parent-intent-01.json:27: trailing whitespace.
+  "findingCounters": {
production/evidence/coordinator/s05/owner-review-legacy-import-01/dispatch-parent-intent-01.json:28: trailing whitespace.
+    "attempt": 1,
production/evidence/coordinator/s05/owner-review-legacy-import-01/dispatch-parent-intent-01.json:29: trailing whitespace.
+    "retriesUsed": 0,
production/evidence/coordinator/s05/owner-review-legacy-import-01/dispatch-parent-intent-01.json:30: trailing whitespace.
+    "repairAttempt": 1,
production/evidence/coordinator/s05/owner-review-legacy-import-01/dispatch-parent-intent-01.json:31: trailing whitespace.
+    "unsuccessfulRepairReviewRounds": 0,
production/evidence/coordinator/s05/owner-review-legacy-import-01/dispatch-parent-intent-01.json:32: trailing whitespace.
+    "priorResourceFindingGroup": "S05-FG-RESOURCE-01 retained separately with initialFailure1 repairAttempt1 reviewRound2 PASS",
production/evidence/coordinator/s05/owner-review-legacy-import-01/dispatch-parent-intent-01.json:33: trailing whitespace.
+    "newGroupReason": "First owner-reported legacy document import/upgrade failure, separate from linked-program Uniform identity defect; same underlying import issue retains this group across diagnosis and retries."
production/evidence/coordinator/s05/owner-review-legacy-import-01/dispatch-parent-intent-01.json:34: trailing whitespace.
+  },
production/evidence/coordinator/s05/owner-review-legacy-import-01/dispatch-parent-intent-01.json:35: trailing whitespace.
+  "untrackedPreserved": [
production/evidence/coordinator/s05/owner-review-legacy-import-01/dispatch-parent-intent-01.json:36: trailing whitespace.
+    "production/debug.log",
production/evidence/coordinator/s05/owner-review-legacy-import-01/dispatch-parent-intent-01.json:37: trailing whitespace.
+    "production/tools/evidence/",
production/evidence/coordinator/s05/owner-review-legacy-import-01/dispatch-parent-intent-01.json:38: trailing whitespace.
+    "references/",
production/evidence/coordinator/s05/owner-review-legacy-import-01/dispatch-parent-intent-01.json:39: trailing whitespace.
+    "production/evidence/coordinator/s05/owner-review-legacy-import-01/"
production/evidence/coordinator/s05/owner-review-legacy-import-01/dispatch-parent-intent-01.json:40: trailing whitespace.
+  ],
production/evidence/coordinator/s05/owner-review-legacy-import-01/dispatch-parent-intent-01.json:41: trailing whitespace.
+  "parentScope": "Transport and these append-only receipts only",
production/evidence/coordinator/s05/owner-review-legacy-import-01/dispatch-parent-intent-01.json:42: trailing whitespace.
+  "service4193": "Do not modify",
production/evidence/coordinator/s05/owner-review-legacy-import-01/dispatch-parent-intent-01.json:43: trailing whitespace.
+  "humanAcceptance": "NOT_GRANTED"
production/evidence/coordinator/s05/owner-review-legacy-import-01/dispatch-parent-intent-01.json:44: trailing whitespace.
+}
production/evidence/coordinator/s05/owner-review-legacy-import-01/dispatch-parent-result-01.json:1: trailing whitespace.
+{
production/evidence/coordinator/s05/owner-review-legacy-import-01/dispatch-parent-result-01.json:2: trailing whitespace.
+  "packetType": "PARENT_OWNER_DEFECT_REPAIR_DISPATCH_RESULT",
production/evidence/coordinator/s05/owner-review-legacy-import-01/dispatch-parent-result-01.json:3: trailing whitespace.
+  "recordedAt": "2026-10-04T04:00:03.3650498Z",
production/evidence/coordinator/s05/owner-review-legacy-import-01/dispatch-parent-result-01.json:4: trailing whitespace.
+  "actionKey": "yeataro/Grape:S05:repair:legacy-import:7590935:01",
production/evidence/coordinator/s05/owner-review-legacy-import-01/dispatch-parent-result-01.json:5: trailing whitespace.
+  "attempt": 1,
production/evidence/coordinator/s05/owner-review-legacy-import-01/dispatch-parent-result-01.json:6: trailing whitespace.
+  "retriesUsed": 0,
production/evidence/coordinator/s05/owner-review-legacy-import-01/dispatch-parent-result-01.json:7: trailing whitespace.
+  "transport": "collaboration.followup_task",
production/evidence/coordinator/s05/owner-review-legacy-import-01/dispatch-parent-result-01.json:8: trailing whitespace.
+  "callCount": 1,
production/evidence/coordinator/s05/owner-review-legacy-import-01/dispatch-parent-result-01.json:9: trailing whitespace.
+  "callOutcome": "Returned without error or text payload",
production/evidence/coordinator/s05/owner-review-legacy-import-01/dispatch-parent-result-01.json:10: trailing whitespace.
+  "targetAgent": "/root/s03_implementer_resume",
production/evidence/coordinator/s05/owner-review-legacy-import-01/dispatch-parent-result-01.json:11: trailing whitespace.
+  "targetThreadId": "01a0fd8c-081e-7492-8f59-55159462e301",
production/evidence/coordinator/s05/owner-review-legacy-import-01/dispatch-parent-result-01.json:12: trailing whitespace.
+  "targetDisplayTitle": "Grape S05 實作與維護",
production/evidence/coordinator/s05/owner-review-legacy-import-01/dispatch-parent-result-01.json:13: trailing whitespace.
+  "packetId": "S05-REPAIR-OWNER-LEGACY-IMPORT-01",
production/evidence/coordinator/s05/owner-review-legacy-import-01/dispatch-parent-result-01.json:14: trailing whitespace.
+  "packetSha256": "b1d2e06e400f3e07c4e98cf1dc4e37e96a8d695c15b263042f566d6072ef080e",
production/evidence/coordinator/s05/owner-review-legacy-import-01/dispatch-parent-result-01.json:15: trailing whitespace.
+  "intentRef": {
production/evidence/coordinator/s05/owner-review-legacy-import-01/dispatch-parent-result-01.json:16: trailing whitespace.
+    "file": "production/evidence/coordinator/s05/owner-review-legacy-import-01/dispatch-parent-intent-01.json",
production/evidence/coordinator/s05/owner-review-legacy-import-01/dispatch-parent-result-01.json:17: trailing whitespace.
+    "sha256": "832f1bb6cc83a1919c098f03dd99b5b2d4c1dcf849b9a4ed059c3119f9abad0c"
production/evidence/coordinator/s05/owner-review-legacy-import-01/dispatch-parent-result-01.json:18: trailing whitespace.
+  },
production/evidence/coordinator/s05/owner-review-legacy-import-01/dispatch-parent-result-01.json:19: trailing whitespace.
+  "status": "DISPATCHED_RUNNING",
production/evidence/coordinator/s05/owner-review-legacy-import-01/dispatch-parent-result-01.json:20: trailing whitespace.
+  "subsequentObservation": {
production/evidence/coordinator/s05/owner-review-legacy-import-01/dispatch-parent-result-01.json:21: trailing whitespace.
+    "sameOriginalAgent": true,
production/evidence/coordinator/s05/owner-review-legacy-import-01/dispatch-parent-result-01.json:22: trailing whitespace.
+    "tool": "collaboration.list_agents",
production/evidence/coordinator/s05/owner-review-legacy-import-01/dispatch-parent-result-01.json:23: trailing whitespace.
+    "agentStatus": "running"
production/evidence/coordinator/s05/owner-review-legacy-import-01/dispatch-parent-result-01.json:24: trailing whitespace.
+  },
production/evidence/coordinator/s05/owner-review-legacy-import-01/dispatch-parent-result-01.json:25: trailing whitespace.
+  "findingGroup": "S05-FG-LEGACY-IMPORT-01",
production/evidence/coordinator/s05/owner-review-legacy-import-01/dispatch-parent-result-01.json:26: trailing whitespace.
+  "findingId": "S05-OWNER-001",
production/evidence/coordinator/s05/owner-review-legacy-import-01/dispatch-parent-result-01.json:27: trailing whitespace.
+  "repairOutcome": "Pending isolated reproduction, bounded repair and exact new I/R independent re-review; dispatch is not completion",
production/evidence/coordinator/s05/owner-review-legacy-import-01/dispatch-parent-result-01.json:28: trailing whitespace.
+  "priorUniformCounters": "Retained unchanged",
production/evidence/coordinator/s05/owner-review-legacy-import-01/dispatch-parent-result-01.json:29: trailing whitespace.
+  "humanAcceptance": "NOT_GRANTED",
production/evidence/coordinator/s05/owner-review-legacy-import-01/dispatch-parent-result-01.json:30: trailing whitespace.
+  "parentProductOrStateWrites": false,
production/evidence/coordinator/s05/owner-review-legacy-import-01/dispatch-parent-result-01.json:31: trailing whitespace.
+  "newWriterCreated": false,
production/evidence/coordinator/s05/owner-review-legacy-import-01/dispatch-parent-result-01.json:32: trailing whitespace.
+  "serviceChanges": false,
production/evidence/coordinator/s05/owner-review-legacy-import-01/dispatch-parent-result-01.json:33: trailing whitespace.
+  "remoteWrites": false
production/evidence/coordinator/s05/owner-review-legacy-import-01/dispatch-parent-result-01.json:34: trailing whitespace.
+}
