{
  "samples": 14,
  "entries": [
    {
      "file": "shared-expand.grape.json",
      "sha256": "71912170544675c6fe6a4266b9b16905807ce7f920105b0ce6f0ae6b0bb29ff9",
      "bytes": 19018,
      "kind": "document",
      "purpose": "shared-expand",
      "generation": "success",
      "diagnostics": [],
      "publicReview": "DOCUMENT_VALID"
    },
    {
      "file": "shared-function.grape.json",
      "sha256": "f4cd1a04fd3a28ad0695ea49d4f99a4c164627a59c2aef1df47f5afef3a5bf7b",
      "bytes": 19020,
      "kind": "document",
      "purpose": "shared-function",
      "generation": "success",
      "diagnostics": [],
      "publicReview": "DOCUMENT_VALID"
    },
    {
      "file": "shared-function.personal.json",
      "sha256": "b5c40f599a6015eeb695187342b82d4bf2180ea266ba8b6684319bab95d31438",
      "bytes": 8446,
      "kind": "Personal",
      "contentHash": "d97ccaab907e0a07eef8f88a42f3f2062e964a49eeb915341c5b12795e3f4a27",
      "purpose": "Import through Personal files, select and insert; function mode and exact dependency closure retained."
    },
    {
      "file": "nested-function.grape.json",
      "sha256": "606f16e8de380b5355a8498e73f106a5feb17e933ebc1b394383e9c685f9b48c",
      "bytes": 26428,
      "kind": "document",
      "purpose": "nested-function",
      "generation": "success",
      "diagnostics": [],
      "publicReview": "DOCUMENT_VALID"
    },
    {
      "file": "uniform-function.grape.json",
      "sha256": "f32a5e71739a24a03a88fa92e0374d44eb75933523b5da2701a399d1588d7fe9",
      "bytes": 21233,
      "kind": "document",
      "purpose": "uniform-function",
      "generation": "success",
      "diagnostics": [],
      "publicReview": "DOCUMENT_VALID"
    },
    {
      "file": "constant-detach.grape.json",
      "sha256": "a056b93e4daa33e22116e3f1753ccd5fe05f58102680f07629bbaa32755be568",
      "bytes": 20676,
      "kind": "document",
      "purpose": "constant-detach",
      "generation": "success",
      "diagnostics": [],
      "publicReview": "DOCUMENT_VALID"
    },
    {
      "file": "activation-rejected.grape.json",
      "sha256": "0f565fa91cc91b8bee570487583815b08d6cca94bceb8cb274d0e84e4a3c7617",
      "bytes": 20782,
      "kind": "document",
      "purpose": "activation-rejected",
      "generation": "success",
      "diagnostics": [],
      "publicReview": "DOCUMENT_VALID"
    },
    {
      "file": "shape-array.grape.json",
      "sha256": "8d0f2c256f8869d5a9028ffe93a126acc9021916a3999b5571de8fec4b34c7c6",
      "bytes": 15813,
      "kind": "document",
      "purpose": "Fixed shape/nominal function parameter; numeric shader results are in browser evidence.",
      "generation": "success",
      "diagnostics": [],
      "publicReview": "DOCUMENT_VALID"
    },
    {
      "file": "shape-nominal.grape.json",
      "sha256": "de45a406976b76166b15a5a58955f7bc0c9add7daf1516d422479d51e007facc",
      "bytes": 12740,
      "kind": "document",
      "purpose": "Fixed shape/nominal function parameter; numeric shader results are in browser evidence.",
      "generation": "success",
      "diagnostics": [],
      "publicReview": "DOCUMENT_VALID"
    },
    {
      "file": "pixel-effects.grape.json",
      "sha256": "5834c1cf55a5b30534f7e0fa0a72e106f05daff600e0e59342cd60b2fbade6f0",
      "bytes": 19381,
      "kind": "document",
      "purpose": "Two outputs, one depth/discard evaluation per caller.",
      "generation": "success",
      "diagnostics": [],
      "publicReview": "DOCUMENT_VALID"
    },
    {
      "file": "vertex-pixel.grape.json",
      "sha256": "5c8f3a4e8b3be373422c7975926b5f251a6df5f365ff3d2c10f5031b33b2f644",
      "bytes": 15442,
      "kind": "document",
      "purpose": "Same function definition in independent vertex and pixel shaders.",
      "generation": "success",
      "diagnostics": [],
      "publicReview": "DOCUMENT_VALID"
    },
    {
      "file": "legacy-owner.grape.json",
      "sha256": "2bc735a55637ee42f7beeef7687a6e687fa62a8154dfc36cef3d4ebc152fbb86",
      "bytes": 10296,
      "kind": "document",
      "purpose": "Use explicit Upgrade subgraph owners; no silent old owner migration.",
      "generation": "success",
      "diagnostics": [],
      "publicReview": "DOCUMENT_VALID"
    },
    {
      "file": "cross-stage-uniform-distinct.grape.json",
      "sha256": "84717f32a54717e8911795f1f9ac4b8e1aab7a11a9be4fd2741265a0d0adae4e",
      "bytes": 19272,
      "kind": "document",
      "purpose": "Program-wide Uniform identity regression. Actual vertex transform feedback and active Uniform readback are in repair browser evidence; UI generation alone is not a numeric oracle.",
      "generation": "success",
      "diagnostics": [],
      "publicReview": "DOCUMENT_VALID"
    },
    {
      "file": "cross-stage-uniform-shared-reversed.grape.json",
      "sha256": "d69d9bb410c19f34b16321500144be58ce2c46ff4c0fcb2757157c7d0aa8a7b5",
      "bytes": 26340,
      "kind": "document",
      "purpose": "Program-wide Uniform identity regression. Actual vertex transform feedback and active Uniform readback are in repair browser evidence; UI generation alone is not a numeric oracle.",
      "generation": "success",
      "diagnostics": [],
      "publicReview": "DOCUMENT_VALID"
    }
  ]
}
(node:49688) ExperimentalWarning: Transform Types is an experimental feature and might change at any time
(Use `node --trace-warnings ...` to show where the warning was created)
