✔ AT-S01-05: document identity, complete content, new lifetime/empty history and semantic regeneration (11.1951ms)
✔ AT-S01-07: ACK of A never marks B saved, rejection and SAVE_BUSY retain baseline; download is separate (10.9959ms)
✔ old saved handle cannot attach to same persistent IDs after reload (4.5229ms)
✔ wire unknown structure, unsupported version/operation/tag, malformed known data precedence and original retention (2.7887ms)
✔ writer refuses executable/hidden values, sparse arrays, nonfinite numbers and altered prototypes without invoking getters (1.8058ms)
✔ missing exact module preserves opaque state and last port policy; loss payload is never activated (3.1763ms)
✔ forged stored conversion remains saveable but cannot generate (2.0756ms)
✔ prototype-named unknown structural keys and non-JSON whitespace are not silently accepted (2.0253ms)
✔ unrelated edits preserve forged connection evidence rather than silently repairing it (2.4388ms)
✔ pending storage open cannot replace a newer edit or document lifetime (2.5077ms)
✔ unrelated edits retain explicit invalid-edge evidence even when its stored plan is structurally valid (2.0977ms)
✔ S05-FR-001 complete program preserves distinct and reversed shared Uniform identity in all emission modes (496.5865ms)
✔ S05-FR-001 same-stage same resource type conflict fails without artifacts or Graph changes (14.5929ms)
✔ S05-FR-001 same-stage same resource default conflict fails without artifacts or Graph changes (13.3852ms)
✔ S05-FR-001 cross-stage same resource type conflict fails without artifacts or Graph changes (12.6553ms)
✔ S05-FR-001 cross-stage same resource default conflict fails without artifacts or Graph changes (13.6126ms)
✔ S05 AT03 source/literal shape extents stay fixed; input-bound scalar extent cannot specialize a function (82.4201ms)
✔ S05 AT04 pre-existing malformed constant edge and authored losses are preserved (17.9199ms)
✔ S05 AT04 AT05 unused shared dependent definitions localize and detach atomically with Redo exact (58.1467ms)
✔ S05 AT08 multioutput and unconsumed nested effects have one evaluation per occurrence and stage-local helpers (38.8029ms)
✔ S05 AT08 two live depth writer occurrences reject even when one helper body is deduplicated (20.7074ms)
✔ S05 AT01 definition default shared mode independent and no-op History (28.282ms)
✔ S05 AT02 one helper per definition and distinct caller arguments; nested helpers are dependency ordered (31.0059ms)
✔ S05 AT03 ordinary inputs are runtime even when all callers pass constants; dead constant uses reject atomically (23.6981ms)
✔ S05 AT03 Uniform parameter binding is runtime; ordinary connection rejects constant receiver without publication (15.6006ms)
✔ S05 AT04 AT05 transitive newly-invalid consumer edges detach once with losses, Undo/Redo and required error (27.1127ms)
✔ S05 AT06 function Personal roundtrip reuses mode, localizes once and preserves source bytes (70.5195ms)
✔ S05 AT06 DEC004 upgraded literal source input and nested Personal retain selected eligible modes through exchange (483.7539ms)
✔ S05 AT07 explicit owner upgrade preserves old pins/body/origin and unknown mode never defaults (9.7013ms)
✔ S05 AT09 later invalid edit and load retain function mode; diagnostic names shared definition and related calls (18.4025ms)
✔ S05 AT10 body/mode/profile changes create fresh artifacts and old snapshot is immutable (47.0685ms)
✔ S05 HTTP provider SHA256 canonical bytes known vectors and secure UUIDv4 fail-closed (39.8735ms)
ℹ tests 32
ℹ suites 0
ℹ pass 32
ℹ fail 0
ℹ cancelled 0
ℹ skipped 0
ℹ todo 0
ℹ duration_ms 1773.2468
(node:12892) ExperimentalWarning: Transform Types is an experimental feature and might change at any time
(Use `node --trace-warnings ...` to show where the warning was created)
