✖ production ownership manifest covers every source and rejects mutation/platform/extension violations (463.1298ms)
✔ S02 conformance: replacement uses one public Graph batch, isolates observers and retains two Context identities (13.5607ms)
✔ S02 conformance: direct replacement rejects model Error without modifying document/history (2.5675ms)
✔ M2: direct replacement atomically rejects malformed position component before publication (2.1049ms)
✔ M2: direct replacement atomically rejects malformed position length before publication (1.4631ms)
✔ M2: direct replacement atomically rejects duplicate recovery IDs before publication (1.8856ms)
✔ M2: direct replacement atomically rejects unknown envelope field before publication (1.546ms)
✔ M2: direct replacement atomically rejects unknown node field before publication (1.5123ms)
✔ M2: direct replacement atomically rejects unknown endpoint field before publication (1.6028ms)
✔ M2: catching invalid replacement cannot publish earlier edits in the same batch (1.618ms)
✔ M2: valid detached replacement publishes once and retains exact Undo/Redo content (3.1586ms)
✔ L10N exact owner, parent/default/inline fallback and plain interpolation leave model/history/generation unchanged (1.6845ms)
✔ L10N atomic duplicate/malformed rejection, revision CAS and immutable detached catalogs (0.3559ms)
✔ L10N observer errors/reentry are isolated, cleanup cancels later delivery, disposed service rejects (0.2331ms)
✔ PC authority: declaration is not grant; render/async/outside event denied, same mounted event succeeds (3.7957ms)
✔ PC gesture: origin guard, one operation, cross-Panel lease rejection and latest lease required (4.385ms)
✔ PC move/hide cancel pointer gesture and drain new leases before workspace action returns (8.1644ms)
✔ PC render failure cancels only unfinished operation after publication, with no reentrant mutation (2.6852ms)
✔ PC same ID reuse and old scope registrations remain revoked (1.8654ms)
✔ VM resources: cleanup in reverse order, failure isolation, stale async tickets, no render reentrancy (0.2601ms)
✔ two independently registered Panels and two Widget view shapes share lifecycle without feature dispatch (0.9558ms)
✔ VM mount/capture/update reentrancy revokes scope and preserves placeholder; explicit retry recovers (0.2812ms)
✔ VM subscription failure releases acquired subscriptions and cannot pretend to mount (0.1026ms)
✔ PC application denies every editing command while readonly or history busy; field binding invalidates (4.6725ms)
✔ AT-S01-01: Float × Multiply → Compose emits pinned host-free GLSL without mutation (3.2629ms)
✔ AT-S01-02: direction, cross-network, occupied input, cycle and type failures are atomic (2.1734ms)
✔ AT-S01-03: mode change captures complete prior ports, edge plans and loss; undo/redo and reload (6.1335ms)
✔ AT-S01-04: multi-batch operation, cancel/no-op redo, expired draft and async draft (4.8453ms)
✔ AT-S01-08: projection before observers, reentrant writes reject and throwing observer does not roll back (2.1162ms)
✔ AT-S01-06: contexts share model and clean selection before external observation (2.9206ms)
✔ scoped field token rejects value ABA, busy, connected and dead targets; unrelated movement preserves token (4.9908ms)
✔ all model errors including unused nodes block generation; fixed definitions and boundaries remain protected (2.0937ms)
✔ generation rejects missing/extra declared boundary output even when a module emits an incomplete map (1.7842ms)
✔ shared type environment rejects unknown identity and permits explicitly registered nominal types without changing core dispatch (0.4592ms)
✔ AT-S01-02: endpoints in two real Stage networks cannot be cross-connected (1.9415ms)
✔ unknown Stage slots block generation; duplicate slot identities reject before hydration (3.5861ms)
✔ M1 reviewer counterexample: float 1e21 generates a valid GLSL floating constant (1.8187ms)
✔ M1 reviewer counterexample: multiply 1e21 generates a valid GLSL floating constant (1.8416ms)
✔ M1 literal grammar and value roundtrip cover integers, decimals, signs and exponent-form values (0.2311ms)
✔ M1 all finite float32 exponent bins and representative mantissas have legal value-preserving literals (1.773ms)
✔ M1 admitted boundary/representative values remain editable and compile through both production literal paths (28.5838ms)
✔ AT-S01-05: document identity, complete content, new lifetime/empty history and semantic regeneration (2.7097ms)
✔ AT-S01-07: ACK of A never marks B saved, rejection and SAVE_BUSY retain baseline; download is separate (4.1594ms)
✔ old saved handle cannot attach to same persistent IDs after reload (2.347ms)
✔ wire unknown structure, unsupported version/operation/tag, malformed known data precedence and original retention (2.3595ms)
✔ writer refuses executable/hidden values, sparse arrays, nonfinite numbers and altered prototypes without invoking getters (1.9386ms)
✔ missing exact module preserves opaque state and last port policy; loss payload is never activated (3.7887ms)
✔ forged stored conversion remains saveable but cannot generate (2.6088ms)
✔ prototype-named unknown structural keys and non-JSON whitespace are not silently accepted (2.0142ms)
✔ unrelated edits preserve forged connection evidence rather than silently repairing it (2.0372ms)
✔ pending storage open cannot replace a newer edit or document lifetime (1.8711ms)
✔ unrelated edits retain explicit invalid-edge evidence even when its stored plan is structurally valid (1.9662ms)
✔ AT-S02-04 PNG: CRC oracle, roundtrip, repeated wrapping and unowned chunks preserve bytes (8.0272ms)
✔ AT-S02-04 PNG: malformed CRC, missing metadata, duplicate metadata, compression and malformed envelope are named rejections (3.8675ms)
✔ AT-S02-04 PNG: structural boundaries, file/chunk/metadata limits and invalid UTF-8 never decode pixels or compressed text (87.5189ms)
✔ AT-S02-04 PNG: ASCII/CJK/non-BMP budgets match text intake and preserve canonical graph (140.386ms)
✔ AT-S02-01: detached inspection/cancel/raw retention and one atomic replacement with Context continuity and Undo/Redo (6.7012ms)
✔ AT-S02-01: base revision, content, lifetime, readonly, busy and fabricated review fences (18.2582ms)
✔ AT-S02-01: invalid/future/duplicate IDs/unknown structure have explicit outcomes and never publish (7.7076ms)
✔ AT-S02-01: only explicit layout repair yields a candidate; unknown endpoints/references are never guessed (9.1665ms)
✔ AT-S02-01: mismatched exact pins cannot replace the destination; failed replacement is atomic (2.5232ms)
✔ AT-S02-02: missing exact module survives move/rename/save/reopen; exact restoration invokes codec and never substitutes latest (7.4963ms)
✔ AT-S02-03 boundary: foreign/legacy input is retained with explicit unresolved Gate, never implicit conversion or archive execution (0.6136ms)
✔ AT-S02-04: ASCII/CJK/non-BMP UTF-8 exact byte budget produces deterministic results without truncation (25.1248ms)
✔ AT-S02-04: network budgets, duplicate JSON keys, unknown nested structure and opaque fields are independently checked (12.4415ms)
✔ S03 Group17 retains a draft, compilation rejects per-direction limit, Undo restores original (49.4301ms)
✔ S03 64-definition destination rejects independence and imported 65th atomically (1098.9574ms)
✔ S03 nested nodes overflow rejects before paste publication (16.1481ms)
✔ S03 nested edges overflow rejects before paste publication (18.8387ms)
✔ S03 symbolic extents require int/uint sources, only outer dimension and pure compilation (4.1863ms)
✔ S03 New may retain a 257-node draft; generation and save reject it without losing the draft (100.6238ms)
✔ S03 partial frames stay outside clipboard; pasted relative positions retain a common offset (4.2877ms)
✔ S03 persisted nested source is preserved while new nested source admission remains rejected (5.5398ms)
✔ S03 scalar/vector/matrix sources transfer; composite source reuses only within its source lifetime (20.0195ms)
✔ S03 FR01 admitted nested Structure arrays fail ES300 profile without artifacts; one dimension succeeds (6.598ms)
✔ S03 FR02 independence remaps mixed parent and shared child owner references with Undo/Redo (42.7903ms)
✔ S03 FR02 independence remaps mixed parent and cloned child owner references with Undo/Redo (43.313ms)
✔ S03 FR02 incomplete shared-child node address rejects independence atomically (9.1489ms)
✔ S03 FR03 editing inner Structure validates dependent depth16 and preserves Redo on depth17 rejection (16.375ms)
✔ S03 FR03 affected dependent expansion and vector component budgets reject atomically (3.4071ms)
✔ S03 EG01 native array constructor2048, clipboard2048 boundary and same-load reuse (4.9254ms)
✔ S03 EG01 native array constructor2049, clipboard2048 boundary and same-load reuse (5.6079ms)
✔ S03 EG01 native array constructor4096, clipboard2048 boundary and same-load reuse (5.345ms)
✔ S03 EG01 native array constructor4097 rejects atomically (1.8855ms)
✔ S03 EG01 sampler clipboard path2048 admission (3.2167ms)
✔ S03 EG01 sampler clipboard path2049 admission (3.4555ms)
✔ S03 EG01 native arrays admit float/vec2/vec3/vec4 and remap symbolic length closure (19.7274ms)
✔ S03 EG01 native arrays reject matrix/nested/expressions and invalid length owner types (8.3635ms)
✔ S03 EG01 TOP declarations clone while source+origin slots reuse, defaults persist, and Undo/Redo/save preserve identity (13.2973ms)
✔ S03 EG01 specialization import allocates minimal vacant ID0,2 ->1 (4.5111ms)
✔ S03 EG01 unsupported target, unavailable owner and throwing owner reject without publication (5.3534ms)
✔ S03 EG01 numeric uniform scalar/vector/matrix transfer remains independent and generation is explicit unavailable (12.0215ms)
✔ S03 FR03 registered resource types cannot become Structure fields (1.8064ms)
✔ S03 EG01 exact provider/target ownership and imported descriptor failures stay atomic (4.4761ms)
✔ S03 EG01 round2 implicit constant array@["glsl.float",2] preserves same-load reuse and rejects real cross-Graph and fresh-load publication (9.3846ms)
✔ S03 EG01 round2 constant array@["glsl.float",2] preserves same-load reuse and rejects real cross-Graph and fresh-load publication (9.8263ms)
✔ S03 EG01 round2 uniform array@["glsl.float",2] preserves same-load reuse and rejects real cross-Graph and fresh-load publication (9.0385ms)
✔ S03 EG01 round2 implicit constant array@["glsl.vec2",2] preserves same-load reuse and rejects real cross-Graph and fresh-load publication (9.2969ms)
✔ S03 EG01 round2 constant array@["glsl.vec2",2] preserves same-load reuse and rejects real cross-Graph and fresh-load publication (9.0744ms)
✔ S03 EG01 round2 uniform array@["glsl.vec2",2] preserves same-load reuse and rejects real cross-Graph and fresh-load publication (9.2411ms)
✔ S03 EG01 round2 scalar/vector/matrix constants and uniforms still cross actual Graph and fresh load (48.8545ms)
✔ S03 custom declared/state closure same-Graph remaps identities only and Undo/Redo (7.1258ms)
✔ S03 custom declared/state closure cross-Graph remaps identities only and Undo/Redo (7.1143ms)
✔ S03 grouping an existing caller preserves child-owned frame node addresses (10.5089ms)
✔ S03 owner collect/remap throws and escaping/incomplete references reject atomically with Redo preserved (7.1372ms)
✔ S03 custom resources follow encapsulation and direct independence, ordinary dependencies remain shared (14.9213ms)
✔ S03 encapsulation deduplicates crossing interfaces, shared generation is pure, Undo restores all references (5.7792ms)
✔ S03 interface rename/reorder/type/removal reconciles every caller once and Undo restores values/invalid edges/loss (9.092ms)
✔ S03 nested resource callers including unused ancestors reconcile child interface (10.3428ms)
✔ S03 library position keeps identity, semantic edit forks target and library ancestors and local refs atomically (20.4221ms)
✔ S03 direct make independent clones direct definition, shares dependencies and remaps own boundary (16.7823ms)
✔ S03 same-load clipboard reuses current source; cross-graph remaps resources and preserves text (6.9092ms)
✔ S03 clipboard typed native symbolic array closure remaps only semantic references (4.6491ms)
✔ S03 late bad edge, escaping refs, forbidden source and missing closure reject without nodes/resources/history/notifications (5.49ms)
✔ S03 source selection stays outside encapsulation; boundary-only grouping is no-op and preserves redo (3.3708ms)
✔ S03 structure drafts retain stable fields, reject recursion and block deletion while referenced (2.0468ms)
✔ S03 contexts distinguish occurrences; nested scoped targets never revive after navigation and Undo (11.9778ms)
✔ S03 library snapshot position edit retains origin, first semantic edit forks and old source remains immutable (8.0334ms)
✔ S03 nested delete and required boundary protection use the canonical Graph (4.5086ms)
✔ S03 library ancestor traversal crosses local parents (25.9719ms)
✔ S03 spare-port creation and first edge are one Undo entry with stable keys (6.5339ms)
✔ S03 whole frames travel through grouping and cross-Graph clipboard with fresh identities (8.7457ms)
✔ S03 vector/matrix reshape retains override components and defaults follow interface defaults (5.6572ms)
✔ S03 malformed resource envelopes, missing boundaries and nominal conflicts reject atomically (6.6933ms)
✔ S03 source admission cannot be bypassed by nested add, grouping or pasted nodes (3.9414ms)
✔ S03 layout proposal rejects navigation ABA, semantic fork and Undo (8.0316ms)
✔ S03 clipboard rejects forged hydrated plans and invalid edge evidence (3.598ms)
✔ S03 empty library paste preserves origin, selection-independent History and Redo (6.0348ms)
✔ S03 packet-wide network identity collisions and malformed reused resource envelopes reject (4.9738ms)
✔ S03 source transfer uses actual load identity and reopened documents cannot forge same-load reuse (2.843ms)
✔ S03 structure emission is read-only, nominally declared once, field deletion preserves invalid edges and Undo (5.2002ms)
✔ S03 accepted paste requires a valid destination and direct whole frames survive clipboard (4.1108ms)
✔ S03 scoped parameters and proposals from identical persistent IDs expire across a new load (7.0959ms)
✔ S03 library grouping resolves the forked canonical network (6.7205ms)
✔ S03 local child semantic edit forks its library ancestor (16.7102ms)
✔ S03 explicit override equal to default survives interface defaults and save/reload (11.029ms)
✔ S03 direct independence preserves nonowned state, declared references and typed frame resources (13.491ms)
✔ S03 encapsulation rejects cross-scope node references despite matching local IDs (1.6506ms)
✔ S03 New creates Value vec4 passthrough; shared rename retains instance names and no-op keeps library identity (11.776ms)
✔ S03 explicit interface Add stops at16 per direction without erasing preserved oversized draft (12.0584ms)
✔ S03 structure authoring validates count, names, description, nested fixed arrays, recursion/depth and expansion (378.1706ms)
✔ S03 large external array declarations survive metadata edits; materialization remains bounded (3.2358ms)
✔ S03 type tokens retain eight dimensions and reject extra tuple fields (1.691ms)
✔ S03 disconnected output boundary follows shared output defaults (6.6371ms)
✔ S03 inline array construction and same-load reuse allow2049 elements; cross-Graph clipboard rejects composites (17.9306ms)
✔ S03 nested input link ABA invalidates old edit tokens without changing History on rejection (15.2568ms)
✔ S03 shared same-key type changes reject stale caller tokens and removed handles never revive (9.6977ms)
✔ S03 cross-Graph nominal closure remaps nested structures and Undo removes the full insertion (5.1337ms)
✔ S03 reusable definition cycles reject atomically including unused dependencies (10.0849ms)
✔ S04 Personal complete owner payload and typed references survive reuse fork and absent Library source (48.6677ms)
✔ S04 DEC004 same-name destination sources retain distinct identity and changed imported bindings regenerate (436.3728ms)
✔ S04 Personal malformed envelope checksum and unsupported owner reject before provider writes; list deduplicates renamed files (33.4829ms)
✔ S04 DEC002 one-source fanout does not mutate source or existing conversions and pad failures agree (20.9223ms)
✔ S04 Personal root owner remap and input-bound Independent retain complete typed scope (82.7796ms)
✔ S04 stored inherited v2 and pad plans retain complete extensions through Personal shared import and reopen (26.7057ms)
✔ S04 shipped basic Library snapshot compiles after semantic fork and Personal roundtrip (11.0557ms)
✔ S04 Personal canonical package preserves snapshots, same-version reuse, independent and collision-safe filenames (30.4793ms)
✔ S04 DEC002 all16 default float plans, version fences and current ImageOutput compile (1.2981ms)
✔ S04 AC001 additive envelope upgrade retains exact pins and inactive evidence, fences v2 under2.0 (1.1613ms)
✔ S04 DEC004 literal Personal typed closure survives canonical export import save reopen generation (30.3798ms)
✔ S04 DEC004 source Personal typed closure survives canonical export import save reopen generation (77.4475ms)
✔ S04 DEC004 direct-source Personal typed closure survives canonical export import save reopen generation (36.6759ms)
✔ S04 DEC004 input Personal typed closure survives canonical export import save reopen generation (76.033ms)
✔ S04 DEC004 input-bound length uses caller override and rejects conflicting caller sources (21.7144ms)
✔ S04 DEC004 nested shared input bindings remap through Personal and remain independent after semantic fork and reinsert (340.9966ms)
✔ S04 AC001 inactive owner network resources and unknown wrapper versions preserve the version fence (4.744ms)
✔ S04 DEC004 rejected literal/source/input/nested candidates are atomic through Application with valid checksums (192.4355ms)
✔ S04 Personal Library per-file isolation, safe names, duplicate-at-capacity and provider failures leave existing assets unchanged (34.2432ms)
✔ S04 AC001 unchanged accepted reader and exact old/new definition boundaries (2.693ms)
✔ S04 inherited v2 plans preserve extensions across hydration move clipboard nested and Personal (13.7287ms)
✔ S04 current exact source owner supports new image descriptors without retargeting legacy owner (0.8897ms)
✔ S04 DEC004 required int length input qualifies with an actual constant supply and changed caller defaults regenerate (91.9544ms)
✔ S05 drag repair root reads one fresh snapshot and retains immutable earlier projections (2.7111ms)
✔ S05 drag repair nested reads one fresh snapshot and retains immutable earlier projections (9.833ms)
✔ S05 drag repair preserves readonly and busy notification values while movement keeps field token (3.3771ms)
✔ S05 replacement eligibility keeps source validity separate and exact mismatch refusal atomic (13.1873ms)
✔ S05 matching replacement preserves Graph load and Context identity with one full-content Undo Redo (11.4695ms)
✔ S05 replacement eligibility and command retain stale cancelled invalid readonly and fabricated guards (26.5002ms)
✔ S05 model preflight and publication share exact kind and ordered-pin refusal without History (4.136ms)
✔ S05-FR-001 complete program preserves distinct and reversed shared Uniform identity in all emission modes (470.8239ms)
✔ S05-FR-001 same-stage same resource type conflict fails without artifacts or Graph changes (13.8098ms)
✔ S05-FR-001 same-stage same resource default conflict fails without artifacts or Graph changes (13.3417ms)
✔ S05-FR-001 cross-stage same resource type conflict fails without artifacts or Graph changes (13.1682ms)
✔ S05-FR-001 cross-stage same resource default conflict fails without artifacts or Graph changes (13.07ms)
✔ S05 fixed float: literals inside Function stay constant while formal and result are runtime (31.8264ms)
✔ S05 fixed float: defaults fixed schema every stage and mode with pure generation and roundtrip (222.7548ms)
✔ S05 fixed float: bad payloads unused errors atomic commands fixed source and constant distinction (3.5287ms)
✔ S05 fixed float: scoped two-context edits one Undo and stale token preserve History (6.1877ms)
✔ S05 fixed float: shared Function and Personal owner closure retain exact values (18.0594ms)
✔ S05 fixed vec2: literals inside Function stay constant while formal and result are runtime (30.5991ms)
✔ S05 fixed vec2: defaults fixed schema every stage and mode with pure generation and roundtrip (232.6482ms)
✔ S05 fixed vec2: bad payloads unused errors atomic commands fixed source and constant distinction (4.053ms)
✔ S05 fixed vec2: scoped two-context edits one Undo and stale token preserve History (6.0551ms)
✔ S05 fixed vec2: shared Function and Personal owner closure retain exact values (19.0444ms)
✔ S05 fixed vec3: literals inside Function stay constant while formal and result are runtime (32.4713ms)
✔ S05 fixed vec3: defaults fixed schema every stage and mode with pure generation and roundtrip (234.7659ms)
✔ S05 fixed vec3: bad payloads unused errors atomic commands fixed source and constant distinction (4.0177ms)
✔ S05 fixed vec3: scoped two-context edits one Undo and stale token preserve History (6.7488ms)
✔ S05 fixed vec3: shared Function and Personal owner closure retain exact values (19.6691ms)
✔ S05 fixed color: literals inside Function stay constant while formal and result are runtime (33.1964ms)
✔ S05 fixed color: defaults fixed schema every stage and mode with pure generation and roundtrip (249.7646ms)
✔ S05 fixed color: bad payloads unused errors atomic commands fixed source and constant distinction (4.544ms)
✔ S05 fixed color: scoped two-context edits one Undo and stale token preserve History (7.0198ms)
✔ S05 fixed color: shared Function and Personal owner closure retain exact values (20.4143ms)
✔ S05 AT03 source/literal shape extents stay fixed; input-bound scalar extent cannot specialize a function (78.3915ms)
✔ S05 AT04 pre-existing malformed constant edge and authored losses are preserved (14.9104ms)
✔ S05 AT04 AT05 unused shared dependent definitions localize and detach atomically with Redo exact (56.4548ms)
✔ S05 AT08 multioutput and unconsumed nested effects have one evaluation per occurrence and stage-local helpers (37.8513ms)
✔ S05 AT08 two live depth writer occurrences reject even when one helper body is deduplicated (16.886ms)
✔ S05 AT01 definition default shared mode independent and no-op History (24.8899ms)
✔ S05 AT02 one helper per definition and distinct caller arguments; nested helpers are dependency ordered (31.7985ms)
✔ S05 AT03 ordinary inputs are runtime even when all callers pass constants; dead constant uses reject atomically (22.8679ms)
✔ S05 AT03 Uniform parameter binding is runtime; ordinary connection rejects constant receiver without publication (15.0672ms)
✔ S05 AT04 AT05 transitive newly-invalid consumer edges detach once with losses, Undo/Redo and required error (25.4474ms)
✔ S05 AT06 function Personal roundtrip reuses mode, localizes once and preserves source bytes (60.404ms)
✔ S05 AT06 DEC004 upgraded literal source input and nested Personal retain selected eligible modes through exchange (460.1054ms)
✔ S05 AT07 explicit owner upgrade preserves old pins/body/origin and unknown mode never defaults (7.495ms)
✔ S05 AT09 later invalid edit and load retain function mode; diagnostic names shared definition and related calls (16.1469ms)
✔ S05 AT10 body/mode/profile changes create fresh artifacts and old snapshot is immutable (44.5313ms)
✔ S05 HTTP provider SHA256 canonical bytes known vectors and secure UUIDv4 fail-closed (35.4434ms)
✔ S06 catalog is a detached read over exact document pins and current occurrence stage (3.2884ms)
✔ S06 source/name/category literal rank uses NFKC, aliases and all terms without regular expressions (2.5025ms)
✔ S06 stale creation proposals reject revision, navigation ABA, load and readonly without model or History writes (9.4071ms)
✔ S06 connected creation replaces an occupied exact input atomically and Undo restores it (18.5216ms)
✔ S06 query disposable IDs do not collide with admitted persistent IDs and consume no canonical identity (5.7793ms)
✔ S06 forged reference and mismatched matching-port proposals reject before any model publication (39.4252ms)
✔ S06 reference catalog excludes nested source admission without publishing query changes (18.7691ms)
✔ S06 configured Compose preview and published schema/edge agree in one transaction and one Undo/Redo (60.4579ms)
✔ S06 configured creation rejects invalid missing and non-choice parameters atomically preserving Redo and expired Draft (2.3854ms)
✔ S06 configured creation preserves library fork/reference atomicity and rolls back a rejected choice (6.057ms)
✔ S06 configured creation keeps initializer descriptor, owner codec and reference validation before publication (2.4738ms)
✔ S06 configured creation followed by failed connection rolls back the full batch (0.6135ms)
✔ M1: missing-module boundary x rename rejects save before ACK without data loss (16.0263ms)
✔ M1: missing-module boundary 中 rename rejects save before ACK without data loss (12.413ms)
✔ M1: missing-module boundary 🍇 rename rejects save before ACK without data loss (17.3518ms)
✔ M1: compact fallback validates actual emitted bytes at and beyond the budget (9.2253ms)
✔ M1: nodes at/beyond network limit obey save/reopen invariant (18.7158ms)
✔ M1: edges at/beyond network limit obey save/reopen invariant (34.9084ms)
✔ M1: editing beyond network capacity cannot acknowledge a save or erase the previous saved document (83.8393ms)
ℹ tests 239
ℹ suites 0
ℹ pass 238
ℹ fail 1
ℹ cancelled 0
ℹ skipped 0
ℹ todo 0
ℹ duration_ms 8312.7799

✖ failing tests:

test at tests\conformance\boundaries.test.ts:5:1
✖ production ownership manifest covers every source and rejects mutation/platform/extension violations (463.1298ms)
  AssertionError [ERR_ASSERTION]: Expected values to be strictly equal:
  
  'FAIL' !== 'PASS'
  
      at TestContext.<anonymous> (C:\Users\user\source\Grape\production\tests\conformance\boundaries.test.ts:15:12)
      at async Test.run (node:internal/test_runner/test:1116:7)
      at async startSubtestAfterBootstrap (node:internal/test_runner/harness:358:3) {
    generatedMessage: true,
    code: 'ERR_ASSERTION',
    actual: 'FAIL',
    expected: 'PASS',
    operator: 'strictEqual',
    diff: 'simple'
  }
(node:57520) ExperimentalWarning: Transform Types is an experimental feature and might change at any time
(Use `node --trace-warnings ...` to show where the warning was created)
