
Running 88 tests using 1 worker

(node:11104) Warning: The 'NO_COLOR' env is ignored due to the 'FORCE_COLOR' env being set.
(Use `node --trace-warnings ...` to show where the warning was created)
  ok  1 [chromium] › ..\runtime\production\tests\browser\s01.spec.ts:31:1 › AT-S01-01 browser: user creates connected shader, edits and sees generated GLSL (1.3s)
  ok  2 [chromium] › ..\runtime\production\tests\browser\s01.spec.ts:57:1 › AT-S01-03 browser: dynamic shape errors are visible, Undo restores and Redo repeats (1.2s)
  ok  3 [chromium] › ..\runtime\production\tests\browser\s01.spec.ts:86:1 › AT-S01-05 browser: IndexedDB ACK save/reopen and independent JSON download/file open (1.4s)
  ok  4 [chromium] › ..\runtime\production\tests\browser\s01.spec.ts:118:1 › AT-S01-02 browser: occupied and incompatible connections preserve wires and revision (1.1s)
  ok  5 [chromium] › ..\runtime\production\tests\browser\s01.spec.ts:143:1 › AT-S01-04 browser: draft cancel, IME guard, keyboard commit, pointer gesture Undo and cancel (791ms)
  ok  6 [chromium] › ..\runtime\production\tests\browser\s01.spec.ts:185:1 › AT-S01-06 browser: two Canvas contexts keep independent selections and camera while sharing edits (929ms)
  ok  7 [chromium] › ..\runtime\production\tests\browser\s01.spec.ts:244:1 › AT-S01-07 browser: delayed storage completion cannot clear a newer edit; rejection and export preserve dirty (614ms)
  ok  8 [chromium] › ..\runtime\production\tests\browser\s01.spec.ts:292:1 › recovery browser: future structural document stays read-only and original can be exported (436ms)
  ok  9 [chromium] › ..\runtime\production\tests\browser\s01.spec.ts:319:1 › readonly browser: fields, actions and keyboard cannot edit; unlocking restores the same value (549ms)
  ok 10 [chromium] › ..\runtime\production\tests\browser\s01.spec.ts:341:1 › diagnostics locate the affected node through the active Context without adding History (1.0s)
  ok 11 [chromium] › ..\runtime\production\tests\browser\s01.spec.ts:365:1 › invalid UTF-8 recovery retains original bytes; closing recovery and cancelling open preserve the graph (509ms)
  ok 12 [chromium] › ..\runtime\production\tests\browser\s01.spec.ts:391:1 › view failure shows shared retry placeholder and releases the failed mount (527ms)
  ok 13 [chromium] › ..\runtime\production\tests\browser\s01.spec.ts:425:1 › keyboard node selection and connection buttons preserve focus; wires meet sockets after fractional zoom (1.1s)
  ok 14 [chromium] › ..\runtime\production\tests\browser\s01.spec.ts:459:1 › error-bearing dynamic document saves and reopens with loss evidence and generation still blocked (1.5s)
  ok 15 [chromium] › ..\runtime\production\tests\browser\s01.spec.ts:500:3 › M1 browser: Float 1e21 commits and generates a valid exponent literal (1.1s)
  ok 16 [chromium] › ..\runtime\production\tests\browser\s01.spec.ts:500:3 › M1 browser: Multiply 1e21 commits and generates a valid exponent literal (1.1s)
  ok 17 [chromium] › ..\runtime\production\tests\browser\s01.spec.ts:535:1 › N1 browser: middle/right movement cannot edit nodes; primary drag still groups into one Undo (909ms)
  ok 18 [chromium] › ..\runtime\production\tests\browser\s05-escape-focus.spec.ts:8:5 › S05 natural Escape cancels direct without Export drag with no History entry (1.1s)
  ok 19 [chromium] › ..\runtime\production\tests\browser\s05-escape-focus.spec.ts:8:5 › S05 natural Escape cancels direct after Export drag with no History entry (1.5s)
  ok 20 [chromium] › ..\runtime\production\tests\browser\s05-escape-focus.spec.ts:8:5 › S05 natural Escape cancels wrapper without Export drag with no History entry (1.2s)
  ok 21 [chromium] › ..\runtime\production\tests\browser\s05-escape-focus.spec.ts:8:5 › S05 natural Escape cancels wrapper after Export drag with no History entry (1.6s)
  ok 22 [chromium] › ..\runtime\production\tests\browser\s06-brand-info.spec.ts:5:3 › S06 brand identity and updates stay in one header at 620 (345ms)
  ok 23 [chromium] › ..\runtime\production\tests\browser\s06-brand-info.spec.ts:5:3 › S06 brand identity and updates stay in one header at 1440 (337ms)
  ok 24 [chromium] › ..\runtime\production\tests\browser\s06-connection-view.spec.ts:62:3 › S06 connection notice compact geometry 1280 and successful inverse routes one Undo (1.1s)
  ok 25 [chromium] › ..\runtime\production\tests\browser\s06-connection-view.spec.ts:62:3 › S06 connection notice compact geometry 1440 and successful inverse routes one Undo (1.2s)
  ok 26 [chromium] › ..\runtime\production\tests\browser\s06-connection-view.spec.ts:62:3 › S06 connection notice compact geometry 620 and successful inverse routes one Undo (1.1s)
  ok 27 [chromium] › ..\runtime\production\tests\browser\s06-connection-view.spec.ts:104:3 › S06 selection geometry remains fixed at zoom 1 (793ms)
  ok 28 [chromium] › ..\runtime\production\tests\browser\s06-connection-view.spec.ts:104:3 › S06 selection geometry remains fixed at zoom 1.2 (789ms)
  ok 29 [chromium] › ..\runtime\production\tests\browser\s06-connection-view.spec.ts:136:1 › S06 PORT_TARGET and same-direction refusal remain visible until matching recovery; compiler error stays (1.3s)
  ok 30 [chromium] › ..\runtime\production\tests\browser\s06-connection-view.spec.ts:174:3 › S06 temporary output wire follows pointer and zoom without touching real edges (912ms)
  ok 31 [chromium] › ..\runtime\production\tests\browser\s06-connection-view.spec.ts:174:3 › S06 temporary input wire follows pointer and zoom without touching real edges (925ms)
  ok 32 [chromium] › ..\runtime\production\tests\browser\s06-connection-view.spec.ts:233:1 › S06 connection cancellation stale scope readonly and two Canvas status stay independent (1.9s)
  ok 33 [chromium] › ..\runtime\production\tests\browser\s06-connection-view.spec.ts:290:1 › S06 catalog pointer hover follows row while keyboard selection and Browse inspect remain view only (605ms)
  ok 34 [chromium] › ..\runtime\production\tests\browser\s06-connection-view.spec.ts:318:1 › S06 public port drag both directions commits once and cancelled held release adds no History (2.0s)
  ok 35 [chromium] › ..\runtime\production\tests\browser\s06-connection-view.spec.ts:363:1 › S06 pending connection expires on shared revision and new load without stale endpoint reuse (842ms)
  ok 36 [chromium] › ..\runtime\production\tests\browser\s06-connection-view.spec.ts:393:1 › S06 subthreshold port release outside the button leaves no orphan wire or History (642ms)
  ok 37 [chromium] › ..\runtime\production\tests\browser\s06-creation.spec.ts:29:1 › S06 public wired Compose vec2 preview matches actual schema and identity edge with one Undo/Redo (1.2s)
  ok 38 [chromium] › ..\runtime\production\tests\browser\s06-creation.spec.ts:98:3 › S06 port context preview uses same-key direction and actual socket geometry at zoom 1 (1.0s)
  ok 39 [chromium] › ..\runtime\production\tests\browser\s06-creation.spec.ts:98:3 › S06 port context preview uses same-key direction and actual socket geometry at zoom 1.2 (1.0s)
  ok 40 [chromium] › ..\runtime\production\tests\browser\s06-creation.spec.ts:190:1 › S06 source and Project subgraph catalog reuse owner references with one History operation (1.4s)
  ok 41 [chromium] › ..\runtime\production\tests\browser\s06-creation.spec.ts:237:1 › S06 row drag accepts blank canvas once, rejects controls and other Canvas; browse double-click has one Undo (1.2s)
  ok 42 [chromium] › ..\runtime\production\tests\browser\s06-creation.spec.ts:275:1 › S06 creator move threshold, clamping, creation point and cancellations are view only (1.4s)
  ok 43 [chromium] › ..\runtime\production\tests\browser\s06-creation.spec.ts:320:1 › S06 keyboard and popup guards preserve field drafts, IME and contextual cancellation (633ms)
  ok 44 [chromium] › ..\runtime\production\tests\browser\s06-creation.spec.ts:349:1 › S06 touch emulation: blank double-tap, row inspect and plus drag insert once without a trailing click (1.0s)
  ok 45 [chromium] › ..\runtime\production\tests\browser\s06-creation.spec.ts:464:1 › S06 cross-Canvas drop and intervening shared revision cancel captured palette without mutation (980ms)
  ok 46 [chromium] › ..\runtime\production\tests\browser\s06-debug-hover-lifetime.spec.ts:5:1 › S06 diagnostic mount revoke hide move update and late callback cannot revive old object data (552ms)
  ok 47 [chromium] › ..\runtime\production\tests\browser\s06-debug-hover.spec.ts:57:1 › S06 normal debug normal checkbox preserves graph history selection and covers built-in objects (1.9s)
  ok 48 [chromium] › ..\runtime\production\tests\browser\s06-debug-hover.spec.ts:115:1 › S06 scalar and vector committed values stay distinct from unfinished drafts and IME guards (1.2s)
  ok 49 [chromium] › ..\runtime\production\tests\browser\s06-debug-hover.spec.ts:168:1 › S06 hover detail invalidation follows selection stage deletion Undo and same-ID reopen (1.1s)
  ok 50 [chromium] › ..\runtime\production\tests\browser\s06-debug-hover.spec.ts:213:1 › S06 pending connection and held gesture reject preference changes while readonly inspection remains (1.4s)
  ok 51 [chromium] › ..\runtime\production\tests\browser\s06-debug-hover.spec.ts:256:3 › S06 preference malformed visibly falls back without touching other keys (260ms)
  ok 52 [chromium] › ..\runtime\production\tests\browser\s06-debug-hover.spec.ts:256:3 › S06 preference denied visibly falls back without touching other keys (309ms)
  ok 53 [chromium] › ..\runtime\production\tests\browser\s06-debug-hover.spec.ts:256:3 › S06 preference read-denied visibly falls back without touching other keys (295ms)
  ok 54 [chromium] › ..\runtime\production\tests\browser\s06-debug-hover.spec.ts:311:1 › S06 diagnostic preference persists separately and rapid hover performs no per-move capture or serialization (2.1s)
  ok 55 [chromium] › ..\runtime\production\tests\browser\s06-debug-hover.spec.ts:354:1 › S06 keyboard details and bounded long owner data are readable without selection layout changes (1.1s)
  ok 56 [chromium] › ..\runtime\production\tests\browser\s06-debug-hover.spec.ts:404:1 › S06 another field draft cannot mask active composition when reading details (525ms)
  ok 57 [chromium] › ..\runtime\production\tests\browser\s06-debug-hover.spec.ts:439:1 › S06 saving blocks preference changes without discarding current document (750ms)
  ok 58 [chromium] › ..\runtime\production\tests\browser\s06-debug-hover.spec.ts:480:1 › S06 debug target follows nested occurrence and independent Canvas navigation (1.8s)
  ok 59 [chromium] › ..\runtime\production\tests\browser\s06-guards.spec.ts:14:1 › S06 advertised view and edit shortcuts preserve gesture, draft and History boundaries (1.3s)
  ok 60 [chromium] › ..\runtime\production\tests\browser\s06-guards.spec.ts:58:1 › S06 Canvas connection failure persists across movement and unrelated successful actions until matching recovery (890ms)
  ok 61 [chromium] › ..\runtime\production\tests\browser\s06-guards.spec.ts:79:1 › S06 category collapse survives query changes and whitespace uses the tree without a Graph edit (470ms)
  ok 62 [chromium] › ..\runtime\production\tests\browser\s06-guards.spec.ts:101:1 › S06 Personal search and inspect are readonly, malformed import survives unrelated success, and insert restores one Undo (1.7s)
  ok 63 [chromium] › ..\runtime\production\tests\browser\s06-guards.spec.ts:169:1 › S06 pending touch menu cancels on blur and second touch, while a completed blank hold is view only (2.7s)
  ok 64 [chromium] › ..\runtime\production\tests\browser\s06-guards.spec.ts:224:1 › S06 native field context menu remains unprevented and touch hold never opens an object menu from a control (1.1s)
  ok 65 [chromium] › ..\runtime\production\tests\browser\s06-guards.spec.ts:268:1 › S06 Personal late insertion and refresh results cannot close or overwrite a reopened dialog (449ms)
  ok 66 [chromium] › ..\runtime\production\tests\browser\s06-guards.spec.ts:354:1 › S06 competing touch cancels a primary node drag without a committed History entry (892ms)
  ok 67 [chromium] › ..\runtime\production\tests\browser\s06-help.spec.ts:68:3 › S06 Help natural outside-to-inside gesture preserves document and History (814ms)
  ok 68 [chromium] › ..\runtime\production\tests\browser\s06-help.spec.ts:68:3 › S06 Help natural inside-to-outside gesture preserves document and History (825ms)
  ok 69 [chromium] › ..\runtime\production\tests\browser\s06-help.spec.ts:68:3 › S06 Help natural outside-to-outside gesture preserves document and History (799ms)
  ok 70 [chromium] › ..\runtime\production\tests\browser\s06-help.spec.ts:103:3 › S06 Help pointercancel disarms incomplete backdrop gesture and allows a new click (415ms)
  ok 71 [chromium] › ..\runtime\production\tests\browser\s06-help.spec.ts:103:3 › S06 Help blur disarms incomplete backdrop gesture and allows a new click (417ms)
  ok 72 [chromium] › ..\runtime\production\tests\browser\s06-help.spec.ts:127:1 › S06 Help Escape Close and reopen consume old gestures and restore usable focus (433ms)
  ok 73 [chromium] › ..\runtime\production\tests\browser\s06-help.spec.ts:152:1 › S06 Help keyboard menu returns focus to Canvas and remains independent across two Canvas contexts (335ms)
  ok 74 [chromium] › ..\runtime\production\tests\browser\s06-help.spec.ts:190:1 › S06 Help readonly interaction and remounted document retain scoped lifetime (544ms)
  ok 75 [chromium] › ..\runtime\production\tests\browser\s06-status-pointer.spec.ts:34:34 › S06 complete persistent loss details have a keyboard read path at 620 (1.8s)
  ok 76 [chromium] › ..\runtime\production\tests\browser\s06-status-pointer.spec.ts:34:34 › S06 complete persistent loss details have a keyboard read path at 1440 (2.0s)
  ok 77 [chromium] › ..\runtime\production\tests\browser\s06-status-pointer.spec.ts:91:1 › S06 bottom application error summary opens complete current text without clearing or History (1.0s)
  ok 78 [chromium] › ..\runtime\production\tests\browser\s06-status-pointer.spec.ts:118:1 › S06 synthetic outside pointercancel is pointer-specific; click pending survives unpressed motion (715ms)
  ok 79 [chromium] › ..\runtime\production\tests\browser\s06-status-pointer.spec.ts:133:1 › S06 delayed matching storage recovery retires open error details with usable focus (538ms)
  ok 80 [chromium] › ..\runtime\production\tests\browser\s06-status-pointer.spec.ts:164:1 › S06 actual 3px uncaptured port release across Canvas Inspector retires wire and ring (1.1s)
  ok 81 [chromium] › ..\runtime\production\tests\browser\s06-status-pointer.spec.ts:182:39 › S06 trusted Enter socket activation waits for real pointer and preserves keyboard connection (1.1s)
  ok 82 [chromium] › ..\runtime\production\tests\browser\s06-status-pointer.spec.ts:182:39 › S06 trusted Space socket activation waits for real pointer and preserves keyboard connection (1.1s)
  ok 83 [chromium] › ..\runtime\production\tests\browser\s06-status-pointer.spec.ts:204:1 › S06 selection changes no body content field socket or wire geometry across pan and zoom (15.1s)
  ok 84 [chromium] › ..\runtime\production\tests\browser\s06-workspace.spec.ts:19:1 › S06 catalog literal normalized search, source/type filters, inspect and native text do not edit (553ms)
  ok 85 [chromium] › ..\runtime\production\tests\browser\s06-workspace.spec.ts:65:1 › S06 blank double-click and Tab create previews; movement is independent, cancel and stage change add no History (805ms)
  ok 86 [chromium] › ..\runtime\production\tests\browser\s06-workspace.spec.ts:103:1 › S06 wired creation is preview-only until snap placement and one Undo restores occupied input (1.2s)
  ok 87 [chromium] › ..\runtime\production\tests\browser\s06-workspace.spec.ts:160:1 › S06 help and context menu keyboard, readonly browsing and responsive original actions (953ms)
  ok 88 [chromium] › ..\runtime\production\tests\browser\s06-workspace.spec.ts:218:1 › S06 compile error survives unrelated successful Save and clears on matching successful Generate (537ms)

  88 passed (1.7m)
