✔ production ownership manifest covers every source and rejects mutation/platform/extension violations (1245.2656ms)
✔ S02 conformance: replacement uses one public Graph batch, isolates observers and retains two Context identities (16.6527ms)
✔ S02 conformance: direct replacement rejects model Error without modifying document/history (2.609ms)
✔ M2: direct replacement atomically rejects malformed position component before publication (2.0196ms)
✔ M2: direct replacement atomically rejects malformed position length before publication (1.5203ms)
✔ M2: direct replacement atomically rejects duplicate recovery IDs before publication (2.3955ms)
✔ M2: direct replacement atomically rejects unknown envelope field before publication (1.7241ms)
✔ M2: direct replacement atomically rejects unknown node field before publication (1.6036ms)
✔ M2: direct replacement atomically rejects unknown endpoint field before publication (1.7052ms)
✔ M2: catching invalid replacement cannot publish earlier edits in the same batch (1.6865ms)
✔ M2: valid detached replacement publishes once and retains exact Undo/Redo content (3.1659ms)
✔ L10N exact owner, parent/default/inline fallback and plain interpolation leave model/history/generation unchanged (1.7311ms)
✔ L10N atomic duplicate/malformed rejection, revision CAS and immutable detached catalogs (0.607ms)
✔ L10N observer errors/reentry are isolated, cleanup cancels later delivery, disposed service rejects (0.1692ms)
✔ PC authority: declaration is not grant; render/async/outside event denied, same mounted event succeeds (4.4721ms)
✔ PC gesture: origin guard, one operation, cross-Panel lease rejection and latest lease required (5.0463ms)
✔ PC move/hide cancel pointer gesture and drain new leases before workspace action returns (7.7325ms)
✔ PC render failure cancels only unfinished operation after publication, with no reentrant mutation (2.5537ms)
✔ PC same ID reuse and old scope registrations remain revoked (1.4437ms)
✔ VM resources: cleanup in reverse order, failure isolation, stale async tickets, no render reentrancy (0.2339ms)
✔ two independently registered Panels and two Widget view shapes share lifecycle without feature dispatch (0.89ms)
✔ VM mount/capture/update reentrancy revokes scope and preserves placeholder; explicit retry recovers (0.2299ms)
✔ VM subscription failure releases acquired subscriptions and cannot pretend to mount (0.1036ms)
✔ PC application denies every editing command while readonly or history busy; field binding invalidates (3.6666ms)
✔ S06 hover preference defaults false and changes only its explicit isolated key (0.2039ms)
✔ S06 malformed hover preference is honest default without rewriting any key (0.0967ms)
✔ S06 inaccessible or refused hover preference falls back to normal hints without clearing storage (0.0831ms)
✔ AT-S01-01: Float × Multiply → Compose emits pinned host-free GLSL without mutation (2.6011ms)
✔ AT-S01-02: direction, cross-network, occupied input, cycle and type failures are atomic (1.9049ms)
✔ AT-S01-03: mode change captures complete prior ports, edge plans and loss; undo/redo and reload (5.1308ms)
✔ AT-S01-04: multi-batch operation, cancel/no-op redo, expired draft and async draft (5.0099ms)
✔ AT-S01-08: projection before observers, reentrant writes reject and throwing observer does not roll back (2.3253ms)
✔ AT-S01-06: contexts share model and clean selection before external observation (2.6572ms)
✔ scoped field token rejects value ABA, busy, connected and dead targets; unrelated movement preserves token (4.128ms)
✔ all model errors including unused nodes block generation; fixed definitions and boundaries remain protected (2.5758ms)
✔ generation rejects missing/extra declared boundary output even when a module emits an incomplete map (2.5299ms)
✔ shared type environment rejects unknown identity and permits explicitly registered nominal types without changing core dispatch (0.564ms)
✔ AT-S01-02: endpoints in two real Stage networks cannot be cross-connected (2.9847ms)
✔ unknown Stage slots block generation; duplicate slot identities reject before hydration (5.0919ms)
✔ M1 reviewer counterexample: float 1e21 generates a valid GLSL floating constant (2.0571ms)
✔ M1 reviewer counterexample: multiply 1e21 generates a valid GLSL floating constant (2.0827ms)
✔ M1 literal grammar and value roundtrip cover integers, decimals, signs and exponent-form values (0.2318ms)
✔ M1 all finite float32 exponent bins and representative mantissas have legal value-preserving literals (1.7161ms)
✔ M1 admitted boundary/representative values remain editable and compile through both production literal paths (26.8184ms)
✔ AT-S01-05: document identity, complete content, new lifetime/empty history and semantic regeneration (2.3504ms)
✔ AT-S01-07: ACK of A never marks B saved, rejection and SAVE_BUSY retain baseline; download is separate (4.3991ms)
✔ old saved handle cannot attach to same persistent IDs after reload (2.9516ms)
✔ wire unknown structure, unsupported version/operation/tag, malformed known data precedence and original retention (2.64ms)
✔ writer refuses executable/hidden values, sparse arrays, nonfinite numbers and altered prototypes without invoking getters (1.7471ms)
✔ missing exact module preserves opaque state and last port policy; loss payload is never activated (2.8721ms)
✔ forged stored conversion remains saveable but cannot generate (2.0803ms)
✔ prototype-named unknown structural keys and non-JSON whitespace are not silently accepted (1.9053ms)
✔ unrelated edits preserve forged connection evidence rather than silently repairing it (2.0911ms)
✔ pending storage open cannot replace a newer edit or document lifetime (2.0177ms)
✔ unrelated edits retain explicit invalid-edge evidence even when its stored plan is structurally valid (2.7994ms)
✔ AT-S02-04 PNG: CRC oracle, roundtrip, repeated wrapping and unowned chunks preserve bytes (7.989ms)
✔ AT-S02-04 PNG: malformed CRC, missing metadata, duplicate metadata, compression and malformed envelope are named rejections (4.1225ms)
✔ AT-S02-04 PNG: structural boundaries, file/chunk/metadata limits and invalid UTF-8 never decode pixels or compressed text (81.2823ms)
✔ AT-S02-04 PNG: ASCII/CJK/non-BMP budgets match text intake and preserve canonical graph (133.1507ms)
✔ AT-S02-01: detached inspection/cancel/raw retention and one atomic replacement with Context continuity and Undo/Redo (6.9318ms)
✔ AT-S02-01: base revision, content, lifetime, readonly, busy and fabricated review fences (19.4214ms)
✔ AT-S02-01: invalid/future/duplicate IDs/unknown structure have explicit outcomes and never publish (11.1286ms)
✔ AT-S02-01: only explicit layout repair yields a candidate; unknown endpoints/references are never guessed (10.341ms)
✔ AT-S02-01: mismatched exact pins cannot replace the destination; failed replacement is atomic (2.8546ms)
✔ AT-S02-02: missing exact module survives move/rename/save/reopen; exact restoration invokes codec and never substitutes latest (8.1932ms)
✔ AT-S02-03 boundary: foreign/legacy input is retained with explicit unresolved Gate, never implicit conversion or archive execution (0.8669ms)
✔ AT-S02-04: ASCII/CJK/non-BMP UTF-8 exact byte budget produces deterministic results without truncation (26.032ms)
✔ AT-S02-04: network budgets, duplicate JSON keys, unknown nested structure and opaque fields are independently checked (13.9274ms)
✔ S03 Group17 retains a draft, compilation rejects per-direction limit, Undo restores original (55.7406ms)
✔ S03 64-definition destination rejects independence and imported 65th atomically (1132.6442ms)
✔ S03 nested nodes overflow rejects before paste publication (16.1644ms)
✔ S03 nested edges overflow rejects before paste publication (18.9074ms)
✔ S03 symbolic extents require int/uint sources, only outer dimension and pure compilation (5.1874ms)
✔ S03 New may retain a 257-node draft; generation and save reject it without losing the draft (105.3489ms)
✔ S03 partial frames stay outside clipboard; pasted relative positions retain a common offset (4.8276ms)
✔ S03 persisted nested source is preserved while new nested source admission remains rejected (5.2994ms)
✔ S03 scalar/vector/matrix sources transfer; composite source reuses only within its source lifetime (23.6914ms)
✔ S03 FR01 admitted nested Structure arrays fail ES300 profile without artifacts; one dimension succeeds (6.3549ms)
✔ S03 FR02 independence remaps mixed parent and shared child owner references with Undo/Redo (44.2701ms)
✔ S03 FR02 independence remaps mixed parent and cloned child owner references with Undo/Redo (45.6349ms)
✔ S03 FR02 incomplete shared-child node address rejects independence atomically (9.5554ms)
✔ S03 FR03 editing inner Structure validates dependent depth16 and preserves Redo on depth17 rejection (18.2663ms)
✔ S03 FR03 affected dependent expansion and vector component budgets reject atomically (3.3544ms)
✔ S03 EG01 native array constructor2048, clipboard2048 boundary and same-load reuse (7.1803ms)
✔ S03 EG01 native array constructor2049, clipboard2048 boundary and same-load reuse (7.0932ms)
✔ S03 EG01 native array constructor4096, clipboard2048 boundary and same-load reuse (6.0357ms)
✔ S03 EG01 native array constructor4097 rejects atomically (2.2194ms)
✔ S03 EG01 sampler clipboard path2048 admission (3.6867ms)
✔ S03 EG01 sampler clipboard path2049 admission (3.5228ms)
✔ S03 EG01 native arrays admit float/vec2/vec3/vec4 and remap symbolic length closure (19.2164ms)
✔ S03 EG01 native arrays reject matrix/nested/expressions and invalid length owner types (9.0816ms)
✔ S03 EG01 TOP declarations clone while source+origin slots reuse, defaults persist, and Undo/Redo/save preserve identity (15.3933ms)
✔ S03 EG01 specialization import allocates minimal vacant ID0,2 ->1 (4.9587ms)
✔ S03 EG01 unsupported target, unavailable owner and throwing owner reject without publication (5.4927ms)
✔ S03 EG01 numeric uniform scalar/vector/matrix transfer remains independent and generation is explicit unavailable (14.9995ms)
✔ S03 FR03 registered resource types cannot become Structure fields (2.554ms)
✔ S03 EG01 exact provider/target ownership and imported descriptor failures stay atomic (4.1572ms)
✔ S03 EG01 round2 implicit constant array@["glsl.float",2] preserves same-load reuse and rejects real cross-Graph and fresh-load publication (9.7428ms)
✔ S03 EG01 round2 constant array@["glsl.float",2] preserves same-load reuse and rejects real cross-Graph and fresh-load publication (9.5818ms)
✔ S03 EG01 round2 uniform array@["glsl.float",2] preserves same-load reuse and rejects real cross-Graph and fresh-load publication (9.9975ms)
✔ S03 EG01 round2 implicit constant array@["glsl.vec2",2] preserves same-load reuse and rejects real cross-Graph and fresh-load publication (10.9811ms)
✔ S03 EG01 round2 constant array@["glsl.vec2",2] preserves same-load reuse and rejects real cross-Graph and fresh-load publication (10.3769ms)
✔ S03 EG01 round2 uniform array@["glsl.vec2",2] preserves same-load reuse and rejects real cross-Graph and fresh-load publication (9.4669ms)
✔ S03 EG01 round2 scalar/vector/matrix constants and uniforms still cross actual Graph and fresh load (57.0929ms)
✔ S03 custom declared/state closure same-Graph remaps identities only and Undo/Redo (9.1776ms)
✔ S03 custom declared/state closure cross-Graph remaps identities only and Undo/Redo (7.6998ms)
✔ S03 grouping an existing caller preserves child-owned frame node addresses (12.1081ms)
✔ S03 owner collect/remap throws and escaping/incomplete references reject atomically with Redo preserved (10.0095ms)
✔ S03 custom resources follow encapsulation and direct independence, ordinary dependencies remain shared (21.6117ms)
✔ S03 encapsulation deduplicates crossing interfaces, shared generation is pure, Undo restores all references (6.7647ms)
✔ S03 interface rename/reorder/type/removal reconciles every caller once and Undo restores values/invalid edges/loss (11.3198ms)
✔ S03 nested resource callers including unused ancestors reconcile child interface (12.0264ms)
✔ S03 library position keeps identity, semantic edit forks target and library ancestors and local refs atomically (24.0966ms)
✔ S03 direct make independent clones direct definition, shares dependencies and remaps own boundary (21.6881ms)
✔ S03 same-load clipboard reuses current source; cross-graph remaps resources and preserves text (8.2999ms)
✔ S03 clipboard typed native symbolic array closure remaps only semantic references (7.5953ms)
✔ S03 late bad edge, escaping refs, forbidden source and missing closure reject without nodes/resources/history/notifications (6.1941ms)
✔ S03 source selection stays outside encapsulation; boundary-only grouping is no-op and preserves redo (4.6199ms)
✔ S03 structure drafts retain stable fields, reject recursion and block deletion while referenced (2.7368ms)
✔ S03 contexts distinguish occurrences; nested scoped targets never revive after navigation and Undo (17.2041ms)
✔ S03 library snapshot position edit retains origin, first semantic edit forks and old source remains immutable (9.9413ms)
✔ S03 nested delete and required boundary protection use the canonical Graph (6.6532ms)
✔ S03 library ancestor traversal crosses local parents (30.0693ms)
✔ S03 spare-port creation and first edge are one Undo entry with stable keys (7.9394ms)
✔ S03 whole frames travel through grouping and cross-Graph clipboard with fresh identities (11.6472ms)
✔ S03 vector/matrix reshape retains override components and defaults follow interface defaults (6.4535ms)
✔ S03 malformed resource envelopes, missing boundaries and nominal conflicts reject atomically (7.0969ms)
✔ S03 source admission cannot be bypassed by nested add, grouping or pasted nodes (4.112ms)
✔ S03 layout proposal rejects navigation ABA, semantic fork and Undo (9.3459ms)
✔ S03 clipboard rejects forged hydrated plans and invalid edge evidence (3.8775ms)
✔ S03 empty library paste preserves origin, selection-independent History and Redo (7.8228ms)
✔ S03 packet-wide network identity collisions and malformed reused resource envelopes reject (5.3424ms)
✔ S03 source transfer uses actual load identity and reopened documents cannot forge same-load reuse (2.7363ms)
✔ S03 structure emission is read-only, nominally declared once, field deletion preserves invalid edges and Undo (5.7406ms)
✔ S03 accepted paste requires a valid destination and direct whole frames survive clipboard (4.8644ms)
✔ S03 scoped parameters and proposals from identical persistent IDs expire across a new load (7.144ms)
✔ S03 library grouping resolves the forked canonical network (6.8468ms)
✔ S03 local child semantic edit forks its library ancestor (19.936ms)
✔ S03 explicit override equal to default survives interface defaults and save/reload (15.415ms)
✔ S03 direct independence preserves nonowned state, declared references and typed frame resources (16.8744ms)
✔ S03 encapsulation rejects cross-scope node references despite matching local IDs (2.0265ms)
✔ S03 New creates Value vec4 passthrough; shared rename retains instance names and no-op keeps library identity (17.9235ms)
✔ S03 explicit interface Add stops at16 per direction without erasing preserved oversized draft (20.1142ms)
✔ S03 structure authoring validates count, names, description, nested fixed arrays, recursion/depth and expansion (497.6815ms)
✔ S03 large external array declarations survive metadata edits; materialization remains bounded (3.5011ms)
✔ S03 type tokens retain eight dimensions and reject extra tuple fields (1.681ms)
✔ S03 disconnected output boundary follows shared output defaults (7.426ms)
✔ S03 inline array construction and same-load reuse allow2049 elements; cross-Graph clipboard rejects composites (18.0494ms)
✔ S03 nested input link ABA invalidates old edit tokens without changing History on rejection (17.5857ms)
✔ S03 shared same-key type changes reject stale caller tokens and removed handles never revive (13.6167ms)
✔ S03 cross-Graph nominal closure remaps nested structures and Undo removes the full insertion (5.465ms)
✔ S03 reusable definition cycles reject atomically including unused dependencies (11.1662ms)
✔ S04 Personal complete owner payload and typed references survive reuse fork and absent Library source (53.7972ms)
✔ S04 DEC004 same-name destination sources retain distinct identity and changed imported bindings regenerate (533.9653ms)
✔ S04 Personal malformed envelope checksum and unsupported owner reject before provider writes; list deduplicates renamed files (32.7688ms)
✔ S04 DEC002 one-source fanout does not mutate source or existing conversions and pad failures agree (18.8638ms)
✔ S04 Personal root owner remap and input-bound Independent retain complete typed scope (81.2298ms)
✔ S04 stored inherited v2 and pad plans retain complete extensions through Personal shared import and reopen (29.4457ms)
✔ S04 shipped basic Library snapshot compiles after semantic fork and Personal roundtrip (13.6439ms)
✔ S04 Personal canonical package preserves snapshots, same-version reuse, independent and collision-safe filenames (32.6137ms)
✔ S04 DEC002 all16 default float plans, version fences and current ImageOutput compile (1.333ms)
✔ S04 AC001 additive envelope upgrade retains exact pins and inactive evidence, fences v2 under2.0 (1.3007ms)
✔ S04 DEC004 literal Personal typed closure survives canonical export import save reopen generation (33.1624ms)
✔ S04 DEC004 source Personal typed closure survives canonical export import save reopen generation (84.0853ms)
✔ S04 DEC004 direct-source Personal typed closure survives canonical export import save reopen generation (39.8321ms)
✔ S04 DEC004 input Personal typed closure survives canonical export import save reopen generation (82.4294ms)
✔ S04 DEC004 input-bound length uses caller override and rejects conflicting caller sources (22.998ms)
✔ S04 DEC004 nested shared input bindings remap through Personal and remain independent after semantic fork and reinsert (411.2957ms)
✔ S04 AC001 inactive owner network resources and unknown wrapper versions preserve the version fence (5.7364ms)
✔ S04 DEC004 rejected literal/source/input/nested candidates are atomic through Application with valid checksums (243.3149ms)
✔ S04 Personal Library per-file isolation, safe names, duplicate-at-capacity and provider failures leave existing assets unchanged (37.8209ms)
✔ S04 AC001 unchanged accepted reader and exact old/new definition boundaries (3.2732ms)
✔ S04 inherited v2 plans preserve extensions across hydration move clipboard nested and Personal (15.2669ms)
✔ S04 current exact source owner supports new image descriptors without retargeting legacy owner (0.9787ms)
✔ S04 DEC004 required int length input qualifies with an actual constant supply and changed caller defaults regenerate (115.3727ms)
✔ S05 drag repair root reads one fresh snapshot and retains immutable earlier projections (4.0361ms)
✔ S05 drag repair nested reads one fresh snapshot and retains immutable earlier projections (14.4138ms)
✔ S05 drag repair preserves readonly and busy notification values while movement keeps field token (4.5434ms)
✔ S05 replacement eligibility keeps source validity separate and exact mismatch refusal atomic (12.5996ms)
✔ S05 matching replacement preserves Graph load and Context identity with one full-content Undo Redo (11.7016ms)
✔ S05 replacement eligibility and command retain stale cancelled invalid readonly and fabricated guards (29.6022ms)
✔ S05 model preflight and publication share exact kind and ordered-pin refusal without History (4.0369ms)
✔ S05-FR-001 complete program preserves distinct and reversed shared Uniform identity in all emission modes (602.4942ms)
✔ S05-FR-001 same-stage same resource type conflict fails without artifacts or Graph changes (26.2422ms)
✔ S05-FR-001 same-stage same resource default conflict fails without artifacts or Graph changes (23.0783ms)
✔ S05-FR-001 cross-stage same resource type conflict fails without artifacts or Graph changes (24.2657ms)
✔ S05-FR-001 cross-stage same resource default conflict fails without artifacts or Graph changes (19.7681ms)
✔ S05 fixed float: literals inside Function stay constant while formal and result are runtime (56.4866ms)
✔ S05 fixed float: defaults fixed schema every stage and mode with pure generation and roundtrip (285.4236ms)
✔ S05 fixed float: bad payloads unused errors atomic commands fixed source and constant distinction (3.8154ms)
✔ S05 fixed float: scoped two-context edits one Undo and stale token preserve History (6.6235ms)
✔ S05 fixed float: shared Function and Personal owner closure retain exact values (21.6931ms)
✔ S05 fixed vec2: literals inside Function stay constant while formal and result are runtime (36.0323ms)
✔ S05 fixed vec2: defaults fixed schema every stage and mode with pure generation and roundtrip (282.3171ms)
✔ S05 fixed vec2: bad payloads unused errors atomic commands fixed source and constant distinction (5.4625ms)
✔ S05 fixed vec2: scoped two-context edits one Undo and stale token preserve History (7.0646ms)
✔ S05 fixed vec2: shared Function and Personal owner closure retain exact values (23.8166ms)
✔ S05 fixed vec3: literals inside Function stay constant while formal and result are runtime (36.106ms)
✔ S05 fixed vec3: defaults fixed schema every stage and mode with pure generation and roundtrip (261.9713ms)
✔ S05 fixed vec3: bad payloads unused errors atomic commands fixed source and constant distinction (4.1053ms)
✔ S05 fixed vec3: scoped two-context edits one Undo and stale token preserve History (6.829ms)
✔ S05 fixed vec3: shared Function and Personal owner closure retain exact values (19.7095ms)
✔ S05 fixed color: literals inside Function stay constant while formal and result are runtime (31.4662ms)
✔ S05 fixed color: defaults fixed schema every stage and mode with pure generation and roundtrip (251.6732ms)
✔ S05 fixed color: bad payloads unused errors atomic commands fixed source and constant distinction (4.3644ms)
✔ S05 fixed color: scoped two-context edits one Undo and stale token preserve History (7.4128ms)
✔ S05 fixed color: shared Function and Personal owner closure retain exact values (22.8477ms)
✔ S05 AT03 source/literal shape extents stay fixed; input-bound scalar extent cannot specialize a function (92.5576ms)
✔ S05 AT04 pre-existing malformed constant edge and authored losses are preserved (17.9569ms)
✔ S05 AT04 AT05 unused shared dependent definitions localize and detach atomically with Redo exact (65.0014ms)
✔ S05 AT08 multioutput and unconsumed nested effects have one evaluation per occurrence and stage-local helpers (43.6738ms)
✔ S05 AT08 two live depth writer occurrences reject even when one helper body is deduplicated (18.2192ms)
✔ S05 AT01 definition default shared mode independent and no-op History (27.7749ms)
✔ S05 AT02 one helper per definition and distinct caller arguments; nested helpers are dependency ordered (31.822ms)
✔ S05 AT03 ordinary inputs are runtime even when all callers pass constants; dead constant uses reject atomically (26.5817ms)
✔ S05 AT03 Uniform parameter binding is runtime; ordinary connection rejects constant receiver without publication (17.0792ms)
✔ S05 AT04 AT05 transitive newly-invalid consumer edges detach once with losses, Undo/Redo and required error (30.3849ms)
✔ S05 AT06 function Personal roundtrip reuses mode, localizes once and preserves source bytes (68.49ms)
✔ S05 AT06 DEC004 upgraded literal source input and nested Personal retain selected eligible modes through exchange (511.4119ms)
✔ S05 AT07 explicit owner upgrade preserves old pins/body/origin and unknown mode never defaults (8.4888ms)
✔ S05 AT09 later invalid edit and load retain function mode; diagnostic names shared definition and related calls (17.2381ms)
✔ S05 AT10 body/mode/profile changes create fresh artifacts and old snapshot is immutable (46.367ms)
✔ S05 HTTP provider SHA256 canonical bytes known vectors and secure UUIDv4 fail-closed (36.1837ms)
✔ S06 catalog is a detached read over exact document pins and current occurrence stage (3.2702ms)
✔ S06 source/name/category literal rank uses NFKC, aliases and all terms without regular expressions (2.3209ms)
✔ S06 stale creation proposals reject revision, navigation ABA, load and readonly without model or History writes (10.0141ms)
✔ S06 connected creation replaces an occupied exact input atomically and Undo restores it (22.513ms)
✔ S06 query disposable IDs do not collide with admitted persistent IDs and consume no canonical identity (7.3482ms)
✔ S06 forged reference and mismatched matching-port proposals reject before any model publication (45.7397ms)
✔ S06 reference catalog excludes nested source admission without publishing query changes (21.2327ms)
✔ S06 configured Compose preview and published schema/edge agree in one transaction and one Undo/Redo (62.0442ms)
✔ S06 configured creation rejects invalid missing and non-choice parameters atomically preserving Redo and expired Draft (2.367ms)
✔ S06 configured creation preserves library fork/reference atomicity and rolls back a rejected choice (7.6164ms)
✔ S06 configured creation keeps initializer descriptor, owner codec and reference validation before publication (3.0238ms)
✔ S06 configured creation followed by failed connection rolls back the full batch (0.6192ms)
✔ M1: missing-module boundary x rename rejects save before ACK without data loss (15.4625ms)
✔ M1: missing-module boundary 中 rename rejects save before ACK without data loss (12.7442ms)
✔ M1: missing-module boundary 🍇 rename rejects save before ACK without data loss (19.7051ms)
✔ M1: compact fallback validates actual emitted bytes at and beyond the budget (10.4351ms)
✔ M1: nodes at/beyond network limit obey save/reopen invariant (19.9303ms)
✔ M1: edges at/beyond network limit obey save/reopen invariant (36.3581ms)
✔ M1: editing beyond network capacity cannot acknowledge a save or erase the previous saved document (83.5251ms)
ℹ tests 242
ℹ suites 0
ℹ pass 242
ℹ fail 0
ℹ cancelled 0
ℹ skipped 0
ℹ todo 0
ℹ duration_ms 10336.8745
(node:18332) ExperimentalWarning: Transform Types is an experimental feature and might change at any time
(Use `node --trace-warnings ...` to show where the warning was created)
