
Running 14 tests using 1 worker

  ok  1 [chromium] › tests\browser\s05-values.spec.ts:10:1 › S05 vector mounted scoped widgets preserve concurrent edits IME readonly and disposal (716ms)
  ok  2 [chromium] › tests\browser\s05-values.spec.ts:116:1 › S05 fixed values backend feasibility: all leaves stages modes and components execute (1.4s)
  ok  3 [chromium] › tests\browser\s05-values.spec.ts:176:5 › S05 fixed float pixel: public create edit connect history save and JSON reopen (1.4s)
  ok  4 [chromium] › tests\browser\s05-values.spec.ts:176:5 › S05 fixed float vertex: public create edit connect history save and JSON reopen (1.6s)
  ok  5 [chromium] › tests\browser\s05-values.spec.ts:176:5 › S05 fixed vec2 pixel: public create edit connect history save and JSON reopen (1.4s)
  ok  6 [chromium] › tests\browser\s05-values.spec.ts:176:5 › S05 fixed vec2 vertex: public create edit connect history save and JSON reopen (1.7s)
  ok  7 [chromium] › tests\browser\s05-values.spec.ts:176:5 › S05 fixed vec3 pixel: public create edit connect history save and JSON reopen (1.4s)
  ok  8 [chromium] › tests\browser\s05-values.spec.ts:176:5 › S05 fixed vec3 vertex: public create edit connect history save and JSON reopen (1.7s)
  ok  9 [chromium] › tests\browser\s05-values.spec.ts:176:5 › S05 fixed color pixel: public create edit connect history save and JSON reopen (1.6s)
  ok 10 [chromium] › tests\browser\s05-values.spec.ts:176:5 › S05 fixed color vertex: public create edit connect history save and JSON reopen (1.7s)
  ok 11 [chromium] › tests\browser\s05-values.spec.ts:302:3 › S05 fixed float: shared Function nested Inspector edits persist across both Canvas occurrences (1.3s)
  ok 12 [chromium] › tests\browser\s05-values.spec.ts:302:3 › S05 fixed vec2: shared Function nested Inspector edits persist across both Canvas occurrences (1.4s)
  ok 13 [chromium] › tests\browser\s05-values.spec.ts:302:3 › S05 fixed vec3: shared Function nested Inspector edits persist across both Canvas occurrences (1.5s)
  ok 14 [chromium] › tests\browser\s05-values.spec.ts:302:3 › S05 fixed color: shared Function nested Inspector edits persist across both Canvas occurrences (1.5s)

  14 passed (21.8s)
[WebServer] (node:36664) Warning: The 'NO_COLOR' env is ignored due to the 'FORCE_COLOR' env being set.
[WebServer] (Use `node --trace-warnings ...` to show where the warning was created)
(node:14444) Warning: The 'NO_COLOR' env is ignored due to the 'FORCE_COLOR' env being set.
(Use `node --trace-warnings ...` to show where the warning was created)
