
Running 108 tests using 1 worker

  ok   1 [chromium] › tests\browser\s01.spec.ts:30:1 › AT-S01-01 browser: user creates connected shader, edits and sees generated GLSL (1.7s)
  ok   2 [chromium] › tests\browser\s01.spec.ts:56:1 › AT-S01-03 browser: dynamic shape errors are visible, Undo restores and Redo repeats (1.2s)
  ok   3 [chromium] › tests\browser\s01.spec.ts:85:1 › AT-S01-05 browser: IndexedDB ACK save/reopen and independent JSON download/file open (1.3s)
  ok   4 [chromium] › tests\browser\s01.spec.ts:117:1 › AT-S01-02 browser: occupied and incompatible connections preserve wires and revision (942ms)
  ok   5 [chromium] › tests\browser\s01.spec.ts:142:1 › AT-S01-04 browser: draft cancel, IME guard, keyboard commit, pointer gesture Undo and cancel (743ms)
  ok   6 [chromium] › tests\browser\s01.spec.ts:184:1 › AT-S01-06 browser: two Canvas contexts keep independent selections and camera while sharing edits (797ms)
  ok   7 [chromium] › tests\browser\s01.spec.ts:243:1 › AT-S01-07 browser: delayed storage completion cannot clear a newer edit; rejection and export preserve dirty (547ms)
  ok   8 [chromium] › tests\browser\s01.spec.ts:291:1 › recovery browser: future structural document stays read-only and original can be exported (401ms)
  ok   9 [chromium] › tests\browser\s01.spec.ts:318:1 › readonly browser: fields, actions and keyboard cannot edit; unlocking restores the same value (469ms)
  ok  10 [chromium] › tests\browser\s01.spec.ts:340:1 › diagnostics locate the affected node through the active Context without adding History (1.0s)
  ok  11 [chromium] › tests\browser\s01.spec.ts:364:1 › invalid UTF-8 recovery retains original bytes; closing recovery and cancelling open preserve the graph (537ms)
  ok  12 [chromium] › tests\browser\s01.spec.ts:390:1 › view failure shows shared retry placeholder and releases the failed mount (460ms)
  ok  13 [chromium] › tests\browser\s01.spec.ts:424:1 › keyboard node selection and connection buttons preserve focus; wires meet sockets after fractional zoom (895ms)
  ok  14 [chromium] › tests\browser\s01.spec.ts:458:1 › error-bearing dynamic document saves and reopens with loss evidence and generation still blocked (1.3s)
  ok  15 [chromium] › tests\browser\s01.spec.ts:499:3 › M1 browser: Float 1e21 commits and generates a valid exponent literal (992ms)
  ok  16 [chromium] › tests\browser\s01.spec.ts:499:3 › M1 browser: Multiply 1e21 commits and generates a valid exponent literal (994ms)
  ok  17 [chromium] › tests\browser\s01.spec.ts:534:1 › N1 browser: middle/right movement cannot edit nodes; primary drag still groups into one Undo (826ms)
  ok  18 [chromium] › tests\browser\s02.spec.ts:25:1 › AT-S02-01 browser: review/cancel, repair proposal and explicit one-Undo atomic acceptance (1.1s)
  ok  19 [chromium] › tests\browser\s02.spec.ts:79:1 › AT-S02-01 browser: readonly and intervening edit fence publication (508ms)
  ok  20 [chromium] › tests\browser\s02.spec.ts:102:1 › AT-S02-01 browser: duplicate IDs, unknown structure and future input never expose acceptance (742ms)
  ok  21 [chromium] › tests\browser\s02.spec.ts:127:1 › AT-S02-02 browser: explicit missing-module load, move/rename, save/reopen preserve opaque state and block generation (1.0s)
  ok  22 [chromium] › tests\browser\s02.spec.ts:181:1 › AT-S02-03 boundary browser: unmapped legacy remains explicit with provenance and original export (432ms)
  ok  23 [chromium] › tests\browser\s02.spec.ts:204:1 › AT-S02-04 browser: real Canvas PNG preview/export/reimport, malformed CRC and missing metadata (1.1s)
  ok  24 [chromium] › tests\browser\s02.spec.ts:259:1 › AT-S02-01 browser: cancel during delayed file read fences the late review (1.3s)
  ok  25 [chromium] › tests\browser\s02.spec.ts:283:1 › M1 browser: boundary missing-module rename rejects save, retains prior ACK, then saves and reopens without opaque loss (1.2s)
  ok  26 [chromium] › tests\browser\s03-repair.spec.ts:12:1 › S03 FR01 real WebGL2 compiles supported Structure arrays and ES300 explicitly rejects admitted nested arrays (217ms)
  ok  27 [chromium] › tests\browser\s03-repair.spec.ts:101:1 › S03 EG01 browser clipboard imports TOP declarations with one slot and shows atomic native path rejection (1.2s)
  ok  28 [chromium] › tests\browser\s03-repair2.spec.ts:10:3 › S03 EG01 round2 browser rejects inline glsl.float array cross-Graph and retains Redo (869ms)
  ok  29 [chromium] › tests\browser\s03-repair2.spec.ts:10:3 › S03 EG01 round2 browser rejects inline glsl.vec2 array cross-Graph and retains Redo (845ms)
  ok  30 [chromium] › tests\browser\s03.spec.ts:50:1 › AT-S03-01/02 real nested Canvas, Inspector, interface reorder/remove and Undo (1.6s)
  ok  31 [chromium] › tests\browser\s03.spec.ts:101:1 › AT-S03-03 browser clipboard success, injected late rejection and Unicode text preserved (1.4s)
  ok  32 [chromium] › tests\browser\s03.spec.ts:149:1 › AT-S03-04 nested IME/cancel/focus and navigation cleanup use the real Inspector (739ms)
  ok  33 [chromium] › tests\browser\s03.spec.ts:190:1 › S03 structure authoring draft cancel, reorder and stale confirmation (609ms)
  ok  34 [chromium] › tests\browser\s03.spec.ts:226:1 › AT-S03-01 two Canvas occurrences share parameters and keep independent navigation (1.9s)
  ok  35 [chromium] › tests\browser\s03.spec.ts:292:1 › AT-S03-01/04 real library first edit, position-only layout, spare output and nested deletion (875ms)
  ok  36 [chromium] › tests\browser\s03.spec.ts:359:3 › G-LU-DATA-004 browser local clipboard UTF-8 budget x (1.4s)
  ok  37 [chromium] › tests\browser\s03.spec.ts:359:3 › G-LU-DATA-004 browser local clipboard UTF-8 budget 中 (1.2s)
  ok  38 [chromium] › tests\browser\s03.spec.ts:359:3 › G-LU-DATA-004 browser local clipboard UTF-8 budget 🍇 (1.4s)
  ok  39 [chromium] › tests\browser\s03.spec.ts:404:1 › AT-S03-04 nested Inspector field removal cancels a focused draft and Undo mounts fresh controls (973ms)
  ok  40 [chromium] › tests\browser\s03.spec.ts:451:1 › AT-S03-03 visible frames move with encapsulation and Undo (1.1s)
  ok  41 [chromium] › tests\browser\s03.spec.ts:481:1 › S03 Make independent and nested interface removal preserve other callers and Undo (1.9s)
  ok  42 [chromium] › tests\browser\s03.spec.ts:534:1 › S03 Structure Help is read-only and composite defaults and Escape retain saved values (1.3s)
  ok  43 [chromium] › tests\browser\s03.spec.ts:602:1 › G-LU-DATA-001 browser bad edge, capacity, stage and source rejection rolls back the complete transaction (2.0s)
  ok  44 [chromium] › tests\browser\s03.spec.ts:672:1 › S03 shared name and matrix defaults update both callers with one Undo (1.6s)
  ok  45 [chromium] › tests\browser\s03.spec.ts:730:1 › S03 clickable breadcrumbs discard stale interface drafts and selected ports (759ms)
  ok  46 [chromium] › tests\browser\s03.spec.ts:763:1 › S03 direction-specific Add16 controls preserve draft and allow output creation (1.4s)
  ok  47 [chromium] › tests\browser\s03.spec.ts:800:1 › S03 Structure description and fixed array controls keep field identity across cancel/reorder (1.0s)
  ok  48 [chromium] › tests\browser\s03.spec.ts:859:1 › S03 browser cross-Graph paste imports independent closure and Undo removes it (2.1s)
  ok  49 [chromium] › tests\browser\s04.spec.ts:4:1 › S04 DEC002 all sixteen conversions execute on WebGL2 with correct components (482ms)
  ok  50 [chromium] › tests\browser\s04.spec.ts:86:1 › S04 DEC004 actual Personal literal source input nested shaders compile after export import reopen (717ms)
  ok  51 [chromium] › tests\browser\s04.spec.ts:213:1 › S04 actual IndexedDB collision concurrency relist quotas and failure isolation (440ms)
  ok  52 [chromium] › tests\browser\s04.spec.ts:307:1 › S04 DEC002 actual Canvas four shapes to current ImageOutput and edge identity Undo Redo (3.1s)
  ok  53 [chromium] › tests\browser\s04.spec.ts:357:1 › S04 actual Personal UI saves relists imports downloads and inserts independent Graph snapshots (2.1s)
  ok  54 [chromium] › tests\browser\s04.spec.ts:450:1 › S04 DEC004 browser hash-valid missing dependency scope cycle and module candidates reject atomically (507ms)
  ok  55 [chromium] › tests\browser\s05-delivered.spec.ts:44:3 › S05-OWNER-001 delivered public flow shared-expand.grape.json (1.8s)
  ok  56 [chromium] › tests\browser\s05-delivered.spec.ts:44:3 › S05-OWNER-001 delivered public flow shared-function.grape.json (1.6s)
  ok  57 [chromium] › tests\browser\s05-delivered.spec.ts:44:3 › S05-OWNER-001 delivered public flow shared-function.personal.json (1.5s)
  ok  58 [chromium] › tests\browser\s05-delivered.spec.ts:44:3 › S05-OWNER-001 delivered public flow nested-function.grape.json (1.1s)
  ok  59 [chromium] › tests\browser\s05-delivered.spec.ts:44:3 › S05-OWNER-001 delivered public flow uniform-function.grape.json (1.1s)
  ok  60 [chromium] › tests\browser\s05-delivered.spec.ts:44:3 › S05-OWNER-001 delivered public flow constant-detach.grape.json (1.8s)
  ok  61 [chromium] › tests\browser\s05-delivered.spec.ts:44:3 › S05-OWNER-001 delivered public flow activation-rejected.grape.json (1.4s)
  ok  62 [chromium] › tests\browser\s05-delivered.spec.ts:44:3 › S05-OWNER-001 delivered public flow shape-array.grape.json (1.2s)
  ok  63 [chromium] › tests\browser\s05-delivered.spec.ts:44:3 › S05-OWNER-001 delivered public flow shape-nominal.grape.json (1.1s)
  ok  64 [chromium] › tests\browser\s05-delivered.spec.ts:44:3 › S05-OWNER-001 delivered public flow pixel-effects.grape.json (1.1s)
  ok  65 [chromium] › tests\browser\s05-delivered.spec.ts:44:3 › S05-OWNER-001 delivered public flow vertex-pixel.grape.json (1.1s)
  ok  66 [chromium] › tests\browser\s05-delivered.spec.ts:44:3 › S05-OWNER-001 delivered public flow legacy-owner.grape.json (1.6s)
  ok  67 [chromium] › tests\browser\s05-delivered.spec.ts:44:3 › S05-OWNER-001 delivered public flow cross-stage-uniform-distinct.grape.json (1.2s)
  ok  68 [chromium] › tests\browser\s05-delivered.spec.ts:44:3 › S05-OWNER-001 delivered public flow cross-stage-uniform-shared-reversed.grape.json (1.2s)
  ok  69 [chromium] › tests\browser\s05-delivered.spec.ts:61:1 › S05-OWNER-001 exact owner and malformed admission stay strict; original error draft opens only explicitly (3.2s)
  ok  70 [chromium] › tests\browser\s05-replacement.spec.ts:28:3 › S05 Replace destination default: eligibility, recovery and exact content (2.1s)
  ok  71 [chromium] › tests\browser\s05-replacement.spec.ts:28:3 › S05 Replace destination upgraded: eligibility, recovery and exact content (2.1s)
  ok  72 [chromium] › tests\browser\s05-replacement.spec.ts:28:3 › S05 Replace destination matching: eligibility, recovery and exact content (1.4s)
  ok  73 [chromium] › tests\browser\s05-replacement.spec.ts:41:1 › S05 Replace separates kind-only mismatch, preserves original and rechecks stale review (1.6s)
  ok  74 [chromium] › tests\browser\s05-uniforms.spec.ts:4:1 › S05-FR-001 exact preserved reviewer document links distinct vertex and pixel resources (545ms)
  ok  75 [chromium] › tests\browser\s05-uniforms.spec.ts:57:5 › S05-FR-001 actual linked Uniform identity distinct expand (553ms)
  ok  76 [chromium] › tests\browser\s05-uniforms.spec.ts:57:5 › S05-FR-001 actual linked Uniform identity distinct function (531ms)
  ok  77 [chromium] › tests\browser\s05-uniforms.spec.ts:57:5 › S05-FR-001 actual linked Uniform identity distinct nested (625ms)
  ok  78 [chromium] › tests\browser\s05-uniforms.spec.ts:57:5 › S05-FR-001 actual linked Uniform identity distinct mixed (671ms)
  ok  79 [chromium] › tests\browser\s05-uniforms.spec.ts:57:5 › S05-FR-001 actual linked Uniform identity shared-reversed expand (521ms)
  ok  80 [chromium] › tests\browser\s05-uniforms.spec.ts:57:5 › S05-FR-001 actual linked Uniform identity shared-reversed function (549ms)
  ok  81 [chromium] › tests\browser\s05-uniforms.spec.ts:57:5 › S05-FR-001 actual linked Uniform identity shared-reversed nested (575ms)
  ok  82 [chromium] › tests\browser\s05-uniforms.spec.ts:57:5 › S05-FR-001 actual linked Uniform identity shared-reversed mixed (594ms)
  ok  83 [chromium] › tests\browser\s05-uniforms.spec.ts:57:5 › S05-FR-001 actual linked Uniform identity distinct-types expand (513ms)
  ok  84 [chromium] › tests\browser\s05-uniforms.spec.ts:57:5 › S05-FR-001 actual linked Uniform identity distinct-types function (532ms)
  ok  85 [chromium] › tests\browser\s05-uniforms.spec.ts:57:5 › S05-FR-001 actual linked Uniform identity distinct-types nested (545ms)
  ok  86 [chromium] › tests\browser\s05-uniforms.spec.ts:57:5 › S05-FR-001 actual linked Uniform identity distinct-types mixed (574ms)
  ok  87 [chromium] › tests\browser\s05-values.spec.ts:10:1 › S05 vector mounted scoped widgets preserve concurrent edits IME readonly and disposal (580ms)
  ok  88 [chromium] › tests\browser\s05-values.spec.ts:116:1 › S05 fixed values backend feasibility: all leaves stages modes and components execute (1.7s)
  ok  89 [chromium] › tests\browser\s05-values.spec.ts:176:5 › S05 fixed float pixel: public create edit connect history save and JSON reopen (1.8s)
  ok  90 [chromium] › tests\browser\s05-values.spec.ts:176:5 › S05 fixed float vertex: public create edit connect history save and JSON reopen (2.0s)
  ok  91 [chromium] › tests\browser\s05-values.spec.ts:176:5 › S05 fixed vec2 pixel: public create edit connect history save and JSON reopen (1.8s)
  ok  92 [chromium] › tests\browser\s05-values.spec.ts:176:5 › S05 fixed vec2 vertex: public create edit connect history save and JSON reopen (2.2s)
  ok  93 [chromium] › tests\browser\s05-values.spec.ts:176:5 › S05 fixed vec3 pixel: public create edit connect history save and JSON reopen (1.9s)
  ok  94 [chromium] › tests\browser\s05-values.spec.ts:176:5 › S05 fixed vec3 vertex: public create edit connect history save and JSON reopen (2.4s)
  ok  95 [chromium] › tests\browser\s05-values.spec.ts:176:5 › S05 fixed color pixel: public create edit connect history save and JSON reopen (2.0s)
  ok  96 [chromium] › tests\browser\s05-values.spec.ts:176:5 › S05 fixed color vertex: public create edit connect history save and JSON reopen (2.3s)
  ok  97 [chromium] › tests\browser\s05-values.spec.ts:302:3 › S05 fixed float: shared Function nested Inspector edits persist across both Canvas occurrences (1.8s)
  ok  98 [chromium] › tests\browser\s05-values.spec.ts:302:3 › S05 fixed vec2: shared Function nested Inspector edits persist across both Canvas occurrences (1.9s)
  ok  99 [chromium] › tests\browser\s05-values.spec.ts:302:3 › S05 fixed vec3: shared Function nested Inspector edits persist across both Canvas occurrences (2.0s)
  ok 100 [chromium] › tests\browser\s05-values.spec.ts:302:3 › S05 fixed color: shared Function nested Inspector edits persist across both Canvas occurrences (2.1s)
  ok 101 [chromium] › tests\browser\s05.spec.ts:22:1 › S05 AT04 AT05 real mode command reports precise loss and Undo restores entire graph; rejected activation leaves UI and history unchanged (1.8s)
  ok 102 [chromium] › tests\browser\s05.spec.ts:95:1 › S05 AT07 legacy mode UI requires explicit owner upgrade preserving original data (1.1s)
  ok 103 [chromium] › tests\browser\s05.spec.ts:134:1 › S05 AT03 AT08 WebGL2 fixed shape nominal effects unconsumed nested effects and independent stage helpers (764ms)
  ok 104 [chromium] › tests\browser\s05.spec.ts:198:1 › S05 AT02 AT03 real WebGL2 distinct shared and nested caller values and Uniform parameters (715ms)
  ok 105 [chromium] › tests\browser\s05.spec.ts:283:1 › S05 mode UI persists shared choice and Make independent and Undo through real commands (1.6s)
  ok 106 [chromium] › tests\browser\s05.spec.ts:332:3 › S05 served HTTP 127.0.0.1 boots with secure IDs and exact Personal digest (2.3s)
  ok 107 [chromium] › tests\browser\s05.spec.ts:332:3 › S05 served HTTP 192.168.1.105 boots with secure IDs and exact Personal digest (9.4s)
  ok 108 [chromium] › tests\browser\s05.spec.ts:332:3 › S05 served HTTP 100.83.88.97 boots with secure IDs and exact Personal digest (2.2s)

  108 passed (2.4m)
[WebServer] (node:35936) Warning: The 'NO_COLOR' env is ignored due to the 'FORCE_COLOR' env being set.
[WebServer] (Use `node --trace-warnings ...` to show where the warning was created)
(node:46968) Warning: The 'NO_COLOR' env is ignored due to the 'FORCE_COLOR' env being set.
(Use `node --trace-warnings ...` to show where the warning was created)
(node:48016) ExperimentalWarning: Transform Types is an experimental feature and might change at any time
(Use `node --trace-warnings ...` to show where the warning was created)
