✔ S05 fixed float: defaults fixed schema every stage and mode with pure generation and roundtrip (261.0929ms)
✔ S05 fixed float: bad payloads unused errors atomic commands fixed source and constant distinction (3.6939ms)
✖ S05 fixed float: scoped two-context edits one Undo and stale token preserve History (11.1377ms)
✔ S05 fixed float: shared Function and Personal owner closure retain exact values (29.7282ms)
✔ S05 fixed vec2: defaults fixed schema every stage and mode with pure generation and roundtrip (239.9253ms)
✔ S05 fixed vec2: bad payloads unused errors atomic commands fixed source and constant distinction (4.1879ms)
✖ S05 fixed vec2: scoped two-context edits one Undo and stale token preserve History (9.0217ms)
✔ S05 fixed vec2: shared Function and Personal owner closure retain exact values (19.6366ms)
✔ S05 fixed vec3: defaults fixed schema every stage and mode with pure generation and roundtrip (232.8241ms)
✔ S05 fixed vec3: bad payloads unused errors atomic commands fixed source and constant distinction (3.5507ms)
✖ S05 fixed vec3: scoped two-context edits one Undo and stale token preserve History (9.4242ms)
✔ S05 fixed vec3: shared Function and Personal owner closure retain exact values (19.3994ms)
✔ S05 fixed color: defaults fixed schema every stage and mode with pure generation and roundtrip (241.9044ms)
✔ S05 fixed color: bad payloads unused errors atomic commands fixed source and constant distinction (3.642ms)
✖ S05 fixed color: scoped two-context edits one Undo and stale token preserve History (10.1047ms)
✔ S05 fixed color: shared Function and Personal owner closure retain exact values (21.7735ms)
ℹ tests 16
ℹ suites 0
ℹ pass 12
ℹ fail 4
ℹ cancelled 0
ℹ skipped 0
ℹ todo 0
ℹ duration_ms 1245.0811

✖ failing tests:

test at production\tests\unit\s05-values.test.ts:138:3
✖ S05 fixed float: scoped two-context edits one Undo and stale token preserve History (11.1377ms)
  COMMAND_DENIED: COMMAND_DENIED
      at demand (C:\Users\user\source\Grape\production\src\sdk\kernel.ts:12:18)
      at EditorApplication.execute (C:\Users\user\source\Grape\production\src\application\editor.ts:752:5)
      at TestContext.<anonymous> (C:\Users\user\source\Grape\production\tests\unit\s05-values.test.ts:165:9)
      at Test.runInAsyncScope (node:async_hooks:212:14)
      at Test.run (node:internal/test_runner/test:1109:25)
      at Test.processPendingSubtests (node:internal/test_runner/test:786:18)
      at Test.postRun (node:internal/test_runner/test:1238:19)
      at Test.run (node:internal/test_runner/test:1166:12)
      at async Test.processPendingSubtests (node:internal/test_runner/test:786:7) {
    code: 'COMMAND_DENIED'
  }

test at production\tests\unit\s05-values.test.ts:138:3
✖ S05 fixed vec2: scoped two-context edits one Undo and stale token preserve History (9.0217ms)
  COMMAND_DENIED: COMMAND_DENIED
      at demand (C:\Users\user\source\Grape\production\src\sdk\kernel.ts:12:18)
      at EditorApplication.execute (C:\Users\user\source\Grape\production\src\application\editor.ts:752:5)
      at TestContext.<anonymous> (C:\Users\user\source\Grape\production\tests\unit\s05-values.test.ts:165:9)
      at Test.runInAsyncScope (node:async_hooks:212:14)
      at Test.run (node:internal/test_runner/test:1109:25)
      at Test.processPendingSubtests (node:internal/test_runner/test:786:18)
      at Test.postRun (node:internal/test_runner/test:1238:19)
      at Test.run (node:internal/test_runner/test:1166:12)
      at async Test.processPendingSubtests (node:internal/test_runner/test:786:7) {
    code: 'COMMAND_DENIED'
  }

test at production\tests\unit\s05-values.test.ts:138:3
✖ S05 fixed vec3: scoped two-context edits one Undo and stale token preserve History (9.4242ms)
  COMMAND_DENIED: COMMAND_DENIED
      at demand (C:\Users\user\source\Grape\production\src\sdk\kernel.ts:12:18)
      at EditorApplication.execute (C:\Users\user\source\Grape\production\src\application\editor.ts:752:5)
      at TestContext.<anonymous> (C:\Users\user\source\Grape\production\tests\unit\s05-values.test.ts:165:9)
      at Test.runInAsyncScope (node:async_hooks:212:14)
      at Test.run (node:internal/test_runner/test:1109:25)
      at Test.processPendingSubtests (node:internal/test_runner/test:786:18)
      at Test.postRun (node:internal/test_runner/test:1238:19)
      at Test.run (node:internal/test_runner/test:1166:12)
      at async Test.processPendingSubtests (node:internal/test_runner/test:786:7) {
    code: 'COMMAND_DENIED'
  }

test at production\tests\unit\s05-values.test.ts:138:3
✖ S05 fixed color: scoped two-context edits one Undo and stale token preserve History (10.1047ms)
  COMMAND_DENIED: COMMAND_DENIED
      at demand (C:\Users\user\source\Grape\production\src\sdk\kernel.ts:12:18)
      at EditorApplication.execute (C:\Users\user\source\Grape\production\src\application\editor.ts:752:5)
      at TestContext.<anonymous> (C:\Users\user\source\Grape\production\tests\unit\s05-values.test.ts:165:9)
      at Test.runInAsyncScope (node:async_hooks:212:14)
      at Test.run (node:internal/test_runner/test:1109:25)
      at Test.processPendingSubtests (node:internal/test_runner/test:786:18)
      at Test.postRun (node:internal/test_runner/test:1238:19)
      at Test.run (node:internal/test_runner/test:1166:12)
      at async Test.processPendingSubtests (node:internal/test_runner/test:786:7) {
    code: 'COMMAND_DENIED'
  }
(node:48096) ExperimentalWarning: Transform Types is an experimental feature and might change at any time
(Use `node --trace-warnings ...` to show where the warning was created)
