✔ S05 fixed float: literals inside Function stay constant while formal and result are runtime (49.8851ms)
✔ S05 fixed float: defaults fixed schema every stage and mode with pure generation and roundtrip (254.221ms)
✔ S05 fixed float: bad payloads unused errors atomic commands fixed source and constant distinction (3.9211ms)
✔ S05 fixed float: scoped two-context edits one Undo and stale token preserve History (18.274ms)
✔ S05 fixed float: shared Function and Personal owner closure retain exact values (30.7ms)
✔ S05 fixed vec2: literals inside Function stay constant while formal and result are runtime (34.1957ms)
✔ S05 fixed vec2: defaults fixed schema every stage and mode with pure generation and roundtrip (236.7883ms)
✔ S05 fixed vec2: bad payloads unused errors atomic commands fixed source and constant distinction (5.0276ms)
✔ S05 fixed vec2: scoped two-context edits one Undo and stale token preserve History (16.9668ms)
✔ S05 fixed vec2: shared Function and Personal owner closure retain exact values (20.6119ms)
✔ S05 fixed vec3: literals inside Function stay constant while formal and result are runtime (31.8541ms)
✔ S05 fixed vec3: defaults fixed schema every stage and mode with pure generation and roundtrip (228.4134ms)
✔ S05 fixed vec3: bad payloads unused errors atomic commands fixed source and constant distinction (3.9678ms)
✔ S05 fixed vec3: scoped two-context edits one Undo and stale token preserve History (17.2824ms)
✔ S05 fixed vec3: shared Function and Personal owner closure retain exact values (19.4874ms)
✔ S05 fixed color: literals inside Function stay constant while formal and result are runtime (31.0393ms)
✔ S05 fixed color: defaults fixed schema every stage and mode with pure generation and roundtrip (231.9636ms)
✔ S05 fixed color: bad payloads unused errors atomic commands fixed source and constant distinction (4.1224ms)
✔ S05 fixed color: scoped two-context edits one Undo and stale token preserve History (16.9183ms)
✔ S05 fixed color: shared Function and Personal owner closure retain exact values (20.0899ms)
ℹ tests 20
ℹ suites 0
ℹ pass 20
ℹ fail 0
ℹ cancelled 0
ℹ skipped 0
ℹ todo 0
ℹ duration_ms 1402.7542
(node:43380) ExperimentalWarning: Transform Types is an experimental feature and might change at any time
(Use `node --trace-warnings ...` to show where the warning was created)
