✔ S05 fixed float: defaults fixed schema every stage and mode with pure generation and roundtrip (284.0212ms)
✔ S05 fixed float: bad payloads unused errors atomic commands fixed source and constant distinction (3.8328ms)
✔ S05 fixed float: scoped two-context edits one Undo and stale token preserve History (21.0006ms)
✔ S05 fixed float: shared Function and Personal owner closure retain exact values (31.1759ms)
✔ S05 fixed vec2: defaults fixed schema every stage and mode with pure generation and roundtrip (245.2636ms)
✔ S05 fixed vec2: bad payloads unused errors atomic commands fixed source and constant distinction (4.4513ms)
✔ S05 fixed vec2: scoped two-context edits one Undo and stale token preserve History (16.8821ms)
✔ S05 fixed vec2: shared Function and Personal owner closure retain exact values (20.1209ms)
✔ S05 fixed vec3: defaults fixed schema every stage and mode with pure generation and roundtrip (232.1688ms)
✔ S05 fixed vec3: bad payloads unused errors atomic commands fixed source and constant distinction (4.0016ms)
✔ S05 fixed vec3: scoped two-context edits one Undo and stale token preserve History (16.3371ms)
✔ S05 fixed vec3: shared Function and Personal owner closure retain exact values (19.4207ms)
✔ S05 fixed color: defaults fixed schema every stage and mode with pure generation and roundtrip (230.0861ms)
✔ S05 fixed color: bad payloads unused errors atomic commands fixed source and constant distinction (3.8149ms)
✔ S05 fixed color: scoped two-context edits one Undo and stale token preserve History (16.7101ms)
✔ S05 fixed color: shared Function and Personal owner closure retain exact values (19.2086ms)
ℹ tests 16
ℹ suites 0
ℹ pass 16
ℹ fail 0
ℹ cancelled 0
ℹ skipped 0
ℹ todo 0
ℹ duration_ms 1295.3878
(node:51576) ExperimentalWarning: Transform Types is an experimental feature and might change at any time
(Use `node --trace-warnings ...` to show where the warning was created)
