✔ production ownership manifest covers every source and rejects mutation/platform/extension violations (1056.9663ms)
✔ S02 conformance: replacement uses one public Graph batch, isolates observers and retains two Context identities (14.3951ms)
✔ S02 conformance: direct replacement rejects model Error without modifying document/history (3.5856ms)
✔ M2: direct replacement atomically rejects malformed position component before publication (1.9676ms)
✔ M2: direct replacement atomically rejects malformed position length before publication (1.6501ms)
✔ M2: direct replacement atomically rejects duplicate recovery IDs before publication (1.7201ms)
✔ M2: direct replacement atomically rejects unknown envelope field before publication (2.0929ms)
✔ M2: direct replacement atomically rejects unknown node field before publication (1.7632ms)
✔ M2: direct replacement atomically rejects unknown endpoint field before publication (1.9761ms)
✔ M2: catching invalid replacement cannot publish earlier edits in the same batch (1.7461ms)
✔ M2: valid detached replacement publishes once and retains exact Undo/Redo content (3.4167ms)
✔ L10N exact owner, parent/default/inline fallback and plain interpolation leave model/history/generation unchanged (1.8392ms)
✔ L10N atomic duplicate/malformed rejection, revision CAS and immutable detached catalogs (0.4299ms)
✔ L10N observer errors/reentry are isolated, cleanup cancels later delivery, disposed service rejects (0.1926ms)
✔ PC authority: declaration is not grant; render/async/outside event denied, same mounted event succeeds (5.726ms)
✔ PC gesture: origin guard, one operation, cross-Panel lease rejection and latest lease required (7.4776ms)
✔ PC move/hide cancel pointer gesture and drain new leases before workspace action returns (18.3189ms)
✔ PC render failure cancels only unfinished operation after publication, with no reentrant mutation (5.1245ms)
✔ PC same ID reuse and old scope registrations remain revoked (2.6047ms)
✔ VM resources: cleanup in reverse order, failure isolation, stale async tickets, no render reentrancy (0.2364ms)
✔ two independently registered Panels and two Widget view shapes share lifecycle without feature dispatch (0.9147ms)
✔ VM mount/capture/update reentrancy revokes scope and preserves placeholder; explicit retry recovers (0.2293ms)
✔ VM subscription failure releases acquired subscriptions and cannot pretend to mount (0.0988ms)
✔ PC application denies every editing command while readonly or history busy; field binding invalidates (11.3651ms)
✔ AT-S01-01: Float × Multiply → Compose emits pinned host-free GLSL without mutation (2.6428ms)
✔ AT-S01-02: direction, cross-network, occupied input, cycle and type failures are atomic (1.9683ms)
✔ AT-S01-03: mode change captures complete prior ports, edge plans and loss; undo/redo and reload (5.1141ms)
✔ AT-S01-04: multi-batch operation, cancel/no-op redo, expired draft and async draft (4.4499ms)
✔ AT-S01-08: projection before observers, reentrant writes reject and throwing observer does not roll back (1.6785ms)
✔ AT-S01-06: contexts share model and clean selection before external observation (5.3001ms)
✔ scoped field token rejects value ABA, busy, connected and dead targets; unrelated movement preserves token (11.2799ms)
✔ all model errors including unused nodes block generation; fixed definitions and boundaries remain protected (1.7789ms)
✔ generation rejects missing/extra declared boundary output even when a module emits an incomplete map (1.9453ms)
✔ shared type environment rejects unknown identity and permits explicitly registered nominal types without changing core dispatch (0.4676ms)
✔ AT-S01-02: endpoints in two real Stage networks cannot be cross-connected (2.211ms)
✔ unknown Stage slots block generation; duplicate slot identities reject before hydration (3.7679ms)
✔ M1 reviewer counterexample: float 1e21 generates a valid GLSL floating constant (2.0507ms)
✔ M1 reviewer counterexample: multiply 1e21 generates a valid GLSL floating constant (3.8458ms)
✔ M1 literal grammar and value roundtrip cover integers, decimals, signs and exponent-form values (0.246ms)
✔ M1 all finite float32 exponent bins and representative mantissas have legal value-preserving literals (1.892ms)
✔ M1 admitted boundary/representative values remain editable and compile through both production literal paths (24.3203ms)
✔ AT-S01-05: document identity, complete content, new lifetime/empty history and semantic regeneration (2.6245ms)
✔ AT-S01-07: ACK of A never marks B saved, rejection and SAVE_BUSY retain baseline; download is separate (8.6622ms)
✔ old saved handle cannot attach to same persistent IDs after reload (4.2622ms)
✔ wire unknown structure, unsupported version/operation/tag, malformed known data precedence and original retention (2.7787ms)
✔ writer refuses executable/hidden values, sparse arrays, nonfinite numbers and altered prototypes without invoking getters (1.8364ms)
✔ missing exact module preserves opaque state and last port policy; loss payload is never activated (2.7537ms)
✔ forged stored conversion remains saveable but cannot generate (2.5469ms)
✔ prototype-named unknown structural keys and non-JSON whitespace are not silently accepted (2.2329ms)
✔ unrelated edits preserve forged connection evidence rather than silently repairing it (2.1839ms)
✔ pending storage open cannot replace a newer edit or document lifetime (2.8477ms)
✔ unrelated edits retain explicit invalid-edge evidence even when its stored plan is structurally valid (2.2224ms)
✔ AT-S02-04 PNG: CRC oracle, roundtrip, repeated wrapping and unowned chunks preserve bytes (9.135ms)
✔ AT-S02-04 PNG: malformed CRC, missing metadata, duplicate metadata, compression and malformed envelope are named rejections (5.0541ms)
✔ AT-S02-04 PNG: structural boundaries, file/chunk/metadata limits and invalid UTF-8 never decode pixels or compressed text (97.8765ms)
✔ AT-S02-04 PNG: ASCII/CJK/non-BMP budgets match text intake and preserve canonical graph (147.4871ms)
✔ AT-S02-01: detached inspection/cancel/raw retention and one atomic replacement with Context continuity and Undo/Redo (11.9187ms)
✔ AT-S02-01: base revision, content, lifetime, readonly, busy and fabricated review fences (22.3306ms)
✔ AT-S02-01: invalid/future/duplicate IDs/unknown structure have explicit outcomes and never publish (10.7607ms)
✔ AT-S02-01: only explicit layout repair yields a candidate; unknown endpoints/references are never guessed (10.0966ms)
✔ AT-S02-01: mismatched exact pins cannot replace the destination; failed replacement is atomic (2.9807ms)
✔ AT-S02-02: missing exact module survives move/rename/save/reopen; exact restoration invokes codec and never substitutes latest (8.1543ms)
✔ AT-S02-03 boundary: foreign/legacy input is retained with explicit unresolved Gate, never implicit conversion or archive execution (0.9424ms)
✔ AT-S02-04: ASCII/CJK/non-BMP UTF-8 exact byte budget produces deterministic results without truncation (32.3685ms)
✔ AT-S02-04: network budgets, duplicate JSON keys, unknown nested structure and opaque fields are independently checked (14.3668ms)
✔ S03 Group17 retains a draft, compilation rejects per-direction limit, Undo restores original (54.0533ms)
✔ S03 64-definition destination rejects independence and imported 65th atomically (1260.5882ms)
✔ S03 nested nodes overflow rejects before paste publication (18.7393ms)
✔ S03 nested edges overflow rejects before paste publication (24.8363ms)
✔ S03 symbolic extents require int/uint sources, only outer dimension and pure compilation (7.5956ms)
✔ S03 New may retain a 257-node draft; generation and save reject it without losing the draft (112.1504ms)
✔ S03 partial frames stay outside clipboard; pasted relative positions retain a common offset (6.2469ms)
✔ S03 persisted nested source is preserved while new nested source admission remains rejected (5.609ms)
✔ S03 scalar/vector/matrix sources transfer; composite source reuses only within its source lifetime (22.5641ms)
✔ S03 FR01 admitted nested Structure arrays fail ES300 profile without artifacts; one dimension succeeds (6.7571ms)
✔ S03 FR02 independence remaps mixed parent and shared child owner references with Undo/Redo (43.0688ms)
✔ S03 FR02 independence remaps mixed parent and cloned child owner references with Undo/Redo (45.9079ms)
✔ S03 FR02 incomplete shared-child node address rejects independence atomically (8.8012ms)
✔ S03 FR03 editing inner Structure validates dependent depth16 and preserves Redo on depth17 rejection (19.6128ms)
✔ S03 FR03 affected dependent expansion and vector component budgets reject atomically (3.3407ms)
✔ S03 EG01 native array constructor2048, clipboard2048 boundary and same-load reuse (4.9172ms)
✔ S03 EG01 native array constructor2049, clipboard2048 boundary and same-load reuse (5.6353ms)
✔ S03 EG01 native array constructor4096, clipboard2048 boundary and same-load reuse (5.9008ms)
✔ S03 EG01 native array constructor4097 rejects atomically (1.7977ms)
✔ S03 EG01 sampler clipboard path2048 admission (3.3024ms)
✔ S03 EG01 sampler clipboard path2049 admission (3.3583ms)
✔ S03 EG01 native arrays admit float/vec2/vec3/vec4 and remap symbolic length closure (23.3514ms)
✔ S03 EG01 native arrays reject matrix/nested/expressions and invalid length owner types (8.6624ms)
✔ S03 EG01 TOP declarations clone while source+origin slots reuse, defaults persist, and Undo/Redo/save preserve identity (15.0173ms)
✔ S03 EG01 specialization import allocates minimal vacant ID0,2 ->1 (5.3588ms)
✔ S03 EG01 unsupported target, unavailable owner and throwing owner reject without publication (7.3465ms)
✔ S03 EG01 numeric uniform scalar/vector/matrix transfer remains independent and generation is explicit unavailable (15.0111ms)
✔ S03 FR03 registered resource types cannot become Structure fields (2.6762ms)
✔ S03 EG01 exact provider/target ownership and imported descriptor failures stay atomic (4.4192ms)
✔ S03 EG01 round2 implicit constant array@["glsl.float",2] preserves same-load reuse and rejects real cross-Graph and fresh-load publication (12.0173ms)
✔ S03 EG01 round2 constant array@["glsl.float",2] preserves same-load reuse and rejects real cross-Graph and fresh-load publication (15.0862ms)
✔ S03 EG01 round2 uniform array@["glsl.float",2] preserves same-load reuse and rejects real cross-Graph and fresh-load publication (12.8277ms)
✔ S03 EG01 round2 implicit constant array@["glsl.vec2",2] preserves same-load reuse and rejects real cross-Graph and fresh-load publication (13.3522ms)
✔ S03 EG01 round2 constant array@["glsl.vec2",2] preserves same-load reuse and rejects real cross-Graph and fresh-load publication (15.4836ms)
✔ S03 EG01 round2 uniform array@["glsl.vec2",2] preserves same-load reuse and rejects real cross-Graph and fresh-load publication (14.9126ms)
✔ S03 EG01 round2 scalar/vector/matrix constants and uniforms still cross actual Graph and fresh load (73.0987ms)
✔ S03 custom declared/state closure same-Graph remaps identities only and Undo/Redo (8.8784ms)
✔ S03 custom declared/state closure cross-Graph remaps identities only and Undo/Redo (9.5967ms)
✔ S03 grouping an existing caller preserves child-owned frame node addresses (12.0774ms)
✔ S03 owner collect/remap throws and escaping/incomplete references reject atomically with Redo preserved (9.1218ms)
✔ S03 custom resources follow encapsulation and direct independence, ordinary dependencies remain shared (19.6345ms)
✔ S03 encapsulation deduplicates crossing interfaces, shared generation is pure, Undo restores all references (7.0257ms)
✔ S03 interface rename/reorder/type/removal reconciles every caller once and Undo restores values/invalid edges/loss (12.0777ms)
✔ S03 nested resource callers including unused ancestors reconcile child interface (12.7146ms)
✔ S03 library position keeps identity, semantic edit forks target and library ancestors and local refs atomically (23.369ms)
✔ S03 direct make independent clones direct definition, shares dependencies and remaps own boundary (18.6949ms)
✔ S03 same-load clipboard reuses current source; cross-graph remaps resources and preserves text (7.2947ms)
✔ S03 clipboard typed native symbolic array closure remaps only semantic references (6.0298ms)
✔ S03 late bad edge, escaping refs, forbidden source and missing closure reject without nodes/resources/history/notifications (5.9812ms)
✔ S03 source selection stays outside encapsulation; boundary-only grouping is no-op and preserves redo (4.1793ms)
✔ S03 structure drafts retain stable fields, reject recursion and block deletion while referenced (2.3937ms)
✔ S03 contexts distinguish occurrences; nested scoped targets never revive after navigation and Undo (35.2153ms)
✔ S03 library snapshot position edit retains origin, first semantic edit forks and old source remains immutable (9.3978ms)
✔ S03 nested delete and required boundary protection use the canonical Graph (7.3107ms)
✔ S03 library ancestor traversal crosses local parents (36.4627ms)
✔ S03 spare-port creation and first edge are one Undo entry with stable keys (8.1188ms)
✔ S03 whole frames travel through grouping and cross-Graph clipboard with fresh identities (10.2286ms)
✔ S03 vector/matrix reshape retains override components and defaults follow interface defaults (6.1549ms)
✔ S03 malformed resource envelopes, missing boundaries and nominal conflicts reject atomically (8.4992ms)
✔ S03 source admission cannot be bypassed by nested add, grouping or pasted nodes (4.3402ms)
✔ S03 layout proposal rejects navigation ABA, semantic fork and Undo (21.3933ms)
✔ S03 clipboard rejects forged hydrated plans and invalid edge evidence (3.0975ms)
✔ S03 empty library paste preserves origin, selection-independent History and Redo (7.1984ms)
✔ S03 packet-wide network identity collisions and malformed reused resource envelopes reject (5.6018ms)
✔ S03 source transfer uses actual load identity and reopened documents cannot forge same-load reuse (4.1076ms)
✔ S03 structure emission is read-only, nominally declared once, field deletion preserves invalid edges and Undo (6.9058ms)
✔ S03 accepted paste requires a valid destination and direct whole frames survive clipboard (5.0433ms)
✔ S03 scoped parameters and proposals from identical persistent IDs expire across a new load (15.9493ms)
✔ S03 library grouping resolves the forked canonical network (7.156ms)
✔ S03 local child semantic edit forks its library ancestor (18.7061ms)
✔ S03 explicit override equal to default survives interface defaults and save/reload (14.1868ms)
✔ S03 direct independence preserves nonowned state, declared references and typed frame resources (12.6288ms)
✔ S03 encapsulation rejects cross-scope node references despite matching local IDs (1.9489ms)
✔ S03 New creates Value vec4 passthrough; shared rename retains instance names and no-op keeps library identity (14.0594ms)
✔ S03 explicit interface Add stops at16 per direction without erasing preserved oversized draft (16.9627ms)
✔ S03 structure authoring validates count, names, description, nested fixed arrays, recursion/depth and expansion (650.8057ms)
✔ S03 large external array declarations survive metadata edits; materialization remains bounded (6.859ms)
✔ S03 type tokens retain eight dimensions and reject extra tuple fields (2.9446ms)
✔ S03 disconnected output boundary follows shared output defaults (15.9039ms)
✔ S03 inline array construction and same-load reuse allow2049 elements; cross-Graph clipboard rejects composites (40.5034ms)
✔ S03 nested input link ABA invalidates old edit tokens without changing History on rejection (82.2694ms)
✔ S03 shared same-key type changes reject stale caller tokens and removed handles never revive (37.7388ms)
✔ S03 cross-Graph nominal closure remaps nested structures and Undo removes the full insertion (13.4403ms)
✔ S03 reusable definition cycles reject atomically including unused dependencies (18.0923ms)
✔ S04 Personal complete owner payload and typed references survive reuse fork and absent Library source (80.8327ms)
✔ S04 DEC004 same-name destination sources retain distinct identity and changed imported bindings regenerate (679.4849ms)
✔ S04 Personal malformed envelope checksum and unsupported owner reject before provider writes; list deduplicates renamed files (57.8107ms)
✔ S04 DEC002 one-source fanout does not mutate source or existing conversions and pad failures agree (27.3525ms)
✔ S04 Personal root owner remap and input-bound Independent retain complete typed scope (99.5224ms)
✔ S04 stored inherited v2 and pad plans retain complete extensions through Personal shared import and reopen (32.9744ms)
✔ S04 shipped basic Library snapshot compiles after semantic fork and Personal roundtrip (11.2077ms)
✔ S04 Personal canonical package preserves snapshots, same-version reuse, independent and collision-safe filenames (33.4791ms)
✔ S04 DEC002 all16 default float plans, version fences and current ImageOutput compile (1.9176ms)
✔ S04 AC001 additive envelope upgrade retains exact pins and inactive evidence, fences v2 under2.0 (1.3729ms)
✔ S04 DEC004 literal Personal typed closure survives canonical export import save reopen generation (32.4462ms)
✔ S04 DEC004 source Personal typed closure survives canonical export import save reopen generation (85.8256ms)
✔ S04 DEC004 direct-source Personal typed closure survives canonical export import save reopen generation (42.8279ms)
✔ S04 DEC004 input Personal typed closure survives canonical export import save reopen generation (85.2527ms)
✔ S04 DEC004 input-bound length uses caller override and rejects conflicting caller sources (25.2493ms)
✔ S04 DEC004 nested shared input bindings remap through Personal and remain independent after semantic fork and reinsert (495.0912ms)
✔ S04 AC001 inactive owner network resources and unknown wrapper versions preserve the version fence (6.8904ms)
✔ S04 DEC004 rejected literal/source/input/nested candidates are atomic through Application with valid checksums (277.7497ms)
✔ S04 Personal Library per-file isolation, safe names, duplicate-at-capacity and provider failures leave existing assets unchanged (50.1892ms)
✔ S04 AC001 unchanged accepted reader and exact old/new definition boundaries (4.2753ms)
✔ S04 inherited v2 plans preserve extensions across hydration move clipboard nested and Personal (17.6418ms)
✔ S04 current exact source owner supports new image descriptors without retargeting legacy owner (0.9863ms)
✔ S04 DEC004 required int length input qualifies with an actual constant supply and changed caller defaults regenerate (125.4499ms)
✔ S05 replacement eligibility keeps source validity separate and exact mismatch refusal atomic (18.1263ms)
✔ S05 matching replacement preserves Graph load and Context identity with one full-content Undo Redo (27.2877ms)
✔ S05 replacement eligibility and command retain stale cancelled invalid readonly and fabricated guards (28.6145ms)
✔ S05 model preflight and publication share exact kind and ordered-pin refusal without History (3.857ms)
✔ S05-FR-001 complete program preserves distinct and reversed shared Uniform identity in all emission modes (544.3292ms)
✔ S05-FR-001 same-stage same resource type conflict fails without artifacts or Graph changes (15.8185ms)
✔ S05-FR-001 same-stage same resource default conflict fails without artifacts or Graph changes (15.1361ms)
✔ S05-FR-001 cross-stage same resource type conflict fails without artifacts or Graph changes (15.4761ms)
✔ S05-FR-001 cross-stage same resource default conflict fails without artifacts or Graph changes (13.395ms)
✔ S05 fixed float: literals inside Function stay constant while formal and result are runtime (37.1405ms)
✔ S05 fixed float: defaults fixed schema every stage and mode with pure generation and roundtrip (256.7642ms)
✔ S05 fixed float: bad payloads unused errors atomic commands fixed source and constant distinction (3.2822ms)
✔ S05 fixed float: scoped two-context edits one Undo and stale token preserve History (19.1353ms)
✔ S05 fixed float: shared Function and Personal owner closure retain exact values (20.0779ms)
✔ S05 fixed vec2: literals inside Function stay constant while formal and result are runtime (32.8621ms)
✔ S05 fixed vec2: defaults fixed schema every stage and mode with pure generation and roundtrip (251.0388ms)
✔ S05 fixed vec2: bad payloads unused errors atomic commands fixed source and constant distinction (5.0582ms)
✔ S05 fixed vec2: scoped two-context edits one Undo and stale token preserve History (16.8557ms)
✔ S05 fixed vec2: shared Function and Personal owner closure retain exact values (21.8116ms)
✔ S05 fixed vec3: literals inside Function stay constant while formal and result are runtime (32.4697ms)
✔ S05 fixed vec3: defaults fixed schema every stage and mode with pure generation and roundtrip (261.6868ms)
✔ S05 fixed vec3: bad payloads unused errors atomic commands fixed source and constant distinction (4.4815ms)
✔ S05 fixed vec3: scoped two-context edits one Undo and stale token preserve History (17.3321ms)
✔ S05 fixed vec3: shared Function and Personal owner closure retain exact values (18.7688ms)
✔ S05 fixed color: literals inside Function stay constant while formal and result are runtime (34.1805ms)
✔ S05 fixed color: defaults fixed schema every stage and mode with pure generation and roundtrip (259.1957ms)
✔ S05 fixed color: bad payloads unused errors atomic commands fixed source and constant distinction (6.1297ms)
✔ S05 fixed color: scoped two-context edits one Undo and stale token preserve History (18.251ms)
✔ S05 fixed color: shared Function and Personal owner closure retain exact values (20.8583ms)
✔ S05 AT03 source/literal shape extents stay fixed; input-bound scalar extent cannot specialize a function (90.1158ms)
✔ S05 AT04 pre-existing malformed constant edge and authored losses are preserved (19.0615ms)
✔ S05 AT04 AT05 unused shared dependent definitions localize and detach atomically with Redo exact (61.3331ms)
✔ S05 AT08 multioutput and unconsumed nested effects have one evaluation per occurrence and stage-local helpers (39.805ms)
✔ S05 AT08 two live depth writer occurrences reject even when one helper body is deduplicated (20.9509ms)
✔ S05 AT01 definition default shared mode independent and no-op History (26.4047ms)
✔ S05 AT02 one helper per definition and distinct caller arguments; nested helpers are dependency ordered (31.8504ms)
✔ S05 AT03 ordinary inputs are runtime even when all callers pass constants; dead constant uses reject atomically (23.023ms)
✔ S05 AT03 Uniform parameter binding is runtime; ordinary connection rejects constant receiver without publication (19.2592ms)
✔ S05 AT04 AT05 transitive newly-invalid consumer edges detach once with losses, Undo/Redo and required error (29.0055ms)
✔ S05 AT06 function Personal roundtrip reuses mode, localizes once and preserves source bytes (73.486ms)
✔ S05 AT06 DEC004 upgraded literal source input and nested Personal retain selected eligible modes through exchange (681.3891ms)
✔ S05 AT07 explicit owner upgrade preserves old pins/body/origin and unknown mode never defaults (7.9225ms)
✔ S05 AT09 later invalid edit and load retain function mode; diagnostic names shared definition and related calls (18.0299ms)
✔ S05 AT10 body/mode/profile changes create fresh artifacts and old snapshot is immutable (66.0959ms)
✔ S05 HTTP provider SHA256 canonical bytes known vectors and secure UUIDv4 fail-closed (62.5012ms)
✔ M1: missing-module boundary x rename rejects save before ACK without data loss (33.481ms)
✔ M1: missing-module boundary 中 rename rejects save before ACK without data loss (24.4706ms)
✔ M1: missing-module boundary 🍇 rename rejects save before ACK without data loss (34.6974ms)
✔ M1: compact fallback validates actual emitted bytes at and beyond the budget (7.7181ms)
✔ M1: nodes at/beyond network limit obey save/reopen invariant (27.6652ms)
✔ M1: edges at/beyond network limit obey save/reopen invariant (49.1961ms)
✔ M1: editing beyond network capacity cannot acknowledge a save or erase the previous saved document (148.584ms)
ℹ tests 224
ℹ suites 0
ℹ pass 224
ℹ fail 0
ℹ cancelled 0
ℹ skipped 0
ℹ todo 0
ℹ duration_ms 10971.1137
(node:3932) ExperimentalWarning: Transform Types is an experimental feature and might change at any time
(Use `node --trace-warnings ...` to show where the warning was created)
