✔ production ownership manifest covers every source and rejects mutation/platform/extension violations (1228.984ms)
✔ S02 conformance: replacement uses one public Graph batch, isolates observers and retains two Context identities (13.8645ms)
✔ S02 conformance: direct replacement rejects model Error without modifying document/history (3.3715ms)
✔ M2: direct replacement atomically rejects malformed position component before publication (2.3103ms)
✔ M2: direct replacement atomically rejects malformed position length before publication (1.9641ms)
✔ M2: direct replacement atomically rejects duplicate recovery IDs before publication (1.7742ms)
✔ M2: direct replacement atomically rejects unknown envelope field before publication (2.2086ms)
✔ M2: direct replacement atomically rejects unknown node field before publication (2.1807ms)
✔ M2: direct replacement atomically rejects unknown endpoint field before publication (1.5873ms)
✔ M2: catching invalid replacement cannot publish earlier edits in the same batch (2.3755ms)
✔ M2: valid detached replacement publishes once and retains exact Undo/Redo content (3.858ms)
✔ L10N exact owner, parent/default/inline fallback and plain interpolation leave model/history/generation unchanged (1.6829ms)
✔ L10N atomic duplicate/malformed rejection, revision CAS and immutable detached catalogs (0.3832ms)
✔ L10N observer errors/reentry are isolated, cleanup cancels later delivery, disposed service rejects (0.146ms)
✔ PC authority: declaration is not grant; render/async/outside event denied, same mounted event succeeds (5.6015ms)
✔ PC gesture: origin guard, one operation, cross-Panel lease rejection and latest lease required (8.3525ms)
✔ PC move/hide cancel pointer gesture and drain new leases before workspace action returns (23.5144ms)
✔ PC render failure cancels only unfinished operation after publication, with no reentrant mutation (6.371ms)
✔ PC same ID reuse and old scope registrations remain revoked (3.0031ms)
✔ VM resources: cleanup in reverse order, failure isolation, stale async tickets, no render reentrancy (0.2511ms)
✔ two independently registered Panels and two Widget view shapes share lifecycle without feature dispatch (0.8857ms)
✔ VM mount/capture/update reentrancy revokes scope and preserves placeholder; explicit retry recovers (0.3269ms)
✔ VM subscription failure releases acquired subscriptions and cannot pretend to mount (0.1154ms)
✔ PC application denies every editing command while readonly or history busy; field binding invalidates (14.128ms)
✔ AT-S01-01: Float × Multiply → Compose emits pinned host-free GLSL without mutation (2.6525ms)
✔ AT-S01-02: direction, cross-network, occupied input, cycle and type failures are atomic (1.899ms)
✔ AT-S01-03: mode change captures complete prior ports, edge plans and loss; undo/redo and reload (5.2858ms)
✔ AT-S01-04: multi-batch operation, cancel/no-op redo, expired draft and async draft (4.1035ms)
✔ AT-S01-08: projection before observers, reentrant writes reject and throwing observer does not roll back (1.6867ms)
✔ AT-S01-06: contexts share model and clean selection before external observation (6.6537ms)
✔ scoped field token rejects value ABA, busy, connected and dead targets; unrelated movement preserves token (12.7026ms)
✔ all model errors including unused nodes block generation; fixed definitions and boundaries remain protected (1.9728ms)
✔ generation rejects missing/extra declared boundary output even when a module emits an incomplete map (1.8864ms)
✔ shared type environment rejects unknown identity and permits explicitly registered nominal types without changing core dispatch (0.4824ms)
✔ AT-S01-02: endpoints in two real Stage networks cannot be cross-connected (2.6124ms)
✔ unknown Stage slots block generation; duplicate slot identities reject before hydration (4.9704ms)
✔ M1 reviewer counterexample: float 1e21 generates a valid GLSL floating constant (3.4452ms)
✔ M1 reviewer counterexample: multiply 1e21 generates a valid GLSL floating constant (3.355ms)
✔ M1 literal grammar and value roundtrip cover integers, decimals, signs and exponent-form values (0.2588ms)
✔ M1 all finite float32 exponent bins and representative mantissas have legal value-preserving literals (1.9399ms)
✔ M1 admitted boundary/representative values remain editable and compile through both production literal paths (26.1706ms)
✔ AT-S01-05: document identity, complete content, new lifetime/empty history and semantic regeneration (2.6316ms)
✔ AT-S01-07: ACK of A never marks B saved, rejection and SAVE_BUSY retain baseline; download is separate (10.5274ms)
✔ old saved handle cannot attach to same persistent IDs after reload (5.7993ms)
✔ wire unknown structure, unsupported version/operation/tag, malformed known data precedence and original retention (2.8185ms)
✔ writer refuses executable/hidden values, sparse arrays, nonfinite numbers and altered prototypes without invoking getters (2.2432ms)
✔ missing exact module preserves opaque state and last port policy; loss payload is never activated (4.795ms)
✔ forged stored conversion remains saveable but cannot generate (2.5551ms)
✔ prototype-named unknown structural keys and non-JSON whitespace are not silently accepted (2.5657ms)
✔ unrelated edits preserve forged connection evidence rather than silently repairing it (2.655ms)
✔ pending storage open cannot replace a newer edit or document lifetime (3.2669ms)
✔ unrelated edits retain explicit invalid-edge evidence even when its stored plan is structurally valid (3.6867ms)
✔ AT-S02-04 PNG: CRC oracle, roundtrip, repeated wrapping and unowned chunks preserve bytes (10.5736ms)
✔ AT-S02-04 PNG: malformed CRC, missing metadata, duplicate metadata, compression and malformed envelope are named rejections (4.2977ms)
✔ AT-S02-04 PNG: structural boundaries, file/chunk/metadata limits and invalid UTF-8 never decode pixels or compressed text (104.0485ms)
✔ AT-S02-04 PNG: ASCII/CJK/non-BMP budgets match text intake and preserve canonical graph (153.5919ms)
✔ AT-S02-01: detached inspection/cancel/raw retention and one atomic replacement with Context continuity and Undo/Redo (10.09ms)
✔ AT-S02-01: base revision, content, lifetime, readonly, busy and fabricated review fences (26.2299ms)
✔ AT-S02-01: invalid/future/duplicate IDs/unknown structure have explicit outcomes and never publish (12.3782ms)
✔ AT-S02-01: only explicit layout repair yields a candidate; unknown endpoints/references are never guessed (11.0584ms)
✔ AT-S02-01: mismatched exact pins cannot replace the destination; failed replacement is atomic (2.5939ms)
✔ AT-S02-02: missing exact module survives move/rename/save/reopen; exact restoration invokes codec and never substitutes latest (8.7189ms)
✔ AT-S02-03 boundary: foreign/legacy input is retained with explicit unresolved Gate, never implicit conversion or archive execution (0.72ms)
✔ AT-S02-04: ASCII/CJK/non-BMP UTF-8 exact byte budget produces deterministic results without truncation (29.2967ms)
✔ AT-S02-04: network budgets, duplicate JSON keys, unknown nested structure and opaque fields are independently checked (15.5498ms)
✔ S03 Group17 retains a draft, compilation rejects per-direction limit, Undo restores original (61.1084ms)
✔ S03 64-definition destination rejects independence and imported 65th atomically (1299.2537ms)
✔ S03 nested nodes overflow rejects before paste publication (16.8512ms)
✔ S03 nested edges overflow rejects before paste publication (21.1887ms)
✔ S03 symbolic extents require int/uint sources, only outer dimension and pure compilation (6.4029ms)
✔ S03 New may retain a 257-node draft; generation and save reject it without losing the draft (115.2835ms)
✔ S03 partial frames stay outside clipboard; pasted relative positions retain a common offset (5.5973ms)
✔ S03 persisted nested source is preserved while new nested source admission remains rejected (5.2958ms)
✔ S03 scalar/vector/matrix sources transfer; composite source reuses only within its source lifetime (21.8444ms)
✔ S03 FR01 admitted nested Structure arrays fail ES300 profile without artifacts; one dimension succeeds (7.0647ms)
✔ S03 FR02 independence remaps mixed parent and shared child owner references with Undo/Redo (43.0121ms)
✔ S03 FR02 independence remaps mixed parent and cloned child owner references with Undo/Redo (46.1431ms)
✔ S03 FR02 incomplete shared-child node address rejects independence atomically (8.8948ms)
✔ S03 FR03 editing inner Structure validates dependent depth16 and preserves Redo on depth17 rejection (16.4484ms)
✔ S03 FR03 affected dependent expansion and vector component budgets reject atomically (3.311ms)
✔ S03 EG01 native array constructor2048, clipboard2048 boundary and same-load reuse (5.0332ms)
✔ S03 EG01 native array constructor2049, clipboard2048 boundary and same-load reuse (6.0264ms)
✔ S03 EG01 native array constructor4096, clipboard2048 boundary and same-load reuse (6.4698ms)
✔ S03 EG01 native array constructor4097 rejects atomically (1.8349ms)
✔ S03 EG01 sampler clipboard path2048 admission (3.333ms)
✔ S03 EG01 sampler clipboard path2049 admission (4.0743ms)
✔ S03 EG01 native arrays admit float/vec2/vec3/vec4 and remap symbolic length closure (22.5311ms)
✔ S03 EG01 native arrays reject matrix/nested/expressions and invalid length owner types (8.1675ms)
✔ S03 EG01 TOP declarations clone while source+origin slots reuse, defaults persist, and Undo/Redo/save preserve identity (13.9174ms)
✔ S03 EG01 specialization import allocates minimal vacant ID0,2 ->1 (4.9922ms)
✔ S03 EG01 unsupported target, unavailable owner and throwing owner reject without publication (6.0176ms)
✔ S03 EG01 numeric uniform scalar/vector/matrix transfer remains independent and generation is explicit unavailable (13.4286ms)
✔ S03 FR03 registered resource types cannot become Structure fields (2.4646ms)
✔ S03 EG01 exact provider/target ownership and imported descriptor failures stay atomic (4.2047ms)
✔ S03 EG01 round2 implicit constant array@["glsl.float",2] preserves same-load reuse and rejects real cross-Graph and fresh-load publication (9.8355ms)
✔ S03 EG01 round2 constant array@["glsl.float",2] preserves same-load reuse and rejects real cross-Graph and fresh-load publication (11.1009ms)
✔ S03 EG01 round2 uniform array@["glsl.float",2] preserves same-load reuse and rejects real cross-Graph and fresh-load publication (11.0608ms)
✔ S03 EG01 round2 implicit constant array@["glsl.vec2",2] preserves same-load reuse and rejects real cross-Graph and fresh-load publication (10.8839ms)
✔ S03 EG01 round2 constant array@["glsl.vec2",2] preserves same-load reuse and rejects real cross-Graph and fresh-load publication (10.2116ms)
✔ S03 EG01 round2 uniform array@["glsl.vec2",2] preserves same-load reuse and rejects real cross-Graph and fresh-load publication (13.1165ms)
✔ S03 EG01 round2 scalar/vector/matrix constants and uniforms still cross actual Graph and fresh load (53.2628ms)
✔ S03 custom declared/state closure same-Graph remaps identities only and Undo/Redo (7.328ms)
✔ S03 custom declared/state closure cross-Graph remaps identities only and Undo/Redo (6.9629ms)
✔ S03 grouping an existing caller preserves child-owned frame node addresses (10.3447ms)
✔ S03 owner collect/remap throws and escaping/incomplete references reject atomically with Redo preserved (7.4185ms)
✔ S03 custom resources follow encapsulation and direct independence, ordinary dependencies remain shared (16.3913ms)
✔ S03 encapsulation deduplicates crossing interfaces, shared generation is pure, Undo restores all references (5.8678ms)
✔ S03 interface rename/reorder/type/removal reconciles every caller once and Undo restores values/invalid edges/loss (10.8489ms)
✔ S03 nested resource callers including unused ancestors reconcile child interface (11.9513ms)
✔ S03 library position keeps identity, semantic edit forks target and library ancestors and local refs atomically (21.3027ms)
✔ S03 direct make independent clones direct definition, shares dependencies and remaps own boundary (19.8808ms)
✔ S03 same-load clipboard reuses current source; cross-graph remaps resources and preserves text (6.5309ms)
✔ S03 clipboard typed native symbolic array closure remaps only semantic references (5.7227ms)
✔ S03 late bad edge, escaping refs, forbidden source and missing closure reject without nodes/resources/history/notifications (5.2129ms)
✔ S03 source selection stays outside encapsulation; boundary-only grouping is no-op and preserves redo (3.4847ms)
✔ S03 structure drafts retain stable fields, reject recursion and block deletion while referenced (2.0825ms)
✔ S03 contexts distinguish occurrences; nested scoped targets never revive after navigation and Undo (32.0071ms)
✔ S03 library snapshot position edit retains origin, first semantic edit forks and old source remains immutable (7.2915ms)
✔ S03 nested delete and required boundary protection use the canonical Graph (4.9422ms)
✔ S03 library ancestor traversal crosses local parents (28.1813ms)
✔ S03 spare-port creation and first edge are one Undo entry with stable keys (6.9367ms)
✔ S03 whole frames travel through grouping and cross-Graph clipboard with fresh identities (9.1325ms)
✔ S03 vector/matrix reshape retains override components and defaults follow interface defaults (6.4219ms)
✔ S03 malformed resource envelopes, missing boundaries and nominal conflicts reject atomically (7.5336ms)
✔ S03 source admission cannot be bypassed by nested add, grouping or pasted nodes (4.0999ms)
✔ S03 layout proposal rejects navigation ABA, semantic fork and Undo (18.9629ms)
✔ S03 clipboard rejects forged hydrated plans and invalid edge evidence (3.1275ms)
✔ S03 empty library paste preserves origin, selection-independent History and Redo (6.573ms)
✔ S03 packet-wide network identity collisions and malformed reused resource envelopes reject (4.7638ms)
✔ S03 source transfer uses actual load identity and reopened documents cannot forge same-load reuse (2.7798ms)
✔ S03 structure emission is read-only, nominally declared once, field deletion preserves invalid edges and Undo (5.6728ms)
✔ S03 accepted paste requires a valid destination and direct whole frames survive clipboard (4.2811ms)
✔ S03 scoped parameters and proposals from identical persistent IDs expire across a new load (14.584ms)
✔ S03 library grouping resolves the forked canonical network (6.0667ms)
✔ S03 local child semantic edit forks its library ancestor (18.7442ms)
✔ S03 explicit override equal to default survives interface defaults and save/reload (12.049ms)
✔ S03 direct independence preserves nonowned state, declared references and typed frame resources (10.5619ms)
✔ S03 encapsulation rejects cross-scope node references despite matching local IDs (1.8313ms)
✔ S03 New creates Value vec4 passthrough; shared rename retains instance names and no-op keeps library identity (12.2308ms)
✔ S03 explicit interface Add stops at16 per direction without erasing preserved oversized draft (12.0381ms)
✔ S03 structure authoring validates count, names, description, nested fixed arrays, recursion/depth and expansion (397.9004ms)
✔ S03 large external array declarations survive metadata edits; materialization remains bounded (3.6011ms)
✔ S03 type tokens retain eight dimensions and reject extra tuple fields (1.8536ms)
✔ S03 disconnected output boundary follows shared output defaults (6.6821ms)
✔ S03 inline array construction and same-load reuse allow2049 elements; cross-Graph clipboard rejects composites (19.586ms)
✔ S03 nested input link ABA invalidates old edit tokens without changing History on rejection (34.5368ms)
✔ S03 shared same-key type changes reject stale caller tokens and removed handles never revive (20.7924ms)
✔ S03 cross-Graph nominal closure remaps nested structures and Undo removes the full insertion (5.124ms)
✔ S03 reusable definition cycles reject atomically including unused dependencies (10.5653ms)
✔ S04 Personal complete owner payload and typed references survive reuse fork and absent Library source (51.4166ms)
✔ S04 DEC004 same-name destination sources retain distinct identity and changed imported bindings regenerate (457.4423ms)
✔ S04 Personal malformed envelope checksum and unsupported owner reject before provider writes; list deduplicates renamed files (32.8465ms)
✔ S04 DEC002 one-source fanout does not mutate source or existing conversions and pad failures agree (18.901ms)
✔ S04 Personal root owner remap and input-bound Independent retain complete typed scope (79.002ms)
✔ S04 stored inherited v2 and pad plans retain complete extensions through Personal shared import and reopen (29.3223ms)
✔ S04 shipped basic Library snapshot compiles after semantic fork and Personal roundtrip (11.2352ms)
✔ S04 Personal canonical package preserves snapshots, same-version reuse, independent and collision-safe filenames (29.2606ms)
✔ S04 DEC002 all16 default float plans, version fences and current ImageOutput compile (1.2372ms)
✔ S04 AC001 additive envelope upgrade retains exact pins and inactive evidence, fences v2 under2.0 (1.2685ms)
✔ S04 DEC004 literal Personal typed closure survives canonical export import save reopen generation (31.4138ms)
✔ S04 DEC004 source Personal typed closure survives canonical export import save reopen generation (77.8199ms)
✔ S04 DEC004 direct-source Personal typed closure survives canonical export import save reopen generation (38.5107ms)
✔ S04 DEC004 input Personal typed closure survives canonical export import save reopen generation (79.4562ms)
✔ S04 DEC004 input-bound length uses caller override and rejects conflicting caller sources (22.4813ms)
✔ S04 DEC004 nested shared input bindings remap through Personal and remain independent after semantic fork and reinsert (375.8616ms)
✔ S04 AC001 inactive owner network resources and unknown wrapper versions preserve the version fence (5.4504ms)
✔ S04 DEC004 rejected literal/source/input/nested candidates are atomic through Application with valid checksums (210.0671ms)
✔ S04 Personal Library per-file isolation, safe names, duplicate-at-capacity and provider failures leave existing assets unchanged (34.7008ms)
✔ S04 AC001 unchanged accepted reader and exact old/new definition boundaries (2.6899ms)
✔ S04 inherited v2 plans preserve extensions across hydration move clipboard nested and Personal (13.742ms)
✔ S04 current exact source owner supports new image descriptors without retargeting legacy owner (0.8093ms)
✔ S04 DEC004 required int length input qualifies with an actual constant supply and changed caller defaults regenerate (92.1128ms)
✔ S05 replacement eligibility keeps source validity separate and exact mismatch refusal atomic (14.7659ms)
✔ S05 matching replacement preserves Graph load and Context identity with one full-content Undo Redo (19.6519ms)
✔ S05 replacement eligibility and command retain stale cancelled invalid readonly and fabricated guards (27.8255ms)
✔ S05 model preflight and publication share exact kind and ordered-pin refusal without History (3.7124ms)
✔ S05-FR-001 complete program preserves distinct and reversed shared Uniform identity in all emission modes (496.8263ms)
✔ S05-FR-001 same-stage same resource type conflict fails without artifacts or Graph changes (14.9983ms)
✔ S05-FR-001 same-stage same resource default conflict fails without artifacts or Graph changes (14.3079ms)
✔ S05-FR-001 cross-stage same resource type conflict fails without artifacts or Graph changes (13.4994ms)
✔ S05-FR-001 cross-stage same resource default conflict fails without artifacts or Graph changes (14.5482ms)
✔ S05 fixed float: literals inside Function stay constant while formal and result are runtime (35.3954ms)
✔ S05 fixed float: defaults fixed schema every stage and mode with pure generation and roundtrip (238.2101ms)
✔ S05 fixed float: bad payloads unused errors atomic commands fixed source and constant distinction (3.45ms)
✔ S05 fixed float: scoped two-context edits one Undo and stale token preserve History (18.7271ms)
✔ S05 fixed float: shared Function and Personal owner closure retain exact values (19.2269ms)
✔ S05 fixed vec2: literals inside Function stay constant while formal and result are runtime (33.2143ms)
✔ S05 fixed vec2: defaults fixed schema every stage and mode with pure generation and roundtrip (241.5537ms)
✔ S05 fixed vec2: bad payloads unused errors atomic commands fixed source and constant distinction (4.4744ms)
✔ S05 fixed vec2: scoped two-context edits one Undo and stale token preserve History (19.3251ms)
✔ S05 fixed vec2: shared Function and Personal owner closure retain exact values (20.3405ms)
✔ S05 fixed vec3: literals inside Function stay constant while formal and result are runtime (34.8931ms)
✔ S05 fixed vec3: defaults fixed schema every stage and mode with pure generation and roundtrip (268.2584ms)
✔ S05 fixed vec3: bad payloads unused errors atomic commands fixed source and constant distinction (6.045ms)
✔ S05 fixed vec3: scoped two-context edits one Undo and stale token preserve History (21.6112ms)
✔ S05 fixed vec3: shared Function and Personal owner closure retain exact values (22.5369ms)
✔ S05 fixed color: literals inside Function stay constant while formal and result are runtime (37.5961ms)
✔ S05 fixed color: defaults fixed schema every stage and mode with pure generation and roundtrip (247.5972ms)
✔ S05 fixed color: bad payloads unused errors atomic commands fixed source and constant distinction (4.2926ms)
✔ S05 fixed color: scoped two-context edits one Undo and stale token preserve History (17.6079ms)
✔ S05 fixed color: shared Function and Personal owner closure retain exact values (19.9047ms)
✔ S05 AT03 source/literal shape extents stay fixed; input-bound scalar extent cannot specialize a function (79.1016ms)
✔ S05 AT04 pre-existing malformed constant edge and authored losses are preserved (15.1033ms)
✔ S05 AT04 AT05 unused shared dependent definitions localize and detach atomically with Redo exact (60.1469ms)
✔ S05 AT08 multioutput and unconsumed nested effects have one evaluation per occurrence and stage-local helpers (39.1955ms)
✔ S05 AT08 two live depth writer occurrences reject even when one helper body is deduplicated (18.0381ms)
✔ S05 AT01 definition default shared mode independent and no-op History (27.1122ms)
✔ S05 AT02 one helper per definition and distinct caller arguments; nested helpers are dependency ordered (31.2465ms)
✔ S05 AT03 ordinary inputs are runtime even when all callers pass constants; dead constant uses reject atomically (23.9563ms)
✔ S05 AT03 Uniform parameter binding is runtime; ordinary connection rejects constant receiver without publication (16.2169ms)
✔ S05 AT04 AT05 transitive newly-invalid consumer edges detach once with losses, Undo/Redo and required error (27.2965ms)
✔ S05 AT06 function Personal roundtrip reuses mode, localizes once and preserves source bytes (64.8668ms)
✔ S05 AT06 DEC004 upgraded literal source input and nested Personal retain selected eligible modes through exchange (497.9561ms)
✔ S05 AT07 explicit owner upgrade preserves old pins/body/origin and unknown mode never defaults (8.4198ms)
✔ S05 AT09 later invalid edit and load retain function mode; diagnostic names shared definition and related calls (17.6521ms)
✔ S05 AT10 body/mode/profile changes create fresh artifacts and old snapshot is immutable (44.0272ms)
✔ S05 HTTP provider SHA256 canonical bytes known vectors and secure UUIDv4 fail-closed (34.2518ms)
✔ M1: missing-module boundary x rename rejects save before ACK without data loss (17.8616ms)
✔ M1: missing-module boundary 中 rename rejects save before ACK without data loss (15.1733ms)
✔ M1: missing-module boundary 🍇 rename rejects save before ACK without data loss (26.4137ms)
✔ M1: compact fallback validates actual emitted bytes at and beyond the budget (5.3563ms)
✔ M1: nodes at/beyond network limit obey save/reopen invariant (19.2032ms)
✔ M1: edges at/beyond network limit obey save/reopen invariant (37.3957ms)
✔ M1: editing beyond network capacity cannot acknowledge a save or erase the previous saved document (104.7091ms)
ℹ tests 224
ℹ suites 0
ℹ pass 224
ℹ fail 0
ℹ cancelled 0
ℹ skipped 0
ℹ todo 0
ℹ duration_ms 9757.0532
(node:42124) ExperimentalWarning: Transform Types is an experimental feature and might change at any time
(Use `node --trace-warnings ...` to show where the warning was created)
