
> grape-s01@0.1.0 test:browser
> node tools/runtime.mjs && playwright test --output C:\Users\user\source\Grape\production\evidence\s04\browser-development-05\artifacts

[WebServer] (node:33356) Warning: The 'NO_COLOR' env is ignored due to the 'FORCE_COLOR' env being set.
[WebServer] (Use `node --trace-warnings ...` to show where the warning was created)

Running 53 tests using 1 worker

(node:25176) Warning: The 'NO_COLOR' env is ignored due to the 'FORCE_COLOR' env being set.
(Use `node --trace-warnings ...` to show where the warning was created)
  ok  1 [chromium] › tests\browser\s01.spec.ts:30:1 › AT-S01-01 browser: user creates connected shader, edits and sees generated GLSL (1.0s)
  ok  2 [chromium] › tests\browser\s01.spec.ts:56:1 › AT-S01-03 browser: dynamic shape errors are visible, Undo restores and Redo repeats (1.1s)
  ok  3 [chromium] › tests\browser\s01.spec.ts:85:1 › AT-S01-05 browser: IndexedDB ACK save/reopen and independent JSON download/file open (1.2s)
  ok  4 [chromium] › tests\browser\s01.spec.ts:115:1 › AT-S01-02 browser: occupied and incompatible connections preserve wires and revision (947ms)
  ok  5 [chromium] › tests\browser\s01.spec.ts:140:1 › AT-S01-04 browser: draft cancel, IME guard, keyboard commit, pointer gesture Undo and cancel (747ms)
  ok  6 [chromium] › tests\browser\s01.spec.ts:182:1 › AT-S01-06 browser: two Canvas contexts keep independent selections and camera while sharing edits (810ms)
  ok  7 [chromium] › tests\browser\s01.spec.ts:241:1 › AT-S01-07 browser: delayed storage completion cannot clear a newer edit; rejection and export preserve dirty (515ms)
  ok  8 [chromium] › tests\browser\s01.spec.ts:289:1 › recovery browser: future structural document stays read-only and original can be exported (378ms)
  ok  9 [chromium] › tests\browser\s01.spec.ts:316:1 › readonly browser: fields, actions and keyboard cannot edit; unlocking restores the same value (457ms)
  ok 10 [chromium] › tests\browser\s01.spec.ts:338:1 › diagnostics locate the affected node through the active Context without adding History (896ms)
  ok 11 [chromium] › tests\browser\s01.spec.ts:362:1 › invalid UTF-8 recovery retains original bytes; closing recovery and cancelling open preserve the graph (492ms)
  ok 12 [chromium] › tests\browser\s01.spec.ts:388:1 › view failure shows shared retry placeholder and releases the failed mount (427ms)
  ok 13 [chromium] › tests\browser\s01.spec.ts:422:1 › keyboard node selection and connection buttons preserve focus; wires meet sockets after fractional zoom (884ms)
  ok 14 [chromium] › tests\browser\s01.spec.ts:456:1 › error-bearing dynamic document saves and reopens with loss evidence and generation still blocked (1.3s)
  ok 15 [chromium] › tests\browser\s01.spec.ts:497:3 › M1 browser: Float 1e21 commits and generates a valid exponent literal (944ms)
  ok 16 [chromium] › tests\browser\s01.spec.ts:497:3 › M1 browser: Multiply 1e21 commits and generates a valid exponent literal (929ms)
  ok 17 [chromium] › tests\browser\s01.spec.ts:532:1 › N1 browser: middle/right movement cannot edit nodes; primary drag still groups into one Undo (775ms)
  x  18 [chromium] › tests\browser\s02.spec.ts:25:1 › AT-S02-01 browser: review/cancel, repair proposal and explicit one-Undo atomic acceptance (5.6s)
(node:11100) Warning: The 'NO_COLOR' env is ignored due to the 'FORCE_COLOR' env being set.
(Use `node --trace-warnings ...` to show where the warning was created)
  ok 19 [chromium] › tests\browser\s02.spec.ts:79:1 › AT-S02-01 browser: readonly and intervening edit fence publication (397ms)
  ok 20 [chromium] › tests\browser\s02.spec.ts:100:1 › AT-S02-01 browser: duplicate IDs, unknown structure and future input never expose acceptance (634ms)
  ok 21 [chromium] › tests\browser\s02.spec.ts:125:1 › AT-S02-02 browser: explicit missing-module load, move/rename, save/reopen preserve opaque state and block generation (828ms)
  ok 22 [chromium] › tests\browser\s02.spec.ts:179:1 › AT-S02-03 boundary browser: unmapped legacy remains explicit with provenance and original export (276ms)
  x  23 [chromium] › tests\browser\s02.spec.ts:202:1 › AT-S02-04 browser: real Canvas PNG preview/export/reimport, malformed CRC and missing metadata (30.1s)
(node:34144) Warning: The 'NO_COLOR' env is ignored due to the 'FORCE_COLOR' env being set.
(Use `node --trace-warnings ...` to show where the warning was created)
  ok 24 [chromium] › tests\browser\s02.spec.ts:261:1 › AT-S02-01 browser: cancel during delayed file read fences the late review (1.1s)
  ok 25 [chromium] › tests\browser\s02.spec.ts:287:1 › M1 browser: boundary missing-module rename rejects save, retains prior ACK, then saves and reopens without opaque loss (1.0s)
  ok 26 [chromium] › tests\browser\s03-repair.spec.ts:12:1 › S03 FR01 real WebGL2 compiles supported Structure arrays and ES300 explicitly rejects admitted nested arrays (150ms)
  ok 27 [chromium] › tests\browser\s03-repair.spec.ts:101:1 › S03 EG01 browser clipboard imports TOP declarations with one slot and shows atomic native path rejection (1.1s)
  ok 28 [chromium] › tests\browser\s03-repair2.spec.ts:10:3 › S03 EG01 round2 browser rejects inline glsl.float array cross-Graph and retains Redo (743ms)
  ok 29 [chromium] › tests\browser\s03-repair2.spec.ts:10:3 › S03 EG01 round2 browser rejects inline glsl.vec2 array cross-Graph and retains Redo (745ms)
  ok 30 [chromium] › tests\browser\s03.spec.ts:50:1 › AT-S03-01/02 real nested Canvas, Inspector, interface reorder/remove and Undo (1.5s)
  ok 31 [chromium] › tests\browser\s03.spec.ts:101:1 › AT-S03-03 browser clipboard success, injected late rejection and Unicode text preserved (1.1s)
  ok 32 [chromium] › tests\browser\s03.spec.ts:149:1 › AT-S03-04 nested IME/cancel/focus and navigation cleanup use the real Inspector (610ms)
  ok 33 [chromium] › tests\browser\s03.spec.ts:190:1 › S03 structure authoring draft cancel, reorder and stale confirmation (480ms)
  ok 34 [chromium] › tests\browser\s03.spec.ts:226:1 › AT-S03-01 two Canvas occurrences share parameters and keep independent navigation (1.7s)
  ok 35 [chromium] › tests\browser\s03.spec.ts:292:1 › AT-S03-01/04 real library first edit, position-only layout, spare output and nested deletion (760ms)
  ok 36 [chromium] › tests\browser\s03.spec.ts:359:3 › G-LU-DATA-004 browser local clipboard UTF-8 budget x (1.2s)
  ok 37 [chromium] › tests\browser\s03.spec.ts:359:3 › G-LU-DATA-004 browser local clipboard UTF-8 budget 中 (1.2s)
  ok 38 [chromium] › tests\browser\s03.spec.ts:359:3 › G-LU-DATA-004 browser local clipboard UTF-8 budget 🍇 (1.3s)
  ok 39 [chromium] › tests\browser\s03.spec.ts:404:1 › AT-S03-04 nested Inspector field removal cancels a focused draft and Undo mounts fresh controls (924ms)
  ok 40 [chromium] › tests\browser\s03.spec.ts:451:1 › AT-S03-03 visible frames move with encapsulation and Undo (1.0s)
  ok 41 [chromium] › tests\browser\s03.spec.ts:481:1 › S03 Make independent and nested interface removal preserve other callers and Undo (1.8s)
  ok 42 [chromium] › tests\browser\s03.spec.ts:534:1 › S03 Structure Help is read-only and composite defaults and Escape retain saved values (1.2s)
  ok 43 [chromium] › tests\browser\s03.spec.ts:602:1 › G-LU-DATA-001 browser bad edge, capacity, stage and source rejection rolls back the complete transaction (2.0s)
  ok 44 [chromium] › tests\browser\s03.spec.ts:672:1 › S03 shared name and matrix defaults update both callers with one Undo (1.5s)
  ok 45 [chromium] › tests\browser\s03.spec.ts:730:1 › S03 clickable breadcrumbs discard stale interface drafts and selected ports (635ms)
  ok 46 [chromium] › tests\browser\s03.spec.ts:763:1 › S03 direction-specific Add16 controls preserve draft and allow output creation (1.2s)
  ok 47 [chromium] › tests\browser\s03.spec.ts:800:1 › S03 Structure description and fixed array controls keep field identity across cancel/reorder (970ms)
  ok 48 [chromium] › tests\browser\s03.spec.ts:859:1 › S03 browser cross-Graph paste imports independent closure and Undo removes it (1.8s)
  ok 49 [chromium] › tests\browser\s04.spec.ts:4:1 › S04 DEC002 all sixteen conversions execute on WebGL2 with correct components (320ms)
  ok 50 [chromium] › tests\browser\s04.spec.ts:18:1 › S04 DEC004 actual Personal literal source input nested shaders compile after export import reopen (507ms)
  ok 51 [chromium] › tests\browser\s04.spec.ts:34:1 › S04 actual IndexedDB collision concurrency relist quotas and failure isolation (338ms)
  ok 52 [chromium] › tests\browser\s04.spec.ts:49:1 › S04 DEC002 actual Canvas four shapes to current ImageOutput and edge identity Undo Redo (2.5s)
  ok 53 [chromium] › tests\browser\s04.spec.ts:64:1 › S04 actual Personal UI saves relists imports downloads and inserts independent Graph snapshots (1.7s)


  1) [chromium] › tests\browser\s02.spec.ts:25:1 › AT-S02-01 browser: review/cancel, repair proposal and explicit one-Undo atomic acceptance 

    Error: expect(locator).not.toBeVisible() failed

    Locator:  locator('#recovery')
    Expected: not visible
    Received: visible
    Timeout:  5000ms

    Call log:
      - Expect "not toBeVisible" with timeout 5000ms
      - waiting for locator('#recovery')
        14 × locator resolved to <dialog open="" id="recovery">…</dialog>
           - unexpected value "visible"


      55 |     .getByRole("button", { name: "Accept replacement (one Undo)", exact: true })
      56 |     .click();
    > 57 |   await expect(page.locator("#recovery")).not.toBeVisible();
         |                                               ^
      58 |   await expect(page.locator(".node")).toHaveCount(4);
      59 |   await page.getByRole("button", { name: "Generate GLSL" }).click();
      60 |   await expect(
        at C:\Users\user\source\Grape\production\tests\browser\s02.spec.ts:57:47

    attachment #1: screenshot (image/png) ──────────────────────────────────────────────────────────
    evidence\s04\browser-development-05\artifacts\s02-AT-S02-01-browser-revi-ac740--one-Undo-atomic-acceptance-chromium\test-failed-1.png
    ────────────────────────────────────────────────────────────────────────────────────────────────

    Error Context: evidence\s04\browser-development-05\artifacts\s02-AT-S02-01-browser-revi-ac740--one-Undo-atomic-acceptance-chromium\error-context.md

    attachment #3: trace (application/zip) ─────────────────────────────────────────────────────────
    evidence\s04\browser-development-05\artifacts\s02-AT-S02-01-browser-revi-ac740--one-Undo-atomic-acceptance-chromium\trace.zip
    Usage:

        npx playwright show-trace evidence\s04\browser-development-05\artifacts\s02-AT-S02-01-browser-revi-ac740--one-Undo-atomic-acceptance-chromium\trace.zip

    ────────────────────────────────────────────────────────────────────────────────────────────────

  2) [chromium] › tests\browser\s02.spec.ts:202:1 › AT-S02-04 browser: real Canvas PNG preview/export/reimport, malformed CRC and missing metadata 

    Test timeout of 30000ms exceeded.

    Error: page.waitForEvent: Test timeout of 30000ms exceeded.
    =========================== logs ===========================
    waiting for event "download"
    ============================================================

      15 | }
      16 | async function exported(page: Page, button = "Export JSON") {
    > 17 |   const event = page.waitForEvent("download");
         |                      ^
      18 |   await page.getByRole("button", { name: button, exact: true }).click();
      19 |   const download = await event;
      20 |   return fs.readFile((await download.path())!);
        at exported (C:\Users\user\source\Grape\production\tests\browser\s02.spec.ts:17:22)
        at C:\Users\user\source\Grape\production\tests\browser\s02.spec.ts:211:34

    Error: locator.click: Test timeout of 30000ms exceeded.
    Call log:
      - waiting for getByRole('button', { name: 'Export JSON', exact: true })
        - locator resolved to <button>Export JSON</button>
      - attempting click action
        2 × waiting for element to be visible, enabled and stable
          - element is visible, enabled and stable
          - scrolling into view if needed
          - done scrolling
          - <dialog open="" id="recovery">…</dialog> intercepts pointer events
        - retrying click action
        - waiting 20ms
        2 × waiting for element to be visible, enabled and stable
          - element is visible, enabled and stable
          - scrolling into view if needed
          - done scrolling
          - <dialog open="" id="recovery">…</dialog> intercepts pointer events
        - retrying click action
          - waiting 100ms
        58 × waiting for element to be visible, enabled and stable
           - element is visible, enabled and stable
           - scrolling into view if needed
           - done scrolling
           - <dialog open="" id="recovery">…</dialog> intercepts pointer events
         - retrying click action
           - waiting 500ms


      16 | async function exported(page: Page, button = "Export JSON") {
      17 |   const event = page.waitForEvent("download");
    > 18 |   await page.getByRole("button", { name: button, exact: true }).click();
         |                                                                 ^
      19 |   const download = await event;
      20 |   return fs.readFile((await download.path())!);
      21 | }
        at exported (C:\Users\user\source\Grape\production\tests\browser\s02.spec.ts:18:65)
        at C:\Users\user\source\Grape\production\tests\browser\s02.spec.ts:211:34

    attachment #1: screenshot (image/png) ──────────────────────────────────────────────────────────
    evidence\s04\browser-development-05\artifacts\s02-AT-S02-04-browser-real-4aac0-ed-CRC-and-missing-metadata-chromium\test-failed-1.png
    ────────────────────────────────────────────────────────────────────────────────────────────────

    Error Context: evidence\s04\browser-development-05\artifacts\s02-AT-S02-04-browser-real-4aac0-ed-CRC-and-missing-metadata-chromium\error-context.md

    attachment #3: trace (application/zip) ─────────────────────────────────────────────────────────
    evidence\s04\browser-development-05\artifacts\s02-AT-S02-04-browser-real-4aac0-ed-CRC-and-missing-metadata-chromium\trace.zip
    Usage:

        npx playwright show-trace evidence\s04\browser-development-05\artifacts\s02-AT-S02-04-browser-real-4aac0-ed-CRC-and-missing-metadata-chromium\trace.zip

    ────────────────────────────────────────────────────────────────────────────────────────────────

  2 failed
    [chromium] › tests\browser\s02.spec.ts:25:1 › AT-S02-01 browser: review/cancel, repair proposal and explicit one-Undo atomic acceptance 
    [chromium] › tests\browser\s02.spec.ts:202:1 › AT-S02-04 browser: real Canvas PNG preview/export/reimport, malformed CRC and missing metadata 
  51 passed (1.5m)
