{"setupDialog":"confirm","message":"Discard unsaved changes and open another document?"}
{"id":"run04-001-before-4-Multiply-mounted-off-0","frames":98,"elapsed":1631.8999999910593,"fields":2,"errors":[]}
{"setupDialog":"confirm","message":"Discard unsaved changes and open another document?"}
{"id":"run04-002-before-4-Image-output-mounted-off-0","frames":61,"elapsed":1016.4000000059605,"fields":0,"errors":[]}
{"setupDialog":"confirm","message":"Discard unsaved changes and open another document?"}
{"id":"run04-003-before-4-Multiply-mounted-timed-0","frames":102,"elapsed":1701.0999999940395,"captures":19544,"fields":2,"errors":[]}
{"setupDialog":"confirm","message":"Discard unsaved changes and open another document?"}
{"id":"run04-004-before-4-Image-output-mounted-timed-0","frames":62,"elapsed":1031.7000000029802,"captures":8924,"fields":0,"errors":[]}
{"setupDialog":"confirm","message":"Discard unsaved changes and open another document?"}
{"id":"run04-005-before-4-Multiply-absent-timed-0","frames":61,"elapsed":1018.7999999970198,"captures":6446,"fields":0,"errors":[]}
{"setupDialog":"confirm","message":"Discard unsaved changes and open another document?"}
{"id":"run04-006-before-4-Image-output-absent-timed-0","frames":61,"elapsed":1012.7999999970198,"captures":6446,"fields":0,"errors":[]}
{"setupDialog":"confirm","message":"Discard unsaved changes and open another document?"}
{"id":"run04-007-before-4-Image-output-mounted-off-1","frames":61,"elapsed":1014.7999999970198,"fields":0,"errors":[]}
{"setupDialog":"confirm","message":"Discard unsaved changes and open another document?"}
{"id":"run04-008-before-4-Multiply-mounted-off-1","frames":95,"elapsed":1583.2999999970198,"fields":2,"errors":[]}
{"setupDialog":"confirm","message":"Discard unsaved changes and open another document?"}
{"id":"run04-009-before-4-Image-output-mounted-timed-1","frames":61,"elapsed":1016.2999999970198,"captures":8924,"fields":0,"errors":[]}
{"setupDialog":"confirm","message":"Discard unsaved changes and open another document?"}
{"id":"run04-010-before-4-Multiply-mounted-timed-1","frames":111,"elapsed":1851.0999999940395,"captures":19544,"fields":2,"errors":[]}
{"setupDialog":"confirm","message":"Discard unsaved changes and open another document?"}
{"id":"run04-011-before-4-Image-output-absent-timed-1","frames":61,"elapsed":1015.9000000059605,"captures":6446,"fields":0,"errors":[]}
{"setupDialog":"confirm","message":"Discard unsaved changes and open another document?"}
{"id":"run04-012-before-4-Multiply-absent-timed-1","frames":61,"elapsed":1015.2000000029802,"captures":6446,"fields":0,"errors":[]}
{"setupDialog":"confirm","message":"Discard unsaved changes and open another document?"}
{"id":"run04-013-before-4-Multiply-mounted-off-2","frames":92,"elapsed":1535.5999999940395,"fields":2,"errors":[]}
{"setupDialog":"confirm","message":"Discard unsaved changes and open another document?"}
{"id":"run04-014-before-4-Image-output-mounted-off-2","frames":61,"elapsed":1016.1999999880791,"fields":0,"errors":[]}
{"setupDialog":"confirm","message":"Discard unsaved changes and open another document?"}
{"id":"run04-015-before-4-Multiply-mounted-timed-2","frames":110,"elapsed":1835.9000000059605,"captures":19544,"fields":2,"errors":[]}
{"setupDialog":"confirm","message":"Discard unsaved changes and open another document?"}
{"id":"run04-016-before-4-Image-output-mounted-timed-2","frames":61,"elapsed":1015.1000000089407,"captures":8924,"fields":0,"errors":[]}
{"setupDialog":"confirm","message":"Discard unsaved changes and open another document?"}
{"id":"run04-017-before-4-Multiply-absent-timed-2","frames":61,"elapsed":1014.8999999910593,"captures":6446,"fields":0,"errors":[]}
{"setupDialog":"confirm","message":"Discard unsaved changes and open another document?"}
{"id":"run04-018-before-4-Image-output-absent-timed-2","frames":61,"elapsed":1014.6000000089407,"captures":6446,"fields":0,"errors":[]}
{"setupDialog":"confirm","message":"Discard unsaved changes and open another document?"}
{"id":"run04-019-after-4-Multiply-mounted-off-0","frames":61,"elapsed":1016.5,"fields":2,"errors":[]}
{"setupDialog":"confirm","message":"Discard unsaved changes and open another document?"}
{"id":"run04-020-after-4-Image-output-mounted-off-0","frames":61,"elapsed":1015.7999999970198,"fields":0,"errors":[]}
{"setupDialog":"confirm","message":"Discard unsaved changes and open another document?"}
{"id":"run04-021-after-4-Multiply-mounted-timed-0","frames":61,"elapsed":1015.7000000029802,"captures":2540,"fields":2,"errors":[]}
{"setupDialog":"confirm","message":"Discard unsaved changes and open another document?"}
{"id":"run04-022-after-4-Image-output-mounted-timed-0","frames":61,"elapsed":1017.7999999970198,"captures":1832,"fields":0,"errors":[]}
{"setupDialog":"confirm","message":"Discard unsaved changes and open another document?"}
{"id":"run04-023-after-4-Multiply-absent-timed-0","frames":61,"elapsed":1016,"captures":1006,"fields":0,"errors":[]}
{"setupDialog":"confirm","message":"Discard unsaved changes and open another document?"}
{"id":"run04-024-after-4-Image-output-absent-timed-0","frames":61,"elapsed":1015.4000000059605,"captures":1006,"fields":0,"errors":[]}
{"setupDialog":"confirm","message":"Discard unsaved changes and open another document?"}
{"id":"run04-025-after-4-Image-output-mounted-off-1","frames":61,"elapsed":1015.7999999970198,"fields":0,"errors":[]}
{"setupDialog":"confirm","message":"Discard unsaved changes and open another document?"}
{"id":"run04-026-after-4-Multiply-mounted-off-1","frames":61,"elapsed":1015.8999999910593,"fields":2,"errors":[]}
{"setupDialog":"confirm","message":"Discard unsaved changes and open another document?"}
{"id":"run04-027-after-4-Image-output-mounted-timed-1","frames":61,"elapsed":1014.8999999910593,"captures":1832,"fields":0,"errors":[]}
{"setupDialog":"confirm","message":"Discard unsaved changes and open another document?"}
{"id":"run04-028-after-4-Multiply-mounted-timed-1","frames":61,"elapsed":1016.7000000029802,"captures":2540,"fields":2,"errors":[]}
{"setupDialog":"confirm","message":"Discard unsaved changes and open another document?"}
{"id":"run04-029-after-4-Image-output-absent-timed-1","frames":61,"elapsed":1015.3999999910593,"captures":1006,"fields":0,"errors":[]}
{"setupDialog":"confirm","message":"Discard unsaved changes and open another document?"}
{"id":"run04-030-after-4-Multiply-absent-timed-1","frames":61,"elapsed":1015.1999999880791,"captures":1006,"fields":0,"errors":[]}
{"setupDialog":"confirm","message":"Discard unsaved changes and open another document?"}
{"id":"run04-031-after-4-Multiply-mounted-off-2","frames":61,"elapsed":1015.8999999910593,"fields":2,"errors":[]}
{"setupDialog":"confirm","message":"Discard unsaved changes and open another document?"}
{"id":"run04-032-after-4-Image-output-mounted-off-2","frames":61,"elapsed":1015.4000000059605,"fields":0,"errors":[]}
{"setupDialog":"confirm","message":"Discard unsaved changes and open another document?"}
{"id":"run04-033-after-4-Multiply-mounted-timed-2","frames":61,"elapsed":1015.3000000119209,"captures":2540,"fields":2,"errors":[]}
{"setupDialog":"confirm","message":"Discard unsaved changes and open another document?"}
{"id":"run04-034-after-4-Image-output-mounted-timed-2","frames":61,"elapsed":1015.8999999910593,"captures":1832,"fields":0,"errors":[]}
{"setupDialog":"confirm","message":"Discard unsaved changes and open another document?"}
{"id":"run04-035-after-4-Multiply-absent-timed-2","frames":61,"elapsed":1015.4000000059605,"captures":1006,"fields":0,"errors":[]}
{"setupDialog":"confirm","message":"Discard unsaved changes and open another document?"}
{"id":"run04-036-after-4-Image-output-absent-timed-2","frames":61,"elapsed":1016,"captures":1006,"fields":0,"errors":[]}
{"setupDialog":"confirm","message":"Discard unsaved changes and open another document?"}
{"id":"run04-037-before-14-Multiply-mounted-off-0","frames":122,"elapsed":2104.2000000029802,"fields":2,"errors":[]}
{"setupDialog":"confirm","message":"Discard unsaved changes and open another document?"}
{"id":"run04-038-before-14-Image-output-mounted-off-0","frames":108,"elapsed":1800,"fields":0,"errors":[]}
{"setupDialog":"confirm","message":"Discard unsaved changes and open another document?"}
{"id":"run04-039-before-14-Multiply-mounted-timed-0","frames":126,"elapsed":2164.4000000059605,"captures":19544,"fields":2,"errors":[]}
{"setupDialog":"confirm","message":"Discard unsaved changes and open another document?"}
{"id":"run04-040-before-14-Image-output-mounted-timed-0","frames":117,"elapsed":1933.6000000089407,"captures":8924,"fields":0,"errors":[]}
{"setupDialog":"confirm","message":"Discard unsaved changes and open another document?"}
{"id":"run04-041-before-14-Multiply-absent-timed-0","frames":73,"elapsed":1229.7000000029802,"captures":6446,"fields":0,"errors":[]}
{"setupDialog":"confirm","message":"Discard unsaved changes and open another document?"}
{"id":"run04-042-before-14-Image-output-absent-timed-0","frames":76,"elapsed":1265.2999999970198,"captures":6446,"fields":0,"errors":[]}
{"setupDialog":"confirm","message":"Discard unsaved changes and open another document?"}
{"id":"run04-043-before-14-Image-output-mounted-off-1","frames":104,"elapsed":1746.7999999970198,"fields":0,"errors":[]}
{"setupDialog":"confirm","message":"Discard unsaved changes and open another document?"}
{"id":"run04-044-before-14-Multiply-mounted-off-1","frames":125,"elapsed":2105,"fields":2,"errors":[]}
{"setupDialog":"confirm","message":"Discard unsaved changes and open another document?"}
{"id":"run04-045-before-14-Image-output-mounted-timed-1","frames":115,"elapsed":1930.5,"captures":8924,"fields":0,"errors":[]}
{"setupDialog":"confirm","message":"Discard unsaved changes and open another document?"}
{"id":"run04-046-before-14-Multiply-mounted-timed-1","frames":123,"elapsed":2121.800000011921,"captures":19544,"fields":2,"errors":[]}
{"setupDialog":"confirm","message":"Discard unsaved changes and open another document?"}
{"id":"run04-047-before-14-Image-output-absent-timed-1","frames":73,"elapsed":1217.2999999970198,"captures":6446,"fields":0,"errors":[]}
{"setupDialog":"confirm","message":"Discard unsaved changes and open another document?"}
{"id":"run04-048-before-14-Multiply-absent-timed-1","frames":72,"elapsed":1199.9000000059605,"captures":6446,"fields":0,"errors":[]}
{"setupDialog":"confirm","message":"Discard unsaved changes and open another document?"}
{"id":"run04-049-before-14-Multiply-mounted-off-2","frames":123,"elapsed":2120.2999999970198,"fields":2,"errors":[]}
{"setupDialog":"confirm","message":"Discard unsaved changes and open another document?"}
{"id":"run04-050-before-14-Image-output-mounted-off-2","frames":107,"elapsed":1797.4000000059605,"fields":0,"errors":[]}
{"setupDialog":"confirm","message":"Discard unsaved changes and open another document?"}
{"id":"run04-051-before-14-Multiply-mounted-timed-2","frames":138,"elapsed":2453.5999999940395,"captures":19544,"fields":2,"errors":[]}
{"setupDialog":"confirm","message":"Discard unsaved changes and open another document?"}
{"id":"run04-052-before-14-Image-output-mounted-timed-2","frames":117,"elapsed":1964.2000000029802,"captures":8924,"fields":0,"errors":[]}
{"setupDialog":"confirm","message":"Discard unsaved changes and open another document?"}
{"id":"run04-053-before-14-Multiply-absent-timed-2","frames":72,"elapsed":1202.2999999970198,"captures":6446,"fields":0,"errors":[]}
{"setupDialog":"confirm","message":"Discard unsaved changes and open another document?"}
{"id":"run04-054-before-14-Image-output-absent-timed-2","frames":72,"elapsed":1200.8999999910593,"captures":6446,"fields":0,"errors":[]}
{"setupDialog":"confirm","message":"Discard unsaved changes and open another document?"}
{"id":"run04-055-after-14-Multiply-mounted-off-0","frames":62,"elapsed":1032.5,"fields":2,"errors":[]}
{"setupDialog":"confirm","message":"Discard unsaved changes and open another document?"}
{"id":"run04-056-after-14-Image-output-mounted-off-0","frames":61,"elapsed":1016.2999999970198,"fields":0,"errors":[]}
{"setupDialog":"confirm","message":"Discard unsaved changes and open another document?"}
{"id":"run04-057-after-14-Multiply-mounted-timed-0","frames":64,"elapsed":1065.2000000029802,"captures":2540,"fields":2,"errors":[]}
{"setupDialog":"confirm","message":"Discard unsaved changes and open another document?"}
{"id":"run04-058-after-14-Image-output-mounted-timed-0","frames":61,"elapsed":1018,"captures":1832,"fields":0,"errors":[]}
{"setupDialog":"confirm","message":"Discard unsaved changes and open another document?"}
{"id":"run04-059-after-14-Multiply-absent-timed-0","frames":61,"elapsed":1015.7999999970198,"captures":1006,"fields":0,"errors":[]}
{"setupDialog":"confirm","message":"Discard unsaved changes and open another document?"}
{"id":"run04-060-after-14-Image-output-absent-timed-0","frames":61,"elapsed":1017.9000000059605,"captures":1006,"fields":0,"errors":[]}
{"setupDialog":"confirm","message":"Discard unsaved changes and open another document?"}
{"id":"run04-061-after-14-Image-output-mounted-off-1","frames":61,"elapsed":1015.1000000089407,"fields":0,"errors":[]}
{"setupDialog":"confirm","message":"Discard unsaved changes and open another document?"}
{"id":"run04-062-after-14-Multiply-mounted-off-1","frames":63,"elapsed":1050.1000000089407,"fields":2,"errors":[]}
{"setupDialog":"confirm","message":"Discard unsaved changes and open another document?"}
{"id":"run04-063-after-14-Image-output-mounted-timed-1","frames":61,"elapsed":1015.7999999970198,"captures":1832,"fields":0,"errors":[]}
{"setupDialog":"confirm","message":"Discard unsaved changes and open another document?"}
{"id":"run04-064-after-14-Multiply-mounted-timed-1","frames":64,"elapsed":1078.5999999940395,"captures":2540,"fields":2,"errors":[]}
{"setupDialog":"confirm","message":"Discard unsaved changes and open another document?"}
{"id":"run04-065-after-14-Image-output-absent-timed-1","frames":61,"elapsed":1017.8000000119209,"captures":1006,"fields":0,"errors":[]}
{"setupDialog":"confirm","message":"Discard unsaved changes and open another document?"}
{"id":"run04-066-after-14-Multiply-absent-timed-1","frames":61,"elapsed":1015.1999999880791,"captures":1006,"fields":0,"errors":[]}
{"setupDialog":"confirm","message":"Discard unsaved changes and open another document?"}
{"id":"run04-067-after-14-Multiply-mounted-off-2","frames":63,"elapsed":1050.7999999970198,"fields":2,"errors":[]}
{"setupDialog":"confirm","message":"Discard unsaved changes and open another document?"}
{"id":"run04-068-after-14-Image-output-mounted-off-2","frames":61,"elapsed":1015.8000000119209,"fields":0,"errors":[]}
{"setupDialog":"confirm","message":"Discard unsaved changes and open another document?"}
{"id":"run04-069-after-14-Multiply-mounted-timed-2","frames":75,"elapsed":1248.6000000089407,"captures":2540,"fields":2,"errors":[]}
{"setupDialog":"confirm","message":"Discard unsaved changes and open another document?"}
{"id":"run04-070-after-14-Image-output-mounted-timed-2","frames":61,"elapsed":1016.9000000059605,"captures":1832,"fields":0,"errors":[]}
{"setupDialog":"confirm","message":"Discard unsaved changes and open another document?"}
{"id":"run04-071-after-14-Multiply-absent-timed-2","frames":61,"elapsed":1014.0999999940395,"captures":1006,"fields":0,"errors":[]}
{"setupDialog":"confirm","message":"Discard unsaved changes and open another document?"}
{"id":"run04-072-after-14-Image-output-absent-timed-2","frames":62,"elapsed":1032.5999999940395,"captures":1006,"fields":0,"errors":[]}
{"setupDialog":"confirm","message":"Discard unsaved changes and open another document?"}
{"id":"run04-073-after-14-Multiply-mounted-count-0","frames":62,"elapsed":1030.8999999910593,"captures":2540,"fields":2,"errors":[]}
{"setupDialog":"confirm","message":"Discard unsaved changes and open another document?"}
{"id":"run04-074-after-14-Image-output-mounted-count-0","frames":61,"elapsed":1015.6999999880791,"captures":1832,"fields":0,"errors":[]}
{"setupDialog":"confirm","message":"Discard unsaved changes and open another document?"}
{"id":"run04-075-after-14-Multiply-mounted-count-1","frames":63,"elapsed":1048.2999999970198,"captures":2540,"fields":2,"errors":[]}
{"setupDialog":"confirm","message":"Discard unsaved changes and open another document?"}
{"id":"run04-076-after-14-Image-output-mounted-count-1","frames":61,"elapsed":1015.4000000059605,"captures":1832,"fields":0,"errors":[]}
{"setupDialog":"confirm","message":"Discard unsaved changes and open another document?"}
{"id":"run04-077-after-14-Multiply-mounted-count-2","frames":64,"elapsed":1065.300000011921,"captures":2540,"fields":2,"errors":[]}
{"setupDialog":"confirm","message":"Discard unsaved changes and open another document?"}
{"id":"run04-078-after-14-Image-output-mounted-count-2","frames":61,"elapsed":1016.6000000089407,"captures":1832,"fields":0,"errors":[]}

STDERR:
