[
  {
    "key": "before/4/Multiply/mounted/off",
    "elapsed": 1583.2999999970198,
    "rate": 37.895534642905915,
    "raf": 60.002553300140434,
    "rafP95": 16.700000000000045
  },
  {
    "key": "before/4/Image output/mounted/off",
    "elapsed": 1016.1999999880791,
    "rate": 59.04349537561883,
    "raf": 60.00600060006,
    "rafP95": 16.700000000000045
  },
  {
    "key": "before/4/Multiply/mounted/timed",
    "elapsed": 1835.9000000059605,
    "rate": 32.6815186011249,
    "raf": 60.0043639537421,
    "rafP95": 16.799999999999727,
    "captures": 19544,
    "cloneMs": 574.2999996393919,
    "gestureMs": 854.7000000178814,
    "validateMs": 16.49999988079071,
    "constantMs": 3.000000014901161
  },
  {
    "key": "before/4/Image output/mounted/timed",
    "elapsed": 1016.2999999970198,
    "rate": 59.037685722892796,
    "raf": 60,
    "rafP95": 16.700000000000045,
    "captures": 8924,
    "cloneMs": 276.9000002294779,
    "gestureMs": 461.1000000089407,
    "validateMs": 16.400000035762787,
    "constantMs": 3.599999949336052
  },
  {
    "key": "before/4/Multiply/absent/timed",
    "elapsed": 1015.2000000029802,
    "rate": 59.1016548461622,
    "raf": 60,
    "rafP95": 16.700000000000045,
    "captures": 6446,
    "cloneMs": 209.9999999254942,
    "gestureMs": 370.7999999523163,
    "validateMs": 16.500000044703484,
    "constantMs": 3.100000038743019
  },
  {
    "key": "before/4/Image output/absent/timed",
    "elapsed": 1014.6000000089407,
    "rate": 59.13660555831981,
    "raf": 60,
    "rafP95": 16.799999999999955,
    "captures": 6446,
    "cloneMs": 209.20000003278255,
    "gestureMs": 365.90000005066395,
    "validateMs": 16.799999967217445,
    "constantMs": 3.4000000208616257
  },
  {
    "key": "after/4/Multiply/mounted/off",
    "elapsed": 1015.8999999910593,
    "rate": 59.06093119453494,
    "raf": 60.00000000000001,
    "rafP95": 16.700000000000045
  },
  {
    "key": "after/4/Image output/mounted/off",
    "elapsed": 1015.7999999970198,
    "rate": 59.066745422500524,
    "raf": 60.00000000000001,
    "rafP95": 16.700000000000045
  },
  {
    "key": "after/4/Multiply/mounted/timed",
    "elapsed": 1015.7000000029802,
    "rate": 59.072560795337154,
    "raf": 60,
    "rafP95": 16.799999999999955,
    "captures": 2540,
    "cloneMs": 141.7999997884035,
    "gestureMs": 330.50000001490116,
    "validateMs": 16.000000059604645,
    "constantMs": 3.5000000447034836
  },
  {
    "key": "after/4/Image output/mounted/timed",
    "elapsed": 1015.8999999910593,
    "rate": 59.06093119453494,
    "raf": 60.00600060006,
    "rafP95": 16.700000000000045,
    "captures": 1832,
    "cloneMs": 92.00000016391277,
    "gestureMs": 239.49999997019768,
    "validateMs": 16.300000101327896,
    "constantMs": 3.3999999463558197
  },
  {
    "key": "after/4/Multiply/absent/timed",
    "elapsed": 1015.4000000059605,
    "rate": 59.090013787323024,
    "raf": 60,
    "rafP95": 16.700000000000045,
    "captures": 1006,
    "cloneMs": 65.69999997317791,
    "gestureMs": 191.29999999701977,
    "validateMs": 16.39999996125698,
    "constantMs": 3.2999999970197678
  },
  {
    "key": "after/4/Image output/absent/timed",
    "elapsed": 1015.4000000059605,
    "rate": 59.090013787323024,
    "raf": 60.006000600060005,
    "rafP95": 16.700000000000045,
    "captures": 1006,
    "cloneMs": 67.29999992251396,
    "gestureMs": 191.59999997913837,
    "validateMs": 15.90000006556511,
    "constantMs": 3.099999964237213
  },
  {
    "key": "before/14/Multiply/mounted/off",
    "elapsed": 2105,
    "rate": 28.503562945368174,
    "raf": 58.0980046668889,
    "rafP95": 16.799999999999955
  },
  {
    "key": "before/14/Image output/mounted/off",
    "elapsed": 1797.4000000059605,
    "rate": 33.38155112929845,
    "raf": 60.00233018758011,
    "rafP95": 16.700000000000273
  },
  {
    "key": "before/14/Multiply/mounted/timed",
    "elapsed": 2164.4000000059605,
    "rate": 27.7213084456823,
    "raf": 58.0980046668889,
    "rafP95": 16.799999999999955,
    "captures": 19544,
    "cloneMs": 1176.7000002264977,
    "gestureMs": 1692.400000050664,
    "validateMs": 42.79999992251396,
    "constantMs": 8.400000020861626
  },
  {
    "key": "before/14/Image output/mounted/timed",
    "elapsed": 1933.6000000089407,
    "rate": 31.03020273051436,
    "raf": 60.00103450059484,
    "rafP95": 16.799999999999955,
    "captures": 8924,
    "cloneMs": 558.5999995172024,
    "gestureMs": 901.9000000357628,
    "validateMs": 43.49999998509884,
    "constantMs": 8.499999985098839
  },
  {
    "key": "before/14/Multiply/absent/timed",
    "elapsed": 1202.2999999970198,
    "rate": 49.904349995965006,
    "raf": 60.00169018845602,
    "rafP95": 16.799999999999955,
    "captures": 6446,
    "cloneMs": 429.5999998897314,
    "gestureMs": 727.5000000447035,
    "validateMs": 44.5,
    "constantMs": 8.90000006556511
  },
  {
    "key": "before/14/Image output/absent/timed",
    "elapsed": 1217.2999999970198,
    "rate": 49.289410991659324,
    "raf": 60.00480038403072,
    "rafP95": 16.700000000000045,
    "captures": 6446,
    "cloneMs": 433.699999794364,
    "gestureMs": 733.6999999582767,
    "validateMs": 44.60000003874302,
    "constantMs": 8.499999970197678
  },
  {
    "key": "after/14/Multiply/mounted/off",
    "elapsed": 1050.1000000089407,
    "rate": 57.13741548375312,
    "raf": 60.001935546307934,
    "rafP95": 16.799999999999955
  },
  {
    "key": "after/14/Image output/mounted/off",
    "elapsed": 1015.8000000119209,
    "rate": 59.06674542163405,
    "raf": 60.00600060006,
    "rafP95": 16.700000000000045
  },
  {
    "key": "after/14/Multiply/mounted/timed",
    "elapsed": 1078.5999999940395,
    "rate": 55.627665492612245,
    "raf": 60,
    "rafP95": 16.799999999999955,
    "captures": 2540,
    "cloneMs": 276.49999967217445,
    "gestureMs": 597.1999999135733,
    "validateMs": 43.89999994635582,
    "constantMs": 8.000000029802322
  },
  {
    "key": "after/14/Image output/mounted/timed",
    "elapsed": 1016.9000000059605,
    "rate": 59.00285180415805,
    "raf": 60,
    "rafP95": 16.700000000000045,
    "captures": 1832,
    "cloneMs": 180.80000011622906,
    "gestureMs": 450.60000002384186,
    "validateMs": 43.499999955296516,
    "constantMs": 7.400000020861626
  },
  {
    "key": "after/14/Multiply/absent/timed",
    "elapsed": 1015.1999999880791,
    "rate": 59.10165484702969,
    "raf": 59.99999999999999,
    "rafP95": 16.700000000000045,
    "captures": 1006,
    "cloneMs": 131.70000004768372,
    "gestureMs": 374.2999999821186,
    "validateMs": 42.89999996125698,
    "constantMs": 7.000000014901161
  },
  {
    "key": "after/14/Image output/absent/timed",
    "elapsed": 1017.9000000059605,
    "rate": 58.94488653074826,
    "raf": 60,
    "rafP95": 16.700000000000045,
    "captures": 1006,
    "cloneMs": 133.2999999076128,
    "gestureMs": 373.0999999791384,
    "validateMs": 43.3999999165535,
    "constantMs": 7.6999999433755875
  },
  {
    "key": "after/14/Multiply/mounted/count",
    "elapsed": 1048.2999999970198,
    "rate": 57.23552418217168,
    "raf": 59.998032851381915,
    "rafP95": 16.700000000000045,
    "captures": 2540,
    "cloneMs": 0,
    "gestureMs": 0,
    "validateMs": 0,
    "constantMs": 0
  },
  {
    "key": "after/14/Image output/mounted/count",
    "elapsed": 1015.6999999880791,
    "rate": 59.0725607962038,
    "raf": 60,
    "rafP95": 16.700000000000045,
    "captures": 1832,
    "cloneMs": 0,
    "gestureMs": 0,
    "validateMs": 0,
    "constantMs": 0
  }
]

STDERR:
