✔ production ownership manifest covers every source and rejects mutation/platform/extension violations (1030.6412ms)
✔ S02 conformance: replacement uses one public Graph batch, isolates observers and retains two Context identities (11.7412ms)
✔ S02 conformance: direct replacement rejects model Error without modifying document/history (2.5727ms)
✔ M2: direct replacement atomically rejects malformed position component before publication (1.79ms)
✔ M2: direct replacement atomically rejects malformed position length before publication (1.5694ms)
✔ M2: direct replacement atomically rejects duplicate recovery IDs before publication (1.6969ms)
✔ M2: direct replacement atomically rejects unknown envelope field before publication (1.5773ms)
✔ M2: direct replacement atomically rejects unknown node field before publication (1.6202ms)
✔ M2: direct replacement atomically rejects unknown endpoint field before publication (1.6304ms)
✔ M2: catching invalid replacement cannot publish earlier edits in the same batch (1.5663ms)
✔ M2: valid detached replacement publishes once and retains exact Undo/Redo content (2.8692ms)
✔ L10N exact owner, parent/default/inline fallback and plain interpolation leave model/history/generation unchanged (1.4739ms)
✔ L10N atomic duplicate/malformed rejection, revision CAS and immutable detached catalogs (0.3568ms)
✔ L10N observer errors/reentry are isolated, cleanup cancels later delivery, disposed service rejects (0.1592ms)
✔ PC authority: declaration is not grant; render/async/outside event denied, same mounted event succeeds (3.9221ms)
✔ PC gesture: origin guard, one operation, cross-Panel lease rejection and latest lease required (4.5179ms)
✔ PC move/hide cancel pointer gesture and drain new leases before workspace action returns (6.5513ms)
✔ PC render failure cancels only unfinished operation after publication, with no reentrant mutation (2.2793ms)
✔ PC same ID reuse and old scope registrations remain revoked (1.3392ms)
✔ VM resources: cleanup in reverse order, failure isolation, stale async tickets, no render reentrancy (0.2181ms)
✔ two independently registered Panels and two Widget view shapes share lifecycle without feature dispatch (0.8507ms)
✔ VM mount/capture/update reentrancy revokes scope and preserves placeholder; explicit retry recovers (0.2822ms)
✔ VM subscription failure releases acquired subscriptions and cannot pretend to mount (0.1049ms)
✔ PC application denies every editing command while readonly or history busy; field binding invalidates (3.7567ms)
✔ S06 hover preference defaults false and changes only its explicit isolated key (0.1451ms)
✔ S06 malformed hover preference is honest default without rewriting any key (0.0843ms)
✔ S06 inaccessible or refused hover preference falls back to normal hints without clearing storage (0.0816ms)
✔ AT-S01-01: Float × Multiply → Compose emits pinned host-free GLSL without mutation (2.8227ms)
✔ AT-S01-02: direction, cross-network, occupied input, cycle and type failures are atomic (2.3873ms)
✔ AT-S01-03: mode change captures complete prior ports, edge plans and loss; undo/redo and reload (5.8262ms)
✔ AT-S01-04: multi-batch operation, cancel/no-op redo, expired draft and async draft (3.9179ms)
✔ AT-S01-08: projection before observers, reentrant writes reject and throwing observer does not roll back (1.5241ms)
✔ AT-S01-06: contexts share model and clean selection before external observation (2.2395ms)
✔ scoped field token rejects value ABA, busy, connected and dead targets; unrelated movement preserves token (3.9361ms)
✔ all model errors including unused nodes block generation; fixed definitions and boundaries remain protected (2.6846ms)
✔ generation rejects missing/extra declared boundary output even when a module emits an incomplete map (1.8282ms)
✔ shared type environment rejects unknown identity and permits explicitly registered nominal types without changing core dispatch (0.495ms)
✔ AT-S01-02: endpoints in two real Stage networks cannot be cross-connected (1.9227ms)
✔ unknown Stage slots block generation; duplicate slot identities reject before hydration (3.5857ms)
✔ M1 reviewer counterexample: float 1e21 generates a valid GLSL floating constant (1.8225ms)
✔ M1 reviewer counterexample: multiply 1e21 generates a valid GLSL floating constant (1.7533ms)
✔ M1 literal grammar and value roundtrip cover integers, decimals, signs and exponent-form values (0.2196ms)
✔ M1 all finite float32 exponent bins and representative mantissas have legal value-preserving literals (1.7647ms)
✔ M1 admitted boundary/representative values remain editable and compile through both production literal paths (24.01ms)
✔ AT-S01-05: document identity, complete content, new lifetime/empty history and semantic regeneration (2.6125ms)
✔ AT-S01-07: ACK of A never marks B saved, rejection and SAVE_BUSY retain baseline; download is separate (3.4046ms)
✔ old saved handle cannot attach to same persistent IDs after reload (2.118ms)
✔ wire unknown structure, unsupported version/operation/tag, malformed known data precedence and original retention (1.9322ms)
✔ writer refuses executable/hidden values, sparse arrays, nonfinite numbers and altered prototypes without invoking getters (1.4296ms)
✔ missing exact module preserves opaque state and last port policy; loss payload is never activated (2.6898ms)
✔ forged stored conversion remains saveable but cannot generate (2.0437ms)
✔ prototype-named unknown structural keys and non-JSON whitespace are not silently accepted (1.9114ms)
✔ unrelated edits preserve forged connection evidence rather than silently repairing it (2.7834ms)
✔ pending storage open cannot replace a newer edit or document lifetime (1.767ms)
✔ unrelated edits retain explicit invalid-edge evidence even when its stored plan is structurally valid (2.1208ms)
✔ AT-S02-04 PNG: CRC oracle, roundtrip, repeated wrapping and unowned chunks preserve bytes (7.3052ms)
✔ AT-S02-04 PNG: malformed CRC, missing metadata, duplicate metadata, compression and malformed envelope are named rejections (3.4485ms)
✔ AT-S02-04 PNG: structural boundaries, file/chunk/metadata limits and invalid UTF-8 never decode pixels or compressed text (78.8384ms)
✔ AT-S02-04 PNG: ASCII/CJK/non-BMP budgets match text intake and preserve canonical graph (131.7467ms)
✔ AT-S02-01: detached inspection/cancel/raw retention and one atomic replacement with Context continuity and Undo/Redo (6.3709ms)
✔ AT-S02-01: base revision, content, lifetime, readonly, busy and fabricated review fences (22.3318ms)
✔ AT-S02-01: invalid/future/duplicate IDs/unknown structure have explicit outcomes and never publish (6.7511ms)
✔ AT-S02-01: only explicit layout repair yields a candidate; unknown endpoints/references are never guessed (9.269ms)
✔ AT-S02-01: mismatched exact pins cannot replace the destination; failed replacement is atomic (2.4955ms)
✔ AT-S02-02: missing exact module survives move/rename/save/reopen; exact restoration invokes codec and never substitutes latest (7.2542ms)
✔ AT-S02-03 boundary: foreign/legacy input is retained with explicit unresolved Gate, never implicit conversion or archive execution (0.7349ms)
✔ AT-S02-04: ASCII/CJK/non-BMP UTF-8 exact byte budget produces deterministic results without truncation (24.6949ms)
✔ AT-S02-04: network budgets, duplicate JSON keys, unknown nested structure and opaque fields are independently checked (12.1747ms)
✔ S03 Group17 retains a draft, compilation rejects per-direction limit, Undo restores original (52.111ms)
✔ S03 64-definition destination rejects independence and imported 65th atomically (1067.2615ms)
✔ S03 nested nodes overflow rejects before paste publication (15.2439ms)
✔ S03 nested edges overflow rejects before paste publication (19.1113ms)
✔ S03 symbolic extents require int/uint sources, only outer dimension and pure compilation (4.3281ms)
✔ S03 New may retain a 257-node draft; generation and save reject it without losing the draft (93.8663ms)
✔ S03 partial frames stay outside clipboard; pasted relative positions retain a common offset (4.4183ms)
✔ S03 persisted nested source is preserved while new nested source admission remains rejected (5.3087ms)
✔ S03 scalar/vector/matrix sources transfer; composite source reuses only within its source lifetime (21.6249ms)
✔ S03 FR01 admitted nested Structure arrays fail ES300 profile without artifacts; one dimension succeeds (6.2741ms)
✔ S03 FR02 independence remaps mixed parent and shared child owner references with Undo/Redo (42.8221ms)
✔ S03 FR02 independence remaps mixed parent and cloned child owner references with Undo/Redo (46.0055ms)
✔ S03 FR02 incomplete shared-child node address rejects independence atomically (8.5572ms)
✔ S03 FR03 editing inner Structure validates dependent depth16 and preserves Redo on depth17 rejection (15.2124ms)
✔ S03 FR03 affected dependent expansion and vector component budgets reject atomically (3.2175ms)
✔ S03 EG01 native array constructor2048, clipboard2048 boundary and same-load reuse (4.8585ms)
✔ S03 EG01 native array constructor2049, clipboard2048 boundary and same-load reuse (5.9333ms)
✔ S03 EG01 native array constructor4096, clipboard2048 boundary and same-load reuse (5.4146ms)
✔ S03 EG01 native array constructor4097 rejects atomically (1.7766ms)
✔ S03 EG01 sampler clipboard path2048 admission (3.2902ms)
✔ S03 EG01 sampler clipboard path2049 admission (3.2013ms)
✔ S03 EG01 native arrays admit float/vec2/vec3/vec4 and remap symbolic length closure (19.4098ms)
✔ S03 EG01 native arrays reject matrix/nested/expressions and invalid length owner types (7.7805ms)
✔ S03 EG01 TOP declarations clone while source+origin slots reuse, defaults persist, and Undo/Redo/save preserve identity (14.0948ms)
✔ S03 EG01 specialization import allocates minimal vacant ID0,2 ->1 (4.3116ms)
✔ S03 EG01 unsupported target, unavailable owner and throwing owner reject without publication (5.5109ms)
✔ S03 EG01 numeric uniform scalar/vector/matrix transfer remains independent and generation is explicit unavailable (12.0403ms)
✔ S03 FR03 registered resource types cannot become Structure fields (1.7172ms)
✔ S03 EG01 exact provider/target ownership and imported descriptor failures stay atomic (3.8356ms)
✔ S03 EG01 round2 implicit constant array@["glsl.float",2] preserves same-load reuse and rejects real cross-Graph and fresh-load publication (8.8921ms)
✔ S03 EG01 round2 constant array@["glsl.float",2] preserves same-load reuse and rejects real cross-Graph and fresh-load publication (8.4642ms)
✔ S03 EG01 round2 uniform array@["glsl.float",2] preserves same-load reuse and rejects real cross-Graph and fresh-load publication (9.3011ms)
✔ S03 EG01 round2 implicit constant array@["glsl.vec2",2] preserves same-load reuse and rejects real cross-Graph and fresh-load publication (8.7675ms)
✔ S03 EG01 round2 constant array@["glsl.vec2",2] preserves same-load reuse and rejects real cross-Graph and fresh-load publication (9.1993ms)
✔ S03 EG01 round2 uniform array@["glsl.vec2",2] preserves same-load reuse and rejects real cross-Graph and fresh-load publication (8.9986ms)
✔ S03 EG01 round2 scalar/vector/matrix constants and uniforms still cross actual Graph and fresh load (46.7274ms)
✔ S03 custom declared/state closure same-Graph remaps identities only and Undo/Redo (7.4803ms)
✔ S03 custom declared/state closure cross-Graph remaps identities only and Undo/Redo (6.7168ms)
✔ S03 grouping an existing caller preserves child-owned frame node addresses (9.8226ms)
✔ S03 owner collect/remap throws and escaping/incomplete references reject atomically with Redo preserved (7.1763ms)
✔ S03 custom resources follow encapsulation and direct independence, ordinary dependencies remain shared (14.8713ms)
✔ S03 encapsulation deduplicates crossing interfaces, shared generation is pure, Undo restores all references (5.5413ms)
✔ S03 interface rename/reorder/type/removal reconciles every caller once and Undo restores values/invalid edges/loss (8.8783ms)
✔ S03 nested resource callers including unused ancestors reconcile child interface (9.902ms)
✔ S03 library position keeps identity, semantic edit forks target and library ancestors and local refs atomically (19.3235ms)
✔ S03 direct make independent clones direct definition, shares dependencies and remaps own boundary (16.1322ms)
✔ S03 same-load clipboard reuses current source; cross-graph remaps resources and preserves text (6.9099ms)
✔ S03 clipboard typed native symbolic array closure remaps only semantic references (4.4094ms)
✔ S03 late bad edge, escaping refs, forbidden source and missing closure reject without nodes/resources/history/notifications (4.9827ms)
✔ S03 source selection stays outside encapsulation; boundary-only grouping is no-op and preserves redo (3.1984ms)
✔ S03 structure drafts retain stable fields, reject recursion and block deletion while referenced (2.0226ms)
✔ S03 contexts distinguish occurrences; nested scoped targets never revive after navigation and Undo (11.7132ms)
✔ S03 library snapshot position edit retains origin, first semantic edit forks and old source remains immutable (7.2371ms)
✔ S03 nested delete and required boundary protection use the canonical Graph (4.4845ms)
✔ S03 library ancestor traversal crosses local parents (27.3534ms)
✔ S03 spare-port creation and first edge are one Undo entry with stable keys (6.2577ms)
✔ S03 whole frames travel through grouping and cross-Graph clipboard with fresh identities (8.6091ms)
✔ S03 vector/matrix reshape retains override components and defaults follow interface defaults (5.3987ms)
✔ S03 malformed resource envelopes, missing boundaries and nominal conflicts reject atomically (6.6773ms)
✔ S03 source admission cannot be bypassed by nested add, grouping or pasted nodes (3.9667ms)
✔ S03 layout proposal rejects navigation ABA, semantic fork and Undo (7.1992ms)
✔ S03 clipboard rejects forged hydrated plans and invalid edge evidence (2.8696ms)
✔ S03 empty library paste preserves origin, selection-independent History and Redo (6.3775ms)
✔ S03 packet-wide network identity collisions and malformed reused resource envelopes reject (4.6351ms)
✔ S03 source transfer uses actual load identity and reopened documents cannot forge same-load reuse (2.8483ms)
✔ S03 structure emission is read-only, nominally declared once, field deletion preserves invalid edges and Undo (5.6342ms)
✔ S03 accepted paste requires a valid destination and direct whole frames survive clipboard (4.7383ms)
✔ S03 scoped parameters and proposals from identical persistent IDs expire across a new load (9.4827ms)
✔ S03 library grouping resolves the forked canonical network (7.1902ms)
✔ S03 local child semantic edit forks its library ancestor (18.0114ms)
✔ S03 explicit override equal to default survives interface defaults and save/reload (10.9094ms)
✔ S03 direct independence preserves nonowned state, declared references and typed frame resources (10.376ms)
✔ S03 encapsulation rejects cross-scope node references despite matching local IDs (1.5562ms)
✔ S03 New creates Value vec4 passthrough; shared rename retains instance names and no-op keeps library identity (11.2217ms)
✔ S03 explicit interface Add stops at16 per direction without erasing preserved oversized draft (12.079ms)
✔ S03 structure authoring validates count, names, description, nested fixed arrays, recursion/depth and expansion (363.8158ms)
✔ S03 large external array declarations survive metadata edits; materialization remains bounded (3.1692ms)
✔ S03 type tokens retain eight dimensions and reject extra tuple fields (1.6734ms)
✔ S03 disconnected output boundary follows shared output defaults (7.027ms)
✔ S03 inline array construction and same-load reuse allow2049 elements; cross-Graph clipboard rejects composites (18.7301ms)
✔ S03 nested input link ABA invalidates old edit tokens without changing History on rejection (17.0386ms)
✔ S03 shared same-key type changes reject stale caller tokens and removed handles never revive (9.7234ms)
✔ S03 cross-Graph nominal closure remaps nested structures and Undo removes the full insertion (5.967ms)
✔ S03 reusable definition cycles reject atomically including unused dependencies (10.2177ms)
✔ S04 Personal complete owner payload and typed references survive reuse fork and absent Library source (49.0884ms)
✔ S04 DEC004 same-name destination sources retain distinct identity and changed imported bindings regenerate (434.2279ms)
✔ S04 Personal malformed envelope checksum and unsupported owner reject before provider writes; list deduplicates renamed files (32.3978ms)
✔ S04 DEC002 one-source fanout does not mutate source or existing conversions and pad failures agree (20.8646ms)
✔ S04 Personal root owner remap and input-bound Independent retain complete typed scope (80.7799ms)
✔ S04 stored inherited v2 and pad plans retain complete extensions through Personal shared import and reopen (26.0076ms)
✔ S04 shipped basic Library snapshot compiles after semantic fork and Personal roundtrip (11.2688ms)
✔ S04 Personal canonical package preserves snapshots, same-version reuse, independent and collision-safe filenames (28.9557ms)
✔ S04 DEC002 all16 default float plans, version fences and current ImageOutput compile (1.2818ms)
✔ S04 AC001 additive envelope upgrade retains exact pins and inactive evidence, fences v2 under2.0 (1.2968ms)
✔ S04 DEC004 literal Personal typed closure survives canonical export import save reopen generation (30.7658ms)
✔ S04 DEC004 source Personal typed closure survives canonical export import save reopen generation (74.3066ms)
✔ S04 DEC004 direct-source Personal typed closure survives canonical export import save reopen generation (35.6396ms)
✔ S04 DEC004 input Personal typed closure survives canonical export import save reopen generation (75.629ms)
✔ S04 DEC004 input-bound length uses caller override and rejects conflicting caller sources (21.5704ms)
✔ S04 DEC004 nested shared input bindings remap through Personal and remain independent after semantic fork and reinsert (347.836ms)
✔ S04 AC001 inactive owner network resources and unknown wrapper versions preserve the version fence (4.8125ms)
✔ S04 DEC004 rejected literal/source/input/nested candidates are atomic through Application with valid checksums (196.1665ms)
✔ S04 Personal Library per-file isolation, safe names, duplicate-at-capacity and provider failures leave existing assets unchanged (36.2202ms)
✔ S04 AC001 unchanged accepted reader and exact old/new definition boundaries (2.6842ms)
✔ S04 inherited v2 plans preserve extensions across hydration move clipboard nested and Personal (13.2895ms)
✔ S04 current exact source owner supports new image descriptors without retargeting legacy owner (1.4025ms)
✔ S04 DEC004 required int length input qualifies with an actual constant supply and changed caller defaults regenerate (90.4579ms)
✔ S05 drag repair root reads one fresh snapshot and retains immutable earlier projections (2.3753ms)
✔ S05 drag repair nested reads one fresh snapshot and retains immutable earlier projections (8.6106ms)
✔ S05 drag repair preserves readonly and busy notification values while movement keeps field token (3.3644ms)
✔ S05 replacement eligibility keeps source validity separate and exact mismatch refusal atomic (11.8257ms)
✔ S05 matching replacement preserves Graph load and Context identity with one full-content Undo Redo (11.4021ms)
✔ S05 replacement eligibility and command retain stale cancelled invalid readonly and fabricated guards (25.3802ms)
✔ S05 model preflight and publication share exact kind and ordered-pin refusal without History (3.4811ms)
✔ S05-FR-001 complete program preserves distinct and reversed shared Uniform identity in all emission modes (480.3485ms)
✔ S05-FR-001 same-stage same resource type conflict fails without artifacts or Graph changes (13.6281ms)
✔ S05-FR-001 same-stage same resource default conflict fails without artifacts or Graph changes (13.1879ms)
✔ S05-FR-001 cross-stage same resource type conflict fails without artifacts or Graph changes (13.3554ms)
✔ S05-FR-001 cross-stage same resource default conflict fails without artifacts or Graph changes (12.8335ms)
✔ S05 fixed float: literals inside Function stay constant while formal and result are runtime (33.2739ms)
✔ S05 fixed float: defaults fixed schema every stage and mode with pure generation and roundtrip (226.8431ms)
✔ S05 fixed float: bad payloads unused errors atomic commands fixed source and constant distinction (3.5482ms)
✔ S05 fixed float: scoped two-context edits one Undo and stale token preserve History (6.3113ms)
✔ S05 fixed float: shared Function and Personal owner closure retain exact values (18.8078ms)
✔ S05 fixed vec2: literals inside Function stay constant while formal and result are runtime (30.8354ms)
✔ S05 fixed vec2: defaults fixed schema every stage and mode with pure generation and roundtrip (230.7466ms)
✔ S05 fixed vec2: bad payloads unused errors atomic commands fixed source and constant distinction (4.3242ms)
✔ S05 fixed vec2: scoped two-context edits one Undo and stale token preserve History (6.4165ms)
✔ S05 fixed vec2: shared Function and Personal owner closure retain exact values (19.6437ms)
✔ S05 fixed vec3: literals inside Function stay constant while formal and result are runtime (31.6035ms)
✔ S05 fixed vec3: defaults fixed schema every stage and mode with pure generation and roundtrip (239.1045ms)
✔ S05 fixed vec3: bad payloads unused errors atomic commands fixed source and constant distinction (3.9755ms)
✔ S05 fixed vec3: scoped two-context edits one Undo and stale token preserve History (6.205ms)
✔ S05 fixed vec3: shared Function and Personal owner closure retain exact values (20.334ms)
✔ S05 fixed color: literals inside Function stay constant while formal and result are runtime (31.5629ms)
✔ S05 fixed color: defaults fixed schema every stage and mode with pure generation and roundtrip (226.3742ms)
✔ S05 fixed color: bad payloads unused errors atomic commands fixed source and constant distinction (3.9562ms)
✔ S05 fixed color: scoped two-context edits one Undo and stale token preserve History (6.1637ms)
✔ S05 fixed color: shared Function and Personal owner closure retain exact values (18.7383ms)
✔ S05 AT03 source/literal shape extents stay fixed; input-bound scalar extent cannot specialize a function (75.5083ms)
✔ S05 AT04 pre-existing malformed constant edge and authored losses are preserved (14.7052ms)
✔ S05 AT04 AT05 unused shared dependent definitions localize and detach atomically with Redo exact (56.9308ms)
✔ S05 AT08 multioutput and unconsumed nested effects have one evaluation per occurrence and stage-local helpers (37.9391ms)
✔ S05 AT08 two live depth writer occurrences reject even when one helper body is deduplicated (16.9111ms)
✔ S05 AT01 definition default shared mode independent and no-op History (24.9346ms)
✔ S05 AT02 one helper per definition and distinct caller arguments; nested helpers are dependency ordered (30.2582ms)
✔ S05 AT03 ordinary inputs are runtime even when all callers pass constants; dead constant uses reject atomically (23.6235ms)
✔ S05 AT03 Uniform parameter binding is runtime; ordinary connection rejects constant receiver without publication (15.006ms)
✔ S05 AT04 AT05 transitive newly-invalid consumer edges detach once with losses, Undo/Redo and required error (25.2692ms)
✔ S05 AT06 function Personal roundtrip reuses mode, localizes once and preserves source bytes (61.3941ms)
✔ S05 AT06 DEC004 upgraded literal source input and nested Personal retain selected eligible modes through exchange (483.265ms)
✔ S05 AT07 explicit owner upgrade preserves old pins/body/origin and unknown mode never defaults (7.5204ms)
✔ S05 AT09 later invalid edit and load retain function mode; diagnostic names shared definition and related calls (17.0296ms)
✔ S05 AT10 body/mode/profile changes create fresh artifacts and old snapshot is immutable (46.8301ms)
✔ S05 HTTP provider SHA256 canonical bytes known vectors and secure UUIDv4 fail-closed (35.8485ms)
✔ S06 catalog is a detached read over exact document pins and current occurrence stage (3.1953ms)
✔ S06 source/name/category literal rank uses NFKC, aliases and all terms without regular expressions (2.4557ms)
✔ S06 stale creation proposals reject revision, navigation ABA, load and readonly without model or History writes (9.9752ms)
✔ S06 connected creation replaces an occupied exact input atomically and Undo restores it (20.8325ms)
✔ S06 query disposable IDs do not collide with admitted persistent IDs and consume no canonical identity (4.0928ms)
✔ S06 forged reference and mismatched matching-port proposals reject before any model publication (39.2351ms)
✔ S06 reference catalog excludes nested source admission without publishing query changes (18.7591ms)
✔ S06 configured Compose preview and published schema/edge agree in one transaction and one Undo/Redo (63.7027ms)
✔ S06 configured creation rejects invalid missing and non-choice parameters atomically preserving Redo and expired Draft (2.5083ms)
✔ S06 configured creation preserves library fork/reference atomicity and rolls back a rejected choice (6.666ms)
✔ S06 configured creation keeps initializer descriptor, owner codec and reference validation before publication (2.731ms)
✔ S06 configured creation followed by failed connection rolls back the full batch (0.6502ms)
✔ M1: missing-module boundary x rename rejects save before ACK without data loss (16.5535ms)
✔ M1: missing-module boundary 中 rename rejects save before ACK without data loss (13.5463ms)
✔ M1: missing-module boundary 🍇 rename rejects save before ACK without data loss (20.5621ms)
✔ M1: compact fallback validates actual emitted bytes at and beyond the budget (9.4343ms)
✔ M1: nodes at/beyond network limit obey save/reopen invariant (18.9852ms)
✔ M1: edges at/beyond network limit obey save/reopen invariant (36.5307ms)
✔ M1: editing beyond network capacity cannot acknowledge a save or erase the previous saved document (84.9369ms)
ℹ tests 242
ℹ suites 0
ℹ pass 242
ℹ fail 0
ℹ cancelled 0
ℹ skipped 0
ℹ todo 0
ℹ duration_ms 8831.076
(node:59600) ExperimentalWarning: Transform Types is an experimental feature and might change at any time
(Use `node --trace-warnings ...` to show where the warning was created)
