✔ production ownership manifest covers every source and rejects mutation/platform/extension violations (1104.876ms)
✔ S02 conformance: replacement uses one public Graph batch, isolates observers and retains two Context identities (13.2008ms)
✔ S02 conformance: direct replacement rejects model Error without modifying document/history (3.5371ms)
✔ M2: direct replacement atomically rejects malformed position component before publication (2.3286ms)
✔ M2: direct replacement atomically rejects malformed position length before publication (1.5277ms)
✔ M2: direct replacement atomically rejects duplicate recovery IDs before publication (1.7379ms)
✔ M2: direct replacement atomically rejects unknown envelope field before publication (1.8022ms)
✔ M2: direct replacement atomically rejects unknown node field before publication (1.6131ms)
✔ M2: direct replacement atomically rejects unknown endpoint field before publication (1.5561ms)
✔ M2: catching invalid replacement cannot publish earlier edits in the same batch (1.5353ms)
✔ M2: valid detached replacement publishes once and retains exact Undo/Redo content (3.4492ms)
✔ L10N exact owner, parent/default/inline fallback and plain interpolation leave model/history/generation unchanged (5.201ms)
✔ L10N atomic duplicate/malformed rejection, revision CAS and immutable detached catalogs (0.375ms)
✔ L10N observer errors/reentry are isolated, cleanup cancels later delivery, disposed service rejects (0.1599ms)
✔ PC authority: declaration is not grant; render/async/outside event denied, same mounted event succeeds (3.5603ms)
✔ PC gesture: origin guard, one operation, cross-Panel lease rejection and latest lease required (3.7812ms)
✔ PC move/hide cancel pointer gesture and drain new leases before workspace action returns (7.0715ms)
✔ PC render failure cancels only unfinished operation after publication, with no reentrant mutation (2.5261ms)
✔ PC same ID reuse and old scope registrations remain revoked (2.0462ms)
✔ VM resources: cleanup in reverse order, failure isolation, stale async tickets, no render reentrancy (0.295ms)
✔ two independently registered Panels and two Widget view shapes share lifecycle without feature dispatch (1.0509ms)
✔ VM mount/capture/update reentrancy revokes scope and preserves placeholder; explicit retry recovers (0.2326ms)
✔ VM subscription failure releases acquired subscriptions and cannot pretend to mount (0.1014ms)
✔ PC application denies every editing command while readonly or history busy; field binding invalidates (3.8629ms)
✔ AT-S01-01: Float × Multiply → Compose emits pinned host-free GLSL without mutation (2.8953ms)
✔ AT-S01-02: direction, cross-network, occupied input, cycle and type failures are atomic (1.965ms)
✔ AT-S01-03: mode change captures complete prior ports, edge plans and loss; undo/redo and reload (5.0461ms)
✔ AT-S01-04: multi-batch operation, cancel/no-op redo, expired draft and async draft (4.5312ms)
✔ AT-S01-08: projection before observers, reentrant writes reject and throwing observer does not roll back (1.5784ms)
✔ AT-S01-06: contexts share model and clean selection before external observation (2.3495ms)
✔ scoped field token rejects value ABA, busy, connected and dead targets; unrelated movement preserves token (3.9056ms)
✔ all model errors including unused nodes block generation; fixed definitions and boundaries remain protected (1.8845ms)
✔ generation rejects missing/extra declared boundary output even when a module emits an incomplete map (2.091ms)
✔ shared type environment rejects unknown identity and permits explicitly registered nominal types without changing core dispatch (0.5915ms)
✔ AT-S01-02: endpoints in two real Stage networks cannot be cross-connected (2.242ms)
✔ unknown Stage slots block generation; duplicate slot identities reject before hydration (3.6607ms)
✔ M1 reviewer counterexample: float 1e21 generates a valid GLSL floating constant (1.9338ms)
✔ M1 reviewer counterexample: multiply 1e21 generates a valid GLSL floating constant (1.9411ms)
✔ M1 literal grammar and value roundtrip cover integers, decimals, signs and exponent-form values (0.2799ms)
✔ M1 all finite float32 exponent bins and representative mantissas have legal value-preserving literals (1.7497ms)
✔ M1 admitted boundary/representative values remain editable and compile through both production literal paths (27.3809ms)
✔ AT-S01-05: document identity, complete content, new lifetime/empty history and semantic regeneration (2.8227ms)
✔ AT-S01-07: ACK of A never marks B saved, rejection and SAVE_BUSY retain baseline; download is separate (3.5123ms)
✔ old saved handle cannot attach to same persistent IDs after reload (2.0815ms)
✔ wire unknown structure, unsupported version/operation/tag, malformed known data precedence and original retention (2.0647ms)
✔ writer refuses executable/hidden values, sparse arrays, nonfinite numbers and altered prototypes without invoking getters (1.5294ms)
✔ missing exact module preserves opaque state and last port policy; loss payload is never activated (2.7819ms)
✔ forged stored conversion remains saveable but cannot generate (2.0805ms)
✔ prototype-named unknown structural keys and non-JSON whitespace are not silently accepted (1.9543ms)
✔ unrelated edits preserve forged connection evidence rather than silently repairing it (2.1092ms)
✔ pending storage open cannot replace a newer edit or document lifetime (1.8775ms)
✔ unrelated edits retain explicit invalid-edge evidence even when its stored plan is structurally valid (2.1234ms)
✔ AT-S02-04 PNG: CRC oracle, roundtrip, repeated wrapping and unowned chunks preserve bytes (8.1846ms)
✔ AT-S02-04 PNG: malformed CRC, missing metadata, duplicate metadata, compression and malformed envelope are named rejections (3.5872ms)
✔ AT-S02-04 PNG: structural boundaries, file/chunk/metadata limits and invalid UTF-8 never decode pixels or compressed text (87.4699ms)
✔ AT-S02-04 PNG: ASCII/CJK/non-BMP budgets match text intake and preserve canonical graph (134.9968ms)
✔ AT-S02-01: detached inspection/cancel/raw retention and one atomic replacement with Context continuity and Undo/Redo (6.0527ms)
✔ AT-S02-01: base revision, content, lifetime, readonly, busy and fabricated review fences (18.4181ms)
✔ AT-S02-01: invalid/future/duplicate IDs/unknown structure have explicit outcomes and never publish (12.321ms)
✔ AT-S02-01: only explicit layout repair yields a candidate; unknown endpoints/references are never guessed (9.6255ms)
✔ AT-S02-01: mismatched exact pins cannot replace the destination; failed replacement is atomic (2.4557ms)
✔ AT-S02-02: missing exact module survives move/rename/save/reopen; exact restoration invokes codec and never substitutes latest (8.0063ms)
✔ AT-S02-03 boundary: foreign/legacy input is retained with explicit unresolved Gate, never implicit conversion or archive execution (0.7031ms)
✔ AT-S02-04: ASCII/CJK/non-BMP UTF-8 exact byte budget produces deterministic results without truncation (29.8445ms)
✔ AT-S02-04: network budgets, duplicate JSON keys, unknown nested structure and opaque fields are independently checked (13.2656ms)
✔ S03 Group17 retains a draft, compilation rejects per-direction limit, Undo restores original (55.5794ms)
✔ S03 64-definition destination rejects independence and imported 65th atomically (1183.038ms)
✔ S03 nested nodes overflow rejects before paste publication (19.9015ms)
✔ S03 nested edges overflow rejects before paste publication (23.968ms)
✔ S03 symbolic extents require int/uint sources, only outer dimension and pure compilation (7.066ms)
✔ S03 New may retain a 257-node draft; generation and save reject it without losing the draft (115.0942ms)
✔ S03 partial frames stay outside clipboard; pasted relative positions retain a common offset (5.2919ms)
✔ S03 persisted nested source is preserved while new nested source admission remains rejected (6.285ms)
✔ S03 scalar/vector/matrix sources transfer; composite source reuses only within its source lifetime (23.4257ms)
✔ S03 FR01 admitted nested Structure arrays fail ES300 profile without artifacts; one dimension succeeds (7.9498ms)
✔ S03 FR02 independence remaps mixed parent and shared child owner references with Undo/Redo (45.3953ms)
✔ S03 FR02 independence remaps mixed parent and cloned child owner references with Undo/Redo (58.5131ms)
✔ S03 FR02 incomplete shared-child node address rejects independence atomically (14.0175ms)
✔ S03 FR03 editing inner Structure validates dependent depth16 and preserves Redo on depth17 rejection (21.4144ms)
✔ S03 FR03 affected dependent expansion and vector component budgets reject atomically (5.2429ms)
✔ S03 EG01 native array constructor2048, clipboard2048 boundary and same-load reuse (5.9474ms)
✔ S03 EG01 native array constructor2049, clipboard2048 boundary and same-load reuse (6.5124ms)
✔ S03 EG01 native array constructor4096, clipboard2048 boundary and same-load reuse (8.1337ms)
✔ S03 EG01 native array constructor4097 rejects atomically (2.4728ms)
✔ S03 EG01 sampler clipboard path2048 admission (4.6105ms)
✔ S03 EG01 sampler clipboard path2049 admission (4.3203ms)
✔ S03 EG01 native arrays admit float/vec2/vec3/vec4 and remap symbolic length closure (27.6382ms)
✔ S03 EG01 native arrays reject matrix/nested/expressions and invalid length owner types (11.6983ms)
✔ S03 EG01 TOP declarations clone while source+origin slots reuse, defaults persist, and Undo/Redo/save preserve identity (19.7614ms)
✔ S03 EG01 specialization import allocates minimal vacant ID0,2 ->1 (5.4576ms)
✔ S03 EG01 unsupported target, unavailable owner and throwing owner reject without publication (8.2188ms)
✔ S03 EG01 numeric uniform scalar/vector/matrix transfer remains independent and generation is explicit unavailable (17.3659ms)
✔ S03 FR03 registered resource types cannot become Structure fields (2.4428ms)
✔ S03 EG01 exact provider/target ownership and imported descriptor failures stay atomic (5.7278ms)
✔ S03 EG01 round2 implicit constant array@["glsl.float",2] preserves same-load reuse and rejects real cross-Graph and fresh-load publication (13.3874ms)
✔ S03 EG01 round2 constant array@["glsl.float",2] preserves same-load reuse and rejects real cross-Graph and fresh-load publication (12.2169ms)
✔ S03 EG01 round2 uniform array@["glsl.float",2] preserves same-load reuse and rejects real cross-Graph and fresh-load publication (13.6034ms)
✔ S03 EG01 round2 implicit constant array@["glsl.vec2",2] preserves same-load reuse and rejects real cross-Graph and fresh-load publication (13.9185ms)
✔ S03 EG01 round2 constant array@["glsl.vec2",2] preserves same-load reuse and rejects real cross-Graph and fresh-load publication (12.6084ms)
✔ S03 EG01 round2 uniform array@["glsl.vec2",2] preserves same-load reuse and rejects real cross-Graph and fresh-load publication (13.4737ms)
✔ S03 EG01 round2 scalar/vector/matrix constants and uniforms still cross actual Graph and fresh load (71.5253ms)
✔ S03 custom declared/state closure same-Graph remaps identities only and Undo/Redo (10.9005ms)
✔ S03 custom declared/state closure cross-Graph remaps identities only and Undo/Redo (10.8438ms)
✔ S03 grouping an existing caller preserves child-owned frame node addresses (17.3772ms)
✔ S03 owner collect/remap throws and escaping/incomplete references reject atomically with Redo preserved (11.8707ms)
✔ S03 custom resources follow encapsulation and direct independence, ordinary dependencies remain shared (21.2578ms)
✔ S03 encapsulation deduplicates crossing interfaces, shared generation is pure, Undo restores all references (8.7297ms)
✔ S03 interface rename/reorder/type/removal reconciles every caller once and Undo restores values/invalid edges/loss (12.4516ms)
✔ S03 nested resource callers including unused ancestors reconcile child interface (14.6396ms)
✔ S03 library position keeps identity, semantic edit forks target and library ancestors and local refs atomically (29.032ms)
✔ S03 direct make independent clones direct definition, shares dependencies and remaps own boundary (22.427ms)
✔ S03 same-load clipboard reuses current source; cross-graph remaps resources and preserves text (9.4328ms)
✔ S03 clipboard typed native symbolic array closure remaps only semantic references (7.6435ms)
✔ S03 late bad edge, escaping refs, forbidden source and missing closure reject without nodes/resources/history/notifications (7.156ms)
✔ S03 source selection stays outside encapsulation; boundary-only grouping is no-op and preserves redo (4.8354ms)
✔ S03 structure drafts retain stable fields, reject recursion and block deletion while referenced (3.2543ms)
✔ S03 contexts distinguish occurrences; nested scoped targets never revive after navigation and Undo (16.3314ms)
✔ S03 library snapshot position edit retains origin, first semantic edit forks and old source remains immutable (9.8677ms)
✔ S03 nested delete and required boundary protection use the canonical Graph (9.2888ms)
✔ S03 library ancestor traversal crosses local parents (41.3096ms)
✔ S03 spare-port creation and first edge are one Undo entry with stable keys (9.895ms)
✔ S03 whole frames travel through grouping and cross-Graph clipboard with fresh identities (13.3894ms)
✔ S03 vector/matrix reshape retains override components and defaults follow interface defaults (7.2947ms)
✔ S03 malformed resource envelopes, missing boundaries and nominal conflicts reject atomically (10.005ms)
✔ S03 source admission cannot be bypassed by nested add, grouping or pasted nodes (6.17ms)
✔ S03 layout proposal rejects navigation ABA, semantic fork and Undo (10.7646ms)
✔ S03 clipboard rejects forged hydrated plans and invalid edge evidence (3.8662ms)
✔ S03 empty library paste preserves origin, selection-independent History and Redo (8.4189ms)
✔ S03 packet-wide network identity collisions and malformed reused resource envelopes reject (6.1191ms)
✔ S03 source transfer uses actual load identity and reopened documents cannot forge same-load reuse (4.0899ms)
✔ S03 structure emission is read-only, nominally declared once, field deletion preserves invalid edges and Undo (6.7611ms)
✔ S03 accepted paste requires a valid destination and direct whole frames survive clipboard (5.5301ms)
✔ S03 scoped parameters and proposals from identical persistent IDs expire across a new load (10.692ms)
✔ S03 library grouping resolves the forked canonical network (8.9822ms)
✔ S03 local child semantic edit forks its library ancestor (23.2989ms)
✔ S03 explicit override equal to default survives interface defaults and save/reload (15.3276ms)
✔ S03 direct independence preserves nonowned state, declared references and typed frame resources (15.53ms)
✔ S03 encapsulation rejects cross-scope node references despite matching local IDs (2.2227ms)
✔ S03 New creates Value vec4 passthrough; shared rename retains instance names and no-op keeps library identity (17.3204ms)
✔ S03 explicit interface Add stops at16 per direction without erasing preserved oversized draft (16.9166ms)
✔ S03 structure authoring validates count, names, description, nested fixed arrays, recursion/depth and expansion (502.9045ms)
✔ S03 large external array declarations survive metadata edits; materialization remains bounded (4.4104ms)
✔ S03 type tokens retain eight dimensions and reject extra tuple fields (2.7806ms)
✔ S03 disconnected output boundary follows shared output defaults (10.7855ms)
✔ S03 inline array construction and same-load reuse allow2049 elements; cross-Graph clipboard rejects composites (22.1415ms)
✔ S03 nested input link ABA invalidates old edit tokens without changing History on rejection (21.1746ms)
✔ S03 shared same-key type changes reject stale caller tokens and removed handles never revive (13.9749ms)
✔ S03 cross-Graph nominal closure remaps nested structures and Undo removes the full insertion (7.0898ms)
✔ S03 reusable definition cycles reject atomically including unused dependencies (13.9169ms)
✔ S04 Personal complete owner payload and typed references survive reuse fork and absent Library source (72.3605ms)
✔ S04 DEC004 same-name destination sources retain distinct identity and changed imported bindings regenerate (608.1365ms)
✔ S04 Personal malformed envelope checksum and unsupported owner reject before provider writes; list deduplicates renamed files (43.7478ms)
✔ S04 DEC002 one-source fanout does not mutate source or existing conversions and pad failures agree (23.4284ms)
✔ S04 Personal root owner remap and input-bound Independent retain complete typed scope (108.8527ms)
✔ S04 stored inherited v2 and pad plans retain complete extensions through Personal shared import and reopen (34.2872ms)
✔ S04 shipped basic Library snapshot compiles after semantic fork and Personal roundtrip (14.3928ms)
✔ S04 Personal canonical package preserves snapshots, same-version reuse, independent and collision-safe filenames (48.9966ms)
✔ S04 DEC002 all16 default float plans, version fences and current ImageOutput compile (1.9167ms)
✔ S04 AC001 additive envelope upgrade retains exact pins and inactive evidence, fences v2 under2.0 (1.5592ms)
✔ S04 DEC004 literal Personal typed closure survives canonical export import save reopen generation (38.488ms)
✔ S04 DEC004 source Personal typed closure survives canonical export import save reopen generation (99.945ms)
✔ S04 DEC004 direct-source Personal typed closure survives canonical export import save reopen generation (55.7018ms)
✔ S04 DEC004 input Personal typed closure survives canonical export import save reopen generation (118.9066ms)
✔ S04 DEC004 input-bound length uses caller override and rejects conflicting caller sources (31.174ms)
✔ S04 DEC004 nested shared input bindings remap through Personal and remain independent after semantic fork and reinsert (500.055ms)
✔ S04 AC001 inactive owner network resources and unknown wrapper versions preserve the version fence (5.7319ms)
✔ S04 DEC004 rejected literal/source/input/nested candidates are atomic through Application with valid checksums (262.8666ms)
✔ S04 Personal Library per-file isolation, safe names, duplicate-at-capacity and provider failures leave existing assets unchanged (47.8317ms)
✔ S04 AC001 unchanged accepted reader and exact old/new definition boundaries (4.0088ms)
✔ S04 inherited v2 plans preserve extensions across hydration move clipboard nested and Personal (19.0851ms)
✔ S04 current exact source owner supports new image descriptors without retargeting legacy owner (1.2322ms)
✔ S04 DEC004 required int length input qualifies with an actual constant supply and changed caller defaults regenerate (126.7438ms)
✔ S05 drag repair root reads one fresh snapshot and retains immutable earlier projections (3.376ms)
✔ S05 drag repair nested reads one fresh snapshot and retains immutable earlier projections (10.4397ms)
✔ S05 drag repair preserves readonly and busy notification values while movement keeps field token (3.3996ms)
✔ S05 replacement eligibility keeps source validity separate and exact mismatch refusal atomic (15.6456ms)
✔ S05 matching replacement preserves Graph load and Context identity with one full-content Undo Redo (16.8218ms)
✔ S05 replacement eligibility and command retain stale cancelled invalid readonly and fabricated guards (35.5742ms)
✔ S05 model preflight and publication share exact kind and ordered-pin refusal without History (4.0861ms)
✔ S05-FR-001 complete program preserves distinct and reversed shared Uniform identity in all emission modes (656.5993ms)
✔ S05-FR-001 same-stage same resource type conflict fails without artifacts or Graph changes (20.0194ms)
✔ S05-FR-001 same-stage same resource default conflict fails without artifacts or Graph changes (17.3697ms)
✔ S05-FR-001 cross-stage same resource type conflict fails without artifacts or Graph changes (19.8261ms)
✔ S05-FR-001 cross-stage same resource default conflict fails without artifacts or Graph changes (14.5126ms)
✔ S05 fixed float: literals inside Function stay constant while formal and result are runtime (43.149ms)
✔ S05 fixed float: defaults fixed schema every stage and mode with pure generation and roundtrip (322.9022ms)
✔ S05 fixed float: bad payloads unused errors atomic commands fixed source and constant distinction (4.7584ms)
✔ S05 fixed float: scoped two-context edits one Undo and stale token preserve History (6.6387ms)
✔ S05 fixed float: shared Function and Personal owner closure retain exact values (20.2089ms)
✔ S05 fixed vec2: literals inside Function stay constant while formal and result are runtime (38.8404ms)
✔ S05 fixed vec2: defaults fixed schema every stage and mode with pure generation and roundtrip (297.7297ms)
✔ S05 fixed vec2: bad payloads unused errors atomic commands fixed source and constant distinction (5.8433ms)
✔ S05 fixed vec2: scoped two-context edits one Undo and stale token preserve History (9.0606ms)
✔ S05 fixed vec2: shared Function and Personal owner closure retain exact values (29.8282ms)
✔ S05 fixed vec3: literals inside Function stay constant while formal and result are runtime (47.2994ms)
✔ S05 fixed vec3: defaults fixed schema every stage and mode with pure generation and roundtrip (323.8206ms)
✔ S05 fixed vec3: bad payloads unused errors atomic commands fixed source and constant distinction (6.2164ms)
✔ S05 fixed vec3: scoped two-context edits one Undo and stale token preserve History (7.18ms)
✔ S05 fixed vec3: shared Function and Personal owner closure retain exact values (25.5338ms)
✔ S05 fixed color: literals inside Function stay constant while formal and result are runtime (35.7776ms)
✔ S05 fixed color: defaults fixed schema every stage and mode with pure generation and roundtrip (344.401ms)
✔ S05 fixed color: bad payloads unused errors atomic commands fixed source and constant distinction (5.9118ms)
✔ S05 fixed color: scoped two-context edits one Undo and stale token preserve History (9.9584ms)
✔ S05 fixed color: shared Function and Personal owner closure retain exact values (27.6961ms)
✔ S05 AT03 source/literal shape extents stay fixed; input-bound scalar extent cannot specialize a function (113.4152ms)
✔ S05 AT04 pre-existing malformed constant edge and authored losses are preserved (22.9938ms)
✔ S05 AT04 AT05 unused shared dependent definitions localize and detach atomically with Redo exact (81.071ms)
✔ S05 AT08 multioutput and unconsumed nested effects have one evaluation per occurrence and stage-local helpers (52.5605ms)
✔ S05 AT08 two live depth writer occurrences reject even when one helper body is deduplicated (27.0861ms)
✔ S05 AT01 definition default shared mode independent and no-op History (38.1499ms)
✔ S05 AT02 one helper per definition and distinct caller arguments; nested helpers are dependency ordered (45.8332ms)
✔ S05 AT03 ordinary inputs are runtime even when all callers pass constants; dead constant uses reject atomically (33.0307ms)
✔ S05 AT03 Uniform parameter binding is runtime; ordinary connection rejects constant receiver without publication (23.6456ms)
✔ S05 AT04 AT05 transitive newly-invalid consumer edges detach once with losses, Undo/Redo and required error (40.2449ms)
✔ S05 AT06 function Personal roundtrip reuses mode, localizes once and preserves source bytes (92.0319ms)
✔ S05 AT06 DEC004 upgraded literal source input and nested Personal retain selected eligible modes through exchange (672.0962ms)
✔ S05 AT07 explicit owner upgrade preserves old pins/body/origin and unknown mode never defaults (10.8353ms)
✔ S05 AT09 later invalid edit and load retain function mode; diagnostic names shared definition and related calls (23.144ms)
✔ S05 AT10 body/mode/profile changes create fresh artifacts and old snapshot is immutable (54.0174ms)
✔ S05 HTTP provider SHA256 canonical bytes known vectors and secure UUIDv4 fail-closed (39.8925ms)
✔ S06 catalog is a detached read over exact document pins and current occurrence stage (4.4598ms)
✔ S06 source/name/category literal rank uses NFKC, aliases and all terms without regular expressions (3.4607ms)
✔ S06 stale creation proposals reject revision, navigation ABA, load and readonly without model or History writes (15.5236ms)
✔ S06 connected creation replaces an occupied exact input atomically and Undo restores it (30.1019ms)
✔ S06 query disposable IDs do not collide with admitted persistent IDs and consume no canonical identity (8.4663ms)
✔ S06 forged reference and mismatched matching-port proposals reject before any model publication (59.1936ms)
✔ S06 reference catalog excludes nested source admission without publishing query changes (29.1048ms)
✔ S06 configured Compose preview and published schema/edge agree in one transaction and one Undo/Redo (90.6406ms)
✔ S06 configured creation rejects invalid missing and non-choice parameters atomically preserving Redo and expired Draft (2.794ms)
✔ S06 configured creation preserves library fork/reference atomicity and rolls back a rejected choice (8.3295ms)
✔ S06 configured creation keeps initializer descriptor, owner codec and reference validation before publication (3.9334ms)
✔ S06 configured creation followed by failed connection rolls back the full batch (1.0234ms)
✔ M1: missing-module boundary x rename rejects save before ACK without data loss (20.6216ms)
✔ M1: missing-module boundary 中 rename rejects save before ACK without data loss (15.6711ms)
✔ M1: missing-module boundary 🍇 rename rejects save before ACK without data loss (20.1452ms)
✔ M1: compact fallback validates actual emitted bytes at and beyond the budget (11.6848ms)
✔ M1: nodes at/beyond network limit obey save/reopen invariant (24.1887ms)
✔ M1: edges at/beyond network limit obey save/reopen invariant (43.764ms)
✔ M1: editing beyond network capacity cannot acknowledge a save or erase the previous saved document (101.776ms)
ℹ tests 239
ℹ suites 0
ℹ pass 239
ℹ fail 0
ℹ cancelled 0
ℹ skipped 0
ℹ todo 0
ℹ duration_ms 11345.2147
(node:50608) ExperimentalWarning: Transform Types is an experimental feature and might change at any time
(Use `node --trace-warnings ...` to show where the warning was created)
