
Running 16 tests using 1 worker

(node:10920) Warning: The 'NO_COLOR' env is ignored due to the 'FORCE_COLOR' env being set.
(Use `node --trace-warnings ...` to show where the warning was created)
  ok  1 [chromium] › ..\..\..\production\tests\browser\s06-hover-repair.spec.ts:31:3 › S06 repair continuous 80-step Node details 1440 (2.6s)
  ok  2 [chromium] › ..\..\..\production\tests\browser\s06-hover-repair.spec.ts:31:3 › S06 repair continuous 80-step Port details 1440 (2.4s)
  ok  3 [chromium] › ..\..\..\production\tests\browser\s06-hover-repair.spec.ts:31:3 › S06 repair continuous 80-step Parameter Widget details 1440 (2.5s)
  ok  4 [chromium] › ..\..\..\production\tests\browser\s06-hover-repair.spec.ts:31:3 › S06 repair continuous 80-step Node details 1920 (2.4s)
  ok  5 [chromium] › ..\..\..\production\tests\browser\s06-hover-repair.spec.ts:31:3 › S06 repair continuous 80-step Port details 1920 (2.4s)
  ok  6 [chromium] › ..\..\..\production\tests\browser\s06-hover-repair.spec.ts:31:3 › S06 repair continuous 80-step Parameter Widget details 1920 (2.4s)
  ok  7 [chromium] › ..\..\..\production\tests\browser\s06-hover-repair.spec.ts:59:3 › S06 repair F2 focused control versus hovered node (773ms)
  ok  8 [chromium] › ..\..\..\production\tests\browser\s06-hover-repair.spec.ts:59:3 › S06 repair F2 focused control versus hovered panel (847ms)
  ok  9 [chromium] › ..\..\..\production\tests\browser\s06-hover-repair.spec.ts:59:3 › S06 repair F2 focused control versus hovered control (807ms)
  ok 10 [chromium] › ..\..\..\production\tests\browser\s06-hover-repair.spec.ts:59:3 › S06 repair F2 focused node versus hovered node (744ms)
  ok 11 [chromium] › ..\..\..\production\tests\browser\s06-hover-repair.spec.ts:59:3 › S06 repair F2 focused node versus hovered panel (729ms)
  ok 12 [chromium] › ..\..\..\production\tests\browser\s06-hover-repair.spec.ts:59:3 › S06 repair F2 focused node versus hovered control (732ms)
  ok 13 [chromium] › ..\..\..\production\tests\browser\s06-hover-repair.spec.ts:59:3 › S06 repair F2 focused port versus hovered node (725ms)
  ok 14 [chromium] › ..\..\..\production\tests\browser\s06-hover-repair.spec.ts:59:3 › S06 repair F2 focused port versus hovered panel (727ms)
  ok 15 [chromium] › ..\..\..\production\tests\browser\s06-hover-repair.spec.ts:59:3 › S06 repair F2 focused port versus hovered control (714ms)
  ok 16 [chromium] › ..\..\..\production\tests\browser\s06-hover-repair.spec.ts:77:1 › S06 repair compact disclosures share presentation without model changes (796ms)

  16 passed (23.2s)
