
Running 25 tests using 1 worker

(node:59020) Warning: The 'NO_COLOR' env is ignored due to the 'FORCE_COLOR' env being set.
(Use `node --trace-warnings ...` to show where the warning was created)
  ok  1 [chromium] › ..\..\..\production\tests\browser\s05-escape-focus.spec.ts:8:5 › S05 natural Escape cancels direct without Export drag with no History entry (1.4s)
  ok  2 [chromium] › ..\..\..\production\tests\browser\s05-escape-focus.spec.ts:8:5 › S05 natural Escape cancels direct after Export drag with no History entry (1.8s)
  ok  3 [chromium] › ..\..\..\production\tests\browser\s05-escape-focus.spec.ts:8:5 › S05 natural Escape cancels wrapper without Export drag with no History entry (1.3s)
  ok  4 [chromium] › ..\..\..\production\tests\browser\s05-escape-focus.spec.ts:8:5 › S05 natural Escape cancels wrapper after Export drag with no History entry (1.9s)
  ok  5 [chromium] › ..\..\..\production\tests\browser\s06-creation.spec.ts:29:1 › S06 public wired Compose vec2 preview matches actual schema and identity edge with one Undo/Redo (1.3s)
  ok  6 [chromium] › ..\..\..\production\tests\browser\s06-creation.spec.ts:98:3 › S06 port context preview uses same-key direction and actual socket geometry at zoom 1 (1.1s)
  ok  7 [chromium] › ..\..\..\production\tests\browser\s06-creation.spec.ts:98:3 › S06 port context preview uses same-key direction and actual socket geometry at zoom 1.2 (1.2s)
  ok  8 [chromium] › ..\..\..\production\tests\browser\s06-creation.spec.ts:190:1 › S06 source and Project subgraph catalog reuse owner references with one History operation (1.6s)
  ok  9 [chromium] › ..\..\..\production\tests\browser\s06-creation.spec.ts:237:1 › S06 row drag accepts blank canvas once, rejects controls and other Canvas; browse double-click has one Undo (1.3s)
  ok 10 [chromium] › ..\..\..\production\tests\browser\s06-creation.spec.ts:275:1 › S06 creator move threshold, clamping, creation point and cancellations are view only (1.6s)
  ok 11 [chromium] › ..\..\..\production\tests\browser\s06-creation.spec.ts:320:1 › S06 keyboard and popup guards preserve field drafts, IME and contextual cancellation (687ms)
  ok 12 [chromium] › ..\..\..\production\tests\browser\s06-creation.spec.ts:349:1 › S06 touch emulation: blank double-tap, row inspect and plus drag insert once without a trailing click (1.3s)
  ok 13 [chromium] › ..\..\..\production\tests\browser\s06-creation.spec.ts:464:1 › S06 cross-Canvas drop and intervening shared revision cancel captured palette without mutation (1.2s)
  ok 14 [chromium] › ..\..\..\production\tests\browser\s06-guards.spec.ts:14:1 › S06 advertised view and edit shortcuts preserve gesture, draft and History boundaries (1.6s)
  ok 15 [chromium] › ..\..\..\production\tests\browser\s06-guards.spec.ts:58:1 › S06 Canvas connection failure persists across movement and unrelated successful actions until matching recovery (927ms)
  ok 16 [chromium] › ..\..\..\production\tests\browser\s06-guards.spec.ts:79:1 › S06 category collapse survives query changes and whitespace uses the tree without a Graph edit (544ms)
  ok 17 [chromium] › ..\..\..\production\tests\browser\s06-guards.spec.ts:101:1 › S06 Personal search and inspect are readonly, malformed import survives unrelated success, and insert restores one Undo (1.9s)
  ok 18 [chromium] › ..\..\..\production\tests\browser\s06-guards.spec.ts:169:1 › S06 pending touch menu cancels on blur and second touch, while a completed blank hold is view only (2.7s)
  ok 19 [chromium] › ..\..\..\production\tests\browser\s06-guards.spec.ts:224:1 › S06 native field context menu remains unprevented and touch hold never opens an object menu from a control (1.1s)
  ok 20 [chromium] › ..\..\..\production\tests\browser\s06-guards.spec.ts:354:1 › S06 competing touch cancels a primary node drag without a committed History entry (948ms)
  ok 21 [chromium] › ..\..\..\production\tests\browser\s06-workspace.spec.ts:19:1 › S06 catalog literal normalized search, source/type filters, inspect and native text do not edit (609ms)
  ok 22 [chromium] › ..\..\..\production\tests\browser\s06-workspace.spec.ts:65:1 › S06 blank double-click and Tab create previews; movement is independent, cancel and stage change add no History (831ms)
  ok 23 [chromium] › ..\..\..\production\tests\browser\s06-workspace.spec.ts:103:1 › S06 wired creation is preview-only until snap placement and one Undo restores occupied input (1.2s)
  ok 24 [chromium] › ..\..\..\production\tests\browser\s06-workspace.spec.ts:160:1 › S06 help and context menu keyboard, readonly browsing and responsive original actions (1.1s)
  ok 25 [chromium] › ..\..\..\production\tests\browser\s06-workspace.spec.ts:218:1 › S06 compile error survives unrelated successful Save and clears on matching successful Generate (463ms)

  25 passed (32.3s)
