[WebServer] (node:36376) Warning: The 'NO_COLOR' env is ignored due to the 'FORCE_COLOR' env being set.
[WebServer] (Use `node --trace-warnings ...` to show where the warning was created)

Running 36 tests using 1 worker

(node:9496) Warning: The 'NO_COLOR' env is ignored due to the 'FORCE_COLOR' env being set.
(Use `node --trace-warnings ...` to show where the warning was created)
(node:44076) ExperimentalWarning: Transform Types is an experimental feature and might change at any time
(Use `node --trace-warnings ...` to show where the warning was created)
  ok  1 [chromium] › tests\browser\s05-delivered.spec.ts:44:3 › S05-OWNER-001 delivered public flow shared-expand.grape.json (1.4s)
  ok  2 [chromium] › tests\browser\s05-delivered.spec.ts:44:3 › S05-OWNER-001 delivered public flow shared-function.grape.json (1.2s)
  ok  3 [chromium] › tests\browser\s05-delivered.spec.ts:44:3 › S05-OWNER-001 delivered public flow shared-function.personal.json (1.2s)
  ok  4 [chromium] › tests\browser\s05-delivered.spec.ts:44:3 › S05-OWNER-001 delivered public flow nested-function.grape.json (740ms)
  ok  5 [chromium] › tests\browser\s05-delivered.spec.ts:44:3 › S05-OWNER-001 delivered public flow uniform-function.grape.json (728ms)
  ok  6 [chromium] › tests\browser\s05-delivered.spec.ts:44:3 › S05-OWNER-001 delivered public flow constant-detach.grape.json (1.3s)
  ok  7 [chromium] › tests\browser\s05-delivered.spec.ts:44:3 › S05-OWNER-001 delivered public flow activation-rejected.grape.json (1.1s)
  ok  8 [chromium] › tests\browser\s05-delivered.spec.ts:44:3 › S05-OWNER-001 delivered public flow shape-array.grape.json (716ms)
  ok  9 [chromium] › tests\browser\s05-delivered.spec.ts:44:3 › S05-OWNER-001 delivered public flow shape-nominal.grape.json (714ms)
  ok 10 [chromium] › tests\browser\s05-delivered.spec.ts:44:3 › S05-OWNER-001 delivered public flow pixel-effects.grape.json (709ms)
  ok 11 [chromium] › tests\browser\s05-delivered.spec.ts:44:3 › S05-OWNER-001 delivered public flow vertex-pixel.grape.json (720ms)
  ok 12 [chromium] › tests\browser\s05-delivered.spec.ts:44:3 › S05-OWNER-001 delivered public flow legacy-owner.grape.json (1.2s)
  ok 13 [chromium] › tests\browser\s05-delivered.spec.ts:44:3 › S05-OWNER-001 delivered public flow cross-stage-uniform-distinct.grape.json (712ms)
  ok 14 [chromium] › tests\browser\s05-delivered.spec.ts:44:3 › S05-OWNER-001 delivered public flow cross-stage-uniform-shared-reversed.grape.json (711ms)
  ok 15 [chromium] › tests\browser\s05-delivered.spec.ts:61:1 › S05-OWNER-001 exact owner and malformed admission stay strict; original error draft opens only explicitly (2.5s)
  ok 16 [chromium] › tests\browser\s05-uniforms.spec.ts:4:1 › S05-FR-001 exact preserved reviewer document links distinct vertex and pixel resources (173ms)
  ok 17 [chromium] › tests\browser\s05-uniforms.spec.ts:57:5 › S05-FR-001 actual linked Uniform identity distinct expand (180ms)
  ok 18 [chromium] › tests\browser\s05-uniforms.spec.ts:57:5 › S05-FR-001 actual linked Uniform identity distinct function (175ms)
  ok 19 [chromium] › tests\browser\s05-uniforms.spec.ts:57:5 › S05-FR-001 actual linked Uniform identity distinct nested (217ms)
  ok 20 [chromium] › tests\browser\s05-uniforms.spec.ts:57:5 › S05-FR-001 actual linked Uniform identity distinct mixed (216ms)
  ok 21 [chromium] › tests\browser\s05-uniforms.spec.ts:57:5 › S05-FR-001 actual linked Uniform identity shared-reversed expand (185ms)
  ok 22 [chromium] › tests\browser\s05-uniforms.spec.ts:57:5 › S05-FR-001 actual linked Uniform identity shared-reversed function (179ms)
  ok 23 [chromium] › tests\browser\s05-uniforms.spec.ts:57:5 › S05-FR-001 actual linked Uniform identity shared-reversed nested (226ms)
  ok 24 [chromium] › tests\browser\s05-uniforms.spec.ts:57:5 › S05-FR-001 actual linked Uniform identity shared-reversed mixed (229ms)
  ok 25 [chromium] › tests\browser\s05-uniforms.spec.ts:57:5 › S05-FR-001 actual linked Uniform identity distinct-types expand (178ms)
  ok 26 [chromium] › tests\browser\s05-uniforms.spec.ts:57:5 › S05-FR-001 actual linked Uniform identity distinct-types function (185ms)
  ok 27 [chromium] › tests\browser\s05-uniforms.spec.ts:57:5 › S05-FR-001 actual linked Uniform identity distinct-types nested (224ms)
  ok 28 [chromium] › tests\browser\s05-uniforms.spec.ts:57:5 › S05-FR-001 actual linked Uniform identity distinct-types mixed (213ms)
  ok 29 [chromium] › tests\browser\s05.spec.ts:22:1 › S05 AT04 AT05 real mode command reports precise loss and Undo restores entire graph; rejected activation leaves UI and history unchanged (1.3s)
  ok 30 [chromium] › tests\browser\s05.spec.ts:95:1 › S05 AT07 legacy mode UI requires explicit owner upgrade preserving original data (696ms)
  ok 31 [chromium] › tests\browser\s05.spec.ts:134:1 › S05 AT03 AT08 WebGL2 fixed shape nominal effects unconsumed nested effects and independent stage helpers (351ms)
  ok 32 [chromium] › tests\browser\s05.spec.ts:198:1 › S05 AT02 AT03 real WebGL2 distinct shared and nested caller values and Uniform parameters (238ms)
  ok 33 [chromium] › tests\browser\s05.spec.ts:283:1 › S05 mode UI persists shared choice and Make independent and Undo through real commands (1.1s)
  ok 34 [chromium] › tests\browser\s05.spec.ts:332:3 › S05 served HTTP 127.0.0.1 boots with secure IDs and exact Personal digest (1.4s)
  ok 35 [chromium] › tests\browser\s05.spec.ts:332:3 › S05 served HTTP 192.168.1.105 boots with secure IDs and exact Personal digest (8.6s)
  ok 36 [chromium] › tests\browser\s05.spec.ts:332:3 › S05 served HTTP 100.83.88.97 boots with secure IDs and exact Personal digest (1.4s)

  36 passed (35.7s)
