
Running 15 tests using 1 worker

(node:40432) Warning: The 'NO_COLOR' env is ignored due to the 'FORCE_COLOR' env being set.
(Use `node --trace-warnings ...` to show where the warning was created)
  ok  1 [chromium] › ..\..\..\production\tests\browser\s06-brand-info.spec.ts:5:3 › S06 brand identity and updates stay in one header at 620 (521ms)
  ok  2 [chromium] › ..\..\..\production\tests\browser\s06-brand-info.spec.ts:5:3 › S06 brand identity and updates stay in one header at 1440 (351ms)
  ok  3 [chromium] › ..\..\..\production\tests\browser\s06-debug-hover-lifetime.spec.ts:5:1 › S06 diagnostic mount revoke hide move update and late callback cannot revive old object data (1.1s)
  ok  4 [chromium] › ..\..\..\production\tests\browser\s06-debug-hover.spec.ts:59:1 › S06 normal debug normal checkbox preserves graph history selection and covers built-in objects (4.3s)
  ok  5 [chromium] › ..\..\..\production\tests\browser\s06-debug-hover.spec.ts:117:1 › S06 scalar and vector committed values stay distinct from unfinished drafts and IME guards (1.8s)
  ok  6 [chromium] › ..\..\..\production\tests\browser\s06-debug-hover.spec.ts:170:1 › S06 hover detail invalidation follows selection stage deletion Undo and same-ID reopen (1.7s)
  ok  7 [chromium] › ..\..\..\production\tests\browser\s06-debug-hover.spec.ts:215:1 › S06 pending connection and held gesture reject preference changes while readonly inspection remains (2.1s)
  ok  8 [chromium] › ..\..\..\production\tests\browser\s06-debug-hover.spec.ts:258:3 › S06 preference malformed visibly falls back without touching other keys (280ms)
  ok  9 [chromium] › ..\..\..\production\tests\browser\s06-debug-hover.spec.ts:258:3 › S06 preference denied visibly falls back without touching other keys (331ms)
  ok 10 [chromium] › ..\..\..\production\tests\browser\s06-debug-hover.spec.ts:258:3 › S06 preference read-denied visibly falls back without touching other keys (275ms)
  ok 11 [chromium] › ..\..\..\production\tests\browser\s06-debug-hover.spec.ts:313:1 › S06 diagnostic preference persists separately and rapid hover performs no per-move capture or serialization (2.3s)
  ok 12 [chromium] › ..\..\..\production\tests\browser\s06-debug-hover.spec.ts:356:1 › S06 keyboard details and bounded long owner data are readable without selection layout changes (1.2s)
  ok 13 [chromium] › ..\..\..\production\tests\browser\s06-debug-hover.spec.ts:406:1 › S06 another field draft cannot mask active composition when reading details (539ms)
  ok 14 [chromium] › ..\..\..\production\tests\browser\s06-debug-hover.spec.ts:441:1 › S06 saving blocks preference changes without discarding current document (1.0s)
  x  15 [chromium] › ..\..\..\production\tests\browser\s06-debug-hover.spec.ts:482:1 › S06 debug target follows nested occurrence and independent Canvas navigation (30.2s)


  1) [chromium] › ..\..\..\production\tests\browser\s06-debug-hover.spec.ts:482:1 › S06 debug target follows nested occurrence and independent Canvas navigation 

    Test timeout of 30000ms exceeded.

    Error: locator.click: Test timeout of 30000ms exceeded.
    Call log:
      - waiting for getByRole('button', { name: 'Float output value', exact: true })
        - locator resolved to <button class="port" type="button" data-port="value" data-direction="output" aria-label="Float output value" data-node-id="8168b966-b73a-465b-81dd-c9902c3ed53c">…</button>
      - attempting click action
        2 × waiting for element to be visible, enabled and stable
          - element is visible, enabled and stable
          - scrolling into view if needed
          - done scrolling
          - <button class="port" type="button" data-port="a" data-direction="input" aria-label="Multiply input a" data-node-id="373726bb-c510-439f-b234-cc997111fe28">…</button> from <article class="node" tabindex="0" role="group" aria-description="" data-role="operation" aria-label="Multiply" data-node="373726bb-c510-439f-b234-cc997111fe28">…</article> subtree intercepts pointer events
        - retrying click action
        - waiting 20ms
        2 × waiting for element to be visible, enabled and stable
          - element is visible, enabled and stable
          - scrolling into view if needed
          - done scrolling
          - <button class="port" type="button" data-port="a" data-direction="input" aria-label="Multiply input a" data-node-id="373726bb-c510-439f-b234-cc997111fe28">…</button> from <article class="node" tabindex="0" role="group" aria-description="" data-role="operation" aria-label="Multiply" data-node="373726bb-c510-439f-b234-cc997111fe28">…</article> subtree intercepts pointer events
        - retrying click action
          - waiting 100ms
        57 × waiting for element to be visible, enabled and stable
           - element is visible, enabled and stable
           - scrolling into view if needed
           - done scrolling
           - <button class="port" type="button" data-port="a" data-direction="input" aria-label="Multiply input a" data-node-id="373726bb-c510-439f-b234-cc997111fe28">…</button> from <article class="node" tabindex="0" role="group" aria-description="" data-role="operation" aria-label="Multiply" data-node="373726bb-c510-439f-b234-cc997111fe28">…</article> subtree intercepts pointer events
         - retrying click action
           - waiting 500ms


      491 |     ["Compose output result", "Image output input color"],
      492 |   ]) {
    > 493 |     await page.getByRole("button", { name: a, exact: true }).click();
          |                                                              ^
      494 |     await page.getByRole("button", { name: b, exact: true }).click();
      495 |   }
      496 |   const first = page.locator(".canvas").first();
        at C:\Users\user\source\Grape\production\tests\browser\s06-debug-hover.spec.ts:493:62

    attachment #1: screenshot (image/png) ──────────────────────────────────────────────────────────
    ..\..\..\production\evidence\s06\debug-hover-repair-01\focus-02\test-results\s06-debug-hover-S06-debug--05057-dependent-Canvas-navigation-chromium\test-failed-1.png
    ────────────────────────────────────────────────────────────────────────────────────────────────

    Error Context: ..\..\..\production\evidence\s06\debug-hover-repair-01\focus-02\test-results\s06-debug-hover-S06-debug--05057-dependent-Canvas-navigation-chromium\error-context.md

    attachment #3: trace (application/zip) ─────────────────────────────────────────────────────────
    ..\..\..\production\evidence\s06\debug-hover-repair-01\focus-02\test-results\s06-debug-hover-S06-debug--05057-dependent-Canvas-navigation-chromium\trace.zip
    Usage:

        npx playwright show-trace ..\..\..\production\evidence\s06\debug-hover-repair-01\focus-02\test-results\s06-debug-hover-S06-debug--05057-dependent-Canvas-navigation-chromium\trace.zip

    ────────────────────────────────────────────────────────────────────────────────────────────────

  1 failed
    [chromium] › ..\..\..\production\tests\browser\s06-debug-hover.spec.ts:482:1 › S06 debug target follows nested occurrence and independent Canvas navigation 
  14 passed (49.0s)
