
Running 42 tests using 1 worker

(node:42032) Warning: The 'NO_COLOR' env is ignored due to the 'FORCE_COLOR' env being set.
(Use `node --trace-warnings ...` to show where the warning was created)
  ok  1 [chromium] › ..\..\..\production\tests\browser\s05-escape-focus.spec.ts:8:5 › S05 natural Escape cancels direct without Export drag with no History entry (1.4s)
  ok  2 [chromium] › ..\..\..\production\tests\browser\s05-escape-focus.spec.ts:8:5 › S05 natural Escape cancels direct after Export drag with no History entry (1.9s)
  ok  3 [chromium] › ..\..\..\production\tests\browser\s05-escape-focus.spec.ts:8:5 › S05 natural Escape cancels wrapper without Export drag with no History entry (1.3s)
  ok  4 [chromium] › ..\..\..\production\tests\browser\s05-escape-focus.spec.ts:8:5 › S05 natural Escape cancels wrapper after Export drag with no History entry (2.1s)
  ok  5 [chromium] › ..\..\..\production\tests\browser\s06-connection-view.spec.ts:62:3 › S06 connection notice compact geometry 1280 and successful inverse routes one Undo (1.5s)
  ok  6 [chromium] › ..\..\..\production\tests\browser\s06-connection-view.spec.ts:62:3 › S06 connection notice compact geometry 1440 and successful inverse routes one Undo (1.5s)
  ok  7 [chromium] › ..\..\..\production\tests\browser\s06-connection-view.spec.ts:62:3 › S06 connection notice compact geometry 620 and successful inverse routes one Undo (1.5s)
  ok  8 [chromium] › ..\..\..\production\tests\browser\s06-connection-view.spec.ts:104:3 › S06 selection geometry remains fixed at zoom 1 (954ms)
  ok  9 [chromium] › ..\..\..\production\tests\browser\s06-connection-view.spec.ts:104:3 › S06 selection geometry remains fixed at zoom 1.2 (965ms)
  ok 10 [chromium] › ..\..\..\production\tests\browser\s06-connection-view.spec.ts:136:1 › S06 PORT_TARGET and same-direction refusal remain visible until matching recovery; compiler error stays (1.5s)
  ok 11 [chromium] › ..\..\..\production\tests\browser\s06-connection-view.spec.ts:174:3 › S06 temporary output wire follows pointer and zoom without touching real edges (1.1s)
  ok 12 [chromium] › ..\..\..\production\tests\browser\s06-connection-view.spec.ts:174:3 › S06 temporary input wire follows pointer and zoom without touching real edges (1.1s)
  ok 13 [chromium] › ..\..\..\production\tests\browser\s06-connection-view.spec.ts:233:1 › S06 connection cancellation stale scope readonly and two Canvas status stay independent (2.8s)
  ok 14 [chromium] › ..\..\..\production\tests\browser\s06-connection-view.spec.ts:290:1 › S06 catalog pointer hover follows row while keyboard selection and Browse inspect remain view only (758ms)
  ok 15 [chromium] › ..\..\..\production\tests\browser\s06-connection-view.spec.ts:318:1 › S06 public port drag both directions commits once and cancelled held release adds no History (2.8s)
  ok 16 [chromium] › ..\..\..\production\tests\browser\s06-connection-view.spec.ts:363:1 › S06 pending connection expires on shared revision and new load without stale endpoint reuse (1.1s)
  ok 17 [chromium] › ..\..\..\production\tests\browser\s06-connection-view.spec.ts:393:1 › S06 subthreshold port release outside the button leaves no orphan wire or History (798ms)
  ok 18 [chromium] › ..\..\..\production\tests\browser\s06-guards.spec.ts:14:1 › S06 advertised view and edit shortcuts preserve gesture, draft and History boundaries (1.9s)
  ok 19 [chromium] › ..\..\..\production\tests\browser\s06-guards.spec.ts:58:1 › S06 Canvas connection failure persists across movement and unrelated successful actions until matching recovery (1.0s)
  ok 20 [chromium] › ..\..\..\production\tests\browser\s06-guards.spec.ts:79:1 › S06 category collapse survives query changes and whitespace uses the tree without a Graph edit (633ms)
  ok 21 [chromium] › ..\..\..\production\tests\browser\s06-guards.spec.ts:101:1 › S06 Personal search and inspect are readonly, malformed import survives unrelated success, and insert restores one Undo (2.2s)
  ok 22 [chromium] › ..\..\..\production\tests\browser\s06-guards.spec.ts:169:1 › S06 pending touch menu cancels on blur and second touch, while a completed blank hold is view only (2.9s)
  ok 23 [chromium] › ..\..\..\production\tests\browser\s06-guards.spec.ts:224:1 › S06 native field context menu remains unprevented and touch hold never opens an object menu from a control (1.1s)
  ok 24 [chromium] › ..\..\..\production\tests\browser\s06-guards.spec.ts:268:1 › S06 Personal late insertion and refresh results cannot close or overwrite a reopened dialog (415ms)
  ok 25 [chromium] › ..\..\..\production\tests\browser\s06-guards.spec.ts:354:1 › S06 competing touch cancels a primary node drag without a committed History entry (1.2s)
  x  26 [chromium] › ..\..\..\production\tests\browser\s06-help.spec.ts:68:3 › S06 Help natural outside-to-inside gesture preserves document and History (30.1s)
(node:6392) Warning: The 'NO_COLOR' env is ignored due to the 'FORCE_COLOR' env being set.
(Use `node --trace-warnings ...` to show where the warning was created)
  x  27 [chromium] › ..\..\..\production\tests\browser\s06-help.spec.ts:68:3 › S06 Help natural inside-to-outside gesture preserves document and History (30.1s)
(node:62352) Warning: The 'NO_COLOR' env is ignored due to the 'FORCE_COLOR' env being set.
(Use `node --trace-warnings ...` to show where the warning was created)
  x  28 [chromium] › ..\..\..\production\tests\browser\s06-help.spec.ts:68:3 › S06 Help natural outside-to-outside gesture preserves document and History (30.1s)
(node:51788) Warning: The 'NO_COLOR' env is ignored due to the 'FORCE_COLOR' env being set.
(Use `node --trace-warnings ...` to show where the warning was created)
  x  29 [chromium] › ..\..\..\production\tests\browser\s06-help.spec.ts:103:3 › S06 Help pointercancel disarms incomplete backdrop gesture and allows a new click (30.1s)
(node:12540) Warning: The 'NO_COLOR' env is ignored due to the 'FORCE_COLOR' env being set.
(Use `node --trace-warnings ...` to show where the warning was created)
  x  30 [chromium] › ..\..\..\production\tests\browser\s06-help.spec.ts:103:3 › S06 Help blur disarms incomplete backdrop gesture and allows a new click (30.1s)
(node:12696) Warning: The 'NO_COLOR' env is ignored due to the 'FORCE_COLOR' env being set.
(Use `node --trace-warnings ...` to show where the warning was created)
  ok 31 [chromium] › ..\..\..\production\tests\browser\s06-help.spec.ts:127:1 › S06 Help Escape Close and reopen consume old gestures and restore usable focus (694ms)
  ok 32 [chromium] › ..\..\..\production\tests\browser\s06-help.spec.ts:152:1 › S06 Help keyboard menu returns focus to Canvas and remains independent across two Canvas contexts (373ms)
  x  33 [chromium] › ..\..\..\production\tests\browser\s06-help.spec.ts:190:1 › S06 Help readonly interaction and remounted document retain scoped lifetime (30.1s)
(node:20816) Warning: The 'NO_COLOR' env is ignored due to the 'FORCE_COLOR' env being set.
(Use `node --trace-warnings ...` to show where the warning was created)
  ok 34 [chromium] › ..\..\..\production\tests\browser\s06-status-pointer.spec.ts:83:3 › S06 complete persistent loss details have a keyboard read path at 620 (2.3s)
  ok 35 [chromium] › ..\..\..\production\tests\browser\s06-status-pointer.spec.ts:83:3 › S06 complete persistent loss details have a keyboard read path at 1440 (2.2s)
  ok 36 [chromium] › ..\..\..\production\tests\browser\s06-status-pointer.spec.ts:205:1 › S06 bottom application error summary opens complete current text without clearing or History (1.2s)
  ok 37 [chromium] › ..\..\..\production\tests\browser\s06-status-pointer.spec.ts:266:1 › S06 synthetic outside pointercancel is pointer-specific; click pending survives unpressed motion (837ms)
  ok 38 [chromium] › ..\..\..\production\tests\browser\s06-status-pointer.spec.ts:317:1 › S06 delayed matching storage recovery retires open error details with usable focus (495ms)
  ok 39 [chromium] › ..\..\..\production\tests\browser\s06-status-pointer.spec.ts:382:1 › S06 actual 3px uncaptured port release across Canvas Inspector retires wire and ring (1.2s)
  ok 40 [chromium] › ..\..\..\production\tests\browser\s06-status-pointer.spec.ts:429:3 › S06 trusted Enter socket activation waits for real pointer and preserves keyboard connection (1.6s)
  ok 41 [chromium] › ..\..\..\production\tests\browser\s06-status-pointer.spec.ts:429:3 › S06 trusted Space socket activation waits for real pointer and preserves keyboard connection (1.6s)
  ok 42 [chromium] › ..\..\..\production\tests\browser\s06-status-pointer.spec.ts:471:1 › S06 selection changes no body content field socket or wire geometry across pan and zoom (14.4s)


  1) [chromium] › ..\..\..\production\tests\browser\s06-help.spec.ts:68:3 › S06 Help natural outside-to-inside gesture preserves document and History 

    Test timeout of 30000ms exceeded.

    Error: page.waitForEvent: Test timeout of 30000ms exceeded.
    =========================== logs ===========================
    waiting for event "download"
    ============================================================

       5 |
       6 | async function documentOf(page: Page) {
    >  7 |   const wait = page.waitForEvent("download");
         |                     ^
       8 |   await page.getByRole("button", { name: "Export JSON", exact: true }).click();
       9 |   return JSON.parse(fs.readFileSync((await (await wait).path())!, "utf8"));
      10 | }
        at documentOf (C:\Users\user\source\Grape\production\tests\browser\s06-help.spec.ts:7:21)
        at C:\Users\user\source\Grape\production\tests\browser\s06-help.spec.ts:72:26

    Error: locator.click: Test timeout of 30000ms exceeded.
    Call log:
      - waiting for getByRole('button', { name: 'Export JSON', exact: true })


       6 | async function documentOf(page: Page) {
       7 |   const wait = page.waitForEvent("download");
    >  8 |   await page.getByRole("button", { name: "Export JSON", exact: true }).click();
         |                                                                        ^
       9 |   return JSON.parse(fs.readFileSync((await (await wait).path())!, "utf8"));
      10 | }
      11 | test.beforeEach(async ({ page }) => {
        at documentOf (C:\Users\user\source\Grape\production\tests\browser\s06-help.spec.ts:8:72)
        at C:\Users\user\source\Grape\production\tests\browser\s06-help.spec.ts:72:26

    attachment #1: screenshot (image/png) ──────────────────────────────────────────────────────────
    ..\..\..\production\evidence\s06\debug-hover-repair-01\affected-02\test-results\s06-help-S06-Help-natural--3baaf-serves-document-and-History-chromium\test-failed-1.png
    ────────────────────────────────────────────────────────────────────────────────────────────────

    Error Context: ..\..\..\production\evidence\s06\debug-hover-repair-01\affected-02\test-results\s06-help-S06-Help-natural--3baaf-serves-document-and-History-chromium\error-context.md

    attachment #3: trace (application/zip) ─────────────────────────────────────────────────────────
    ..\..\..\production\evidence\s06\debug-hover-repair-01\affected-02\test-results\s06-help-S06-Help-natural--3baaf-serves-document-and-History-chromium\trace.zip
    Usage:

        npx playwright show-trace ..\..\..\production\evidence\s06\debug-hover-repair-01\affected-02\test-results\s06-help-S06-Help-natural--3baaf-serves-document-and-History-chromium\trace.zip

    ────────────────────────────────────────────────────────────────────────────────────────────────

  2) [chromium] › ..\..\..\production\tests\browser\s06-help.spec.ts:68:3 › S06 Help natural inside-to-outside gesture preserves document and History 

    Test timeout of 30000ms exceeded.

    Error: page.waitForEvent: Test timeout of 30000ms exceeded.
    =========================== logs ===========================
    waiting for event "download"
    ============================================================

       5 |
       6 | async function documentOf(page: Page) {
    >  7 |   const wait = page.waitForEvent("download");
         |                     ^
       8 |   await page.getByRole("button", { name: "Export JSON", exact: true }).click();
       9 |   return JSON.parse(fs.readFileSync((await (await wait).path())!, "utf8"));
      10 | }
        at documentOf (C:\Users\user\source\Grape\production\tests\browser\s06-help.spec.ts:7:21)
        at C:\Users\user\source\Grape\production\tests\browser\s06-help.spec.ts:72:26

    Error: locator.click: Test timeout of 30000ms exceeded.
    Call log:
      - waiting for getByRole('button', { name: 'Export JSON', exact: true })


       6 | async function documentOf(page: Page) {
       7 |   const wait = page.waitForEvent("download");
    >  8 |   await page.getByRole("button", { name: "Export JSON", exact: true }).click();
         |                                                                        ^
       9 |   return JSON.parse(fs.readFileSync((await (await wait).path())!, "utf8"));
      10 | }
      11 | test.beforeEach(async ({ page }) => {
        at documentOf (C:\Users\user\source\Grape\production\tests\browser\s06-help.spec.ts:8:72)
        at C:\Users\user\source\Grape\production\tests\browser\s06-help.spec.ts:72:26

    attachment #1: screenshot (image/png) ──────────────────────────────────────────────────────────
    ..\..\..\production\evidence\s06\debug-hover-repair-01\affected-02\test-results\s06-help-S06-Help-natural--be774-serves-document-and-History-chromium\test-failed-1.png
    ────────────────────────────────────────────────────────────────────────────────────────────────

    Error Context: ..\..\..\production\evidence\s06\debug-hover-repair-01\affected-02\test-results\s06-help-S06-Help-natural--be774-serves-document-and-History-chromium\error-context.md

    attachment #3: trace (application/zip) ─────────────────────────────────────────────────────────
    ..\..\..\production\evidence\s06\debug-hover-repair-01\affected-02\test-results\s06-help-S06-Help-natural--be774-serves-document-and-History-chromium\trace.zip
    Usage:

        npx playwright show-trace ..\..\..\production\evidence\s06\debug-hover-repair-01\affected-02\test-results\s06-help-S06-Help-natural--be774-serves-document-and-History-chromium\trace.zip

    ────────────────────────────────────────────────────────────────────────────────────────────────

  3) [chromium] › ..\..\..\production\tests\browser\s06-help.spec.ts:68:3 › S06 Help natural outside-to-outside gesture preserves document and History 

    Test timeout of 30000ms exceeded.

    Error: page.waitForEvent: Test timeout of 30000ms exceeded.
    =========================== logs ===========================
    waiting for event "download"
    ============================================================

       5 |
       6 | async function documentOf(page: Page) {
    >  7 |   const wait = page.waitForEvent("download");
         |                     ^
       8 |   await page.getByRole("button", { name: "Export JSON", exact: true }).click();
       9 |   return JSON.parse(fs.readFileSync((await (await wait).path())!, "utf8"));
      10 | }
        at documentOf (C:\Users\user\source\Grape\production\tests\browser\s06-help.spec.ts:7:21)
        at C:\Users\user\source\Grape\production\tests\browser\s06-help.spec.ts:72:26

    Error: locator.click: Test timeout of 30000ms exceeded.
    Call log:
      - waiting for getByRole('button', { name: 'Export JSON', exact: true })


       6 | async function documentOf(page: Page) {
       7 |   const wait = page.waitForEvent("download");
    >  8 |   await page.getByRole("button", { name: "Export JSON", exact: true }).click();
         |                                                                        ^
       9 |   return JSON.parse(fs.readFileSync((await (await wait).path())!, "utf8"));
      10 | }
      11 | test.beforeEach(async ({ page }) => {
        at documentOf (C:\Users\user\source\Grape\production\tests\browser\s06-help.spec.ts:8:72)
        at C:\Users\user\source\Grape\production\tests\browser\s06-help.spec.ts:72:26

    attachment #1: screenshot (image/png) ──────────────────────────────────────────────────────────
    ..\..\..\production\evidence\s06\debug-hover-repair-01\affected-02\test-results\s06-help-S06-Help-natural--43818-serves-document-and-History-chromium\test-failed-1.png
    ────────────────────────────────────────────────────────────────────────────────────────────────

    Error Context: ..\..\..\production\evidence\s06\debug-hover-repair-01\affected-02\test-results\s06-help-S06-Help-natural--43818-serves-document-and-History-chromium\error-context.md

    attachment #3: trace (application/zip) ─────────────────────────────────────────────────────────
    ..\..\..\production\evidence\s06\debug-hover-repair-01\affected-02\test-results\s06-help-S06-Help-natural--43818-serves-document-and-History-chromium\trace.zip
    Usage:

        npx playwright show-trace ..\..\..\production\evidence\s06\debug-hover-repair-01\affected-02\test-results\s06-help-S06-Help-natural--43818-serves-document-and-History-chromium\trace.zip

    ────────────────────────────────────────────────────────────────────────────────────────────────

  4) [chromium] › ..\..\..\production\tests\browser\s06-help.spec.ts:103:3 › S06 Help pointercancel disarms incomplete backdrop gesture and allows a new click 

    Test timeout of 30000ms exceeded.

    Error: page.waitForEvent: Test timeout of 30000ms exceeded.
    =========================== logs ===========================
    waiting for event "download"
    ============================================================

       5 | import { clickAction } from "../fixtures/public-actions.ts";
       6 |
    >  7 | async function documentOf(page: Page) {
         |                     ^
       8 |   const wait = page.waitForEvent("download");
       9 |   await clickAction(page, "Export JSON");
      10 |   return JSON.parse(fs.readFileSync((await (await wait).path())!, "utf8"));
        at documentOf (C:\Users\user\source\Grape\production\tests\browser\s06-help.spec.ts:7:21)
        at C:\Users\user\source\Grape\production\tests\browser\s06-help.spec.ts:106:26

    Error: locator.click: Test timeout of 30000ms exceeded.
    Call log:
      - waiting for getByRole('button', { name: 'Export JSON', exact: true })


       6 |
       7 | async function documentOf(page: Page) {
    >  8 |   const wait = page.waitForEvent("download");
         |                                              ^
       9 |   await clickAction(page, "Export JSON");
      10 |   return JSON.parse(fs.readFileSync((await (await wait).path())!, "utf8"));
      11 | }
        at documentOf (C:\Users\user\source\Grape\production\tests\browser\s06-help.spec.ts:8:72)
        at C:\Users\user\source\Grape\production\tests\browser\s06-help.spec.ts:106:26

    attachment #1: screenshot (image/png) ──────────────────────────────────────────────────────────
    ..\..\..\production\evidence\s06\debug-hover-repair-01\affected-02\test-results\s06-help-S06-Help-pointerc-19a6e-ture-and-allows-a-new-click-chromium\test-failed-1.png
    ────────────────────────────────────────────────────────────────────────────────────────────────

    Error Context: ..\..\..\production\evidence\s06\debug-hover-repair-01\affected-02\test-results\s06-help-S06-Help-pointerc-19a6e-ture-and-allows-a-new-click-chromium\error-context.md

    attachment #3: trace (application/zip) ─────────────────────────────────────────────────────────
    ..\..\..\production\evidence\s06\debug-hover-repair-01\affected-02\test-results\s06-help-S06-Help-pointerc-19a6e-ture-and-allows-a-new-click-chromium\trace.zip
    Usage:

        npx playwright show-trace ..\..\..\production\evidence\s06\debug-hover-repair-01\affected-02\test-results\s06-help-S06-Help-pointerc-19a6e-ture-and-allows-a-new-click-chromium\trace.zip

    ────────────────────────────────────────────────────────────────────────────────────────────────

  5) [chromium] › ..\..\..\production\tests\browser\s06-help.spec.ts:103:3 › S06 Help blur disarms incomplete backdrop gesture and allows a new click 

    Test timeout of 30000ms exceeded.

    Error: page.waitForEvent: Test timeout of 30000ms exceeded.
    =========================== logs ===========================
    waiting for event "download"
    ============================================================

       5 | import { clickAction } from "../fixtures/public-actions.ts";
       6 |
    >  7 | async function documentOf(page: Page) {
         |                     ^
       8 |   const wait = page.waitForEvent("download");
       9 |   await clickAction(page, "Export JSON");
      10 |   return JSON.parse(fs.readFileSync((await (await wait).path())!, "utf8"));
        at documentOf (C:\Users\user\source\Grape\production\tests\browser\s06-help.spec.ts:7:21)
        at C:\Users\user\source\Grape\production\tests\browser\s06-help.spec.ts:106:26

    Error: locator.click: Test timeout of 30000ms exceeded.
    Call log:
      - waiting for getByRole('button', { name: 'Export JSON', exact: true })


       6 |
       7 | async function documentOf(page: Page) {
    >  8 |   const wait = page.waitForEvent("download");
         |                                              ^
       9 |   await clickAction(page, "Export JSON");
      10 |   return JSON.parse(fs.readFileSync((await (await wait).path())!, "utf8"));
      11 | }
        at documentOf (C:\Users\user\source\Grape\production\tests\browser\s06-help.spec.ts:8:72)
        at C:\Users\user\source\Grape\production\tests\browser\s06-help.spec.ts:106:26

    attachment #1: screenshot (image/png) ──────────────────────────────────────────────────────────
    ..\..\..\production\evidence\s06\debug-hover-repair-01\affected-02\test-results\s06-help-S06-Help-blur-dis-cdfdc-ture-and-allows-a-new-click-chromium\test-failed-1.png
    ────────────────────────────────────────────────────────────────────────────────────────────────

    Error Context: ..\..\..\production\evidence\s06\debug-hover-repair-01\affected-02\test-results\s06-help-S06-Help-blur-dis-cdfdc-ture-and-allows-a-new-click-chromium\error-context.md

    attachment #3: trace (application/zip) ─────────────────────────────────────────────────────────
    ..\..\..\production\evidence\s06\debug-hover-repair-01\affected-02\test-results\s06-help-S06-Help-blur-dis-cdfdc-ture-and-allows-a-new-click-chromium\trace.zip
    Usage:

        npx playwright show-trace ..\..\..\production\evidence\s06\debug-hover-repair-01\affected-02\test-results\s06-help-S06-Help-blur-dis-cdfdc-ture-and-allows-a-new-click-chromium\trace.zip

    ────────────────────────────────────────────────────────────────────────────────────────────────

  6) [chromium] › ..\..\..\production\tests\browser\s06-help.spec.ts:190:1 › S06 Help readonly interaction and remounted document retain scoped lifetime 

    Test timeout of 30000ms exceeded.

    Error: locator.click: Test timeout of 30000ms exceeded.
    Call log:
      - waiting for getByRole('button', { name: 'New document', exact: true })


      198 |   await clickAction(page, "Lock editing");
      199 |   page.once("dialog", (dialog) => dialog.accept());
    > 200 |   await page.getByRole("button", { name: "New document", exact: true }).click();
          |                                                                         ^
      201 |   expect(await old!.evaluate((e) => e.isConnected)).toBe(false);
      202 |   await page.getByRole("button", { name: "Shortcuts", exact: true }).click();
      203 |   await old!.evaluate((e) => {
        at C:\Users\user\source\Grape\production\tests\browser\s06-help.spec.ts:200:73

    attachment #1: screenshot (image/png) ──────────────────────────────────────────────────────────
    ..\..\..\production\evidence\s06\debug-hover-repair-01\affected-02\test-results\s06-help-S06-Help-readonly-4aec2-ment-retain-scoped-lifetime-chromium\test-failed-1.png
    ────────────────────────────────────────────────────────────────────────────────────────────────

    Error Context: ..\..\..\production\evidence\s06\debug-hover-repair-01\affected-02\test-results\s06-help-S06-Help-readonly-4aec2-ment-retain-scoped-lifetime-chromium\error-context.md

    attachment #3: trace (application/zip) ─────────────────────────────────────────────────────────
    ..\..\..\production\evidence\s06\debug-hover-repair-01\affected-02\test-results\s06-help-S06-Help-readonly-4aec2-ment-retain-scoped-lifetime-chromium\trace.zip
    Usage:

        npx playwright show-trace ..\..\..\production\evidence\s06\debug-hover-repair-01\affected-02\test-results\s06-help-S06-Help-readonly-4aec2-ment-retain-scoped-lifetime-chromium\trace.zip

    ────────────────────────────────────────────────────────────────────────────────────────────────

  6 failed
    [chromium] › ..\..\..\production\tests\browser\s06-help.spec.ts:68:3 › S06 Help natural outside-to-inside gesture preserves document and History 
    [chromium] › ..\..\..\production\tests\browser\s06-help.spec.ts:68:3 › S06 Help natural inside-to-outside gesture preserves document and History 
    [chromium] › ..\..\..\production\tests\browser\s06-help.spec.ts:68:3 › S06 Help natural outside-to-outside gesture preserves document and History 
    [chromium] › ..\..\..\production\tests\browser\s06-help.spec.ts:103:3 › S06 Help pointercancel disarms incomplete backdrop gesture and allows a new click 
    [chromium] › ..\..\..\production\tests\browser\s06-help.spec.ts:103:3 › S06 Help blur disarms incomplete backdrop gesture and allows a new click 
    [chromium] › ..\..\..\production\tests\browser\s06-help.spec.ts:190:1 › S06 Help readonly interaction and remounted document retain scoped lifetime 
  36 passed (4.1m)
