
Running 25 tests using 1 worker

(node:62360) Warning: The 'NO_COLOR' env is ignored due to the 'FORCE_COLOR' env being set.
(Use `node --trace-warnings ...` to show where the warning was created)
  ok  1 [chromium] › ..\..\..\production\tests\browser\s06-floating.spec.ts:5:1 › S06 shared floating consumers bound alignments focus semantics and disposal independently (507ms)
  ok  2 [chromium] › ..\..\..\production\tests\browser\s06-hover-repair.spec.ts:31:3 › S06 repair continuous 80-step Node details 1440 (2.4s)
  ok  3 [chromium] › ..\..\..\production\tests\browser\s06-hover-repair.spec.ts:31:3 › S06 repair continuous 80-step Port details 1440 (2.4s)
  ok  4 [chromium] › ..\..\..\production\tests\browser\s06-hover-repair.spec.ts:31:3 › S06 repair continuous 80-step Parameter Widget details 1440 (2.4s)
  ok  5 [chromium] › ..\..\..\production\tests\browser\s06-hover-repair.spec.ts:31:3 › S06 repair continuous 80-step Node details 1920 (2.5s)
  ok  6 [chromium] › ..\..\..\production\tests\browser\s06-hover-repair.spec.ts:31:3 › S06 repair continuous 80-step Port details 1920 (2.5s)
  ok  7 [chromium] › ..\..\..\production\tests\browser\s06-hover-repair.spec.ts:31:3 › S06 repair continuous 80-step Parameter Widget details 1920 (2.5s)
  ok  8 [chromium] › ..\..\..\production\tests\browser\s06-hover-repair.spec.ts:59:3 › S06 repair F2 focused control versus hovered node (819ms)
  ok  9 [chromium] › ..\..\..\production\tests\browser\s06-hover-repair.spec.ts:59:3 › S06 repair F2 focused control versus hovered panel (810ms)
  ok 10 [chromium] › ..\..\..\production\tests\browser\s06-hover-repair.spec.ts:59:3 › S06 repair F2 focused control versus hovered control (861ms)
  ok 11 [chromium] › ..\..\..\production\tests\browser\s06-hover-repair.spec.ts:59:3 › S06 repair F2 focused node versus hovered node (779ms)
  ok 12 [chromium] › ..\..\..\production\tests\browser\s06-hover-repair.spec.ts:59:3 › S06 repair F2 focused node versus hovered panel (710ms)
  ok 13 [chromium] › ..\..\..\production\tests\browser\s06-hover-repair.spec.ts:59:3 › S06 repair F2 focused node versus hovered control (745ms)
  ok 14 [chromium] › ..\..\..\production\tests\browser\s06-hover-repair.spec.ts:59:3 › S06 repair F2 focused port versus hovered node (779ms)
  ok 15 [chromium] › ..\..\..\production\tests\browser\s06-hover-repair.spec.ts:59:3 › S06 repair F2 focused port versus hovered panel (725ms)
  ok 16 [chromium] › ..\..\..\production\tests\browser\s06-hover-repair.spec.ts:59:3 › S06 repair F2 focused port versus hovered control (778ms)
  ok 17 [chromium] › ..\..\..\production\tests\browser\s06-hover-repair.spec.ts:77:1 › S06 repair compact disclosures share presentation without model changes (834ms)
  ok 18 [chromium] › ..\..\..\production\tests\browser\s06-hover-repair.spec.ts:93:1 › S06 grouped project actions preserve nested Personal and saved-dialog focus (474ms)
  ok 19 [chromium] › ..\..\..\production\tests\browser\s06-socket-bottom.spec.ts:14:35 › S06 circle-only type-colored socket states preserve geometry at 0.65 (3.1s)
  ok 20 [chromium] › ..\..\..\production\tests\browser\s06-socket-bottom.spec.ts:14:35 › S06 circle-only type-colored socket states preserve geometry at 1 (3.0s)
  ok 21 [chromium] › ..\..\..\production\tests\browser\s06-socket-bottom.spec.ts:14:35 › S06 circle-only type-colored socket states preserve geometry at 1.25 (3.0s)
  ok 22 [chromium] › ..\..\..\production\tests\browser\s06-socket-bottom.spec.ts:48:76 › S06 compact bottom actions and complete output are reachable 1920x1000 (921ms)
  ok 23 [chromium] › ..\..\..\production\tests\browser\s06-socket-bottom.spec.ts:48:76 › S06 compact bottom actions and complete output are reachable 1440x1000 (894ms)
  ok 24 [chromium] › ..\..\..\production\tests\browser\s06-socket-bottom.spec.ts:48:76 › S06 compact bottom actions and complete output are reachable 620x800 (818ms)
  ok 25 [chromium] › ..\..\..\production\tests\browser\s06-socket-bottom.spec.ts:48:76 › S06 compact bottom actions and complete output are reachable 620x380 (873ms)

  25 passed (37.1s)
