
Running 15 tests using 1 worker

(node:59712) Warning: The 'NO_COLOR' env is ignored due to the 'FORCE_COLOR' env being set.
(Use `node --trace-warnings ...` to show where the warning was created)
  ok  1 [chromium] › ..\..\production\tests\browser\b01-workspace.spec.ts:53:1 › B01 public two Canvas and two Parameters share edits but retain selection Stage and camera (1.4s)
  ok  2 [chromium] › ..\..\production\tests\browser\b01-workspace.spec.ts:99:1 › B01 public groups fixed follow hide close and Parameters activation have explicit missing state (1.2s)
  ok  3 [chromium] › ..\..\production\tests\browser\b01-workspace.spec.ts:133:1 › B01 public draft survives move hide collapse float while close and route change veto (1.3s)
  ok  4 [chromium] › ..\..\production\tests\browser\b01-workspace.spec.ts:165:1 › B01 public current layout roundtrip fresh context mapping and malformed atomic rejection (3.1s)
  ok  5 [chromium] › ..\..\production\tests\browser\b01-workspace.spec.ts:209:1 › B01 divider keyboard pointer cancel targeted reset preferred width and narrow clamp preserve Graph (2.0s)
  ok  6 [chromium] › ..\..\production\tests\browser\b01-workspace.spec.ts:250:1 › B01 float upper slot dimensions one owner and keyboard collapse do not change graph (1.2s)
  ok  7 [chromium] › ..\..\production\tests\browser\b01-workspace.spec.ts:291:1 › B01 current layout storage refusal is visible and never reports saved (832ms)
  ok  8 [chromium] › ..\..\production\tests\browser\b01-workspace.spec.ts:316:1 › B01 public Tab drag groups and orders live Panels; adjacent divider changes only its pair (2.2s)
  ok  9 [chromium] › ..\..\production\tests\browser\b01-workspace.spec.ts:360:1 › B01 trusted keyboard placement during primary drag cancels the old Operation and drains before return (1.4s)
  ok 10 [chromium] › ..\..\production\tests\browser\b01-workspace.spec.ts:385:1 › B01 synthetic composition and detached callback retain draft through placement and cannot edit after close (1.3s)
  ok 11 [chromium] › ..\..\production\tests\browser\b01-workspace.spec.ts:417:1 › B01 readonly presentation placement remains available and F2 is Panel scoped after moves (1.0s)
  ok 12 [chromium] › ..\..\production\tests\browser\b01-workspace.spec.ts:440:1 › B01 float resize superseded by keyboard dock cleans old controls and narrow hide revokes field callbacks (993ms)
  x  13 [chromium] › ..\..\production\tests\browser\b01-workspace.spec.ts:475:1 › B01 FR01 group separator retains native focus through repeated keys and Escape rollback (1.0s)
(node:47980) Warning: The 'NO_COLOR' env is ignored due to the 'FORCE_COLOR' env being set.
(Use `node --trace-warnings ...` to show where the warning was created)
  x  14 [chromium] › ..\..\production\tests\browser\b01-workspace.spec.ts:547:1 › B01 FR01 group separator trusted drag commits and Escape cancels without losing capture (1.1s)
(node:61424) Warning: The 'NO_COLOR' env is ignored due to the 'FORCE_COLOR' env being set.
(Use `node --trace-warnings ...` to show where the warning was created)
  ok 15 [chromium] › ..\..\production\tests\browser\b01-workspace.spec.ts:600:1 › B01 FR01 real pane reorder retains usable divider and natural Node Escape (1.6s)


  1) [chromium] › ..\..\production\tests\browser\b01-workspace.spec.ts:475:1 › B01 FR01 group separator retains native focus through repeated keys and Escape rollback 

    Error: expect(received).toBeCloseTo(expected, precision)

    Expected: 419.5
    Received: 416.50000000000006

    Expected precision:    4
    Expected difference: < 0.00005
    Received difference:   2.999999999999943

      496 |     await p.keyboard.press(key);
      497 |     await expect(divider).toBeFocused();
    > 498 |     expect(Number(await divider.getAttribute("aria-valuenow"))).toBeCloseTo(
          |                                                                 ^
      499 |       start + delta,
      500 |       4,
      501 |     );
        at C:\Users\user\source\Grape\production\tests\browser\b01-workspace.spec.ts:498:65

    attachment #1: screenshot (image/png) ──────────────────────────────────────────────────────────
    ..\..\production\evidence\continuous\20261005-01\b01-repair-01\b01-workspace-source-focus-02\test-output\b01-workspace-B01-FR01-gro-5cef1-ed-keys-and-Escape-rollback-chromium\test-failed-1.png
    ────────────────────────────────────────────────────────────────────────────────────────────────

    Error Context: ..\..\production\evidence\continuous\20261005-01\b01-repair-01\b01-workspace-source-focus-02\test-output\b01-workspace-B01-FR01-gro-5cef1-ed-keys-and-Escape-rollback-chromium\error-context.md

    attachment #3: trace (application/zip) ─────────────────────────────────────────────────────────
    ..\..\production\evidence\continuous\20261005-01\b01-repair-01\b01-workspace-source-focus-02\test-output\b01-workspace-B01-FR01-gro-5cef1-ed-keys-and-Escape-rollback-chromium\trace.zip
    Usage:

        npx playwright show-trace ..\..\production\evidence\continuous\20261005-01\b01-repair-01\b01-workspace-source-focus-02\test-output\b01-workspace-B01-FR01-gro-5cef1-ed-keys-and-Escape-rollback-chromium\trace.zip

    ────────────────────────────────────────────────────────────────────────────────────────────────

  2) [chromium] › ..\..\production\tests\browser\b01-workspace.spec.ts:547:1 › B01 FR01 group separator trusted drag commits and Escape cancels without losing capture 

    Error: expect(received).toBeCloseTo(expected, precision)

    Expected: 421.5
    Received: 418.50000000000006

    Expected precision:    2
    Expected difference: < 0.005
    Received difference:   2.999999999999943

      565 |       steps: 5,
      566 |     });
    > 567 |     expect(Number(await divider.getAttribute("aria-valuenow"))).toBeCloseTo(
          |                                                                 ^
      568 |       start + dy,
      569 |       2,
      570 |     );
        at C:\Users\user\source\Grape\production\tests\browser\b01-workspace.spec.ts:567:65

    attachment #1: screenshot (image/png) ──────────────────────────────────────────────────────────
    ..\..\production\evidence\continuous\20261005-01\b01-repair-01\b01-workspace-source-focus-02\test-output\b01-workspace-B01-FR01-gro-14bcf-cels-without-losing-capture-chromium\test-failed-1.png
    ────────────────────────────────────────────────────────────────────────────────────────────────

    Error Context: ..\..\production\evidence\continuous\20261005-01\b01-repair-01\b01-workspace-source-focus-02\test-output\b01-workspace-B01-FR01-gro-14bcf-cels-without-losing-capture-chromium\error-context.md

    attachment #3: trace (application/zip) ─────────────────────────────────────────────────────────
    ..\..\production\evidence\continuous\20261005-01\b01-repair-01\b01-workspace-source-focus-02\test-output\b01-workspace-B01-FR01-gro-14bcf-cels-without-losing-capture-chromium\trace.zip
    Usage:

        npx playwright show-trace ..\..\production\evidence\continuous\20261005-01\b01-repair-01\b01-workspace-source-focus-02\test-output\b01-workspace-B01-FR01-gro-14bcf-cels-without-losing-capture-chromium\trace.zip

    ────────────────────────────────────────────────────────────────────────────────────────────────

  2 failed
    [chromium] › ..\..\production\tests\browser\b01-workspace.spec.ts:475:1 › B01 FR01 group separator retains native focus through repeated keys and Escape rollback 
    [chromium] › ..\..\production\tests\browser\b01-workspace.spec.ts:547:1 › B01 FR01 group separator trusted drag commits and Escape cancels without losing capture 
  13 passed (23.6s)
