
> grape-s01@0.1.0 test:browser
> node tools/runtime.mjs && playwright test


Running 25 tests using 1 worker

  ✓   1 [chromium] › tests/browser/s01.spec.ts:28:1 › AT-S01-01 browser: user creates connected shader, edits and sees generated GLSL (1.0s)
  ✓   2 [chromium] › tests/browser/s01.spec.ts:54:1 › AT-S01-03 browser: dynamic shape errors are visible, Undo restores and Redo repeats (935ms)
  ✓   3 [chromium] › tests/browser/s01.spec.ts:83:1 › AT-S01-05 browser: IndexedDB ACK save/reopen and independent JSON download/file open (1.1s)
  ✓   4 [chromium] › tests/browser/s01.spec.ts:113:1 › AT-S01-02 browser: occupied and incompatible connections preserve wires and revision (827ms)
  ✓   5 [chromium] › tests/browser/s01.spec.ts:138:1 › AT-S01-04 browser: draft cancel, IME guard, keyboard commit, pointer gesture Undo and cancel (804ms)
  ✓   6 [chromium] › tests/browser/s01.spec.ts:180:1 › AT-S01-06 browser: two Canvas contexts keep independent selections and camera while sharing edits (794ms)
  ✓   7 [chromium] › tests/browser/s01.spec.ts:239:1 › AT-S01-07 browser: delayed storage completion cannot clear a newer edit; rejection and export preserve dirty (491ms)
  ✓   8 [chromium] › tests/browser/s01.spec.ts:287:1 › recovery browser: future structural document stays read-only and original can be exported (278ms)
  ✓   9 [chromium] › tests/browser/s01.spec.ts:314:1 › readonly browser: fields, actions and keyboard cannot edit; unlocking restores the same value (397ms)
  ✓  10 [chromium] › tests/browser/s01.spec.ts:336:1 › diagnostics locate the affected node through the active Context without adding History (760ms)
  ✓  11 [chromium] › tests/browser/s01.spec.ts:360:1 › invalid UTF-8 recovery retains original bytes; closing recovery and cancelling open preserve the graph (407ms)
  ✓  12 [chromium] › tests/browser/s01.spec.ts:386:1 › view failure shows shared retry placeholder and releases the failed mount (358ms)
  ✓  13 [chromium] › tests/browser/s01.spec.ts:420:1 › keyboard node selection and connection buttons preserve focus; wires meet sockets after fractional zoom (826ms)
  ✓  14 [chromium] › tests/browser/s01.spec.ts:454:1 › error-bearing dynamic document saves and reopens with loss evidence and generation still blocked (1.1s)
  ✓  15 [chromium] › tests/browser/s01.spec.ts:495:3 › M1 browser: Float 1e21 commits and generates a valid exponent literal (992ms)
  ✓  16 [chromium] › tests/browser/s01.spec.ts:495:3 › M1 browser: Multiply 1e21 commits and generates a valid exponent literal (971ms)
  ✓  17 [chromium] › tests/browser/s01.spec.ts:530:1 › N1 browser: middle/right movement cannot edit nodes; primary drag still groups into one Undo (759ms)
  ✓  18 [chromium] › tests/browser/s02.spec.ts:25:1 › AT-S02-01 browser: review/cancel, repair proposal and explicit one-Undo atomic acceptance (781ms)
  ✓  19 [chromium] › tests/browser/s02.spec.ts:79:1 › AT-S02-01 browser: readonly and intervening edit fence publication (439ms)
  ✓  20 [chromium] › tests/browser/s02.spec.ts:100:1 › AT-S02-01 browser: duplicate IDs, unknown structure and future input never expose acceptance (516ms)
  ✓  21 [chromium] › tests/browser/s02.spec.ts:125:1 › AT-S02-02 browser: explicit missing-module load, move/rename, save/reopen preserve opaque state and block generation (867ms)
  ✓  22 [chromium] › tests/browser/s02.spec.ts:179:1 › AT-S02-03 boundary browser: unmapped legacy remains explicit with provenance and original export (275ms)
  ✓  23 [chromium] › tests/browser/s02.spec.ts:202:1 › AT-S02-04 browser: real Canvas PNG preview/export/reimport, malformed CRC and missing metadata (843ms)
  ✓  24 [chromium] › tests/browser/s02.spec.ts:261:1 › AT-S02-01 browser: cancel during delayed file read fences the late review (1.2s)
  ✓  25 [chromium] › tests/browser/s02.spec.ts:287:1 › M1 browser: boundary missing-module rename rejects save, retains prior ACK, then saves and reopens without opaque loss (1.1s)

  25 passed (20.3s)
[WebServer] (node:10444) Warning: The 'NO_COLOR' env is ignored due to the 'FORCE_COLOR' env being set.
[WebServer] (Use `node --trace-warnings ...` to show where the warning was created)
(node:10464) Warning: The 'NO_COLOR' env is ignored due to the 'FORCE_COLOR' env being set.
(Use `node --trace-warnings ...` to show where the warning was created)
