
> grape-s01@0.1.0 test
> node tools/runtime.mjs && node --experimental-transform-types --test --test-isolation=none tests/unit/*.test.ts tests/conformance/*.test.ts

✔ production ownership manifest covers every source and rejects mutation/platform/extension violations (1119.390305ms)
✔ S02 conformance: replacement uses one public Graph batch, isolates observers and retains two Context identities (14.940588ms)
✔ S02 conformance: direct replacement rejects model Error without modifying document/history (3.96127ms)
✔ M2: direct replacement atomically rejects malformed position component before publication (2.378919ms)
✔ M2: direct replacement atomically rejects malformed position length before publication (2.781214ms)
✔ M2: direct replacement atomically rejects duplicate recovery IDs before publication (2.867475ms)
✔ M2: direct replacement atomically rejects unknown envelope field before publication (9.118288ms)
✔ M2: direct replacement atomically rejects unknown node field before publication (1.983905ms)
✔ M2: direct replacement atomically rejects unknown endpoint field before publication (1.992969ms)
✔ M2: catching invalid replacement cannot publish earlier edits in the same batch (1.991116ms)
✔ M2: valid detached replacement publishes once and retains exact Undo/Redo content (3.638935ms)
✔ L10N exact owner, parent/default/inline fallback and plain interpolation leave model/history/generation unchanged (2.471699ms)
✔ L10N atomic duplicate/malformed rejection, revision CAS and immutable detached catalogs (0.607654ms)
✔ L10N observer errors/reentry are isolated, cleanup cancels later delivery, disposed service rejects (0.31906ms)
✔ PC authority: declaration is not grant; render/async/outside event denied, same mounted event succeeds (3.896422ms)
✔ PC gesture: origin guard, one operation, cross-Panel lease rejection and latest lease required (4.524087ms)
✔ PC move/hide cancel pointer gesture and drain new leases before workspace action returns (7.019622ms)
✔ PC render failure cancels only unfinished operation after publication, with no reentrant mutation (2.577799ms)
✔ PC same ID reuse and old scope registrations remain revoked (1.533637ms)
✔ VM resources: cleanup in reverse order, failure isolation, stale async tickets, no render reentrancy (0.411289ms)
✔ two independently registered Panels and two Widget view shapes share lifecycle without feature dispatch (1.232404ms)
✔ VM mount/capture/update reentrancy revokes scope and preserves placeholder; explicit retry recovers (0.349065ms)
✔ VM subscription failure releases acquired subscriptions and cannot pretend to mount (0.176555ms)
✔ PC application denies every editing command while readonly or history busy; field binding invalidates (4.95118ms)
✔ AT-S01-01: Float × Multiply → Compose emits pinned host-free GLSL without mutation (2.421994ms)
✔ AT-S01-02: direction, cross-network, occupied input, cycle and type failures are atomic (2.615115ms)
✔ AT-S01-03: mode change captures complete prior ports, edge plans and loss; undo/redo and reload (5.923482ms)
✔ AT-S01-04: multi-batch operation, cancel/no-op redo, expired draft and async draft (5.007604ms)
✔ AT-S01-08: projection before observers, reentrant writes reject and throwing observer does not roll back (2.29989ms)
✔ AT-S01-06: contexts share model and clean selection before external observation (3.175238ms)
✔ scoped field token rejects value ABA, busy, connected and dead targets; unrelated movement preserves token (6.200689ms)
✔ all model errors including unused nodes block generation; fixed definitions and boundaries remain protected (2.382034ms)
✔ generation rejects missing/extra declared boundary output even when a module emits an incomplete map (2.476946ms)
✔ shared type environment rejects unknown identity and permits explicitly registered nominal types without changing core dispatch (0.592732ms)
✔ AT-S01-02: endpoints in two real Stage networks cannot be cross-connected (2.846563ms)
✔ unknown Stage slots block generation; duplicate slot identities reject before hydration (7.41108ms)
✔ M1 reviewer counterexample: float 1e21 generates a valid GLSL floating constant (2.787514ms)
✔ M1 reviewer counterexample: multiply 1e21 generates a valid GLSL floating constant (2.420322ms)
✔ M1 literal grammar and value roundtrip cover integers, decimals, signs and exponent-form values (0.642117ms)
✔ M1 all finite float32 exponent bins and representative mantissas have legal value-preserving literals (3.651594ms)
✔ M1 admitted boundary/representative values remain editable and compile through both production literal paths (35.018096ms)
✔ AT-S01-05: document identity, complete content, new lifetime/empty history and semantic regeneration (3.953478ms)
✔ AT-S01-07: ACK of A never marks B saved, rejection and SAVE_BUSY retain baseline; download is separate (9.051829ms)
✔ old saved handle cannot attach to same persistent IDs after reload (2.723968ms)
✔ wire unknown structure, unsupported version/operation/tag, malformed known data precedence and original retention (2.404047ms)
✔ writer refuses executable/hidden values, sparse arrays, nonfinite numbers and altered prototypes without invoking getters (1.576772ms)
✔ missing exact module preserves opaque state and last port policy; loss payload is never activated (3.812646ms)
✔ forged stored conversion remains saveable but cannot generate (2.513101ms)
✔ prototype-named unknown structural keys and non-JSON whitespace are not silently accepted (2.37964ms)
✔ unrelated edits preserve forged connection evidence rather than silently repairing it (2.055833ms)
✔ pending storage open cannot replace a newer edit or document lifetime (2.088873ms)
✔ unrelated edits retain explicit invalid-edge evidence even when its stored plan is structurally valid (2.114742ms)
✔ AT-S02-04 PNG: CRC oracle, roundtrip, repeated wrapping and unowned chunks preserve bytes (8.635893ms)
✔ AT-S02-04 PNG: malformed CRC, missing metadata, duplicate metadata, compression and malformed envelope are named rejections (4.488843ms)
✔ AT-S02-04 PNG: structural boundaries, file/chunk/metadata limits and invalid UTF-8 never decode pixels or compressed text (152.834534ms)
✔ AT-S02-04 PNG: ASCII/CJK/non-BMP budgets match text intake and preserve canonical graph (177.981969ms)
✔ AT-S02-01: detached inspection/cancel/raw retention and one atomic replacement with Context continuity and Undo/Redo (6.61347ms)
✔ AT-S02-01: base revision, content, lifetime, readonly, busy and fabricated review fences (18.44448ms)
✔ AT-S02-01: invalid/future/duplicate IDs/unknown structure have explicit outcomes and never publish (17.023592ms)
✔ AT-S02-01: only explicit layout repair yields a candidate; unknown endpoints/references are never guessed (12.071943ms)
✔ AT-S02-01: mismatched exact pins cannot replace the destination; failed replacement is atomic (2.561343ms)
✔ AT-S02-02: missing exact module survives move/rename/save/reopen; exact restoration invokes codec and never substitutes latest (8.227559ms)
✔ AT-S02-03 boundary: foreign/legacy input is retained with explicit unresolved Gate, never implicit conversion or archive execution (0.794645ms)
✔ AT-S02-04: ASCII/CJK/non-BMP UTF-8 exact byte budget produces deterministic results without truncation (32.836864ms)
✔ AT-S02-04: network budgets, duplicate JSON keys, unknown nested structure and opaque fields are independently checked (23.130821ms)
✔ M1: missing-module boundary x rename rejects save before ACK without data loss (25.758074ms)
✔ M1: missing-module boundary 中 rename rejects save before ACK without data loss (19.9865ms)
✔ M1: missing-module boundary 🍇 rename rejects save before ACK without data loss (33.439961ms)
✔ M1: compact fallback validates actual emitted bytes at and beyond the budget (9.262586ms)
✔ M1: nodes at/beyond network limit obey save/reopen invariant (30.843625ms)
✔ M1: edges at/beyond network limit obey save/reopen invariant (55.639311ms)
✔ M1: editing beyond network capacity cannot acknowledge a save or erase the previous saved document (74.86078ms)
ℹ tests 72
ℹ suites 0
ℹ pass 72
ℹ fail 0
ℹ cancelled 0
ℹ skipped 0
ℹ todo 0
ℹ duration_ms 2208.832366
(node:10353) ExperimentalWarning: Transform Types is an experimental feature and might change at any time
(Use `node --trace-warnings ...` to show where the warning was created)
