[WebServer] (node:43636) Warning: The 'NO_COLOR' env is ignored due to the 'FORCE_COLOR' env being set.
[WebServer] (Use `node --trace-warnings ...` to show where the warning was created)

Running 54 tests using 1 worker

(node:46204) Warning: The 'NO_COLOR' env is ignored due to the 'FORCE_COLOR' env being set.
(Use `node --trace-warnings ...` to show where the warning was created)
  ok  1 [chromium] › tests\browser\s02.spec.ts:25:1 › AT-S02-01 browser: review/cancel, repair proposal and explicit one-Undo atomic acceptance (1.6s)
  ok  2 [chromium] › tests\browser\s02.spec.ts:79:1 › AT-S02-01 browser: readonly and intervening edit fence publication (471ms)
  ok  3 [chromium] › tests\browser\s02.spec.ts:102:1 › AT-S02-01 browser: duplicate IDs, unknown structure and future input never expose acceptance (691ms)
  ok  4 [chromium] › tests\browser\s02.spec.ts:127:1 › AT-S02-02 browser: explicit missing-module load, move/rename, save/reopen preserve opaque state and block generation (943ms)
  ok  5 [chromium] › tests\browser\s02.spec.ts:181:1 › AT-S02-03 boundary browser: unmapped legacy remains explicit with provenance and original export (393ms)
  ok  6 [chromium] › tests\browser\s02.spec.ts:204:1 › AT-S02-04 browser: real Canvas PNG preview/export/reimport, malformed CRC and missing metadata (1.0s)
  ok  7 [chromium] › tests\browser\s02.spec.ts:259:1 › AT-S02-01 browser: cancel during delayed file read fences the late review (1.2s)
  ok  8 [chromium] › tests\browser\s02.spec.ts:283:1 › M1 browser: boundary missing-module rename rejects save, retains prior ACK, then saves and reopens without opaque loss (1.1s)
  ok  9 [chromium] › tests\browser\s04.spec.ts:4:1 › S04 DEC002 all sixteen conversions execute on WebGL2 with correct components (258ms)
  ok 10 [chromium] › tests\browser\s04.spec.ts:86:1 › S04 DEC004 actual Personal literal source input nested shaders compile after export import reopen (526ms)
  ok 11 [chromium] › tests\browser\s04.spec.ts:213:1 › S04 actual IndexedDB collision concurrency relist quotas and failure isolation (294ms)
  ok 12 [chromium] › tests\browser\s04.spec.ts:307:1 › S04 DEC002 actual Canvas four shapes to current ImageOutput and edge identity Undo Redo (2.4s)
  ok 13 [chromium] › tests\browser\s04.spec.ts:357:1 › S04 actual Personal UI saves relists imports downloads and inserts independent Graph snapshots (1.7s)
  ok 14 [chromium] › tests\browser\s04.spec.ts:450:1 › S04 DEC004 browser hash-valid missing dependency scope cycle and module candidates reject atomically (339ms)
(node:43292) ExperimentalWarning: Transform Types is an experimental feature and might change at any time
(Use `node --trace-warnings ...` to show where the warning was created)
  ok 15 [chromium] › tests\browser\s05-delivered.spec.ts:44:3 › S05-OWNER-001 delivered public flow shared-expand.grape.json (1.4s)
  ok 16 [chromium] › tests\browser\s05-delivered.spec.ts:44:3 › S05-OWNER-001 delivered public flow shared-function.grape.json (1.2s)
  ok 17 [chromium] › tests\browser\s05-delivered.spec.ts:44:3 › S05-OWNER-001 delivered public flow shared-function.personal.json (1.2s)
  ok 18 [chromium] › tests\browser\s05-delivered.spec.ts:44:3 › S05-OWNER-001 delivered public flow nested-function.grape.json (818ms)
  ok 19 [chromium] › tests\browser\s05-delivered.spec.ts:44:3 › S05-OWNER-001 delivered public flow uniform-function.grape.json (755ms)
  ok 20 [chromium] › tests\browser\s05-delivered.spec.ts:44:3 › S05-OWNER-001 delivered public flow constant-detach.grape.json (1.3s)
  ok 21 [chromium] › tests\browser\s05-delivered.spec.ts:44:3 › S05-OWNER-001 delivered public flow activation-rejected.grape.json (1.1s)
  ok 22 [chromium] › tests\browser\s05-delivered.spec.ts:44:3 › S05-OWNER-001 delivered public flow shape-array.grape.json (711ms)
  ok 23 [chromium] › tests\browser\s05-delivered.spec.ts:44:3 › S05-OWNER-001 delivered public flow shape-nominal.grape.json (727ms)
  ok 24 [chromium] › tests\browser\s05-delivered.spec.ts:44:3 › S05-OWNER-001 delivered public flow pixel-effects.grape.json (714ms)
  ok 25 [chromium] › tests\browser\s05-delivered.spec.ts:44:3 › S05-OWNER-001 delivered public flow vertex-pixel.grape.json (727ms)
  ok 26 [chromium] › tests\browser\s05-delivered.spec.ts:44:3 › S05-OWNER-001 delivered public flow legacy-owner.grape.json (1.2s)
  ok 27 [chromium] › tests\browser\s05-delivered.spec.ts:44:3 › S05-OWNER-001 delivered public flow cross-stage-uniform-distinct.grape.json (728ms)
  ok 28 [chromium] › tests\browser\s05-delivered.spec.ts:44:3 › S05-OWNER-001 delivered public flow cross-stage-uniform-shared-reversed.grape.json (730ms)
  ok 29 [chromium] › tests\browser\s05-delivered.spec.ts:61:1 › S05-OWNER-001 exact owner and malformed admission stay strict; original error draft opens only explicitly (2.5s)
  ok 30 [chromium] › tests\browser\s05-replacement.spec.ts:28:3 › S05 Replace destination default: eligibility, recovery and exact content (1.4s)
  ok 31 [chromium] › tests\browser\s05-replacement.spec.ts:28:3 › S05 Replace destination upgraded: eligibility, recovery and exact content (1.7s)
  ok 32 [chromium] › tests\browser\s05-replacement.spec.ts:28:3 › S05 Replace destination matching: eligibility, recovery and exact content (1.2s)
  ok 33 [chromium] › tests\browser\s05-replacement.spec.ts:41:1 › S05 Replace separates kind-only mismatch, preserves original and rechecks stale review (1.3s)
  ok 34 [chromium] › tests\browser\s05-uniforms.spec.ts:4:1 › S05-FR-001 exact preserved reviewer document links distinct vertex and pixel resources (178ms)
  ok 35 [chromium] › tests\browser\s05-uniforms.spec.ts:57:5 › S05-FR-001 actual linked Uniform identity distinct expand (201ms)
  ok 36 [chromium] › tests\browser\s05-uniforms.spec.ts:57:5 › S05-FR-001 actual linked Uniform identity distinct function (203ms)
  ok 37 [chromium] › tests\browser\s05-uniforms.spec.ts:57:5 › S05-FR-001 actual linked Uniform identity distinct nested (227ms)
  ok 38 [chromium] › tests\browser\s05-uniforms.spec.ts:57:5 › S05-FR-001 actual linked Uniform identity distinct mixed (239ms)
  ok 39 [chromium] › tests\browser\s05-uniforms.spec.ts:57:5 › S05-FR-001 actual linked Uniform identity shared-reversed expand (215ms)
  ok 40 [chromium] › tests\browser\s05-uniforms.spec.ts:57:5 › S05-FR-001 actual linked Uniform identity shared-reversed function (240ms)
  ok 41 [chromium] › tests\browser\s05-uniforms.spec.ts:57:5 › S05-FR-001 actual linked Uniform identity shared-reversed nested (261ms)
  ok 42 [chromium] › tests\browser\s05-uniforms.spec.ts:57:5 › S05-FR-001 actual linked Uniform identity shared-reversed mixed (297ms)
  ok 43 [chromium] › tests\browser\s05-uniforms.spec.ts:57:5 › S05-FR-001 actual linked Uniform identity distinct-types expand (221ms)
  ok 44 [chromium] › tests\browser\s05-uniforms.spec.ts:57:5 › S05-FR-001 actual linked Uniform identity distinct-types function (212ms)
  ok 45 [chromium] › tests\browser\s05-uniforms.spec.ts:57:5 › S05-FR-001 actual linked Uniform identity distinct-types nested (253ms)
  ok 46 [chromium] › tests\browser\s05-uniforms.spec.ts:57:5 › S05-FR-001 actual linked Uniform identity distinct-types mixed (256ms)
  ok 47 [chromium] › tests\browser\s05.spec.ts:22:1 › S05 AT04 AT05 real mode command reports precise loss and Undo restores entire graph; rejected activation leaves UI and history unchanged (1.4s)
  ok 48 [chromium] › tests\browser\s05.spec.ts:95:1 › S05 AT07 legacy mode UI requires explicit owner upgrade preserving original data (756ms)
  ok 49 [chromium] › tests\browser\s05.spec.ts:134:1 › S05 AT03 AT08 WebGL2 fixed shape nominal effects unconsumed nested effects and independent stage helpers (370ms)
  ok 50 [chromium] › tests\browser\s05.spec.ts:198:1 › S05 AT02 AT03 real WebGL2 distinct shared and nested caller values and Uniform parameters (258ms)
  ok 51 [chromium] › tests\browser\s05.spec.ts:283:1 › S05 mode UI persists shared choice and Make independent and Undo through real commands (1.1s)
  ok 52 [chromium] › tests\browser\s05.spec.ts:332:3 › S05 served HTTP 127.0.0.1 boots with secure IDs and exact Personal digest (1.5s)
  ok 53 [chromium] › tests\browser\s05.spec.ts:332:3 › S05 served HTTP 192.168.1.105 boots with secure IDs and exact Personal digest (8.8s)
  ok 54 [chromium] › tests\browser\s05.spec.ts:332:3 › S05 served HTTP 100.83.88.97 boots with secure IDs and exact Personal digest (1.5s)

  54 passed (55.7s)
