(node:10604) ExperimentalWarning: Transform Types is an experimental feature and might change at any time
(Use `node --trace-warnings ...` to show where the warning was created)
192.168.1.105 false Error: expect(locator).toContainText(expected) failed

Locator: locator('dialog[open] [role=status]')
Expected substring: "PERSONAL_HASH"
Received string:    "PERSONAL_CHECKSUM"
Timeout: 5000ms

Call log:
  - Expect "to.have.text" with timeout 5000ms
  - waiting for locator('dialog[open] [role=status]')
    14 × locator resolved to <p role="status">PERSONAL_CHECKSUM</p>
       - unexpected value "PERSONAL_CHECKSUM"

100.83.88.97 false Error: expect(locator).toContainText(expected) failed

Locator: locator('dialog[open] [role=status]')
Expected substring: "PERSONAL_HASH"
Received string:    "PERSONAL_CHECKSUM"
Timeout: 5000ms

Call log:
  - Expect "to.have.text" with timeout 5000ms
  - waiting for locator('dialog[open] [role=status]')
    14 × locator resolved to <p role="status">PERSONAL_CHECKSUM</p>
       - unexpected value "PERSONAL_CHECKSUM"

