production/evidence/coordinator/s05/owner-review-legacy-replacement-01/dispatch-parent-intent-01.json:1: trailing whitespace.
+{
production/evidence/coordinator/s05/owner-review-legacy-replacement-01/dispatch-parent-intent-01.json:2: trailing whitespace.
+  "packetType": "PARENT_REPLACEMENT_DIAGNOSIS_DISPATCH_INTENT",
production/evidence/coordinator/s05/owner-review-legacy-replacement-01/dispatch-parent-intent-01.json:3: trailing whitespace.
+  "recordedAt": "2026-10-04T05:21:18.2536942Z",
production/evidence/coordinator/s05/owner-review-legacy-replacement-01/dispatch-parent-intent-01.json:4: trailing whitespace.
+  "actionKey": "yeataro/Grape:S05:repair:legacy-replacement:d634d7e:02",
production/evidence/coordinator/s05/owner-review-legacy-replacement-01/dispatch-parent-intent-01.json:5: trailing whitespace.
+  "attempt": 1,
production/evidence/coordinator/s05/owner-review-legacy-replacement-01/dispatch-parent-intent-01.json:6: trailing whitespace.
+  "retriesUsed": 0,
production/evidence/coordinator/s05/owner-review-legacy-replacement-01/dispatch-parent-intent-01.json:7: trailing whitespace.
+  "transport": "collaboration.followup_task",
production/evidence/coordinator/s05/owner-review-legacy-replacement-01/dispatch-parent-intent-01.json:8: trailing whitespace.
+  "targetAgent": "/root/s03_implementer_resume",
production/evidence/coordinator/s05/owner-review-legacy-replacement-01/dispatch-parent-intent-01.json:9: trailing whitespace.
+  "targetThreadId": "01a0fd8c-081e-7492-8f59-55159462e301",
production/evidence/coordinator/s05/owner-review-legacy-replacement-01/dispatch-parent-intent-01.json:10: trailing whitespace.
+  "targetDisplayTitle": "Grape S05 實作與維護",
production/evidence/coordinator/s05/owner-review-legacy-replacement-01/dispatch-parent-intent-01.json:11: trailing whitespace.
+  "priorStatus": "idle via read_thread; exact P3 STOP_WRITING completion received",
production/evidence/coordinator/s05/owner-review-legacy-replacement-01/dispatch-parent-intent-01.json:12: trailing whitespace.
+  "packetFile": "production/evidence/coordinator/s05/owner-review-legacy-replacement-01/implementer-packet-01.json",
production/evidence/coordinator/s05/owner-review-legacy-replacement-01/dispatch-parent-intent-01.json:13: trailing whitespace.
+  "packetSha256": "5beb72ba873ebbc061799cf8137855067dea3b67b359b697656aa95da8b529a0",
production/evidence/coordinator/s05/owner-review-legacy-replacement-01/dispatch-parent-intent-01.json:14: trailing whitespace.
+  "expectedHead": "d634d7edb195839d75707c528072479b48f478b1",
production/evidence/coordinator/s05/owner-review-legacy-replacement-01/dispatch-parent-intent-01.json:15: trailing whitespace.
+  "priorI": "b0d61c61d35908f6332b439aae539ce87bf854c5",
production/evidence/coordinator/s05/owner-review-legacy-replacement-01/dispatch-parent-intent-01.json:16: trailing whitespace.
+  "priorR": "cfcde2ac26908c1850ade4d387d5ab41ab72ee11",
production/evidence/coordinator/s05/owner-review-legacy-replacement-01/dispatch-parent-intent-01.json:17: trailing whitespace.
+  "inputReferencesVerified": 22,
production/evidence/coordinator/s05/owner-review-legacy-replacement-01/dispatch-parent-intent-01.json:18: trailing whitespace.
+  "priorActionRecords": [
production/evidence/coordinator/s05/owner-review-legacy-replacement-01/dispatch-parent-intent-01.json:19: trailing whitespace.
+    "production/evidence/coordinator/s05\\owner-review-legacy-replacement-01\\implementer-packet-01.json",
production/evidence/coordinator/s05/owner-review-legacy-replacement-01/dispatch-parent-intent-01.json:20: trailing whitespace.
+    "production/evidence/coordinator/s05\\owner-review-legacy-replacement-01\\dispatch-intent-01.json"
production/evidence/coordinator/s05/owner-review-legacy-replacement-01/dispatch-parent-intent-01.json:21: trailing whitespace.
+  ],
production/evidence/coordinator/s05/owner-review-legacy-replacement-01/dispatch-parent-intent-01.json:22: trailing whitespace.
+  "duplicateDisposition": "Prepared Coordinator packet/intent only; no execution output/result",
production/evidence/coordinator/s05/owner-review-legacy-replacement-01/dispatch-parent-intent-01.json:23: trailing whitespace.
+  "findingGroup": "S05-FG-LEGACY-IMPORT-01",
production/evidence/coordinator/s05/owner-review-legacy-replacement-01/dispatch-parent-intent-01.json:24: trailing whitespace.
+  "findingIds": [
production/evidence/coordinator/s05/owner-review-legacy-replacement-01/dispatch-parent-intent-01.json:25: trailing whitespace.
+    "S05-OWNER-002"
production/evidence/coordinator/s05/owner-review-legacy-replacement-01/dispatch-parent-intent-01.json:26: trailing whitespace.
+  ],
production/evidence/coordinator/s05/owner-review-legacy-replacement-01/dispatch-parent-intent-01.json:27: trailing whitespace.
+  "findingCounters": {
production/evidence/coordinator/s05/owner-review-legacy-replacement-01/dispatch-parent-intent-01.json:28: trailing whitespace.
+    "sameUnderlyingFindingGroup": true,
production/evidence/coordinator/s05/owner-review-legacy-replacement-01/dispatch-parent-intent-01.json:29: trailing whitespace.
+    "priorRepairAttempt": 1,
production/evidence/coordinator/s05/owner-review-legacy-replacement-01/dispatch-parent-intent-01.json:30: trailing whitespace.
+    "currentRepairAttempt": 2,
production/evidence/coordinator/s05/owner-review-legacy-replacement-01/dispatch-parent-intent-01.json:31: trailing whitespace.
+    "priorUnsuccessfulRepairReviewRounds": 0,
production/evidence/coordinator/s05/owner-review-legacy-replacement-01/dispatch-parent-intent-01.json:32: trailing whitespace.
+    "priorReviewSequence": 3,
production/evidence/coordinator/s05/owner-review-legacy-replacement-01/dispatch-parent-intent-01.json:33: trailing whitespace.
+    "priorTargetedRoundVerdict": "PASS",
production/evidence/coordinator/s05/owner-review-legacy-replacement-01/dispatch-parent-intent-01.json:34: trailing whitespace.
+    "counterReset": false,
production/evidence/coordinator/s05/owner-review-legacy-replacement-01/dispatch-parent-intent-01.json:35: trailing whitespace.
+    "originalUniformCounters": "Separate S05-FG-RESOURCE-01 retains initialFailure1/repair1/reviewRound2 PASS"
production/evidence/coordinator/s05/owner-review-legacy-replacement-01/dispatch-parent-intent-01.json:36: trailing whitespace.
+  },
production/evidence/coordinator/s05/owner-review-legacy-replacement-01/dispatch-parent-intent-01.json:37: trailing whitespace.
+  "scope": "Reproduce exact-pin/profile refusal versus misleading eligibility/error UI or actual defect; repair only proven issue, no guard weakening",
production/evidence/coordinator/s05/owner-review-legacy-replacement-01/dispatch-parent-intent-01.json:38: trailing whitespace.
+  "parentScope": "Transport receipts only",
production/evidence/coordinator/s05/owner-review-legacy-replacement-01/dispatch-parent-intent-01.json:39: trailing whitespace.
+  "humanAcceptance": "NOT_GRANTED",
production/evidence/coordinator/s05/owner-review-legacy-replacement-01/dispatch-parent-intent-01.json:40: trailing whitespace.
+  "services": "4193/4194 unchanged",
production/evidence/coordinator/s05/owner-review-legacy-replacement-01/dispatch-parent-intent-01.json:41: trailing whitespace.
+  "vertex": "Explanation-only observation excluded"
production/evidence/coordinator/s05/owner-review-legacy-replacement-01/dispatch-parent-intent-01.json:42: trailing whitespace.
+}
production/evidence/coordinator/s05/owner-review-legacy-replacement-01/dispatch-parent-result-01.json:1: trailing whitespace.
+{
production/evidence/coordinator/s05/owner-review-legacy-replacement-01/dispatch-parent-result-01.json:2: trailing whitespace.
+  "packetType": "PARENT_REPLACEMENT_DIAGNOSIS_DISPATCH_RESULT",
production/evidence/coordinator/s05/owner-review-legacy-replacement-01/dispatch-parent-result-01.json:3: trailing whitespace.
+  "recordedAt": "2026-10-04T05:21:51.5218277Z",
production/evidence/coordinator/s05/owner-review-legacy-replacement-01/dispatch-parent-result-01.json:4: trailing whitespace.
+  "actionKey": "yeataro/Grape:S05:repair:legacy-replacement:d634d7e:02",
production/evidence/coordinator/s05/owner-review-legacy-replacement-01/dispatch-parent-result-01.json:5: trailing whitespace.
+  "attempt": 1,
production/evidence/coordinator/s05/owner-review-legacy-replacement-01/dispatch-parent-result-01.json:6: trailing whitespace.
+  "retriesUsed": 0,
production/evidence/coordinator/s05/owner-review-legacy-replacement-01/dispatch-parent-result-01.json:7: trailing whitespace.
+  "transport": "collaboration.followup_task",
production/evidence/coordinator/s05/owner-review-legacy-replacement-01/dispatch-parent-result-01.json:8: trailing whitespace.
+  "callCount": 1,
production/evidence/coordinator/s05/owner-review-legacy-replacement-01/dispatch-parent-result-01.json:9: trailing whitespace.
+  "callOutcome": "Returned without error or text payload",
production/evidence/coordinator/s05/owner-review-legacy-replacement-01/dispatch-parent-result-01.json:10: trailing whitespace.
+  "targetAgent": "/root/s03_implementer_resume",
production/evidence/coordinator/s05/owner-review-legacy-replacement-01/dispatch-parent-result-01.json:11: trailing whitespace.
+  "targetThreadId": "01a0fd8c-081e-7492-8f59-55159462e301",
production/evidence/coordinator/s05/owner-review-legacy-replacement-01/dispatch-parent-result-01.json:12: trailing whitespace.
+  "targetDisplayTitle": "Grape S05 實作與維護",
production/evidence/coordinator/s05/owner-review-legacy-replacement-01/dispatch-parent-result-01.json:13: trailing whitespace.
+  "packetId": "S05-REPAIR-OWNER-LEGACY-REPLACEMENT-02",
production/evidence/coordinator/s05/owner-review-legacy-replacement-01/dispatch-parent-result-01.json:14: trailing whitespace.
+  "packetSha256": "5beb72ba873ebbc061799cf8137855067dea3b67b359b697656aa95da8b529a0",
production/evidence/coordinator/s05/owner-review-legacy-replacement-01/dispatch-parent-result-01.json:15: trailing whitespace.
+  "intentRef": {
production/evidence/coordinator/s05/owner-review-legacy-replacement-01/dispatch-parent-result-01.json:16: trailing whitespace.
+    "sha256": "3cd675cd7b5548e9997c5792608b92e94c90f5a8f47357bd2c83f24d6e69a80f",
production/evidence/coordinator/s05/owner-review-legacy-replacement-01/dispatch-parent-result-01.json:17: trailing whitespace.
+    "file": "production/evidence/coordinator/s05/owner-review-legacy-replacement-01/dispatch-parent-intent-01.json"
production/evidence/coordinator/s05/owner-review-legacy-replacement-01/dispatch-parent-result-01.json:18: trailing whitespace.
+  },
production/evidence/coordinator/s05/owner-review-legacy-replacement-01/dispatch-parent-result-01.json:19: trailing whitespace.
+  "status": "DISPATCHED_RUNNING",
production/evidence/coordinator/s05/owner-review-legacy-replacement-01/dispatch-parent-result-01.json:20: trailing whitespace.
+  "subsequentObservation": {
production/evidence/coordinator/s05/owner-review-legacy-replacement-01/dispatch-parent-result-01.json:21: trailing whitespace.
+    "agentStatus": "running",
production/evidence/coordinator/s05/owner-review-legacy-replacement-01/dispatch-parent-result-01.json:22: trailing whitespace.
+    "tool": "collaboration.list_agents",
production/evidence/coordinator/s05/owner-review-legacy-replacement-01/dispatch-parent-result-01.json:23: trailing whitespace.
+    "sameOriginalAgent": true
production/evidence/coordinator/s05/owner-review-legacy-replacement-01/dispatch-parent-result-01.json:24: trailing whitespace.
+  },
production/evidence/coordinator/s05/owner-review-legacy-replacement-01/dispatch-parent-result-01.json:25: trailing whitespace.
+  "findingGroup": "S05-FG-LEGACY-IMPORT-01",
production/evidence/coordinator/s05/owner-review-legacy-replacement-01/dispatch-parent-result-01.json:26: trailing whitespace.
+  "findingId": "S05-OWNER-002",
production/evidence/coordinator/s05/owner-review-legacy-replacement-01/dispatch-parent-result-01.json:27: trailing whitespace.
+  "repairAttempt": 2,
production/evidence/coordinator/s05/owner-review-legacy-replacement-01/dispatch-parent-result-01.json:28: trailing whitespace.
+  "priorUnsuccessfulRepairReviewRounds": 0,
production/evidence/coordinator/s05/owner-review-legacy-replacement-01/dispatch-parent-result-01.json:29: trailing whitespace.
+  "priorUniformCounters": "Retained unchanged",
production/evidence/coordinator/s05/owner-review-legacy-replacement-01/dispatch-parent-result-01.json:30: trailing whitespace.
+  "outcome": "Pending actual diagnosis/justified bounded fix and independent review; dispatch is not completion",
production/evidence/coordinator/s05/owner-review-legacy-replacement-01/dispatch-parent-result-01.json:31: trailing whitespace.
+  "parentProductOrStateWrites": false,
production/evidence/coordinator/s05/owner-review-legacy-replacement-01/dispatch-parent-result-01.json:32: trailing whitespace.
+  "newWriterCreated": false,
production/evidence/coordinator/s05/owner-review-legacy-replacement-01/dispatch-parent-result-01.json:33: trailing whitespace.
+  "serviceChanges": false,
production/evidence/coordinator/s05/owner-review-legacy-replacement-01/dispatch-parent-result-01.json:34: trailing whitespace.
+  "remoteWrites": false,
production/evidence/coordinator/s05/owner-review-legacy-replacement-01/dispatch-parent-result-01.json:35: trailing whitespace.
+  "humanAcceptance": "NOT_GRANTED"
production/evidence/coordinator/s05/owner-review-legacy-replacement-01/dispatch-parent-result-01.json:36: trailing whitespace.
+}
production/evidence/s05/repair-03/checks/archive-visual-01.log:1: trailing whitespace.
+file:///C:/Users/user/source/Grape/.verification/s05-replacement-archive-visual-01.mjs:12
production/evidence/s05/repair-03/checks/archive-visual-01.log:2: trailing whitespace.
+const result=await deliveredFlow(page,name,bytes,seed);await page.screenshot({path:evidence+'/'+name+'.png',fullPage:true});fs.writeFileSync(evidence+'/'+name+'.json',JSON.stringify(result,null,2)+'\n',{flag:'wx'});rows.push({name,sha256:hash(bytes),status:'PASS_PUBLIC_UI_FLOW',actions:result.actions,evidence:evidence+'/'+name+'.json'});}finally{await context.close();}}for(const mode of ['default','upgraded','matching']){const context=await browser.newContext({viewport:{width:1440,height:1000}});try{const page=await context.newPage();page.on('dialog',d=>d.accept());await page.goto(origin+'/');const response=await page.request.get(origin+'/samples/legacy-owner.grape.json'),bytes=await response.body();assert.equal(hash(bytes),samples.entries.find(r=>r.file==='legacy-owner.grape.json').sha256);const result=await replacementFlow(page,mode,bytes);const name='replacement-'+mode;await page.screenshot({path:evidence+'/'+name+'.png',fullPage:true});fs.writeFileSync(evidence+'/'+name+'.json',JSON.stringify(result,null,2)+'\n',{flag:'wx'});rows.push({name,status:'PASS_PUBLIC_REPLACEMENT_FLOW',evidence:evidence+'/'+name+'.json'});}finally{await context.close();}}}finally{await browser.close();await new Promise(resolve=>server.close(resolve));}
production/evidence/s05/repair-03/checks/archive-visual-01.log:3: trailing whitespace.
+                                                                                                                                                                                                                                                                                                                                                   ^
production/evidence/s05/repair-03/checks/archive-visual-01.log:4: trailing whitespace.
+
production/evidence/s05/repair-03/checks/archive-visual-01.log:5: trailing whitespace.
+SyntaxError: Unexpected token '}'
production/evidence/s05/repair-03/checks/archive-visual-01.log:6: trailing whitespace.
+    at compileSourceTextModule (node:internal/modules/esm/utils:305:16)
production/evidence/s05/repair-03/checks/archive-visual-01.log:7: trailing whitespace.
+    at ModuleLoader.moduleStrategy (node:internal/modules/esm/translators:110:18)
production/evidence/s05/repair-03/checks/archive-visual-01.log:8: trailing whitespace.
+    at #translate (node:internal/modules/esm/loader:467:20)
production/evidence/s05/repair-03/checks/archive-visual-01.log:9: trailing whitespace.
+    at afterLoad (node:internal/modules/esm/loader:523:29)
production/evidence/s05/repair-03/checks/archive-visual-01.log:10: trailing whitespace.
+    at ModuleLoader.loadAndTranslate (node:internal/modules/esm/loader:528:12)
production/evidence/s05/repair-03/checks/archive-visual-01.log:11: trailing whitespace.
+    at #getOrCreateModuleJobAfterResolve (node:internal/modules/esm/loader:571:36)
production/evidence/s05/repair-03/checks/archive-visual-01.log:12: trailing whitespace.
+    at afterResolve (node:internal/modules/esm/loader:619:52)
production/evidence/s05/repair-03/checks/archive-visual-01.log:13: trailing whitespace.
+    at ModuleLoader.getOrCreateModuleJob (node:internal/modules/esm/loader:625:12)
production/evidence/s05/repair-03/checks/archive-visual-01.log:14: trailing whitespace.
+    at onImport.tracePromise.__proto__ (node:internal/modules/esm/loader:644:32)
production/evidence/s05/repair-03/checks/archive-visual-01.log:15: trailing whitespace.
+    at TracingChannel.tracePromise (node:diagnostics_channel:350:14)
production/evidence/s05/repair-03/checks/archive-visual-01.log:16: trailing whitespace.
+
production/evidence/s05/repair-03/checks/archive-visual-01.log:17: trailing whitespace.
+Node.js v25.5.0
production/evidence/s05/repair-03/checks/replacement-unit-01.log:19: trailing whitespace.
+  
production/evidence/s05/repair-03/checks/replacement-unit-01.log:21: trailing whitespace.
+  
