✔ production ownership manifest covers every source and rejects mutation/platform/extension violations (955.5838ms)
✔ S02 conformance: replacement uses one public Graph batch, isolates observers and retains two Context identities (11.4768ms)
✔ S02 conformance: direct replacement rejects model Error without modifying document/history (2.4881ms)
✔ M2: direct replacement atomically rejects malformed position component before publication (1.8321ms)
✔ M2: direct replacement atomically rejects malformed position length before publication (1.5551ms)
✔ M2: direct replacement atomically rejects duplicate recovery IDs before publication (1.5867ms)
✔ M2: direct replacement atomically rejects unknown envelope field before publication (1.5524ms)
✔ M2: direct replacement atomically rejects unknown node field before publication (1.5835ms)
✔ M2: direct replacement atomically rejects unknown endpoint field before publication (1.641ms)
✔ M2: catching invalid replacement cannot publish earlier edits in the same batch (1.6592ms)
✔ M2: valid detached replacement publishes once and retains exact Undo/Redo content (3.0833ms)
✔ L10N exact owner, parent/default/inline fallback and plain interpolation leave model/history/generation unchanged (1.4318ms)
✔ L10N atomic duplicate/malformed rejection, revision CAS and immutable detached catalogs (0.3605ms)
✔ L10N observer errors/reentry are isolated, cleanup cancels later delivery, disposed service rejects (0.1517ms)
✔ PC authority: declaration is not grant; render/async/outside event denied, same mounted event succeeds (3.3426ms)
✔ PC gesture: origin guard, one operation, cross-Panel lease rejection and latest lease required (3.471ms)
✔ PC move/hide cancel pointer gesture and drain new leases before workspace action returns (9.2237ms)
✔ PC render failure cancels only unfinished operation after publication, with no reentrant mutation (2.3244ms)
✔ PC same ID reuse and old scope registrations remain revoked (1.4054ms)
✔ VM resources: cleanup in reverse order, failure isolation, stale async tickets, no render reentrancy (0.223ms)
✔ two independently registered Panels and two Widget view shapes share lifecycle without feature dispatch (0.8216ms)
✔ VM mount/capture/update reentrancy revokes scope and preserves placeholder; explicit retry recovers (0.2191ms)
✔ VM subscription failure releases acquired subscriptions and cannot pretend to mount (0.0977ms)
✔ PC application denies every editing command while readonly or history busy; field binding invalidates (3.7342ms)
✔ AT-S01-01: Float × Multiply → Compose emits pinned host-free GLSL without mutation (2.5736ms)
✔ AT-S01-02: direction, cross-network, occupied input, cycle and type failures are atomic (1.8844ms)
✔ AT-S01-03: mode change captures complete prior ports, edge plans and loss; undo/redo and reload (4.6958ms)
✔ AT-S01-04: multi-batch operation, cancel/no-op redo, expired draft and async draft (3.9374ms)
✔ AT-S01-08: projection before observers, reentrant writes reject and throwing observer does not roll back (1.4742ms)
✔ AT-S01-06: contexts share model and clean selection before external observation (2.3102ms)
✔ scoped field token rejects value ABA, busy, connected and dead targets; unrelated movement preserves token (3.6862ms)
✔ all model errors including unused nodes block generation; fixed definitions and boundaries remain protected (1.8831ms)
✔ generation rejects missing/extra declared boundary output even when a module emits an incomplete map (1.7955ms)
✔ shared type environment rejects unknown identity and permits explicitly registered nominal types without changing core dispatch (0.4525ms)
✔ AT-S01-02: endpoints in two real Stage networks cannot be cross-connected (2.0848ms)
✔ unknown Stage slots block generation; duplicate slot identities reject before hydration (3.6042ms)
✔ M1 reviewer counterexample: float 1e21 generates a valid GLSL floating constant (1.886ms)
✔ M1 reviewer counterexample: multiply 1e21 generates a valid GLSL floating constant (1.783ms)
✔ M1 literal grammar and value roundtrip cover integers, decimals, signs and exponent-form values (0.2234ms)
✔ M1 all finite float32 exponent bins and representative mantissas have legal value-preserving literals (1.6706ms)
✔ M1 admitted boundary/representative values remain editable and compile through both production literal paths (24.5939ms)
✔ AT-S01-05: document identity, complete content, new lifetime/empty history and semantic regeneration (2.2308ms)
✔ AT-S01-07: ACK of A never marks B saved, rejection and SAVE_BUSY retain baseline; download is separate (4.0567ms)
✔ old saved handle cannot attach to same persistent IDs after reload (2.4548ms)
✔ wire unknown structure, unsupported version/operation/tag, malformed known data precedence and original retention (1.8496ms)
✔ writer refuses executable/hidden values, sparse arrays, nonfinite numbers and altered prototypes without invoking getters (1.4541ms)
✔ missing exact module preserves opaque state and last port policy; loss payload is never activated (2.9487ms)
✔ forged stored conversion remains saveable but cannot generate (2.0196ms)
✔ prototype-named unknown structural keys and non-JSON whitespace are not silently accepted (1.8744ms)
✔ unrelated edits preserve forged connection evidence rather than silently repairing it (2.0989ms)
✔ pending storage open cannot replace a newer edit or document lifetime (1.799ms)
✔ unrelated edits retain explicit invalid-edge evidence even when its stored plan is structurally valid (2.1925ms)
✔ AT-S02-04 PNG: CRC oracle, roundtrip, repeated wrapping and unowned chunks preserve bytes (7.4803ms)
✔ AT-S02-04 PNG: malformed CRC, missing metadata, duplicate metadata, compression and malformed envelope are named rejections (3.6553ms)
✔ AT-S02-04 PNG: structural boundaries, file/chunk/metadata limits and invalid UTF-8 never decode pixels or compressed text (84.6264ms)
✔ AT-S02-04 PNG: ASCII/CJK/non-BMP budgets match text intake and preserve canonical graph (134.0848ms)
✔ AT-S02-01: detached inspection/cancel/raw retention and one atomic replacement with Context continuity and Undo/Redo (6.419ms)
✔ AT-S02-01: base revision, content, lifetime, readonly, busy and fabricated review fences (18.6139ms)
✔ AT-S02-01: invalid/future/duplicate IDs/unknown structure have explicit outcomes and never publish (6.7426ms)
✔ AT-S02-01: only explicit layout repair yields a candidate; unknown endpoints/references are never guessed (13.0337ms)
✔ AT-S02-01: mismatched exact pins cannot replace the destination; failed replacement is atomic (2.792ms)
✔ AT-S02-02: missing exact module survives move/rename/save/reopen; exact restoration invokes codec and never substitutes latest (7.798ms)
✔ AT-S02-03 boundary: foreign/legacy input is retained with explicit unresolved Gate, never implicit conversion or archive execution (0.6652ms)
✔ AT-S02-04: ASCII/CJK/non-BMP UTF-8 exact byte budget produces deterministic results without truncation (27.3519ms)
✔ AT-S02-04: network budgets, duplicate JSON keys, unknown nested structure and opaque fields are independently checked (12.4581ms)
✔ S03 Group17 retains a draft, compilation rejects per-direction limit, Undo restores original (50.0168ms)
✔ S03 64-definition destination rejects independence and imported 65th atomically (1054.8136ms)
✔ S03 nested nodes overflow rejects before paste publication (15.7825ms)
✔ S03 nested edges overflow rejects before paste publication (18.2148ms)
✔ S03 symbolic extents require int/uint sources, only outer dimension and pure compilation (4.1704ms)
✔ S03 New may retain a 257-node draft; generation and save reject it without losing the draft (93.0059ms)
✔ S03 partial frames stay outside clipboard; pasted relative positions retain a common offset (4.8211ms)
✔ S03 persisted nested source is preserved while new nested source admission remains rejected (5.0591ms)
✔ S03 scalar/vector/matrix sources transfer; composite source reuses only within its source lifetime (20.1539ms)
✔ S03 FR01 admitted nested Structure arrays fail ES300 profile without artifacts; one dimension succeeds (6.3386ms)
✔ S03 FR02 independence remaps mixed parent and shared child owner references with Undo/Redo (37.939ms)
✔ S03 FR02 independence remaps mixed parent and cloned child owner references with Undo/Redo (43.3817ms)
✔ S03 FR02 incomplete shared-child node address rejects independence atomically (9.6223ms)
✔ S03 FR03 editing inner Structure validates dependent depth16 and preserves Redo on depth17 rejection (17.142ms)
✔ S03 FR03 affected dependent expansion and vector component budgets reject atomically (3.8259ms)
✔ S03 EG01 native array constructor2048, clipboard2048 boundary and same-load reuse (5.5081ms)
✔ S03 EG01 native array constructor2049, clipboard2048 boundary and same-load reuse (5.5154ms)
✔ S03 EG01 native array constructor4096, clipboard2048 boundary and same-load reuse (6.1505ms)
✔ S03 EG01 native array constructor4097 rejects atomically (1.9517ms)
✔ S03 EG01 sampler clipboard path2048 admission (3.5234ms)
✔ S03 EG01 sampler clipboard path2049 admission (3.8205ms)
✔ S03 EG01 native arrays admit float/vec2/vec3/vec4 and remap symbolic length closure (19.2468ms)
✔ S03 EG01 native arrays reject matrix/nested/expressions and invalid length owner types (8.3169ms)
✔ S03 EG01 TOP declarations clone while source+origin slots reuse, defaults persist, and Undo/Redo/save preserve identity (14.2265ms)
✔ S03 EG01 specialization import allocates minimal vacant ID0,2 ->1 (4.9527ms)
✔ S03 EG01 unsupported target, unavailable owner and throwing owner reject without publication (7.2804ms)
✔ S03 EG01 numeric uniform scalar/vector/matrix transfer remains independent and generation is explicit unavailable (16.1534ms)
✔ S03 FR03 registered resource types cannot become Structure fields (2.6355ms)
✔ S03 EG01 exact provider/target ownership and imported descriptor failures stay atomic (5.5976ms)
✔ S03 EG01 round2 implicit constant array@["glsl.float",2] preserves same-load reuse and rejects real cross-Graph and fresh-load publication (10.6403ms)
✔ S03 EG01 round2 constant array@["glsl.float",2] preserves same-load reuse and rejects real cross-Graph and fresh-load publication (11.8725ms)
✔ S03 EG01 round2 uniform array@["glsl.float",2] preserves same-load reuse and rejects real cross-Graph and fresh-load publication (12.8325ms)
✔ S03 EG01 round2 implicit constant array@["glsl.vec2",2] preserves same-load reuse and rejects real cross-Graph and fresh-load publication (12.9951ms)
✔ S03 EG01 round2 constant array@["glsl.vec2",2] preserves same-load reuse and rejects real cross-Graph and fresh-load publication (12.5871ms)
✔ S03 EG01 round2 uniform array@["glsl.vec2",2] preserves same-load reuse and rejects real cross-Graph and fresh-load publication (11.7567ms)
✔ S03 EG01 round2 scalar/vector/matrix constants and uniforms still cross actual Graph and fresh load (59.5623ms)
✔ S03 custom declared/state closure same-Graph remaps identities only and Undo/Redo (7.2324ms)
✔ S03 custom declared/state closure cross-Graph remaps identities only and Undo/Redo (7.6415ms)
✔ S03 grouping an existing caller preserves child-owned frame node addresses (10.7486ms)
✔ S03 owner collect/remap throws and escaping/incomplete references reject atomically with Redo preserved (7.7631ms)
✔ S03 custom resources follow encapsulation and direct independence, ordinary dependencies remain shared (15.9506ms)
✔ S03 encapsulation deduplicates crossing interfaces, shared generation is pure, Undo restores all references (5.7926ms)
✔ S03 interface rename/reorder/type/removal reconciles every caller once and Undo restores values/invalid edges/loss (9.9383ms)
✔ S03 nested resource callers including unused ancestors reconcile child interface (11.5841ms)
✔ S03 library position keeps identity, semantic edit forks target and library ancestors and local refs atomically (21.2926ms)
✔ S03 direct make independent clones direct definition, shares dependencies and remaps own boundary (16.415ms)
✔ S03 same-load clipboard reuses current source; cross-graph remaps resources and preserves text (7.2405ms)
✔ S03 clipboard typed native symbolic array closure remaps only semantic references (4.9353ms)
✔ S03 late bad edge, escaping refs, forbidden source and missing closure reject without nodes/resources/history/notifications (5.7883ms)
✔ S03 source selection stays outside encapsulation; boundary-only grouping is no-op and preserves redo (4.2938ms)
✔ S03 structure drafts retain stable fields, reject recursion and block deletion while referenced (2.0412ms)
✔ S03 contexts distinguish occurrences; nested scoped targets never revive after navigation and Undo (12.2177ms)
✔ S03 library snapshot position edit retains origin, first semantic edit forks and old source remains immutable (7.3184ms)
✔ S03 nested delete and required boundary protection use the canonical Graph (4.8311ms)
✔ S03 library ancestor traversal crosses local parents (26.9551ms)
✔ S03 spare-port creation and first edge are one Undo entry with stable keys (6.4186ms)
✔ S03 whole frames travel through grouping and cross-Graph clipboard with fresh identities (9.2737ms)
✔ S03 vector/matrix reshape retains override components and defaults follow interface defaults (6.3785ms)
✔ S03 malformed resource envelopes, missing boundaries and nominal conflicts reject atomically (6.8449ms)
✔ S03 source admission cannot be bypassed by nested add, grouping or pasted nodes (4.5528ms)
✔ S03 layout proposal rejects navigation ABA, semantic fork and Undo (7.9857ms)
✔ S03 clipboard rejects forged hydrated plans and invalid edge evidence (3.8017ms)
✔ S03 empty library paste preserves origin, selection-independent History and Redo (6.6108ms)
✔ S03 packet-wide network identity collisions and malformed reused resource envelopes reject (4.6945ms)
✔ S03 source transfer uses actual load identity and reopened documents cannot forge same-load reuse (3.7281ms)
✔ S03 structure emission is read-only, nominally declared once, field deletion preserves invalid edges and Undo (5.707ms)
✔ S03 accepted paste requires a valid destination and direct whole frames survive clipboard (4.2601ms)
✔ S03 scoped parameters and proposals from identical persistent IDs expire across a new load (7.186ms)
✔ S03 library grouping resolves the forked canonical network (6.424ms)
✔ S03 local child semantic edit forks its library ancestor (21.1955ms)
✔ S03 explicit override equal to default survives interface defaults and save/reload (12.3038ms)
✔ S03 direct independence preserves nonowned state, declared references and typed frame resources (15.4124ms)
✔ S03 encapsulation rejects cross-scope node references despite matching local IDs (1.8556ms)
✔ S03 New creates Value vec4 passthrough; shared rename retains instance names and no-op keeps library identity (12.0301ms)
✔ S03 explicit interface Add stops at16 per direction without erasing preserved oversized draft (16.8278ms)
✔ S03 structure authoring validates count, names, description, nested fixed arrays, recursion/depth and expansion (425.1841ms)
✔ S03 large external array declarations survive metadata edits; materialization remains bounded (3.9294ms)
✔ S03 type tokens retain eight dimensions and reject extra tuple fields (1.8833ms)
✔ S03 disconnected output boundary follows shared output defaults (6.8577ms)
✔ S03 inline array construction and same-load reuse allow2049 elements; cross-Graph clipboard rejects composites (18.8011ms)
✔ S03 nested input link ABA invalidates old edit tokens without changing History on rejection (15.7651ms)
✔ S03 shared same-key type changes reject stale caller tokens and removed handles never revive (10.9211ms)
✔ S03 cross-Graph nominal closure remaps nested structures and Undo removes the full insertion (5.2698ms)
✔ S03 reusable definition cycles reject atomically including unused dependencies (14.0386ms)
✔ S04 Personal complete owner payload and typed references survive reuse fork and absent Library source (58.3528ms)
✔ S04 DEC004 same-name destination sources retain distinct identity and changed imported bindings regenerate (528.473ms)
✔ S04 Personal malformed envelope checksum and unsupported owner reject before provider writes; list deduplicates renamed files (32.9617ms)
✔ S04 DEC002 one-source fanout does not mutate source or existing conversions and pad failures agree (19.5582ms)
✔ S04 Personal root owner remap and input-bound Independent retain complete typed scope (79.9907ms)
✔ S04 stored inherited v2 and pad plans retain complete extensions through Personal shared import and reopen (27.7312ms)
✔ S04 shipped basic Library snapshot compiles after semantic fork and Personal roundtrip (11.2441ms)
✔ S04 Personal canonical package preserves snapshots, same-version reuse, independent and collision-safe filenames (30.1029ms)
✔ S04 DEC002 all16 default float plans, version fences and current ImageOutput compile (1.5299ms)
✔ S04 AC001 additive envelope upgrade retains exact pins and inactive evidence, fences v2 under2.0 (1.3543ms)
✔ S04 DEC004 literal Personal typed closure survives canonical export import save reopen generation (30.617ms)
✔ S04 DEC004 source Personal typed closure survives canonical export import save reopen generation (91.3337ms)
✔ S04 DEC004 direct-source Personal typed closure survives canonical export import save reopen generation (38.9397ms)
✔ S04 DEC004 input Personal typed closure survives canonical export import save reopen generation (85.3031ms)
✔ S04 DEC004 input-bound length uses caller override and rejects conflicting caller sources (23.2014ms)
✔ S04 DEC004 nested shared input bindings remap through Personal and remain independent after semantic fork and reinsert (370.7573ms)
✔ S04 AC001 inactive owner network resources and unknown wrapper versions preserve the version fence (5.3012ms)
✔ S04 DEC004 rejected literal/source/input/nested candidates are atomic through Application with valid checksums (259.4818ms)
✔ S04 Personal Library per-file isolation, safe names, duplicate-at-capacity and provider failures leave existing assets unchanged (37.9698ms)
✔ S04 AC001 unchanged accepted reader and exact old/new definition boundaries (3.2147ms)
✔ S04 inherited v2 plans preserve extensions across hydration move clipboard nested and Personal (17.2736ms)
✔ S04 current exact source owner supports new image descriptors without retargeting legacy owner (0.8492ms)
✔ S04 DEC004 required int length input qualifies with an actual constant supply and changed caller defaults regenerate (105.256ms)
✔ S05 drag repair root reads one fresh snapshot and retains immutable earlier projections (3.6503ms)
✔ S05 drag repair nested reads one fresh snapshot and retains immutable earlier projections (9.8614ms)
✔ S05 drag repair preserves readonly and busy notification values while movement keeps field token (3.6203ms)
✔ S05 replacement eligibility keeps source validity separate and exact mismatch refusal atomic (13.5686ms)
✔ S05 matching replacement preserves Graph load and Context identity with one full-content Undo Redo (16.0151ms)
✔ S05 replacement eligibility and command retain stale cancelled invalid readonly and fabricated guards (27.3014ms)
✔ S05 model preflight and publication share exact kind and ordered-pin refusal without History (3.9614ms)
✔ S05-FR-001 complete program preserves distinct and reversed shared Uniform identity in all emission modes (596.1241ms)
✔ S05-FR-001 same-stage same resource type conflict fails without artifacts or Graph changes (19.9872ms)
✔ S05-FR-001 same-stage same resource default conflict fails without artifacts or Graph changes (14.6951ms)
✔ S05-FR-001 cross-stage same resource type conflict fails without artifacts or Graph changes (15.7261ms)
✔ S05-FR-001 cross-stage same resource default conflict fails without artifacts or Graph changes (19.808ms)
✔ S05 fixed float: literals inside Function stay constant while formal and result are runtime (43.0628ms)
✔ S05 fixed float: defaults fixed schema every stage and mode with pure generation and roundtrip (251.7912ms)
✔ S05 fixed float: bad payloads unused errors atomic commands fixed source and constant distinction (4.7198ms)
✔ S05 fixed float: scoped two-context edits one Undo and stale token preserve History (7.1283ms)
✔ S05 fixed float: shared Function and Personal owner closure retain exact values (20.3195ms)
✔ S05 fixed vec2: literals inside Function stay constant while formal and result are runtime (34.1507ms)
✔ S05 fixed vec2: defaults fixed schema every stage and mode with pure generation and roundtrip (268.6993ms)
✔ S05 fixed vec2: bad payloads unused errors atomic commands fixed source and constant distinction (4.6839ms)
✔ S05 fixed vec2: scoped two-context edits one Undo and stale token preserve History (7.1543ms)
✔ S05 fixed vec2: shared Function and Personal owner closure retain exact values (21.3755ms)
✔ S05 fixed vec3: literals inside Function stay constant while formal and result are runtime (32.4713ms)
✔ S05 fixed vec3: defaults fixed schema every stage and mode with pure generation and roundtrip (273.1353ms)
✔ S05 fixed vec3: bad payloads unused errors atomic commands fixed source and constant distinction (4.6893ms)
✔ S05 fixed vec3: scoped two-context edits one Undo and stale token preserve History (6.6324ms)
✔ S05 fixed vec3: shared Function and Personal owner closure retain exact values (19.5872ms)
✔ S05 fixed color: literals inside Function stay constant while formal and result are runtime (37.479ms)
✔ S05 fixed color: defaults fixed schema every stage and mode with pure generation and roundtrip (286.6842ms)
✔ S05 fixed color: bad payloads unused errors atomic commands fixed source and constant distinction (4.2523ms)
✔ S05 fixed color: scoped two-context edits one Undo and stale token preserve History (6.3534ms)
✔ S05 fixed color: shared Function and Personal owner closure retain exact values (19.6372ms)
✔ S05 AT03 source/literal shape extents stay fixed; input-bound scalar extent cannot specialize a function (80.8628ms)
✔ S05 AT04 pre-existing malformed constant edge and authored losses are preserved (15.8491ms)
✔ S05 AT04 AT05 unused shared dependent definitions localize and detach atomically with Redo exact (60.2986ms)
✔ S05 AT08 multioutput and unconsumed nested effects have one evaluation per occurrence and stage-local helpers (42.4358ms)
✔ S05 AT08 two live depth writer occurrences reject even when one helper body is deduplicated (17.6678ms)
✔ S05 AT01 definition default shared mode independent and no-op History (29.1369ms)
✔ S05 AT02 one helper per definition and distinct caller arguments; nested helpers are dependency ordered (35.8131ms)
✔ S05 AT03 ordinary inputs are runtime even when all callers pass constants; dead constant uses reject atomically (24.1908ms)
✔ S05 AT03 Uniform parameter binding is runtime; ordinary connection rejects constant receiver without publication (16.2846ms)
✔ S05 AT04 AT05 transitive newly-invalid consumer edges detach once with losses, Undo/Redo and required error (28.8862ms)
✔ S05 AT06 function Personal roundtrip reuses mode, localizes once and preserves source bytes (73.0399ms)
✔ S05 AT06 DEC004 upgraded literal source input and nested Personal retain selected eligible modes through exchange (543.505ms)
✔ S05 AT07 explicit owner upgrade preserves old pins/body/origin and unknown mode never defaults (10.7874ms)
✔ S05 AT09 later invalid edit and load retain function mode; diagnostic names shared definition and related calls (24.0704ms)
✔ S05 AT10 body/mode/profile changes create fresh artifacts and old snapshot is immutable (65.9848ms)
✔ S05 HTTP provider SHA256 canonical bytes known vectors and secure UUIDv4 fail-closed (40.1672ms)
✔ S06 catalog is a detached read over exact document pins and current occurrence stage (4.2992ms)
✔ S06 source/name/category literal rank uses NFKC, aliases and all terms without regular expressions (2.6493ms)
✔ S06 stale creation proposals reject revision, navigation ABA, load and readonly without model or History writes (10.0596ms)
✔ S06 connected creation replaces an occupied exact input atomically and Undo restores it (20.2572ms)
✔ S06 query disposable IDs do not collide with admitted persistent IDs and consume no canonical identity (4.4211ms)
✔ S06 forged reference and mismatched matching-port proposals reject before any model publication (44.1438ms)
✔ S06 reference catalog excludes nested source admission without publishing query changes (20.3ms)
✔ S06 configured Compose preview and published schema/edge agree in one transaction and one Undo/Redo (71.3738ms)
✔ S06 configured creation rejects invalid missing and non-choice parameters atomically preserving Redo and expired Draft (2.5876ms)
✔ S06 configured creation preserves library fork/reference atomicity and rolls back a rejected choice (7.1702ms)
✔ S06 configured creation keeps initializer descriptor, owner codec and reference validation before publication (3.5699ms)
✔ S06 configured creation followed by failed connection rolls back the full batch (0.6026ms)
✔ M1: missing-module boundary x rename rejects save before ACK without data loss (19.2102ms)
✔ M1: missing-module boundary 中 rename rejects save before ACK without data loss (15.7298ms)
✔ M1: missing-module boundary 🍇 rename rejects save before ACK without data loss (18.0407ms)
✔ M1: compact fallback validates actual emitted bytes at and beyond the budget (5.9064ms)
✔ M1: nodes at/beyond network limit obey save/reopen invariant (19.1476ms)
✔ M1: edges at/beyond network limit obey save/reopen invariant (38.7129ms)
✔ M1: editing beyond network capacity cannot acknowledge a save or erase the previous saved document (92.3863ms)
ℹ tests 239
ℹ suites 0
ℹ pass 239
ℹ fail 0
ℹ cancelled 0
ℹ skipped 0
ℹ todo 0
ℹ duration_ms 9592.1168
(node:60480) ExperimentalWarning: Transform Types is an experimental feature and might change at any time
(Use `node --trace-warnings ...` to show where the warning was created)
