
Running 15 tests using 1 worker

(node:57164) Warning: The 'NO_COLOR' env is ignored due to the 'FORCE_COLOR' env being set.
(Use `node --trace-warnings ...` to show where the warning was created)
  ok  1 [chromium] › ..\..\..\production\tests\browser\s06-brand-info.spec.ts:5:3 › S06 brand identity and updates stay in one header at 620 (458ms)
  ok  2 [chromium] › ..\..\..\production\tests\browser\s06-brand-info.spec.ts:5:3 › S06 brand identity and updates stay in one header at 1440 (336ms)
  x   3 [chromium] › ..\..\..\production\tests\browser\s06-debug-hover-lifetime.spec.ts:5:1 › S06 diagnostic mount revoke hide move update and late callback cannot revive old object data (5.4s)
(node:8372) Warning: The 'NO_COLOR' env is ignored due to the 'FORCE_COLOR' env being set.
(Use `node --trace-warnings ...` to show where the warning was created)
  x   4 [chromium] › ..\..\..\production\tests\browser\s06-debug-hover.spec.ts:57:1 › S06 normal debug normal checkbox preserves graph history selection and covers built-in objects (2.5s)
(node:47160) Warning: The 'NO_COLOR' env is ignored due to the 'FORCE_COLOR' env being set.
(Use `node --trace-warnings ...` to show where the warning was created)
  x   5 [chromium] › ..\..\..\production\tests\browser\s06-debug-hover.spec.ts:115:1 › S06 scalar and vector committed values stay distinct from unfinished drafts and IME guards (30.2s)
(node:49476) Warning: The 'NO_COLOR' env is ignored due to the 'FORCE_COLOR' env being set.
(Use `node --trace-warnings ...` to show where the warning was created)
  x   6 [chromium] › ..\..\..\production\tests\browser\s06-debug-hover.spec.ts:168:1 › S06 hover detail invalidation follows selection stage deletion Undo and same-ID reopen (899ms)
(node:55680) Warning: The 'NO_COLOR' env is ignored due to the 'FORCE_COLOR' env being set.
(Use `node --trace-warnings ...` to show where the warning was created)
  x   7 [chromium] › ..\..\..\production\tests\browser\s06-debug-hover.spec.ts:213:1 › S06 pending connection and held gesture reject preference changes while readonly inspection remains (30.1s)
(node:43840) Warning: The 'NO_COLOR' env is ignored due to the 'FORCE_COLOR' env being set.
(Use `node --trace-warnings ...` to show where the warning was created)
  x   8 [chromium] › ..\..\..\production\tests\browser\s06-debug-hover.spec.ts:256:3 › S06 preference malformed visibly falls back without touching other keys (5.3s)
(node:47032) Warning: The 'NO_COLOR' env is ignored due to the 'FORCE_COLOR' env being set.
(Use `node --trace-warnings ...` to show where the warning was created)
  ok  9 [chromium] › ..\..\..\production\tests\browser\s06-debug-hover.spec.ts:256:3 › S06 preference denied visibly falls back without touching other keys (365ms)
  x  10 [chromium] › ..\..\..\production\tests\browser\s06-debug-hover.spec.ts:256:3 › S06 preference read-denied visibly falls back without touching other keys (5.3s)
(node:50712) Warning: The 'NO_COLOR' env is ignored due to the 'FORCE_COLOR' env being set.
(Use `node --trace-warnings ...` to show where the warning was created)
  ok 11 [chromium] › ..\..\..\production\tests\browser\s06-debug-hover.spec.ts:311:1 › S06 diagnostic preference persists separately and rapid hover performs no per-move capture or serialization (2.3s)
  ok 12 [chromium] › ..\..\..\production\tests\browser\s06-debug-hover.spec.ts:354:1 › S06 keyboard details and bounded long owner data are readable without selection layout changes (1.2s)
  ok 13 [chromium] › ..\..\..\production\tests\browser\s06-debug-hover.spec.ts:404:1 › S06 another field draft cannot mask active composition when reading details (626ms)
  x  14 [chromium] › ..\..\..\production\tests\browser\s06-debug-hover.spec.ts:439:1 › S06 saving blocks preference changes without discarding current document (30.1s)
(node:43848) Warning: The 'NO_COLOR' env is ignored due to the 'FORCE_COLOR' env being set.
(Use `node --trace-warnings ...` to show where the warning was created)
  x  15 [chromium] › ..\..\..\production\tests\browser\s06-debug-hover.spec.ts:480:1 › S06 debug target follows nested occurrence and independent Canvas navigation (30.2s)


  1) [chromium] › ..\..\..\production\tests\browser\s06-debug-hover-lifetime.spec.ts:5:1 › S06 diagnostic mount revoke hide move update and late callback cannot revive old object data 

    Error: expect(locator).toContainText(expected) failed

    Locator: getByRole('dialog', { name: 'Object information', exact: true })
    Timeout: 5000ms
    - Expected substring  - 1
    + Received string     + 8

    - "old"
    + Object informationUI control: New subgraph
    + Identity: 未提供
    + State: UI-only · available
    +
    + {
    +   "modelData": "未提供",
    +   "role": "button"
    + }Close object details

    Call log:
      - Expect "toContainText" with timeout 5000ms
      - waiting for getByRole('dialog', { name: 'Object information', exact: true })
        14 × locator resolved to <dialog open="" data-kind="modal" aria-label="Object information" class="floating-surface hover-details">…</dialog>
           - unexpected value "Object informationUI control: New subgraph
    Identity: 未提供
    State: UI-only · available
    
    {
      "modelData": "未提供",
      "role": "button"
    }Close object details"


      111 |     .getByRole("button", { name: "Read object details", exact: true })
      112 |     .click();
    > 113 |   await expect(details).toContainText('"old"');
          |                         ^
      114 |   await page.evaluate(() => (window as any).__hoverLifetime.change());
      115 |   await expect(details).not.toBeVisible();
      116 |   expect(
        at C:\Users\user\source\Grape\production\tests\browser\s06-debug-hover-lifetime.spec.ts:113:25

    attachment #1: screenshot (image/png) ──────────────────────────────────────────────────────────
    ..\..\..\production\evidence\s06\debug-hover-repair-01\focus-01\test-results\s06-debug-hover-lifetime-S-ebd60-nnot-revive-old-object-data-chromium\test-failed-1.png
    ────────────────────────────────────────────────────────────────────────────────────────────────

    Error Context: ..\..\..\production\evidence\s06\debug-hover-repair-01\focus-01\test-results\s06-debug-hover-lifetime-S-ebd60-nnot-revive-old-object-data-chromium\error-context.md

    attachment #3: trace (application/zip) ─────────────────────────────────────────────────────────
    ..\..\..\production\evidence\s06\debug-hover-repair-01\focus-01\test-results\s06-debug-hover-lifetime-S-ebd60-nnot-revive-old-object-data-chromium\trace.zip
    Usage:

        npx playwright show-trace ..\..\..\production\evidence\s06\debug-hover-repair-01\focus-01\test-results\s06-debug-hover-lifetime-S-ebd60-nnot-revive-old-object-data-chromium\trace.zip

    ────────────────────────────────────────────────────────────────────────────────────────────────

  2) [chromium] › ..\..\..\production\tests\browser\s06-debug-hover.spec.ts:57:1 › S06 normal debug normal checkbox preserves graph history selection and covers built-in objects 

    Error: expect(received).toContain(expected) // indexOf

    Expected substring: "Parameter Widget"
    Received string:    "Panel: Canvas
    Identity: canvas-1
    State: UI-only · visible·
    {
      \"type\": \"grape.panel.canvas\",
      \"viewState\": {
        \"x\": 24,
        \"y\": 104,
        \"zoom\": 1
      }
    }"

      92 |   await value.hover();
      93 |   const widget = await read(page);
    > 94 |   expect(widget).toContain("Parameter Widget");
         |                  ^
      95 |   expect(widget).toContain('"committed"');
      96 |   records.push({ kind: "Parameter Widget", details: widget });
      97 |   await close(page);
        at C:\Users\user\source\Grape\production\tests\browser\s06-debug-hover.spec.ts:94:18

    attachment #1: screenshot (image/png) ──────────────────────────────────────────────────────────
    ..\..\..\production\evidence\s06\debug-hover-repair-01\focus-01\test-results\s06-debug-hover-S06-normal-ac7d4-and-covers-built-in-objects-chromium\test-failed-1.png
    ────────────────────────────────────────────────────────────────────────────────────────────────

    Error Context: ..\..\..\production\evidence\s06\debug-hover-repair-01\focus-01\test-results\s06-debug-hover-S06-normal-ac7d4-and-covers-built-in-objects-chromium\error-context.md

    attachment #3: trace (application/zip) ─────────────────────────────────────────────────────────
    ..\..\..\production\evidence\s06\debug-hover-repair-01\focus-01\test-results\s06-debug-hover-S06-normal-ac7d4-and-covers-built-in-objects-chromium\trace.zip
    Usage:

        npx playwright show-trace ..\..\..\production\evidence\s06\debug-hover-repair-01\focus-01\test-results\s06-debug-hover-S06-normal-ac7d4-and-covers-built-in-objects-chromium\trace.zip

    ────────────────────────────────────────────────────────────────────────────────────────────────

  3) [chromium] › ..\..\..\production\tests\browser\s06-debug-hover.spec.ts:115:1 › S06 scalar and vector committed values stay distinct from unfinished drafts and IME guards 

    Test timeout of 30000ms exceeded.

    Error: locator.click: Test timeout of 30000ms exceeded.
    Call log:
      - waiting for getByRole('checkbox', { name: 'Show object information instead of normal hover hints' })


      125 |   await input.fill("7.25");
      126 |   // Refusal is tested through an actual click, not a check() retry that hides rejection.
    > 127 |   await checkbox(page).click();
          |                        ^
      128 |   await expect(checkbox(page)).toBeChecked();
      129 |   await expect(input).toHaveValue("7.25");
      130 |   await expect(input).toBeFocused();
        at C:\Users\user\source\Grape\production\tests\browser\s06-debug-hover.spec.ts:127:24

    attachment #1: screenshot (image/png) ──────────────────────────────────────────────────────────
    ..\..\..\production\evidence\s06\debug-hover-repair-01\focus-01\test-results\s06-debug-hover-S06-scalar-f6697-ished-drafts-and-IME-guards-chromium\test-failed-1.png
    ────────────────────────────────────────────────────────────────────────────────────────────────

    Error Context: ..\..\..\production\evidence\s06\debug-hover-repair-01\focus-01\test-results\s06-debug-hover-S06-scalar-f6697-ished-drafts-and-IME-guards-chromium\error-context.md

    attachment #3: trace (application/zip) ─────────────────────────────────────────────────────────
    ..\..\..\production\evidence\s06\debug-hover-repair-01\focus-01\test-results\s06-debug-hover-S06-scalar-f6697-ished-drafts-and-IME-guards-chromium\trace.zip
    Usage:

        npx playwright show-trace ..\..\..\production\evidence\s06\debug-hover-repair-01\focus-01\test-results\s06-debug-hover-S06-scalar-f6697-ished-drafts-and-IME-guards-chromium\trace.zip

    ────────────────────────────────────────────────────────────────────────────────────────────────

  4) [chromium] › ..\..\..\production\tests\browser\s06-debug-hover.spec.ts:168:1 › S06 hover detail invalidation follows selection stage deletion Undo and same-ID reopen 

    Error: expect(received).toContain(expected) // indexOf

    Expected substring: "661f911a-d7eb-4933-b284-9324e7151d9b"
    Received string:    "Panel: Canvas
    Identity: canvas-1
    State: UI-only · visible·
    {
      \"type\": \"grape.panel.canvas\",
      \"viewState\": {
        \"x\": 24,
        \"y\": 104,
        \"zoom\": 1
      }
    }"

      174 |     id = await n.getAttribute("data-node");
      175 |   await n.getByRole("heading").hover();
    > 176 |   expect(await read(page)).toContain(id!);
          |                            ^
      177 |   await close(page);
      178 |   await c.getByRole("button", { name: "Vertex", exact: true }).click();
      179 |   await expect(
        at C:\Users\user\source\Grape\production\tests\browser\s06-debug-hover.spec.ts:176:28

    attachment #1: screenshot (image/png) ──────────────────────────────────────────────────────────
    ..\..\..\production\evidence\s06\debug-hover-repair-01\focus-01\test-results\s06-debug-hover-S06-hover--98b54-ion-Undo-and-same-ID-reopen-chromium\test-failed-1.png
    ────────────────────────────────────────────────────────────────────────────────────────────────

    Error Context: ..\..\..\production\evidence\s06\debug-hover-repair-01\focus-01\test-results\s06-debug-hover-S06-hover--98b54-ion-Undo-and-same-ID-reopen-chromium\error-context.md

    attachment #3: trace (application/zip) ─────────────────────────────────────────────────────────
    ..\..\..\production\evidence\s06\debug-hover-repair-01\focus-01\test-results\s06-debug-hover-S06-hover--98b54-ion-Undo-and-same-ID-reopen-chromium\trace.zip
    Usage:

        npx playwright show-trace ..\..\..\production\evidence\s06\debug-hover-repair-01\focus-01\test-results\s06-debug-hover-S06-hover--98b54-ion-Undo-and-same-ID-reopen-chromium\trace.zip

    ────────────────────────────────────────────────────────────────────────────────────────────────

  5) [chromium] › ..\..\..\production\tests\browser\s06-debug-hover.spec.ts:213:1 › S06 pending connection and held gesture reject preference changes while readonly inspection remains 

    Test timeout of 30000ms exceeded.

    Error: locator.click: Test timeout of 30000ms exceeded.
    Call log:
      - waiting for getByRole('checkbox', { name: 'Show object information instead of normal hover hints' })


      219 |   await page.getByText("Experimental features", { exact: true }).click();
      220 |   await n.locator('[data-direction="output"]').click();
    > 221 |   await checkbox(page).click();
          |                        ^
      222 |   await expect(checkbox(page)).toBeChecked();
      223 |   await expect(page.locator(".experimental-issue")).toContainText("connection");
      224 |   await page.keyboard.press("Escape");
        at C:\Users\user\source\Grape\production\tests\browser\s06-debug-hover.spec.ts:221:24

    attachment #1: screenshot (image/png) ──────────────────────────────────────────────────────────
    ..\..\..\production\evidence\s06\debug-hover-repair-01\focus-01\test-results\s06-debug-hover-S06-pendin-4ec1d-readonly-inspection-remains-chromium\test-failed-1.png
    ────────────────────────────────────────────────────────────────────────────────────────────────

    Error Context: ..\..\..\production\evidence\s06\debug-hover-repair-01\focus-01\test-results\s06-debug-hover-S06-pendin-4ec1d-readonly-inspection-remains-chromium\error-context.md

    attachment #3: trace (application/zip) ─────────────────────────────────────────────────────────
    ..\..\..\production\evidence\s06\debug-hover-repair-01\focus-01\test-results\s06-debug-hover-S06-pendin-4ec1d-readonly-inspection-remains-chromium\trace.zip
    Usage:

        npx playwright show-trace ..\..\..\production\evidence\s06\debug-hover-repair-01\focus-01\test-results\s06-debug-hover-S06-pendin-4ec1d-readonly-inspection-remains-chromium\trace.zip

    ────────────────────────────────────────────────────────────────────────────────────────────────

  6) [chromium] › ..\..\..\production\tests\browser\s06-debug-hover.spec.ts:256:3 › S06 preference malformed visibly falls back without touching other keys 

    Error: expect(locator).toContainText(expected) failed

    Locator: locator('.experimental-issue')
    Expected substring: "invalid"
    Received string:    ""
    Timeout: 5000ms

    Call log:
      - Expect "toContainText" with timeout 5000ms
      - waiting for locator('.experimental-issue')
        14 × locator resolved to <p role="status" class="experimental-issue"></p>
           - unexpected value ""


      281 |     await expect(checkbox(page)).not.toBeChecked();
      282 |     if (bad === "malformed")
    > 283 |       await expect(page.locator(".experimental-issue")).toContainText(
          |                                                         ^
      284 |         "invalid",
      285 |       );
      286 |     else if (bad === "denied") {
        at C:\Users\user\source\Grape\production\tests\browser\s06-debug-hover.spec.ts:283:57

    attachment #1: screenshot (image/png) ──────────────────────────────────────────────────────────
    ..\..\..\production\evidence\s06\debug-hover-repair-01\focus-01\test-results\s06-debug-hover-S06-prefer-3ce01-without-touching-other-keys-chromium\test-failed-1.png
    ────────────────────────────────────────────────────────────────────────────────────────────────

    Error Context: ..\..\..\production\evidence\s06\debug-hover-repair-01\focus-01\test-results\s06-debug-hover-S06-prefer-3ce01-without-touching-other-keys-chromium\error-context.md

    attachment #3: trace (application/zip) ─────────────────────────────────────────────────────────
    ..\..\..\production\evidence\s06\debug-hover-repair-01\focus-01\test-results\s06-debug-hover-S06-prefer-3ce01-without-touching-other-keys-chromium\trace.zip
    Usage:

        npx playwright show-trace ..\..\..\production\evidence\s06\debug-hover-repair-01\focus-01\test-results\s06-debug-hover-S06-prefer-3ce01-without-touching-other-keys-chromium\trace.zip

    ────────────────────────────────────────────────────────────────────────────────────────────────

  7) [chromium] › ..\..\..\production\tests\browser\s06-debug-hover.spec.ts:256:3 › S06 preference read-denied visibly falls back without touching other keys 

    Error: expect(locator).toContainText(expected) failed

    Locator: locator('.experimental-issue')
    Expected substring: "unavailable"
    Received string:    ""
    Timeout: 5000ms

    Call log:
      - Expect "toContainText" with timeout 5000ms
      - waiting for locator('.experimental-issue')
        14 × locator resolved to <p role="status" class="experimental-issue"></p>
           - unexpected value ""


      291 |       );
      292 |     } else
    > 293 |       await expect(page.locator(".experimental-issue")).toContainText(
          |                                                         ^
      294 |         "unavailable",
      295 |       );
      296 |     expect(await page.evaluate(() => localStorage.getItem("other-app"))).toBe(
        at C:\Users\user\source\Grape\production\tests\browser\s06-debug-hover.spec.ts:293:57

    attachment #1: screenshot (image/png) ──────────────────────────────────────────────────────────
    ..\..\..\production\evidence\s06\debug-hover-repair-01\focus-01\test-results\s06-debug-hover-S06-prefer-e7963-without-touching-other-keys-chromium\test-failed-1.png
    ────────────────────────────────────────────────────────────────────────────────────────────────

    Error Context: ..\..\..\production\evidence\s06\debug-hover-repair-01\focus-01\test-results\s06-debug-hover-S06-prefer-e7963-without-touching-other-keys-chromium\error-context.md

    attachment #3: trace (application/zip) ─────────────────────────────────────────────────────────
    ..\..\..\production\evidence\s06\debug-hover-repair-01\focus-01\test-results\s06-debug-hover-S06-prefer-e7963-without-touching-other-keys-chromium\trace.zip
    Usage:

        npx playwright show-trace ..\..\..\production\evidence\s06\debug-hover-repair-01\focus-01\test-results\s06-debug-hover-S06-prefer-e7963-without-touching-other-keys-chromium\trace.zip

    ────────────────────────────────────────────────────────────────────────────────────────────────

  8) [chromium] › ..\..\..\production\tests\browser\s06-debug-hover.spec.ts:439:1 › S06 saving blocks preference changes without discarding current document 

    Test timeout of 30000ms exceeded.

    Error: locator.click: Test timeout of 30000ms exceeded.
    Call log:
      - waiting for getByRole('checkbox', { name: 'Show object information instead of normal hover hints' })


      463 |   await clickAction(page, "Save");
      464 |   await expect(page.locator("#save-state")).toHaveText("Saving…");
    > 465 |   await checkbox(page).click();
          |                        ^
      466 |   await expect(checkbox(page)).toBeChecked();
      467 |   await expect(page.locator(".experimental-issue")).toContainText("operation");
      468 |   await page.waitForFunction(
        at C:\Users\user\source\Grape\production\tests\browser\s06-debug-hover.spec.ts:465:24

    attachment #1: screenshot (image/png) ──────────────────────────────────────────────────────────
    ..\..\..\production\evidence\s06\debug-hover-repair-01\focus-01\test-results\s06-debug-hover-S06-saving-ffe29-discarding-current-document-chromium\test-failed-1.png
    ────────────────────────────────────────────────────────────────────────────────────────────────

    Error Context: ..\..\..\production\evidence\s06\debug-hover-repair-01\focus-01\test-results\s06-debug-hover-S06-saving-ffe29-discarding-current-document-chromium\error-context.md

    attachment #3: trace (application/zip) ─────────────────────────────────────────────────────────
    ..\..\..\production\evidence\s06\debug-hover-repair-01\focus-01\test-results\s06-debug-hover-S06-saving-ffe29-discarding-current-document-chromium\trace.zip
    Usage:

        npx playwright show-trace ..\..\..\production\evidence\s06\debug-hover-repair-01\focus-01\test-results\s06-debug-hover-S06-saving-ffe29-discarding-current-document-chromium\trace.zip

    ────────────────────────────────────────────────────────────────────────────────────────────────

  9) [chromium] › ..\..\..\production\tests\browser\s06-debug-hover.spec.ts:480:1 › S06 debug target follows nested occurrence and independent Canvas navigation 

    Test timeout of 30000ms exceeded.

    Error: locator.click: Test timeout of 30000ms exceeded.
    Call log:
      - waiting for getByRole('button', { name: 'Float output value', exact: true })
        - locator resolved to <button class="port" type="button" data-port="value" data-direction="output" aria-label="Float output value" data-node-id="6cb4dd22-9f5f-4683-ace5-339525a71f87">…</button>
      - attempting click action
        2 × waiting for element to be visible, enabled and stable
          - element is visible, enabled and stable
          - scrolling into view if needed
          - done scrolling
          - <button class="port" type="button" data-port="a" data-direction="input" aria-label="Multiply input a" data-node-id="08d12d27-2ad3-4c97-8e84-3b8d74ec4128">…</button> from <article class="node" tabindex="0" role="group" aria-description="" data-role="operation" aria-label="Multiply" data-node="08d12d27-2ad3-4c97-8e84-3b8d74ec4128">…</article> subtree intercepts pointer events
        - retrying click action
        - waiting 20ms
        2 × waiting for element to be visible, enabled and stable
          - element is visible, enabled and stable
          - scrolling into view if needed
          - done scrolling
          - <button class="port" type="button" data-port="a" data-direction="input" aria-label="Multiply input a" data-node-id="08d12d27-2ad3-4c97-8e84-3b8d74ec4128">…</button> from <article class="node" tabindex="0" role="group" aria-description="" data-role="operation" aria-label="Multiply" data-node="08d12d27-2ad3-4c97-8e84-3b8d74ec4128">…</article> subtree intercepts pointer events
        - retrying click action
          - waiting 100ms
        57 × waiting for element to be visible, enabled and stable
           - element is visible, enabled and stable
           - scrolling into view if needed
           - done scrolling
           - <button class="port" type="button" data-port="a" data-direction="input" aria-label="Multiply input a" data-node-id="08d12d27-2ad3-4c97-8e84-3b8d74ec4128">…</button> from <article class="node" tabindex="0" role="group" aria-description="" data-role="operation" aria-label="Multiply" data-node="08d12d27-2ad3-4c97-8e84-3b8d74ec4128">…</article> subtree intercepts pointer events
         - retrying click action
           - waiting 500ms


      489 |     ["Compose output result", "Image output input color"],
      490 |   ]) {
    > 491 |     await page.getByRole("button", { name: a, exact: true }).click();
          |                                                              ^
      492 |     await page.getByRole("button", { name: b, exact: true }).click();
      493 |   }
      494 |   const first = page.locator(".canvas").first();
        at C:\Users\user\source\Grape\production\tests\browser\s06-debug-hover.spec.ts:491:62

    attachment #1: screenshot (image/png) ──────────────────────────────────────────────────────────
    ..\..\..\production\evidence\s06\debug-hover-repair-01\focus-01\test-results\s06-debug-hover-S06-debug--05057-dependent-Canvas-navigation-chromium\test-failed-1.png
    ────────────────────────────────────────────────────────────────────────────────────────────────

    Error Context: ..\..\..\production\evidence\s06\debug-hover-repair-01\focus-01\test-results\s06-debug-hover-S06-debug--05057-dependent-Canvas-navigation-chromium\error-context.md

    attachment #3: trace (application/zip) ─────────────────────────────────────────────────────────
    ..\..\..\production\evidence\s06\debug-hover-repair-01\focus-01\test-results\s06-debug-hover-S06-debug--05057-dependent-Canvas-navigation-chromium\trace.zip
    Usage:

        npx playwright show-trace ..\..\..\production\evidence\s06\debug-hover-repair-01\focus-01\test-results\s06-debug-hover-S06-debug--05057-dependent-Canvas-navigation-chromium\trace.zip

    ────────────────────────────────────────────────────────────────────────────────────────────────

  9 failed
    [chromium] › ..\..\..\production\tests\browser\s06-debug-hover-lifetime.spec.ts:5:1 › S06 diagnostic mount revoke hide move update and late callback cannot revive old object data 
    [chromium] › ..\..\..\production\tests\browser\s06-debug-hover.spec.ts:57:1 › S06 normal debug normal checkbox preserves graph history selection and covers built-in objects 
    [chromium] › ..\..\..\production\tests\browser\s06-debug-hover.spec.ts:115:1 › S06 scalar and vector committed values stay distinct from unfinished drafts and IME guards 
    [chromium] › ..\..\..\production\tests\browser\s06-debug-hover.spec.ts:168:1 › S06 hover detail invalidation follows selection stage deletion Undo and same-ID reopen 
    [chromium] › ..\..\..\production\tests\browser\s06-debug-hover.spec.ts:213:1 › S06 pending connection and held gesture reject preference changes while readonly inspection remains 
    [chromium] › ..\..\..\production\tests\browser\s06-debug-hover.spec.ts:256:3 › S06 preference malformed visibly falls back without touching other keys 
    [chromium] › ..\..\..\production\tests\browser\s06-debug-hover.spec.ts:256:3 › S06 preference read-denied visibly falls back without touching other keys 
    [chromium] › ..\..\..\production\tests\browser\s06-debug-hover.spec.ts:439:1 › S06 saving blocks preference changes without discarding current document 
    [chromium] › ..\..\..\production\tests\browser\s06-debug-hover.spec.ts:480:1 › S06 debug target follows nested occurrence and independent Canvas navigation 
  6 passed (2.5m)
