
Running 24 tests using 1 worker

(node:57996) Warning: The 'NO_COLOR' env is ignored due to the 'FORCE_COLOR' env being set.
(Use `node --trace-warnings ...` to show where the warning was created)
  ok  1 [chromium] › ..\..\production\tests\browser\b01-workspace.spec.ts:53:1 › B01 public two Canvas and two Parameters share edits but retain selection Stage and camera (1.3s)
  ok  2 [chromium] › ..\..\production\tests\browser\b01-workspace.spec.ts:99:1 › B01 public groups fixed follow hide close and Parameters activation have explicit missing state (1.2s)
  ok  3 [chromium] › ..\..\production\tests\browser\b01-workspace.spec.ts:133:1 › B01 public draft survives move hide collapse float while close and route change veto (1.3s)
  ok  4 [chromium] › ..\..\production\tests\browser\b01-workspace.spec.ts:165:1 › B01 public current layout roundtrip fresh context mapping and malformed atomic rejection (3.0s)
  ok  5 [chromium] › ..\..\production\tests\browser\b01-workspace.spec.ts:209:1 › B01 divider keyboard pointer cancel targeted reset preferred width and narrow clamp preserve Graph (1.9s)
  ok  6 [chromium] › ..\..\production\tests\browser\b01-workspace.spec.ts:250:1 › B01 float upper slot dimensions one owner and keyboard collapse do not change graph (1.1s)
  ok  7 [chromium] › ..\..\production\tests\browser\b01-workspace.spec.ts:291:1 › B01 current layout storage refusal is visible and never reports saved (740ms)
  ok  8 [chromium] › ..\..\production\tests\browser\b01-workspace.spec.ts:316:1 › B01 public Tab drag groups and orders live Panels; adjacent divider changes only its pair (2.0s)
  ok  9 [chromium] › ..\..\production\tests\browser\b01-workspace.spec.ts:360:1 › B01 trusted keyboard placement during primary drag cancels the old Operation and drains before return (1.3s)
  ok 10 [chromium] › ..\..\production\tests\browser\b01-workspace.spec.ts:385:1 › B01 synthetic composition and detached callback retain draft through placement and cannot edit after close (1.1s)
  ok 11 [chromium] › ..\..\production\tests\browser\b01-workspace.spec.ts:417:1 › B01 readonly presentation placement remains available and F2 is Panel scoped after moves (893ms)
  ok 12 [chromium] › ..\..\production\tests\browser\b01-workspace.spec.ts:440:1 › B01 float resize superseded by keyboard dock cleans old controls and narrow hide revokes field callbacks (865ms)
  ok 13 [chromium] › ..\..\production\tests\browser\b01-workspace.spec.ts:475:1 › B01 FR01 group separator retains native focus through repeated keys and Escape rollback (1.3s)
  ok 14 [chromium] › ..\..\production\tests\browser\b01-workspace.spec.ts:547:1 › B01 FR01 group separator trusted drag commits and Escape cancels without losing capture (2.1s)
  ok 15 [chromium] › ..\..\production\tests\browser\b01-workspace.spec.ts:600:1 › B01 FR01 real pane reorder retains usable divider and natural Node Escape (1.4s)
  ok 16 [chromium] › ..\..\production\tests\browser\s05-escape-focus.spec.ts:8:5 › S05 natural Escape cancels direct without Export drag with no History entry (1.3s)
  ok 17 [chromium] › ..\..\production\tests\browser\s05-escape-focus.spec.ts:8:5 › S05 natural Escape cancels direct after Export drag with no History entry (2.3s)
  ok 18 [chromium] › ..\..\production\tests\browser\s05-escape-focus.spec.ts:8:5 › S05 natural Escape cancels wrapper without Export drag with no History entry (1.4s)
  ok 19 [chromium] › ..\..\production\tests\browser\s05-escape-focus.spec.ts:8:5 › S05 natural Escape cancels wrapper after Export drag with no History entry (2.1s)
  ok 20 [chromium] › ..\..\production\tests\browser\s06-workspace.spec.ts:21:1 › S06 catalog literal normalized search, source/type filters, inspect and native text do not edit (721ms)
  ok 21 [chromium] › ..\..\production\tests\browser\s06-workspace.spec.ts:67:1 › S06 blank double-click and Tab create previews; movement is independent, cancel and stage change add no History (994ms)
  ok 22 [chromium] › ..\..\production\tests\browser\s06-workspace.spec.ts:105:1 › S06 connected input blank drop disconnects once and Undo restores occupied input (1.4s)
  ok 23 [chromium] › ..\..\production\tests\browser\s06-workspace.spec.ts:144:1 › S06 help and context menu keyboard, readonly browsing and responsive original actions (1.2s)
  ok 24 [chromium] › ..\..\production\tests\browser\s06-workspace.spec.ts:204:1 › S06 compile error survives unrelated successful Save and clears on matching successful Generate (640ms)

  24 passed (34.4s)
