✔ production ownership manifest covers every source and rejects mutation/platform/extension violations (982.1484ms)
✔ S02 conformance: replacement uses one public Graph batch, isolates observers and retains two Context identities (11.3195ms)
✔ S02 conformance: direct replacement rejects model Error without modifying document/history (2.6032ms)
✔ M2: direct replacement atomically rejects malformed position component before publication (1.7577ms)
✔ M2: direct replacement atomically rejects malformed position length before publication (1.9078ms)
✔ M2: direct replacement atomically rejects duplicate recovery IDs before publication (1.8981ms)
✔ M2: direct replacement atomically rejects unknown envelope field before publication (2.2753ms)
✔ M2: direct replacement atomically rejects unknown node field before publication (1.5859ms)
✔ M2: direct replacement atomically rejects unknown endpoint field before publication (2.11ms)
✔ M2: catching invalid replacement cannot publish earlier edits in the same batch (1.6654ms)
✔ M2: valid detached replacement publishes once and retains exact Undo/Redo content (6.1785ms)
✔ L10N exact owner, parent/default/inline fallback and plain interpolation leave model/history/generation unchanged (1.5405ms)
✔ L10N atomic duplicate/malformed rejection, revision CAS and immutable detached catalogs (0.3572ms)
✔ L10N observer errors/reentry are isolated, cleanup cancels later delivery, disposed service rejects (0.1524ms)
✔ PC authority: declaration is not grant; render/async/outside event denied, same mounted event succeeds (3.4337ms)
✔ PC gesture: origin guard, one operation, cross-Panel lease rejection and latest lease required (3.5686ms)
✔ PC move/hide cancel pointer gesture and drain new leases before workspace action returns (6.5935ms)
✔ PC render failure cancels only unfinished operation after publication, with no reentrant mutation (2.5279ms)
✔ PC same ID reuse and old scope registrations remain revoked (1.6869ms)
✔ VM resources: cleanup in reverse order, failure isolation, stale async tickets, no render reentrancy (0.237ms)
✔ two independently registered Panels and two Widget view shapes share lifecycle without feature dispatch (0.8951ms)
✔ VM mount/capture/update reentrancy revokes scope and preserves placeholder; explicit retry recovers (0.2245ms)
✔ VM subscription failure releases acquired subscriptions and cannot pretend to mount (0.0973ms)
✔ PC application denies every editing command while readonly or history busy; field binding invalidates (3.8807ms)
✔ AT-S01-01: Float × Multiply → Compose emits pinned host-free GLSL without mutation (2.6555ms)
✔ AT-S01-02: direction, cross-network, occupied input, cycle and type failures are atomic (1.9466ms)
✔ AT-S01-03: mode change captures complete prior ports, edge plans and loss; undo/redo and reload (4.8009ms)
✔ AT-S01-04: multi-batch operation, cancel/no-op redo, expired draft and async draft (3.9449ms)
✔ AT-S01-08: projection before observers, reentrant writes reject and throwing observer does not roll back (1.71ms)
✔ AT-S01-06: contexts share model and clean selection before external observation (2.3602ms)
✔ scoped field token rejects value ABA, busy, connected and dead targets; unrelated movement preserves token (3.7871ms)
✔ all model errors including unused nodes block generation; fixed definitions and boundaries remain protected (1.8392ms)
✔ generation rejects missing/extra declared boundary output even when a module emits an incomplete map (1.9422ms)
✔ shared type environment rejects unknown identity and permits explicitly registered nominal types without changing core dispatch (0.4855ms)
✔ AT-S01-02: endpoints in two real Stage networks cannot be cross-connected (1.9233ms)
✔ unknown Stage slots block generation; duplicate slot identities reject before hydration (3.4808ms)
✔ M1 reviewer counterexample: float 1e21 generates a valid GLSL floating constant (1.8778ms)
✔ M1 reviewer counterexample: multiply 1e21 generates a valid GLSL floating constant (1.9312ms)
✔ M1 literal grammar and value roundtrip cover integers, decimals, signs and exponent-form values (0.2257ms)
✔ M1 all finite float32 exponent bins and representative mantissas have legal value-preserving literals (1.7995ms)
✔ M1 admitted boundary/representative values remain editable and compile through both production literal paths (24.4613ms)
✔ AT-S01-05: document identity, complete content, new lifetime/empty history and semantic regeneration (2.1857ms)
✔ AT-S01-07: ACK of A never marks B saved, rejection and SAVE_BUSY retain baseline; download is separate (3.3738ms)
✔ old saved handle cannot attach to same persistent IDs after reload (2.1103ms)
✔ wire unknown structure, unsupported version/operation/tag, malformed known data precedence and original retention (1.852ms)
✔ writer refuses executable/hidden values, sparse arrays, nonfinite numbers and altered prototypes without invoking getters (1.4666ms)
✔ missing exact module preserves opaque state and last port policy; loss payload is never activated (2.9509ms)
✔ forged stored conversion remains saveable but cannot generate (2.3994ms)
✔ prototype-named unknown structural keys and non-JSON whitespace are not silently accepted (2.1259ms)
✔ unrelated edits preserve forged connection evidence rather than silently repairing it (2.0102ms)
✔ pending storage open cannot replace a newer edit or document lifetime (1.9038ms)
✔ unrelated edits retain explicit invalid-edge evidence even when its stored plan is structurally valid (2.0721ms)
✔ AT-S02-04 PNG: CRC oracle, roundtrip, repeated wrapping and unowned chunks preserve bytes (7.3656ms)
✔ AT-S02-04 PNG: malformed CRC, missing metadata, duplicate metadata, compression and malformed envelope are named rejections (3.6498ms)
✔ AT-S02-04 PNG: structural boundaries, file/chunk/metadata limits and invalid UTF-8 never decode pixels or compressed text (82.6927ms)
✔ AT-S02-04 PNG: ASCII/CJK/non-BMP budgets match text intake and preserve canonical graph (131.1009ms)
✔ AT-S02-01: detached inspection/cancel/raw retention and one atomic replacement with Context continuity and Undo/Redo (6.2458ms)
✔ AT-S02-01: base revision, content, lifetime, readonly, busy and fabricated review fences (17.3523ms)
✔ AT-S02-01: invalid/future/duplicate IDs/unknown structure have explicit outcomes and never publish (10.1763ms)
✔ AT-S02-01: only explicit layout repair yields a candidate; unknown endpoints/references are never guessed (9.2775ms)
✔ AT-S02-01: mismatched exact pins cannot replace the destination; failed replacement is atomic (2.6607ms)
✔ AT-S02-02: missing exact module survives move/rename/save/reopen; exact restoration invokes codec and never substitutes latest (7.6224ms)
✔ AT-S02-03 boundary: foreign/legacy input is retained with explicit unresolved Gate, never implicit conversion or archive execution (0.6518ms)
✔ AT-S02-04: ASCII/CJK/non-BMP UTF-8 exact byte budget produces deterministic results without truncation (24.3505ms)
✔ AT-S02-04: network budgets, duplicate JSON keys, unknown nested structure and opaque fields are independently checked (12.7319ms)
✔ S03 Group17 retains a draft, compilation rejects per-direction limit, Undo restores original (51.2883ms)
✔ S03 64-definition destination rejects independence and imported 65th atomically (1054.7134ms)
✔ S03 nested nodes overflow rejects before paste publication (15.1971ms)
✔ S03 nested edges overflow rejects before paste publication (18.1049ms)
✔ S03 symbolic extents require int/uint sources, only outer dimension and pure compilation (4.8792ms)
✔ S03 New may retain a 257-node draft; generation and save reject it without losing the draft (93.4536ms)
✔ S03 partial frames stay outside clipboard; pasted relative positions retain a common offset (4.9713ms)
✔ S03 persisted nested source is preserved while new nested source admission remains rejected (5.2602ms)
✔ S03 scalar/vector/matrix sources transfer; composite source reuses only within its source lifetime (21.294ms)
✔ S03 FR01 admitted nested Structure arrays fail ES300 profile without artifacts; one dimension succeeds (5.9096ms)
✔ S03 FR02 independence remaps mixed parent and shared child owner references with Undo/Redo (38.8541ms)
✔ S03 FR02 independence remaps mixed parent and cloned child owner references with Undo/Redo (42.5074ms)
✔ S03 FR02 incomplete shared-child node address rejects independence atomically (8.6507ms)
✔ S03 FR03 editing inner Structure validates dependent depth16 and preserves Redo on depth17 rejection (18.0454ms)
✔ S03 FR03 affected dependent expansion and vector component budgets reject atomically (3.2771ms)
✔ S03 EG01 native array constructor2048, clipboard2048 boundary and same-load reuse (4.8695ms)
✔ S03 EG01 native array constructor2049, clipboard2048 boundary and same-load reuse (5.537ms)
✔ S03 EG01 native array constructor4096, clipboard2048 boundary and same-load reuse (5.7596ms)
✔ S03 EG01 native array constructor4097 rejects atomically (1.8352ms)
✔ S03 EG01 sampler clipboard path2048 admission (3.1338ms)
✔ S03 EG01 sampler clipboard path2049 admission (3.2349ms)
✔ S03 EG01 native arrays admit float/vec2/vec3/vec4 and remap symbolic length closure (18.6172ms)
✔ S03 EG01 native arrays reject matrix/nested/expressions and invalid length owner types (7.5043ms)
✔ S03 EG01 TOP declarations clone while source+origin slots reuse, defaults persist, and Undo/Redo/save preserve identity (13.2093ms)
✔ S03 EG01 specialization import allocates minimal vacant ID0,2 ->1 (4.1798ms)
✔ S03 EG01 unsupported target, unavailable owner and throwing owner reject without publication (6.0107ms)
✔ S03 EG01 numeric uniform scalar/vector/matrix transfer remains independent and generation is explicit unavailable (12.1168ms)
✔ S03 FR03 registered resource types cannot become Structure fields (1.753ms)
✔ S03 EG01 exact provider/target ownership and imported descriptor failures stay atomic (3.6633ms)
✔ S03 EG01 round2 implicit constant array@["glsl.float",2] preserves same-load reuse and rejects real cross-Graph and fresh-load publication (8.9432ms)
✔ S03 EG01 round2 constant array@["glsl.float",2] preserves same-load reuse and rejects real cross-Graph and fresh-load publication (8.7984ms)
✔ S03 EG01 round2 uniform array@["glsl.float",2] preserves same-load reuse and rejects real cross-Graph and fresh-load publication (8.5822ms)
✔ S03 EG01 round2 implicit constant array@["glsl.vec2",2] preserves same-load reuse and rejects real cross-Graph and fresh-load publication (9.2734ms)
✔ S03 EG01 round2 constant array@["glsl.vec2",2] preserves same-load reuse and rejects real cross-Graph and fresh-load publication (8.5325ms)
✔ S03 EG01 round2 uniform array@["glsl.vec2",2] preserves same-load reuse and rejects real cross-Graph and fresh-load publication (8.8241ms)
✔ S03 EG01 round2 scalar/vector/matrix constants and uniforms still cross actual Graph and fresh load (46.49ms)
✔ S03 custom declared/state closure same-Graph remaps identities only and Undo/Redo (7.0597ms)
✔ S03 custom declared/state closure cross-Graph remaps identities only and Undo/Redo (6.9742ms)
✔ S03 grouping an existing caller preserves child-owned frame node addresses (12.0483ms)
✔ S03 owner collect/remap throws and escaping/incomplete references reject atomically with Redo preserved (10.6291ms)
✔ S03 custom resources follow encapsulation and direct independence, ordinary dependencies remain shared (17.7398ms)
✔ S03 encapsulation deduplicates crossing interfaces, shared generation is pure, Undo restores all references (6.4698ms)
✔ S03 interface rename/reorder/type/removal reconciles every caller once and Undo restores values/invalid edges/loss (11.4289ms)
✔ S03 nested resource callers including unused ancestors reconcile child interface (13.8541ms)
✔ S03 library position keeps identity, semantic edit forks target and library ancestors and local refs atomically (26.7033ms)
✔ S03 direct make independent clones direct definition, shares dependencies and remaps own boundary (21.0447ms)
✔ S03 same-load clipboard reuses current source; cross-graph remaps resources and preserves text (9.2601ms)
✔ S03 clipboard typed native symbolic array closure remaps only semantic references (7.4492ms)
✔ S03 late bad edge, escaping refs, forbidden source and missing closure reject without nodes/resources/history/notifications (7.0649ms)
✔ S03 source selection stays outside encapsulation; boundary-only grouping is no-op and preserves redo (4.7369ms)
✔ S03 structure drafts retain stable fields, reject recursion and block deletion while referenced (3.1115ms)
✔ S03 contexts distinguish occurrences; nested scoped targets never revive after navigation and Undo (16.3297ms)
✔ S03 library snapshot position edit retains origin, first semantic edit forks and old source remains immutable (7.4549ms)
✔ S03 nested delete and required boundary protection use the canonical Graph (5.4772ms)
✔ S03 library ancestor traversal crosses local parents (34.0346ms)
✔ S03 spare-port creation and first edge are one Undo entry with stable keys (9.8162ms)
✔ S03 whole frames travel through grouping and cross-Graph clipboard with fresh identities (12.1661ms)
✔ S03 vector/matrix reshape retains override components and defaults follow interface defaults (7.6023ms)
✔ S03 malformed resource envelopes, missing boundaries and nominal conflicts reject atomically (7.8675ms)
✔ S03 source admission cannot be bypassed by nested add, grouping or pasted nodes (4.3641ms)
✔ S03 layout proposal rejects navigation ABA, semantic fork and Undo (7.4623ms)
✔ S03 clipboard rejects forged hydrated plans and invalid edge evidence (3.0583ms)
✔ S03 empty library paste preserves origin, selection-independent History and Redo (8.2528ms)
✔ S03 packet-wide network identity collisions and malformed reused resource envelopes reject (5.2558ms)
✔ S03 source transfer uses actual load identity and reopened documents cannot forge same-load reuse (3.25ms)
✔ S03 structure emission is read-only, nominally declared once, field deletion preserves invalid edges and Undo (7.9877ms)
✔ S03 accepted paste requires a valid destination and direct whole frames survive clipboard (4.6526ms)
✔ S03 scoped parameters and proposals from identical persistent IDs expire across a new load (11.079ms)
✔ S03 library grouping resolves the forked canonical network (7.7657ms)
✔ S03 local child semantic edit forks its library ancestor (17.3226ms)
✔ S03 explicit override equal to default survives interface defaults and save/reload (10.8864ms)
✔ S03 direct independence preserves nonowned state, declared references and typed frame resources (10.6593ms)
✔ S03 encapsulation rejects cross-scope node references despite matching local IDs (1.7399ms)
✔ S03 New creates Value vec4 passthrough; shared rename retains instance names and no-op keeps library identity (11.9525ms)
✔ S03 explicit interface Add stops at16 per direction without erasing preserved oversized draft (12.1958ms)
✔ S03 structure authoring validates count, names, description, nested fixed arrays, recursion/depth and expansion (382.6381ms)
✔ S03 large external array declarations survive metadata edits; materialization remains bounded (3.2759ms)
✔ S03 type tokens retain eight dimensions and reject extra tuple fields (1.6284ms)
✔ S03 disconnected output boundary follows shared output defaults (6.4846ms)
✔ S03 inline array construction and same-load reuse allow2049 elements; cross-Graph clipboard rejects composites (17.6039ms)
✔ S03 nested input link ABA invalidates old edit tokens without changing History on rejection (16.5328ms)
✔ S03 shared same-key type changes reject stale caller tokens and removed handles never revive (10.4416ms)
✔ S03 cross-Graph nominal closure remaps nested structures and Undo removes the full insertion (4.9506ms)
✔ S03 reusable definition cycles reject atomically including unused dependencies (9.9294ms)
✔ S04 Personal complete owner payload and typed references survive reuse fork and absent Library source (48.754ms)
✔ S04 DEC004 same-name destination sources retain distinct identity and changed imported bindings regenerate (423.2298ms)
✔ S04 Personal malformed envelope checksum and unsupported owner reject before provider writes; list deduplicates renamed files (32.05ms)
✔ S04 DEC002 one-source fanout does not mutate source or existing conversions and pad failures agree (17.3276ms)
✔ S04 Personal root owner remap and input-bound Independent retain complete typed scope (78.637ms)
✔ S04 stored inherited v2 and pad plans retain complete extensions through Personal shared import and reopen (26.3021ms)
✔ S04 shipped basic Library snapshot compiles after semantic fork and Personal roundtrip (11.3052ms)
✔ S04 Personal canonical package preserves snapshots, same-version reuse, independent and collision-safe filenames (28.2386ms)
✔ S04 DEC002 all16 default float plans, version fences and current ImageOutput compile (1.2205ms)
✔ S04 AC001 additive envelope upgrade retains exact pins and inactive evidence, fences v2 under2.0 (1.1477ms)
✔ S04 DEC004 literal Personal typed closure survives canonical export import save reopen generation (29.6973ms)
✔ S04 DEC004 source Personal typed closure survives canonical export import save reopen generation (72.7352ms)
✔ S04 DEC004 direct-source Personal typed closure survives canonical export import save reopen generation (35.3564ms)
✔ S04 DEC004 input Personal typed closure survives canonical export import save reopen generation (75.7536ms)
✔ S04 DEC004 input-bound length uses caller override and rejects conflicting caller sources (20.5653ms)
✔ S04 DEC004 nested shared input bindings remap through Personal and remain independent after semantic fork and reinsert (350.7477ms)
✔ S04 AC001 inactive owner network resources and unknown wrapper versions preserve the version fence (4.9257ms)
✔ S04 DEC004 rejected literal/source/input/nested candidates are atomic through Application with valid checksums (197.1843ms)
✔ S04 Personal Library per-file isolation, safe names, duplicate-at-capacity and provider failures leave existing assets unchanged (34.0651ms)
✔ S04 AC001 unchanged accepted reader and exact old/new definition boundaries (2.5936ms)
✔ S04 inherited v2 plans preserve extensions across hydration move clipboard nested and Personal (13.2623ms)
✔ S04 current exact source owner supports new image descriptors without retargeting legacy owner (0.9595ms)
✔ S04 DEC004 required int length input qualifies with an actual constant supply and changed caller defaults regenerate (90.7552ms)
✔ S05 drag repair root reads one fresh snapshot and retains immutable earlier projections (2.589ms)
✔ S05 drag repair nested reads one fresh snapshot and retains immutable earlier projections (9.2832ms)
✔ S05 drag repair preserves readonly and busy notification values while movement keeps field token (4.1783ms)
✔ S05 replacement eligibility keeps source validity separate and exact mismatch refusal atomic (11.8876ms)
✔ S05 matching replacement preserves Graph load and Context identity with one full-content Undo Redo (11.1856ms)
✔ S05 replacement eligibility and command retain stale cancelled invalid readonly and fabricated guards (27.7404ms)
✔ S05 model preflight and publication share exact kind and ordered-pin refusal without History (3.7287ms)
✔ S05-FR-001 complete program preserves distinct and reversed shared Uniform identity in all emission modes (471.6629ms)
✔ S05-FR-001 same-stage same resource type conflict fails without artifacts or Graph changes (14.1776ms)
✔ S05-FR-001 same-stage same resource default conflict fails without artifacts or Graph changes (14.3543ms)
✔ S05-FR-001 cross-stage same resource type conflict fails without artifacts or Graph changes (13.7058ms)
✔ S05-FR-001 cross-stage same resource default conflict fails without artifacts or Graph changes (13.1761ms)
✔ S05 fixed float: literals inside Function stay constant while formal and result are runtime (32.6037ms)
✔ S05 fixed float: defaults fixed schema every stage and mode with pure generation and roundtrip (227.9061ms)
✔ S05 fixed float: bad payloads unused errors atomic commands fixed source and constant distinction (3.5822ms)
✔ S05 fixed float: scoped two-context edits one Undo and stale token preserve History (6.1174ms)
✔ S05 fixed float: shared Function and Personal owner closure retain exact values (18.1545ms)
✔ S05 fixed vec2: literals inside Function stay constant while formal and result are runtime (30.6778ms)
✔ S05 fixed vec2: defaults fixed schema every stage and mode with pure generation and roundtrip (234.8397ms)
✔ S05 fixed vec2: bad payloads unused errors atomic commands fixed source and constant distinction (4.1939ms)
✔ S05 fixed vec2: scoped two-context edits one Undo and stale token preserve History (6.2609ms)
✔ S05 fixed vec2: shared Function and Personal owner closure retain exact values (19.2942ms)
✔ S05 fixed vec3: literals inside Function stay constant while formal and result are runtime (32.3247ms)
✔ S05 fixed vec3: defaults fixed schema every stage and mode with pure generation and roundtrip (239.6397ms)
✔ S05 fixed vec3: bad payloads unused errors atomic commands fixed source and constant distinction (4.1224ms)
✔ S05 fixed vec3: scoped two-context edits one Undo and stale token preserve History (6.625ms)
✔ S05 fixed vec3: shared Function and Personal owner closure retain exact values (18.988ms)
✔ S05 fixed color: literals inside Function stay constant while formal and result are runtime (31.6909ms)
✔ S05 fixed color: defaults fixed schema every stage and mode with pure generation and roundtrip (239.1919ms)
✔ S05 fixed color: bad payloads unused errors atomic commands fixed source and constant distinction (4.4205ms)
✔ S05 fixed color: scoped two-context edits one Undo and stale token preserve History (6.4238ms)
✔ S05 fixed color: shared Function and Personal owner closure retain exact values (20.4666ms)
✔ S05 AT03 source/literal shape extents stay fixed; input-bound scalar extent cannot specialize a function (82.9208ms)
✔ S05 AT04 pre-existing malformed constant edge and authored losses are preserved (15.9485ms)
✔ S05 AT04 AT05 unused shared dependent definitions localize and detach atomically with Redo exact (59.1835ms)
✔ S05 AT08 multioutput and unconsumed nested effects have one evaluation per occurrence and stage-local helpers (39.5654ms)
✔ S05 AT08 two live depth writer occurrences reject even when one helper body is deduplicated (18.1299ms)
✔ S05 AT01 definition default shared mode independent and no-op History (25.254ms)
✔ S05 AT02 one helper per definition and distinct caller arguments; nested helpers are dependency ordered (31.9215ms)
✔ S05 AT03 ordinary inputs are runtime even when all callers pass constants; dead constant uses reject atomically (24.4091ms)
✔ S05 AT03 Uniform parameter binding is runtime; ordinary connection rejects constant receiver without publication (16.1871ms)
✔ S05 AT04 AT05 transitive newly-invalid consumer edges detach once with losses, Undo/Redo and required error (27.2344ms)
✔ S05 AT06 function Personal roundtrip reuses mode, localizes once and preserves source bytes (66.1707ms)
✔ S05 AT06 DEC004 upgraded literal source input and nested Personal retain selected eligible modes through exchange (497.8292ms)
✔ S05 AT07 explicit owner upgrade preserves old pins/body/origin and unknown mode never defaults (8.3639ms)
✔ S05 AT09 later invalid edit and load retain function mode; diagnostic names shared definition and related calls (17.1466ms)
✔ S05 AT10 body/mode/profile changes create fresh artifacts and old snapshot is immutable (44.0101ms)
✔ S05 HTTP provider SHA256 canonical bytes known vectors and secure UUIDv4 fail-closed (33.8856ms)
✔ S06 catalog is a detached read over exact document pins and current occurrence stage (3.2411ms)
✔ S06 source/name/category literal rank uses NFKC, aliases and all terms without regular expressions (2.4677ms)
✔ S06 stale creation proposals reject revision, navigation ABA, load and readonly without model or History writes (9.6107ms)
✔ S06 connected creation replaces an occupied exact input atomically and Undo restores it (18.9607ms)
✔ S06 query disposable IDs do not collide with admitted persistent IDs and consume no canonical identity (5.3923ms)
✔ S06 forged reference and mismatched matching-port proposals reject before any model publication (39.6162ms)
✔ S06 reference catalog excludes nested source admission without publishing query changes (19.3987ms)
✔ S06 configured Compose preview and published schema/edge agree in one transaction and one Undo/Redo (59.2137ms)
✔ S06 configured creation rejects invalid missing and non-choice parameters atomically preserving Redo and expired Draft (2.4171ms)
✔ S06 configured creation preserves library fork/reference atomicity and rolls back a rejected choice (6.101ms)
✔ S06 configured creation keeps initializer descriptor, owner codec and reference validation before publication (2.4635ms)
✔ S06 configured creation followed by failed connection rolls back the full batch (0.5938ms)
✔ M1: missing-module boundary x rename rejects save before ACK without data loss (17.1618ms)
✔ M1: missing-module boundary 中 rename rejects save before ACK without data loss (13.0198ms)
✔ M1: missing-module boundary 🍇 rename rejects save before ACK without data loss (18.0351ms)
✔ M1: compact fallback validates actual emitted bytes at and beyond the budget (10.284ms)
✔ M1: nodes at/beyond network limit obey save/reopen invariant (19.0668ms)
✔ M1: edges at/beyond network limit obey save/reopen invariant (35.9842ms)
✔ M1: editing beyond network capacity cannot acknowledge a save or erase the previous saved document (83.3147ms)
ℹ tests 239
ℹ suites 0
ℹ pass 239
ℹ fail 0
ℹ cancelled 0
ℹ skipped 0
ℹ todo 0
ℹ duration_ms 8860.1455
(node:12448) ExperimentalWarning: Transform Types is an experimental feature and might change at any time
(Use `node --trace-warnings ...` to show where the warning was created)
